Last Modified: 2025-01-21 23:02:47
No hash URL provided, relying on last modified.
Successfully deleted 0 UniqueStop objects
Successfully deleted 0 StopTimes objects
Successfully deleted 0 Trips objects
Successfully deleted 0 Routes objects
Successfully deleted 0 CalendarDates objects
Successfully deleted 0 Calendar objects
Successfully deleted 0 Stops objects
Successfully deleted 7 Agency objects
Successfully deleted 4635 Shapes objects
Successfully deleted 8 UniqueShape objects
agency data imported succesfully!
agency data imported succesfully!
agency data imported succesfully!
agency data imported succesfully!
agency data imported succesfully!
agency data imported succesfully!
agency data imported succesfully!
stops data imported succesfully!
stops data imported succesfully!
stops data imported succesfully!
stops data imported succesfully!
stops data imported succesfully!
stops data imported succesfully!
stops data imported succesfully!
stops data imported succesfully!
stops data imported succesfully!
stops data imported succesfully!
stops data imported succesfully!
stops data imported succesfully!
stops data imported succesfully!
stops data imported succesfully!
stops data imported succesfully!
stops data imported succesfully!
stops data imported succesfully!
stops data imported succesfully!
stops data imported succesfully!
stops data imported succesfully!
stops data imported succesfully!
stops data imported succesfully!
stops data imported succesfully!
stops data imported succesfully!
stops data imported succesfully!
stops data imported succesfully!
stops data imported succesfully!
stops data imported succesfully!
stops data imported succesfully!
stops data imported succesfully!
stops data imported succesfully!
stops data imported succesfully!
stops data imported succesfully!
stops data imported succesfully!
stops data imported succesfully!
stops data imported succesfully!
stops data imported succesfully!
stops data imported succesfully!
stops data imported succesfully!
stops data imported succesfully!
stops data imported succesfully!
stops data imported succesfully!
stops data imported succesfully!
stops data imported succesfully!
stops data imported succesfully!
stops data imported succesfully!
stops data imported succesfully!
stops data imported succesfully!
stops data imported succesfully!
stops data imported succesfully!
stops data imported succesfully!
stops data imported succesfully!
stops data imported succesfully!
stops data imported succesfully!
stops data imported succesfully!
stops data imported succesfully!
stops data imported succesfully!
stops data imported succesfully!
stops data imported succesfully!
stops data imported succesfully!
stops data imported succesfully!
stops data imported succesfully!
stops data imported succesfully!
stops data imported succesfully!
stops data imported succesfully!
stops data imported succesfully!
stops data imported succesfully!
stops data imported succesfully!
stops data imported succesfully!
stops data imported succesfully!
stops data imported succesfully!
stops data imported succesfully!
stops data imported succesfully!
stops data imported succesfully!
stops data imported succesfully!
stops data imported succesfully!
stops data imported succesfully!
stops data imported succesfully!
stops data imported succesfully!
stops data imported succesfully!
stops data imported succesfully!
stops data imported succesfully!
stops data imported succesfully!
stops data imported succesfully!
stops data imported succesfully!
stops data imported succesfully!
stops data imported succesfully!
stops data imported succesfully!
stops data imported succesfully!
stops data imported succesfully!
stops data imported succesfully!
stops data imported succesfully!
stops data imported succesfully!
stops data imported succesfully!
stops data imported succesfully!
stops data imported succesfully!
stops data imported succesfully!
stops data imported succesfully!
stops data imported succesfully!
stops data imported succesfully!
stops data imported succesfully!
stops data imported succesfully!
stops data imported succesfully!
stops data imported succesfully!
stops data imported succesfully!
stops data imported succesfully!
stops data imported succesfully!
stops data imported succesfully!
stops data imported succesfully!
stops data imported succesfully!
stops data imported succesfully!
stops data imported succesfully!
stops data imported succesfully!
stops data imported succesfully!
stops data imported succesfully!
stops data imported succesfully!
stops data imported succesfully!
stops data imported succesfully!
stops data imported succesfully!
stops data imported succesfully!
stops data imported succesfully!
stops data imported succesfully!
stops data imported succesfully!
stops data imported succesfully!
stops data imported succesfully!
stops data imported succesfully!
stops data imported succesfully!
stops data imported succesfully!
stops data imported succesfully!
stops data imported succesfully!
stops data imported succesfully!
stops data imported succesfully!
stops data imported succesfully!
stops data imported succesfully!
stops data imported succesfully!
stops data imported succesfully!
stops data imported succesfully!
stops data imported succesfully!
stops data imported succesfully!
stops data imported succesfully!
stops data imported succesfully!
stops data imported succesfully!
stops data imported succesfully!
stops data imported succesfully!
stops data imported succesfully!
stops data imported succesfully!
stops data imported succesfully!
stops data imported succesfully!
stops data imported succesfully!
stops data imported succesfully!
stops data imported succesfully!
stops data imported succesfully!
stops data imported succesfully!
stops data imported succesfully!
stops data imported succesfully!
stops data imported succesfully!
stops data imported succesfully!
stops data imported succesfully!
stops data imported succesfully!
stops data imported succesfully!
stops data imported succesfully!
stops data imported succesfully!
stops data imported succesfully!
stops data imported succesfully!
stops data imported succesfully!
stops data imported succesfully!
stops data imported succesfully!
stops data imported succesfully!
stops data imported succesfully!
stops data imported succesfully!
stops data imported succesfully!
stops data imported succesfully!
stops data imported succesfully!
stops data imported succesfully!
stops data imported succesfully!
stops data imported succesfully!
stops data imported succesfully!
stops data imported succesfully!
stops data imported succesfully!
stops data imported succesfully!
stops data imported succesfully!
stops data imported succesfully!
stops data imported succesfully!
stops data imported succesfully!
stops data imported succesfully!
stops data imported succesfully!
stops data imported succesfully!
stops data imported succesfully!
stops data imported succesfully!
stops data imported succesfully!
stops data imported succesfully!
stops data imported succesfully!
stops data imported succesfully!
stops data imported succesfully!
stops data imported succesfully!
stops data imported succesfully!
stops data imported succesfully!
stops data imported succesfully!
stops data imported succesfully!
stops data imported succesfully!
stops data imported succesfully!
stops data imported succesfully!
stops data imported succesfully!
stops data imported succesfully!
stops data imported succesfully!
stops data imported succesfully!
stops data imported succesfully!
stops data imported succesfully!
stops data imported succesfully!
stops data imported succesfully!
stops data imported succesfully!
stops data imported succesfully!
stops data imported succesfully!
stops data imported succesfully!
stops data imported succesfully!
stops data imported succesfully!
stops data imported succesfully!
stops data imported succesfully!
stops data imported succesfully!
stops data imported succesfully!
stops data imported succesfully!
stops data imported succesfully!
stops data imported succesfully!
stops data imported succesfully!
stops data imported succesfully!
stops data imported succesfully!
stops data imported succesfully!
stops data imported succesfully!
stops data imported succesfully!
stops data imported succesfully!
stops data imported succesfully!
stops data imported succesfully!
stops data imported succesfully!
stops data imported succesfully!
stops data imported succesfully!
stops data imported succesfully!
stops data imported succesfully!
stops data imported succesfully!
stops data imported succesfully!
stops data imported succesfully!
stops data imported succesfully!
stops data imported succesfully!
stops data imported succesfully!
stops data imported succesfully!
stops data imported succesfully!
stops data imported succesfully!
stops data imported succesfully!
stops data imported succesfully!
stops data imported succesfully!
stops data imported succesfully!
stops data imported succesfully!
stops data imported succesfully!
stops data imported succesfully!
stops data imported succesfully!
stops data imported succesfully!
stops data imported succesfully!
stops data imported succesfully!
stops data imported succesfully!
stops data imported succesfully!
stops data imported succesfully!
stops data imported succesfully!
stops data imported succesfully!
stops data imported succesfully!
stops data imported succesfully!
stops data imported succesfully!
stops data imported succesfully!
stops data imported succesfully!
stops data imported succesfully!
stops data imported succesfully!
stops data imported succesfully!
stops data imported succesfully!
stops data imported succesfully!
stops data imported succesfully!
stops data imported succesfully!
stops data imported succesfully!
stops data imported succesfully!
stops data imported succesfully!
stops data imported succesfully!
stops data imported succesfully!
stops data imported succesfully!
stops data imported succesfully!
stops data imported succesfully!
stops data imported succesfully!
stops data imported succesfully!
stops data imported succesfully!
stops data imported succesfully!
stops data imported succesfully!
stops data imported succesfully!
stops data imported succesfully!
stops data imported succesfully!
stops data imported succesfully!
stops data imported succesfully!
stops data imported succesfully!
stops data imported succesfully!
stops data imported succesfully!
stops data imported succesfully!
stops data imported succesfully!
stops data imported succesfully!
stops data imported succesfully!
stops data imported succesfully!
stops data imported succesfully!
stops data imported succesfully!
stops data imported succesfully!
stops data imported succesfully!
stops data imported succesfully!
stops data imported succesfully!
stops data imported succesfully!
stops data imported succesfully!
stops data imported succesfully!
stops data imported succesfully!
stops data imported succesfully!
stops data imported succesfully!
stops data imported succesfully!
stops data imported succesfully!
stops data imported succesfully!
stops data imported succesfully!
stops data imported succesfully!
stops data imported succesfully!
stops data imported succesfully!
stops data imported succesfully!
stops data imported succesfully!
stops data imported succesfully!
stops data imported succesfully!
stops data imported succesfully!
stops data imported succesfully!
stops data imported succesfully!
stops data imported succesfully!
stops data imported succesfully!
stops data imported succesfully!
stops data imported succesfully!
stops data imported succesfully!
stops data imported succesfully!
stops data imported succesfully!
stops data imported succesfully!
stops data imported succesfully!
stops data imported succesfully!
stops data imported succesfully!
stops data imported succesfully!
stops data imported succesfully!
stops data imported succesfully!
stops data imported succesfully!
stops data imported succesfully!
stops data imported succesfully!
stops data imported succesfully!
stops data imported succesfully!
stops data imported succesfully!
stops data imported succesfully!
stops data imported succesfully!
stops data imported succesfully!
stops data imported succesfully!
stops data imported succesfully!
stops data imported succesfully!
stops data imported succesfully!
stops data imported succesfully!
stops data imported succesfully!
stops data imported succesfully!
stops data imported succesfully!
stops data imported succesfully!
stops data imported succesfully!
stops data imported succesfully!
stops data imported succesfully!
stops data imported succesfully!
stops data imported succesfully!
stops data imported succesfully!
stops data imported succesfully!
stops data imported succesfully!
stops data imported succesfully!
stops data imported succesfully!
stops data imported succesfully!
stops data imported succesfully!
stops data imported succesfully!
stops data imported succesfully!
stops data imported succesfully!
stops data imported succesfully!
stops data imported succesfully!
stops data imported succesfully!
stops data imported succesfully!
stops data imported succesfully!
stops data imported succesfully!
stops data imported succesfully!
stops data imported succesfully!
stops data imported succesfully!
stops data imported succesfully!
stops data imported succesfully!
stops data imported succesfully!
stops data imported succesfully!
stops data imported succesfully!
stops data imported succesfully!
stops data imported succesfully!
stops data imported succesfully!
stops data imported succesfully!
stops data imported succesfully!
stops data imported succesfully!
stops data imported succesfully!
stops data imported succesfully!
stops data imported succesfully!
stops data imported succesfully!
stops data imported succesfully!
stops data imported succesfully!
stops data imported succesfully!
stops data imported succesfully!
stops data imported succesfully!
stops data imported succesfully!
stops data imported succesfully!
stops data imported succesfully!
stops data imported succesfully!
stops data imported succesfully!
stops data imported succesfully!
stops data imported succesfully!
stops data imported succesfully!
stops data imported succesfully!
stops data imported succesfully!
stops data imported succesfully!
stops data imported succesfully!
stops data imported succesfully!
stops data imported succesfully!
stops data imported succesfully!
stops data imported succesfully!
stops data imported succesfully!
stops data imported succesfully!
stops data imported succesfully!
stops data imported succesfully!
stops data imported succesfully!
stops data imported succesfully!
stops data imported succesfully!
stops data imported succesfully!
stops data imported succesfully!
stops data imported succesfully!
stops data imported succesfully!
stops data imported succesfully!
stops data imported succesfully!
stops data imported succesfully!
stops data imported succesfully!
stops data imported succesfully!
stops data imported succesfully!
stops data imported succesfully!
stops data imported succesfully!
stops data imported succesfully!
stops data imported succesfully!
stops data imported succesfully!
stops data imported succesfully!
stops data imported succesfully!
stops data imported succesfully!
stops data imported succesfully!
stops data imported succesfully!
stops data imported succesfully!
stops data imported succesfully!
stops data imported succesfully!
stops data imported succesfully!
stops data imported succesfully!
stops data imported succesfully!
stops data imported succesfully!
stops data imported succesfully!
stops data imported succesfully!
stops data imported succesfully!
stops data imported succesfully!
stops data imported succesfully!
stops data imported succesfully!
stops data imported succesfully!
stops data imported succesfully!
stops data imported succesfully!
stops data imported succesfully!
stops data imported succesfully!
stops data imported succesfully!
stops data imported succesfully!
stops data imported succesfully!
stops data imported succesfully!
stops data imported succesfully!
stops data imported succesfully!
stops data imported succesfully!
stops data imported succesfully!
stops data imported succesfully!
stops data imported succesfully!
stops data imported succesfully!
stops data imported succesfully!
stops data imported succesfully!
stops data imported succesfully!
stops data imported succesfully!
stops data imported succesfully!
stops data imported succesfully!
stops data imported succesfully!
stops data imported succesfully!
stops data imported succesfully!
stops data imported succesfully!
stops data imported succesfully!
stops data imported succesfully!
stops data imported succesfully!
stops data imported succesfully!
stops data imported succesfully!
stops data imported succesfully!
stops data imported succesfully!
stops data imported succesfully!
stops data imported succesfully!
stops data imported succesfully!
stops data imported succesfully!
stops data imported succesfully!
stops data imported succesfully!
stops data imported succesfully!
stops data imported succesfully!
stops data imported succesfully!
stops data imported succesfully!
stops data imported succesfully!
stops data imported succesfully!
stops data imported succesfully!
stops data imported succesfully!
stops data imported succesfully!
stops data imported succesfully!
stops data imported succesfully!
stops data imported succesfully!
stops data imported succesfully!
stops data imported succesfully!
stops data imported succesfully!
stops data imported succesfully!
stops data imported succesfully!
stops data imported succesfully!
stops data imported succesfully!
stops data imported succesfully!
stops data imported succesfully!
stops data imported succesfully!
stops data imported succesfully!
stops data imported succesfully!
stops data imported succesfully!
stops data imported succesfully!
stops data imported succesfully!
stops data imported succesfully!
stops data imported succesfully!
stops data imported succesfully!
stops data imported succesfully!
stops data imported succesfully!
stops data imported succesfully!
stops data imported succesfully!
stops data imported succesfully!
stops data imported succesfully!
stops data imported succesfully!
stops data imported succesfully!
stops data imported succesfully!
stops data imported succesfully!
stops data imported succesfully!
stops data imported succesfully!
stops data imported succesfully!
stops data imported succesfully!
stops data imported succesfully!
stops data imported succesfully!
stops data imported succesfully!
stops data imported succesfully!
stops data imported succesfully!
stops data imported succesfully!
stops data imported succesfully!
stops data imported succesfully!
stops data imported succesfully!
stops data imported succesfully!
stops data imported succesfully!
stops data imported succesfully!
stops data imported succesfully!
stops data imported succesfully!
stops data imported succesfully!
stops data imported succesfully!
stops data imported succesfully!
stops data imported succesfully!
stops data imported succesfully!
stops data imported succesfully!
stops data imported succesfully!
stops data imported succesfully!
stops data imported succesfully!
stops data imported succesfully!
stops data imported succesfully!
stops data imported succesfully!
stops data imported succesfully!
stops data imported succesfully!
stops data imported succesfully!
stops data imported succesfully!
stops data imported succesfully!
stops data imported succesfully!
stops data imported succesfully!
stops data imported succesfully!
stops data imported succesfully!
stops data imported succesfully!
stops data imported succesfully!
stops data imported succesfully!
stops data imported succesfully!
stops data imported succesfully!
stops data imported succesfully!
stops data imported succesfully!
stops data imported succesfully!
stops data imported succesfully!
stops data imported succesfully!
stops data imported succesfully!
stops data imported succesfully!
stops data imported succesfully!
stops data imported succesfully!
stops data imported succesfully!
stops data imported succesfully!
stops data imported succesfully!
stops data imported succesfully!
stops data imported succesfully!
stops data imported succesfully!
stops data imported succesfully!
stops data imported succesfully!
stops data imported succesfully!
stops data imported succesfully!
stops data imported succesfully!
stops data imported succesfully!
stops data imported succesfully!
stops data imported succesfully!
stops data imported succesfully!
stops data imported succesfully!
stops data imported succesfully!
stops data imported succesfully!
stops data imported succesfully!
stops data imported succesfully!
stops data imported succesfully!
stops data imported succesfully!
stops data imported succesfully!
stops data imported succesfully!
stops data imported succesfully!
stops data imported succesfully!
stops data imported succesfully!
stops data imported succesfully!
stops data imported succesfully!
stops data imported succesfully!
stops data imported succesfully!
stops data imported succesfully!
stops data imported succesfully!
stops data imported succesfully!
stops data imported succesfully!
stops data imported succesfully!
stops data imported succesfully!
stops data imported succesfully!
stops data imported succesfully!
stops data imported succesfully!
stops data imported succesfully!
stops data imported succesfully!
stops data imported succesfully!
stops data imported succesfully!
stops data imported succesfully!
stops data imported succesfully!
stops data imported succesfully!
stops data imported succesfully!
stops data imported succesfully!
stops data imported succesfully!
stops data imported succesfully!
stops data imported succesfully!
stops data imported succesfully!
stops data imported succesfully!
stops data imported succesfully!
stops data imported succesfully!
stops data imported succesfully!
stops data imported succesfully!
stops data imported succesfully!
stops data imported succesfully!
stops data imported succesfully!
stops data imported succesfully!
stops data imported succesfully!
stops data imported succesfully!
stops data imported succesfully!
stops data imported succesfully!
stops data imported succesfully!
stops data imported succesfully!
stops data imported succesfully!
stops data imported succesfully!
stops data imported succesfully!
stops data imported succesfully!
stops data imported succesfully!
stops data imported succesfully!
stops data imported succesfully!
stops data imported succesfully!
stops data imported succesfully!
stops data imported succesfully!
stops data imported succesfully!
stops data imported succesfully!
stops data imported succesfully!
stops data imported succesfully!
stops data imported succesfully!
stops data imported succesfully!
stops data imported succesfully!
stops data imported succesfully!
stops data imported succesfully!
stops data imported succesfully!
stops data imported succesfully!
stops data imported succesfully!
stops data imported succesfully!
stops data imported succesfully!
stops data imported succesfully!
stops data imported succesfully!
stops data imported succesfully!
stops data imported succesfully!
stops data imported succesfully!
stops data imported succesfully!
stops data imported succesfully!
stops data imported succesfully!
stops data imported succesfully!
stops data imported succesfully!
stops data imported succesfully!
stops data imported succesfully!
stops data imported succesfully!
stops data imported succesfully!
stops data imported succesfully!
stops data imported succesfully!
stops data imported succesfully!
stops data imported succesfully!
stops data imported succesfully!
stops data imported succesfully!
stops data imported succesfully!
stops data imported succesfully!
stops data imported succesfully!
stops data imported succesfully!
stops data imported succesfully!
stops data imported succesfully!
stops data imported succesfully!
stops data imported succesfully!
stops data imported succesfully!
stops data imported succesfully!
stops data imported succesfully!
stops data imported succesfully!
stops data imported succesfully!
stops data imported succesfully!
stops data imported succesfully!
stops data imported succesfully!
stops data imported succesfully!
stops data imported succesfully!
stops data imported succesfully!
stops data imported succesfully!
stops data imported succesfully!
stops data imported succesfully!
stops data imported succesfully!
stops data imported succesfully!
stops data imported succesfully!
stops data imported succesfully!
stops data imported succesfully!
stops data imported succesfully!
stops data imported succesfully!
stops data imported succesfully!
stops data imported succesfully!
stops data imported succesfully!
stops data imported succesfully!
stops data imported succesfully!
stops data imported succesfully!
stops data imported succesfully!
stops data imported succesfully!
stops data imported succesfully!
stops data imported succesfully!
stops data imported succesfully!
stops data imported succesfully!
stops data imported succesfully!
stops data imported succesfully!
stops data imported succesfully!
stops data imported succesfully!
stops data imported succesfully!
stops data imported succesfully!
stops data imported succesfully!
stops data imported succesfully!
stops data imported succesfully!
stops data imported succesfully!
stops data imported succesfully!
stops data imported succesfully!
stops data imported succesfully!
stops data imported succesfully!
stops data imported succesfully!
stops data imported succesfully!
stops data imported succesfully!
stops data imported succesfully!
stops data imported succesfully!
stops data imported succesfully!
stops data imported succesfully!
stops data imported succesfully!
stops data imported succesfully!
stops data imported succesfully!
stops data imported succesfully!
stops data imported succesfully!
stops data imported succesfully!
stops data imported succesfully!
stops data imported succesfully!
stops data imported succesfully!
stops data imported succesfully!
stops data imported succesfully!
stops data imported succesfully!
stops data imported succesfully!
stops data imported succesfully!
stops data imported succesfully!
stops data imported succesfully!
stops data imported succesfully!
stops data imported succesfully!
stops data imported succesfully!
stops data imported succesfully!
stops data imported succesfully!
stops data imported succesfully!
stops data imported succesfully!
stops data imported succesfully!
stops data imported succesfully!
stops data imported succesfully!
stops data imported succesfully!
stops data imported succesfully!
stops data imported succesfully!
stops data imported succesfully!
stops data imported succesfully!
stops data imported succesfully!
stops data imported succesfully!
stops data imported succesfully!
stops data imported succesfully!
stops data imported succesfully!
stops data imported succesfully!
stops data imported succesfully!
stops data imported succesfully!
stops data imported succesfully!
stops data imported succesfully!
stops data imported succesfully!
stops data imported succesfully!
stops data imported succesfully!
stops data imported succesfully!
stops data imported succesfully!
stops data imported succesfully!
stops data imported succesfully!
stops data imported succesfully!
stops data imported succesfully!
stops data imported succesfully!
stops data imported succesfully!
stops data imported succesfully!
stops data imported succesfully!
stops data imported succesfully!
stops data imported succesfully!
stops data imported succesfully!
stops data imported succesfully!
stops data imported succesfully!
stops data imported succesfully!
stops data imported succesfully!
stops data imported succesfully!
stops data imported succesfully!
stops data imported succesfully!
stops data imported succesfully!
stops data imported succesfully!
stops data imported succesfully!
stops data imported succesfully!
stops data imported succesfully!
stops data imported succesfully!
stops data imported succesfully!
stops data imported succesfully!
stops data imported succesfully!
stops data imported succesfully!
stops data imported succesfully!
stops data imported succesfully!
stops data imported succesfully!
stops data imported succesfully!
stops data imported succesfully!
stops data imported succesfully!
stops data imported succesfully!
stops data imported succesfully!
stops data imported succesfully!
stops data imported succesfully!
stops data imported succesfully!
stops data imported succesfully!
stops data imported succesfully!
stops data imported succesfully!
stops data imported succesfully!
stops data imported succesfully!
stops data imported succesfully!
stops data imported succesfully!
stops data imported succesfully!
stops data imported succesfully!
stops data imported succesfully!
stops data imported succesfully!
stops data imported succesfully!
stops data imported succesfully!
stops data imported succesfully!
stops data imported succesfully!
stops data imported succesfully!
stops data imported succesfully!
stops data imported succesfully!
stops data imported succesfully!
stops data imported succesfully!
stops data imported succesfully!
stops data imported succesfully!
stops data imported succesfully!
stops data imported succesfully!
stops data imported succesfully!
stops data imported succesfully!
stops data imported succesfully!
stops data imported succesfully!
stops data imported succesfully!
stops data imported succesfully!
stops data imported succesfully!
stops data imported succesfully!
stops data imported succesfully!
stops data imported succesfully!
stops data imported succesfully!
stops data imported succesfully!
stops data imported succesfully!
stops data imported succesfully!
stops data imported succesfully!
stops data imported succesfully!
stops data imported succesfully!
stops data imported succesfully!
stops data imported succesfully!
stops data imported succesfully!
stops data imported succesfully!
stops data imported succesfully!
stops data imported succesfully!
stops data imported succesfully!
stops data imported succesfully!
stops data imported succesfully!
stops data imported succesfully!
stops data imported succesfully!
stops data imported succesfully!
stops data imported succesfully!
stops data imported succesfully!
stops data imported succesfully!
stops data imported succesfully!
stops data imported succesfully!
stops data imported succesfully!
stops data imported succesfully!
stops data imported succesfully!
stops data imported succesfully!
stops data imported succesfully!
stops data imported succesfully!
stops data imported succesfully!
stops data imported succesfully!
stops data imported succesfully!
stops data imported succesfully!
stops data imported succesfully!
stops data imported succesfully!
stops data imported succesfully!
stops data imported succesfully!
stops data imported succesfully!
stops data imported succesfully!
stops data imported succesfully!
stops data imported succesfully!
stops data imported succesfully!
stops data imported succesfully!
stops data imported succesfully!
stops data imported succesfully!
stops data imported succesfully!
stops data imported succesfully!
stops data imported succesfully!
stops data imported succesfully!
stops data imported succesfully!
stops data imported succesfully!
stops data imported succesfully!
stops data imported succesfully!
stops data imported succesfully!
stops data imported succesfully!
stops data imported succesfully!
stops data imported succesfully!
stops data imported succesfully!
stops data imported succesfully!
stops data imported succesfully!
stops data imported succesfully!
stops data imported succesfully!
stops data imported succesfully!
stops data imported succesfully!
stops data imported succesfully!
stops data imported succesfully!
stops data imported succesfully!
stops data imported succesfully!
stops data imported succesfully!
stops data imported succesfully!
stops data imported succesfully!
stops data imported succesfully!
stops data imported succesfully!
stops data imported succesfully!
stops data imported succesfully!
stops data imported succesfully!
stops data imported succesfully!
stops data imported succesfully!
stops data imported succesfully!
stops data imported succesfully!
stops data imported succesfully!
stops data imported succesfully!
stops data imported succesfully!
stops data imported succesfully!
stops data imported succesfully!
stops data imported succesfully!
stops data imported succesfully!
stops data imported succesfully!
stops data imported succesfully!
stops data imported succesfully!
stops data imported succesfully!
stops data imported succesfully!
stops data imported succesfully!
stops data imported succesfully!
stops data imported succesfully!
stops data imported succesfully!
stops data imported succesfully!
stops data imported succesfully!
stops data imported succesfully!
stops data imported succesfully!
stops data imported succesfully!
stops data imported succesfully!
stops data imported succesfully!
stops data imported succesfully!
stops data imported succesfully!
stops data imported succesfully!
stops data imported succesfully!
stops data imported succesfully!
stops data imported succesfully!
stops data imported succesfully!
stops data imported succesfully!
stops data imported succesfully!
stops data imported succesfully!
stops data imported succesfully!
stops data imported succesfully!
stops data imported succesfully!
stops data imported succesfully!
stops data imported succesfully!
stops data imported succesfully!
stops data imported succesfully!
stops data imported succesfully!
stops data imported succesfully!
stops data imported succesfully!
stops data imported succesfully!
stops data imported succesfully!
stops data imported succesfully!
stops data imported succesfully!
stops data imported succesfully!
stops data imported succesfully!
stops data imported succesfully!
stops data imported succesfully!
stops data imported succesfully!
stops data imported succesfully!
stops data imported succesfully!
stops data imported succesfully!
stops data imported succesfully!
stops data imported succesfully!
stops data imported succesfully!
stops data imported succesfully!
stops data imported succesfully!
stops data imported succesfully!
stops data imported succesfully!
stops data imported succesfully!
stops data imported succesfully!
stops data imported succesfully!
stops data imported succesfully!
stops data imported succesfully!
stops data imported succesfully!
stops data imported succesfully!
stops data imported succesfully!
stops data imported succesfully!
stops data imported succesfully!
stops data imported succesfully!
stops data imported succesfully!
stops data imported succesfully!
stops data imported succesfully!
stops data imported succesfully!
stops data imported succesfully!
stops data imported succesfully!
stops data imported succesfully!
stops data imported succesfully!
stops data imported succesfully!
stops data imported succesfully!
stops data imported succesfully!
stops data imported succesfully!
stops data imported succesfully!
stops data imported succesfully!
stops data imported succesfully!
stops data imported succesfully!
stops data imported succesfully!
stops data imported succesfully!
stops data imported succesfully!
stops data imported succesfully!
stops data imported succesfully!
stops data imported succesfully!
stops data imported succesfully!
stops data imported succesfully!
stops data imported succesfully!
stops data imported succesfully!
stops data imported succesfully!
stops data imported succesfully!
stops data imported succesfully!
stops data imported succesfully!
stops data imported succesfully!
stops data imported succesfully!
stops data imported succesfully!
stops data imported succesfully!
stops data imported succesfully!
stops data imported succesfully!
stops data imported succesfully!
stops data imported succesfully!
stops data imported succesfully!
stops data imported succesfully!
stops data imported succesfully!
stops data imported succesfully!
stops data imported succesfully!
stops data imported succesfully!
stops data imported succesfully!
stops data imported succesfully!
stops data imported succesfully!
stops data imported succesfully!
stops data imported succesfully!
stops data imported succesfully!
stops data imported succesfully!
stops data imported succesfully!
stops data imported succesfully!
stops data imported succesfully!
stops data imported succesfully!
stops data imported succesfully!
stops data imported succesfully!
stops data imported succesfully!
stops data imported succesfully!
stops data imported succesfully!
stops data imported succesfully!
stops data imported succesfully!
stops data imported succesfully!
stops data imported succesfully!
stops data imported succesfully!
stops data imported succesfully!
stops data imported succesfully!
stops data imported succesfully!
stops data imported succesfully!
stops data imported succesfully!
stops data imported succesfully!
stops data imported succesfully!
stops data imported succesfully!
stops data imported succesfully!
stops data imported succesfully!
stops data imported succesfully!
stops data imported succesfully!
stops data imported succesfully!
stops data imported succesfully!
stops data imported succesfully!
stops data imported succesfully!
stops data imported succesfully!
stops data imported succesfully!
stops data imported succesfully!
stops data imported succesfully!
stops data imported succesfully!
stops data imported succesfully!
stops data imported succesfully!
stops data imported succesfully!
stops data imported succesfully!
stops data imported succesfully!
stops data imported succesfully!
stops data imported succesfully!
stops data imported succesfully!
stops data imported succesfully!
stops data imported succesfully!
stops data imported succesfully!
stops data imported succesfully!
stops data imported succesfully!
stops data imported succesfully!
stops data imported succesfully!
stops data imported succesfully!
stops data imported succesfully!
stops data imported succesfully!
stops data imported succesfully!
stops data imported succesfully!
stops data imported succesfully!
stops data imported succesfully!
stops data imported succesfully!
stops data imported succesfully!
stops data imported succesfully!
stops data imported succesfully!
stops data imported succesfully!
stops data imported succesfully!
stops data imported succesfully!
stops data imported succesfully!
stops data imported succesfully!
stops data imported succesfully!
stops data imported succesfully!
stops data imported succesfully!
stops data imported succesfully!
stops data imported succesfully!
stops data imported succesfully!
stops data imported succesfully!
stops data imported succesfully!
stops data imported succesfully!
stops data imported succesfully!
stops data imported succesfully!
stops data imported succesfully!
stops data imported succesfully!
stops data imported succesfully!
stops data imported succesfully!
stops data imported succesfully!
stops data imported succesfully!
stops data imported succesfully!
stops data imported succesfully!
stops data imported succesfully!
stops data imported succesfully!
stops data imported succesfully!
stops data imported succesfully!
stops data imported succesfully!
stops data imported succesfully!
stops data imported succesfully!
stops data imported succesfully!
stops data imported succesfully!
stops data imported succesfully!
stops data imported succesfully!
stops data imported succesfully!
stops data imported succesfully!
stops data imported succesfully!
stops data imported succesfully!
stops data imported succesfully!
stops data imported succesfully!
stops data imported succesfully!
stops data imported succesfully!
stops data imported succesfully!
stops data imported succesfully!
stops data imported succesfully!
stops data imported succesfully!
stops data imported succesfully!
stops data imported succesfully!
stops data imported succesfully!
stops data imported succesfully!
stops data imported succesfully!
stops data imported succesfully!
stops data imported succesfully!
stops data imported succesfully!
stops data imported succesfully!
stops data imported succesfully!
stops data imported succesfully!
stops data imported succesfully!
stops data imported succesfully!
stops data imported succesfully!
stops data imported succesfully!
stops data imported succesfully!
stops data imported succesfully!
stops data imported succesfully!
stops data imported succesfully!
stops data imported succesfully!
stops data imported succesfully!
stops data imported succesfully!
stops data imported succesfully!
stops data imported succesfully!
stops data imported succesfully!
stops data imported succesfully!
stops data imported succesfully!
stops data imported succesfully!
stops data imported succesfully!
stops data imported succesfully!
stops data imported succesfully!
stops data imported succesfully!
stops data imported succesfully!
stops data imported succesfully!
stops data imported succesfully!
stops data imported succesfully!
stops data imported succesfully!
stops data imported succesfully!
stops data imported succesfully!
stops data imported succesfully!
stops data imported succesfully!
stops data imported succesfully!
stops data imported succesfully!
stops data imported succesfully!
stops data imported succesfully!
stops data imported succesfully!
stops data imported succesfully!
stops data imported succesfully!
stops data imported succesfully!
stops data imported succesfully!
stops data imported succesfully!
stops data imported succesfully!
stops data imported succesfully!
stops data imported succesfully!
stops data imported succesfully!
stops data imported succesfully!
stops data imported succesfully!
stops data imported succesfully!
stops data imported succesfully!
stops data imported succesfully!
stops data imported succesfully!
stops data imported succesfully!
stops data imported succesfully!
stops data imported succesfully!
stops data imported succesfully!
stops data imported succesfully!
stops data imported succesfully!
stops data imported succesfully!
stops data imported succesfully!
stops data imported succesfully!
stops data imported succesfully!
stops data imported succesfully!
stops data imported succesfully!
stops data imported succesfully!
stops data imported succesfully!
stops data imported succesfully!
stops data imported succesfully!
stops data imported succesfully!
stops data imported succesfully!
stops data imported succesfully!
stops data imported succesfully!
stops data imported succesfully!
stops data imported succesfully!
stops data imported succesfully!
stops data imported succesfully!
stops data imported succesfully!
stops data imported succesfully!
stops data imported succesfully!
stops data imported succesfully!
stops data imported succesfully!
stops data imported succesfully!
stops data imported succesfully!
stops data imported succesfully!
stops data imported succesfully!
stops data imported succesfully!
stops data imported succesfully!
stops data imported succesfully!
stops data imported succesfully!
stops data imported succesfully!
stops data imported succesfully!
stops data imported succesfully!
stops data imported succesfully!
stops data imported succesfully!
stops data imported succesfully!
stops data imported succesfully!
stops data imported succesfully!
stops data imported succesfully!
stops data imported succesfully!
stops data imported succesfully!
stops data imported succesfully!
stops data imported succesfully!
stops data imported succesfully!
stops data imported succesfully!
stops data imported succesfully!
stops data imported succesfully!
stops data imported succesfully!
stops data imported succesfully!
stops data imported succesfully!
stops data imported succesfully!
stops data imported succesfully!
stops data imported succesfully!
stops data imported succesfully!
stops data imported succesfully!
stops data imported succesfully!
stops data imported succesfully!
stops data imported succesfully!
stops data imported succesfully!
stops data imported succesfully!
stops data imported succesfully!
stops data imported succesfully!
stops data imported succesfully!
stops data imported succesfully!
stops data imported succesfully!
stops data imported succesfully!
stops data imported succesfully!
stops data imported succesfully!
stops data imported succesfully!
stops data imported succesfully!
stops data imported succesfully!
stops data imported succesfully!
stops data imported succesfully!
stops data imported succesfully!
stops data imported succesfully!
stops data imported succesfully!
stops data imported succesfully!
stops data imported succesfully!
stops data imported succesfully!
stops data imported succesfully!
stops data imported succesfully!
stops data imported succesfully!
stops data imported succesfully!
stops data imported succesfully!
stops data imported succesfully!
stops data imported succesfully!
stops data imported succesfully!
stops data imported succesfully!
stops data imported succesfully!
stops data imported succesfully!
stops data imported succesfully!
stops data imported succesfully!
stops data imported succesfully!
stops data imported succesfully!
stops data imported succesfully!
stops data imported succesfully!
stops data imported succesfully!
stops data imported succesfully!
stops data imported succesfully!
stops data imported succesfully!
stops data imported succesfully!
stops data imported succesfully!
stops data imported succesfully!
stops data imported succesfully!
stops data imported succesfully!
stops data imported succesfully!
stops data imported succesfully!
stops data imported succesfully!
stops data imported succesfully!
stops data imported succesfully!
stops data imported succesfully!
stops data imported succesfully!
stops data imported succesfully!
stops data imported succesfully!
stops data imported succesfully!
stops data imported succesfully!
stops data imported succesfully!
stops data imported succesfully!
stops data imported succesfully!
stops data imported succesfully!
stops data imported succesfully!
stops data imported succesfully!
stops data imported succesfully!
stops data imported succesfully!
stops data imported succesfully!
stops data imported succesfully!
stops data imported succesfully!
stops data imported succesfully!
stops data imported succesfully!
stops data imported succesfully!
stops data imported succesfully!
stops data imported succesfully!
stops data imported succesfully!
stops data imported succesfully!
stops data imported succesfully!
stops data imported succesfully!
stops data imported succesfully!
stops data imported succesfully!
stops data imported succesfully!
stops data imported succesfully!
stops data imported succesfully!
stops data imported succesfully!
stops data imported succesfully!
stops data imported succesfully!
stops data imported succesfully!
stops data imported succesfully!
stops data imported succesfully!
stops data imported succesfully!
stops data imported succesfully!
stops data imported succesfully!
stops data imported succesfully!
stops data imported succesfully!
stops data imported succesfully!
stops data imported succesfully!
stops data imported succesfully!
stops data imported succesfully!
stops data imported succesfully!
stops data imported succesfully!
stops data imported succesfully!
stops data imported succesfully!
stops data imported succesfully!
stops data imported succesfully!
stops data imported succesfully!
stops data imported succesfully!
stops data imported succesfully!
stops data imported succesfully!
stops data imported succesfully!
stops data imported succesfully!
stops data imported succesfully!
stops data imported succesfully!
stops data imported succesfully!
stops data imported succesfully!
stops data imported succesfully!
stops data imported succesfully!
stops data imported succesfully!
stops data imported succesfully!
stops data imported succesfully!
stops data imported succesfully!
stops data imported succesfully!
stops data imported succesfully!
stops data imported succesfully!
stops data imported succesfully!
stops data imported succesfully!
stops data imported succesfully!
stops data imported succesfully!
stops data imported succesfully!
stops data imported succesfully!
stops data imported succesfully!
stops data imported succesfully!
stops data imported succesfully!
stops data imported succesfully!
stops data imported succesfully!
stops data imported succesfully!
stops data imported succesfully!
stops data imported succesfully!
stops data imported succesfully!
stops data imported succesfully!
stops data imported succesfully!
stops data imported succesfully!
stops data imported succesfully!
stops data imported succesfully!
stops data imported succesfully!
stops data imported succesfully!
stops data imported succesfully!
stops data imported succesfully!
stops data imported succesfully!
stops data imported succesfully!
stops data imported succesfully!
stops data imported succesfully!
stops data imported succesfully!
stops data imported succesfully!
stops data imported succesfully!
stops data imported succesfully!
stops data imported succesfully!
stops data imported succesfully!
stops data imported succesfully!
stops data imported succesfully!
stops data imported succesfully!
stops data imported succesfully!
stops data imported succesfully!
stops data imported succesfully!
stops data imported succesfully!
stops data imported succesfully!
stops data imported succesfully!
stops data imported succesfully!
stops data imported succesfully!
stops data imported succesfully!
stops data imported succesfully!
stops data imported succesfully!
stops data imported succesfully!
stops data imported succesfully!
stops data imported succesfully!
stops data imported succesfully!
stops data imported succesfully!
stops data imported succesfully!
stops data imported succesfully!
stops data imported succesfully!
stops data imported succesfully!
stops data imported succesfully!
stops data imported succesfully!
stops data imported succesfully!
stops data imported succesfully!
stops data imported succesfully!
stops data imported succesfully!
stops data imported succesfully!
stops data imported succesfully!
stops data imported succesfully!
stops data imported succesfully!
stops data imported succesfully!
stops data imported succesfully!
stops data imported succesfully!
stops data imported succesfully!
stops data imported succesfully!
stops data imported succesfully!
stops data imported succesfully!
stops data imported succesfully!
stops data imported succesfully!
stops data imported succesfully!
stops data imported succesfully!
stops data imported succesfully!
stops data imported succesfully!
stops data imported succesfully!
stops data imported succesfully!
stops data imported succesfully!
stops data imported succesfully!
stops data imported succesfully!
stops data imported succesfully!
stops data imported succesfully!
stops data imported succesfully!
stops data imported succesfully!
stops data imported succesfully!
stops data imported succesfully!
stops data imported succesfully!
stops data imported succesfully!
stops data imported succesfully!
stops data imported succesfully!
stops data imported succesfully!
stops data imported succesfully!
stops data imported succesfully!
stops data imported succesfully!
stops data imported succesfully!
stops data imported succesfully!
stops data imported succesfully!
stops data imported succesfully!
stops data imported succesfully!
stops data imported succesfully!
stops data imported succesfully!
stops data imported succesfully!
stops data imported succesfully!
stops data imported succesfully!
stops data imported succesfully!
stops data imported succesfully!
stops data imported succesfully!
stops data imported succesfully!
stops data imported succesfully!
stops data imported succesfully!
stops data imported succesfully!
stops data imported succesfully!
stops data imported succesfully!
stops data imported succesfully!
stops data imported succesfully!
stops data imported succesfully!
stops data imported succesfully!
stops data imported succesfully!
stops data imported succesfully!
stops data imported succesfully!
stops data imported succesfully!
stops data imported succesfully!
stops data imported succesfully!
stops data imported succesfully!
stops data imported succesfully!
stops data imported succesfully!
stops data imported succesfully!
stops data imported succesfully!
stops data imported succesfully!
stops data imported succesfully!
stops data imported succesfully!
stops data imported succesfully!
stops data imported succesfully!
stops data imported succesfully!
stops data imported succesfully!
stops data imported succesfully!
stops data imported succesfully!
stops data imported succesfully!
stops data imported succesfully!
stops data imported succesfully!
stops data imported succesfully!
stops data imported succesfully!
stops data imported succesfully!
stops data imported succesfully!
stops data imported succesfully!
stops data imported succesfully!
stops data imported succesfully!
stops data imported succesfully!
stops data imported succesfully!
stops data imported succesfully!
stops data imported succesfully!
stops data imported succesfully!
stops data imported succesfully!
stops data imported succesfully!
stops data imported succesfully!
stops data imported succesfully!
stops data imported succesfully!
stops data imported succesfully!
stops data imported succesfully!
stops data imported succesfully!
stops data imported succesfully!
stops data imported succesfully!
stops data imported succesfully!
stops data imported succesfully!
stops data imported succesfully!
stops data imported succesfully!
stops data imported succesfully!
stops data imported succesfully!
stops data imported succesfully!
stops data imported succesfully!
stops data imported succesfully!
stops data imported succesfully!
stops data imported succesfully!
stops data imported succesfully!
stops data imported succesfully!
stops data imported succesfully!
stops data imported succesfully!
stops data imported succesfully!
stops data imported succesfully!
stops data imported succesfully!
stops data imported succesfully!
stops data imported succesfully!
stops data imported succesfully!
stops data imported succesfully!
stops data imported succesfully!
stops data imported succesfully!
stops data imported succesfully!
stops data imported succesfully!
stops data imported succesfully!
stops data imported succesfully!
stops data imported succesfully!
stops data imported succesfully!
stops data imported succesfully!
stops data imported succesfully!
stops data imported succesfully!
stops data imported succesfully!
stops data imported succesfully!
stops data imported succesfully!
stops data imported succesfully!
stops data imported succesfully!
stops data imported succesfully!
stops data imported succesfully!
stops data imported succesfully!
stops data imported succesfully!
stops data imported succesfully!
stops data imported succesfully!
stops data imported succesfully!
stops data imported succesfully!
stops data imported succesfully!
stops data imported succesfully!
stops data imported succesfully!
stops data imported succesfully!
stops data imported succesfully!
stops data imported succesfully!
stops data imported succesfully!
stops data imported succesfully!
stops data imported succesfully!
stops data imported succesfully!
stops data imported succesfully!
stops data imported succesfully!
stops data imported succesfully!
stops data imported succesfully!
stops data imported succesfully!
stops data imported succesfully!
stops data imported succesfully!
stops data imported succesfully!
stops data imported succesfully!
stops data imported succesfully!
stops data imported succesfully!
stops data imported succesfully!
stops data imported succesfully!
stops data imported succesfully!
stops data imported succesfully!
stops data imported succesfully!
stops data imported succesfully!
stops data imported succesfully!
stops data imported succesfully!
stops data imported succesfully!
stops data imported succesfully!
stops data imported succesfully!
stops data imported succesfully!
stops data imported succesfully!
stops data imported succesfully!
stops data imported succesfully!
stops data imported succesfully!
stops data imported succesfully!
stops data imported succesfully!
stops data imported succesfully!
stops data imported succesfully!
stops data imported succesfully!
stops data imported succesfully!
stops data imported succesfully!
stops data imported succesfully!
stops data imported succesfully!
stops data imported succesfully!
stops data imported succesfully!
stops data imported succesfully!
stops data imported succesfully!
stops data imported succesfully!
stops data imported succesfully!
stops data imported succesfully!
stops data imported succesfully!
stops data imported succesfully!
stops data imported succesfully!
stops data imported succesfully!
stops data imported succesfully!
stops data imported succesfully!
stops data imported succesfully!
stops data imported succesfully!
stops data imported succesfully!
stops data imported succesfully!
stops data imported succesfully!
stops data imported succesfully!
stops data imported succesfully!
stops data imported succesfully!
stops data imported succesfully!
stops data imported succesfully!
stops data imported succesfully!
stops data imported succesfully!
stops data imported succesfully!
stops data imported succesfully!
stops data imported succesfully!
stops data imported succesfully!
stops data imported succesfully!
stops data imported succesfully!
stops data imported succesfully!
stops data imported succesfully!
stops data imported succesfully!
stops data imported succesfully!
stops data imported succesfully!
stops data imported succesfully!
stops data imported succesfully!
stops data imported succesfully!
stops data imported succesfully!
stops data imported succesfully!
stops data imported succesfully!
stops data imported succesfully!
stops data imported succesfully!
stops data imported succesfully!
stops data imported succesfully!
stops data imported succesfully!
stops data imported succesfully!
stops data imported succesfully!
stops data imported succesfully!
stops data imported succesfully!
stops data imported succesfully!
stops data imported succesfully!
stops data imported succesfully!
stops data imported succesfully!
stops data imported succesfully!
stops data imported succesfully!
stops data imported succesfully!
stops data imported succesfully!
stops data imported succesfully!
stops data imported succesfully!
stops data imported succesfully!
stops data imported succesfully!
stops data imported succesfully!
stops data imported succesfully!
stops data imported succesfully!
stops data imported succesfully!
stops data imported succesfully!
stops data imported succesfully!
stops data imported succesfully!
stops data imported succesfully!
stops data imported succesfully!
stops data imported succesfully!
stops data imported succesfully!
stops data imported succesfully!
stops data imported succesfully!
stops data imported succesfully!
stops data imported succesfully!
stops data imported succesfully!
stops data imported succesfully!
stops data imported succesfully!
stops data imported succesfully!
stops data imported succesfully!
stops data imported succesfully!
stops data imported succesfully!
stops data imported succesfully!
stops data imported succesfully!
stops data imported succesfully!
stops data imported succesfully!
stops data imported succesfully!
stops data imported succesfully!
stops data imported succesfully!
stops data imported succesfully!
stops data imported succesfully!
stops data imported succesfully!
stops data imported succesfully!
stops data imported succesfully!
stops data imported succesfully!
stops data imported succesfully!
stops data imported succesfully!
stops data imported succesfully!
stops data imported succesfully!
stops data imported succesfully!
stops data imported succesfully!
stops data imported succesfully!
stops data imported succesfully!
stops data imported succesfully!
stops data imported succesfully!
stops data imported succesfully!
stops data imported succesfully!
stops data imported succesfully!
stops data imported succesfully!
stops data imported succesfully!
stops data imported succesfully!
stops data imported succesfully!
stops data imported succesfully!
stops data imported succesfully!
stops data imported succesfully!
stops data imported succesfully!
stops data imported succesfully!
stops data imported succesfully!
stops data imported succesfully!
stops data imported succesfully!
stops data imported succesfully!
stops data imported succesfully!
stops data imported succesfully!
stops data imported succesfully!
stops data imported succesfully!
stops data imported succesfully!
stops data imported succesfully!
stops data imported succesfully!
stops data imported succesfully!
stops data imported succesfully!
stops data imported succesfully!
stops data imported succesfully!
stops data imported succesfully!
stops data imported succesfully!
stops data imported succesfully!
stops data imported succesfully!
stops data imported succesfully!
stops data imported succesfully!
stops data imported succesfully!
stops data imported succesfully!
stops data imported succesfully!
stops data imported succesfully!
stops data imported succesfully!
stops data imported succesfully!
stops data imported succesfully!
stops data imported succesfully!
stops data imported succesfully!
stops data imported succesfully!
stops data imported succesfully!
stops data imported succesfully!
stops data imported succesfully!
stops data imported succesfully!
stops data imported succesfully!
stops data imported succesfully!
stops data imported succesfully!
stops data imported succesfully!
stops data imported succesfully!
stops data imported succesfully!
stops data imported succesfully!
stops data imported succesfully!
stops data imported succesfully!
stops data imported succesfully!
stops data imported succesfully!
stops data imported succesfully!
stops data imported succesfully!
stops data imported succesfully!
stops data imported succesfully!
stops data imported succesfully!
stops data imported succesfully!
stops data imported succesfully!
stops data imported succesfully!
stops data imported succesfully!
stops data imported succesfully!
stops data imported succesfully!
stops data imported succesfully!
stops data imported succesfully!
stops data imported succesfully!
stops data imported succesfully!
stops data imported succesfully!
stops data imported succesfully!
stops data imported succesfully!
stops data imported succesfully!
stops data imported succesfully!
stops data imported succesfully!
stops data imported succesfully!
stops data imported succesfully!
stops data imported succesfully!
stops data imported succesfully!
stops data imported succesfully!
stops data imported succesfully!
stops data imported succesfully!
stops data imported succesfully!
stops data imported succesfully!
stops data imported succesfully!
stops data imported succesfully!
stops data imported succesfully!
stops data imported succesfully!
stops data imported succesfully!
stops data imported succesfully!
stops data imported succesfully!
stops data imported succesfully!
stops data imported succesfully!
stops data imported succesfully!
stops data imported succesfully!
stops data imported succesfully!
stops data imported succesfully!
stops data imported succesfully!
stops data imported succesfully!
stops data imported succesfully!
stops data imported succesfully!
stops data imported succesfully!
stops data imported succesfully!
stops data imported succesfully!
stops data imported succesfully!
stops data imported succesfully!
stops data imported succesfully!
stops data imported succesfully!
stops data imported succesfully!
stops data imported succesfully!
stops data imported succesfully!
stops data imported succesfully!
stops data imported succesfully!
stops data imported succesfully!
stops data imported succesfully!
stops data imported succesfully!
stops data imported succesfully!
stops data imported succesfully!
stops data imported succesfully!
stops data imported succesfully!
stops data imported succesfully!
stops data imported succesfully!
stops data imported succesfully!
stops data imported succesfully!
stops data imported succesfully!
stops data imported succesfully!
stops data imported succesfully!
stops data imported succesfully!
stops data imported succesfully!
stops data imported succesfully!
stops data imported succesfully!
stops data imported succesfully!
stops data imported succesfully!
stops data imported succesfully!
stops data imported succesfully!
stops data imported succesfully!
stops data imported succesfully!
stops data imported succesfully!
stops data imported succesfully!
stops data imported succesfully!
stops data imported succesfully!
stops data imported succesfully!
stops data imported succesfully!
stops data imported succesfully!
stops data imported succesfully!
stops data imported succesfully!
stops data imported succesfully!
stops data imported succesfully!
stops data imported succesfully!
stops data imported succesfully!
stops data imported succesfully!
stops data imported succesfully!
stops data imported succesfully!
stops data imported succesfully!
stops data imported succesfully!
stops data imported succesfully!
stops data imported succesfully!
stops data imported succesfully!
stops data imported succesfully!
stops data imported succesfully!
stops data imported succesfully!
stops data imported succesfully!
stops data imported succesfully!
stops data imported succesfully!
stops data imported succesfully!
stops data imported succesfully!
stops data imported succesfully!
stops data imported succesfully!
stops data imported succesfully!
stops data imported succesfully!
stops data imported succesfully!
stops data imported succesfully!
stops data imported succesfully!
stops data imported succesfully!
stops data imported succesfully!
stops data imported succesfully!
stops data imported succesfully!
stops data imported succesfully!
stops data imported succesfully!
stops data imported succesfully!
stops data imported succesfully!
stops data imported succesfully!
stops data imported succesfully!
stops data imported succesfully!
stops data imported succesfully!
stops data imported succesfully!
stops data imported succesfully!
stops data imported succesfully!
stops data imported succesfully!
stops data imported succesfully!
stops data imported succesfully!
stops data imported succesfully!
stops data imported succesfully!
stops data imported succesfully!
stops data imported succesfully!
stops data imported succesfully!
stops data imported succesfully!
stops data imported succesfully!
stops data imported succesfully!
stops data imported succesfully!
stops data imported succesfully!
stops data imported succesfully!
stops data imported succesfully!
stops data imported succesfully!
stops data imported succesfully!
stops data imported succesfully!
stops data imported succesfully!
stops data imported succesfully!
stops data imported succesfully!
stops data imported succesfully!
stops data imported succesfully!
stops data imported succesfully!
stops data imported succesfully!
stops data imported succesfully!
stops data imported succesfully!
stops data imported succesfully!
stops data imported succesfully!
stops data imported succesfully!
stops data imported succesfully!
stops data imported succesfully!
stops data imported succesfully!
stops data imported succesfully!
stops data imported succesfully!
stops data imported succesfully!
stops data imported succesfully!
stops data imported succesfully!
stops data imported succesfully!
stops data imported succesfully!
stops data imported succesfully!
stops data imported succesfully!
stops data imported succesfully!
stops data imported succesfully!
stops data imported succesfully!
stops data imported succesfully!
stops data imported succesfully!
stops data imported succesfully!
stops data imported succesfully!
stops data imported succesfully!
stops data imported succesfully!
stops data imported succesfully!
stops data imported succesfully!
stops data imported succesfully!
stops data imported succesfully!
stops data imported succesfully!
stops data imported succesfully!
stops data imported succesfully!
stops data imported succesfully!
stops data imported succesfully!
stops data imported succesfully!
stops data imported succesfully!
stops data imported succesfully!
stops data imported succesfully!
stops data imported succesfully!
stops data imported succesfully!
stops data imported succesfully!
stops data imported succesfully!
stops data imported succesfully!
stops data imported succesfully!
stops data imported succesfully!
stops data imported succesfully!
stops data imported succesfully!
stops data imported succesfully!
stops data imported succesfully!
stops data imported succesfully!
stops data imported succesfully!
stops data imported succesfully!
stops data imported succesfully!
stops data imported succesfully!
stops data imported succesfully!
stops data imported succesfully!
stops data imported succesfully!
stops data imported succesfully!
stops data imported succesfully!
stops data imported succesfully!
stops data imported succesfully!
stops data imported succesfully!
stops data imported succesfully!
stops data imported succesfully!
stops data imported succesfully!
stops data imported succesfully!
stops data imported succesfully!
stops data imported succesfully!
stops data imported succesfully!
stops data imported succesfully!
stops data imported succesfully!
stops data imported succesfully!
stops data imported succesfully!
stops data imported succesfully!
stops data imported succesfully!
stops data imported succesfully!
stops data imported succesfully!
stops data imported succesfully!
stops data imported succesfully!
stops data imported succesfully!
stops data imported succesfully!
stops data imported succesfully!
stops data imported succesfully!
stops data imported succesfully!
stops data imported succesfully!
stops data imported succesfully!
stops data imported succesfully!
stops data imported succesfully!
stops data imported succesfully!
stops data imported succesfully!
stops data imported succesfully!
stops data imported succesfully!
stops data imported succesfully!
stops data imported succesfully!
stops data imported succesfully!
stops data imported succesfully!
stops data imported succesfully!
stops data imported succesfully!
stops data imported succesfully!
stops data imported succesfully!
stops data imported succesfully!
stops data imported succesfully!
stops data imported succesfully!
stops data imported succesfully!
stops data imported succesfully!
stops data imported succesfully!
stops data imported succesfully!
stops data imported succesfully!
stops data imported succesfully!
stops data imported succesfully!
stops data imported succesfully!
stops data imported succesfully!
stops data imported succesfully!
stops data imported succesfully!
stops data imported succesfully!
stops data imported succesfully!
stops data imported succesfully!
stops data imported succesfully!
stops data imported succesfully!
stops data imported succesfully!
stops data imported succesfully!
stops data imported succesfully!
stops data imported succesfully!
stops data imported succesfully!
stops data imported succesfully!
stops data imported succesfully!
stops data imported succesfully!
stops data imported succesfully!
stops data imported succesfully!
stops data imported succesfully!
stops data imported succesfully!
stops data imported succesfully!
stops data imported succesfully!
stops data imported succesfully!
stops data imported succesfully!
stops data imported succesfully!
stops data imported succesfully!
stops data imported succesfully!
stops data imported succesfully!
stops data imported succesfully!
stops data imported succesfully!
stops data imported succesfully!
stops data imported succesfully!
stops data imported succesfully!
stops data imported succesfully!
stops data imported succesfully!
stops data imported succesfully!
stops data imported succesfully!
stops data imported succesfully!
stops data imported succesfully!
stops data imported succesfully!
stops data imported succesfully!
stops data imported succesfully!
stops data imported succesfully!
stops data imported succesfully!
stops data imported succesfully!
stops data imported succesfully!
stops data imported succesfully!
stops data imported succesfully!
stops data imported succesfully!
stops data imported succesfully!
stops data imported succesfully!
stops data imported succesfully!
stops data imported succesfully!
stops data imported succesfully!
stops data imported succesfully!
stops data imported succesfully!
stops data imported succesfully!
stops data imported succesfully!
stops data imported succesfully!
stops data imported succesfully!
stops data imported succesfully!
stops data imported succesfully!
stops data imported succesfully!
stops data imported succesfully!
stops data imported succesfully!
stops data imported succesfully!
stops data imported succesfully!
stops data imported succesfully!
stops data imported succesfully!
stops data imported succesfully!
stops data imported succesfully!
stops data imported succesfully!
stops data imported succesfully!
stops data imported succesfully!
stops data imported succesfully!
stops data imported succesfully!
stops data imported succesfully!
stops data imported succesfully!
stops data imported succesfully!
stops data imported succesfully!
stops data imported succesfully!
stops data imported succesfully!
stops data imported succesfully!
stops data imported succesfully!
stops data imported succesfully!
stops data imported succesfully!
stops data imported succesfully!
stops data imported succesfully!
stops data imported succesfully!
stops data imported succesfully!
stops data imported succesfully!
stops data imported succesfully!
stops data imported succesfully!
stops data imported succesfully!
stops data imported succesfully!
stops data imported succesfully!
stops data imported succesfully!
stops data imported succesfully!
stops data imported succesfully!
stops data imported succesfully!
stops data imported succesfully!
stops data imported succesfully!
stops data imported succesfully!
stops data imported succesfully!
stops data imported succesfully!
stops data imported succesfully!
stops data imported succesfully!
stops data imported succesfully!
stops data imported succesfully!
stops data imported succesfully!
stops data imported succesfully!
stops data imported succesfully!
stops data imported succesfully!
stops data imported succesfully!
stops data imported succesfully!
stops data imported succesfully!
stops data imported succesfully!
stops data imported succesfully!
stops data imported succesfully!
stops data imported succesfully!
stops data imported succesfully!
stops data imported succesfully!
stops data imported succesfully!
stops data imported succesfully!
stops data imported succesfully!
stops data imported succesfully!
stops data imported succesfully!
stops data imported succesfully!
stops data imported succesfully!
stops data imported succesfully!
stops data imported succesfully!
stops data imported succesfully!
stops data imported succesfully!
stops data imported succesfully!
stops data imported succesfully!
stops data imported succesfully!
stops data imported succesfully!
stops data imported succesfully!
stops data imported succesfully!
stops data imported succesfully!
stops data imported succesfully!
stops data imported succesfully!
stops data imported succesfully!
stops data imported succesfully!
stops data imported succesfully!
stops data imported succesfully!
stops data imported succesfully!
stops data imported succesfully!
stops data imported succesfully!
stops data imported succesfully!
stops data imported succesfully!
stops data imported succesfully!
stops data imported succesfully!
stops data imported succesfully!
stops data imported succesfully!
stops data imported succesfully!
stops data imported succesfully!
stops data imported succesfully!
stops data imported succesfully!
stops data imported succesfully!
stops data imported succesfully!
stops data imported succesfully!
stops data imported succesfully!
stops data imported succesfully!
stops data imported succesfully!
stops data imported succesfully!
stops data imported succesfully!
stops data imported succesfully!
stops data imported succesfully!
stops data imported succesfully!
stops data imported succesfully!
stops data imported succesfully!
stops data imported succesfully!
stops data imported succesfully!
stops data imported succesfully!
stops data imported succesfully!
stops data imported succesfully!
stops data imported succesfully!
stops data imported succesfully!
stops data imported succesfully!
stops data imported succesfully!
stops data imported succesfully!
stops data imported succesfully!
stops data imported succesfully!
stops data imported succesfully!
stops data imported succesfully!
stops data imported succesfully!
stops data imported succesfully!
stops data imported succesfully!
stops data imported succesfully!
stops data imported succesfully!
stops data imported succesfully!
stops data imported succesfully!
stops data imported succesfully!
stops data imported succesfully!
stops data imported succesfully!
stops data imported succesfully!
stops data imported succesfully!
stops data imported succesfully!
stops data imported succesfully!
stops data imported succesfully!
stops data imported succesfully!
stops data imported succesfully!
stops data imported succesfully!
stops data imported succesfully!
stops data imported succesfully!
stops data imported succesfully!
stops data imported succesfully!
stops data imported succesfully!
stops data imported succesfully!
stops data imported succesfully!
stops data imported succesfully!
stops data imported succesfully!
stops data imported succesfully!
stops data imported succesfully!
stops data imported succesfully!
stops data imported succesfully!
stops data imported succesfully!
stops data imported succesfully!
stops data imported succesfully!
stops data imported succesfully!
stops data imported succesfully!
stops data imported succesfully!
stops data imported succesfully!
stops data imported succesfully!
stops data imported succesfully!
stops data imported succesfully!
stops data imported succesfully!
stops data imported succesfully!
stops data imported succesfully!
stops data imported succesfully!
stops data imported succesfully!
stops data imported succesfully!
stops data imported succesfully!
stops data imported succesfully!
stops data imported succesfully!
stops data imported succesfully!
stops data imported succesfully!
stops data imported succesfully!
stops data imported succesfully!
stops data imported succesfully!
stops data imported succesfully!
stops data imported succesfully!
stops data imported succesfully!
stops data imported succesfully!
stops data imported succesfully!
stops data imported succesfully!
stops data imported succesfully!
stops data imported succesfully!
stops data imported succesfully!
stops data imported succesfully!
stops data imported succesfully!
stops data imported succesfully!
stops data imported succesfully!
stops data imported succesfully!
stops data imported succesfully!
stops data imported succesfully!
stops data imported succesfully!
stops data imported succesfully!
stops data imported succesfully!
stops data imported succesfully!
stops data imported succesfully!
stops data imported succesfully!
stops data imported succesfully!
stops data imported succesfully!
stops data imported succesfully!
stops data imported succesfully!
stops data imported succesfully!
stops data imported succesfully!
stops data imported succesfully!
stops data imported succesfully!
stops data imported succesfully!
stops data imported succesfully!
stops data imported succesfully!
stops data imported succesfully!
stops data imported succesfully!
stops data imported succesfully!
stops data imported succesfully!
stops data imported succesfully!
stops data imported succesfully!
stops data imported succesfully!
stops data imported succesfully!
stops data imported succesfully!
stops data imported succesfully!
stops data imported succesfully!
stops data imported succesfully!
stops data imported succesfully!
stops data imported succesfully!
stops data imported succesfully!
stops data imported succesfully!
stops data imported succesfully!
stops data imported succesfully!
stops data imported succesfully!
stops data imported succesfully!
stops data imported succesfully!
stops data imported succesfully!
stops data imported succesfully!
stops data imported succesfully!
stops data imported succesfully!
stops data imported succesfully!
stops data imported succesfully!
stops data imported succesfully!
stops data imported succesfully!
stops data imported succesfully!
stops data imported succesfully!
stops data imported succesfully!
stops data imported succesfully!
stops data imported succesfully!
stops data imported succesfully!
stops data imported succesfully!
stops data imported succesfully!
stops data imported succesfully!
stops data imported succesfully!
stops data imported succesfully!
stops data imported succesfully!
stops data imported succesfully!
stops data imported succesfully!
stops data imported succesfully!
stops data imported succesfully!
stops data imported succesfully!
stops data imported succesfully!
stops data imported succesfully!
stops data imported succesfully!
stops data imported succesfully!
stops data imported succesfully!
stops data imported succesfully!
stops data imported succesfully!
stops data imported succesfully!
stops data imported succesfully!
stops data imported succesfully!
stops data imported succesfully!
stops data imported succesfully!
stops data imported succesfully!
stops data imported succesfully!
stops data imported succesfully!
stops data imported succesfully!
stops data imported succesfully!
stops data imported succesfully!
stops data imported succesfully!
stops data imported succesfully!
stops data imported succesfully!
stops data imported succesfully!
stops data imported succesfully!
stops data imported succesfully!
stops data imported succesfully!
stops data imported succesfully!
stops data imported succesfully!
stops data imported succesfully!
stops data imported succesfully!
stops data imported succesfully!
stops data imported succesfully!
stops data imported succesfully!
stops data imported succesfully!
stops data imported succesfully!
stops data imported succesfully!
stops data imported succesfully!
stops data imported succesfully!
stops data imported succesfully!
stops data imported succesfully!
stops data imported succesfully!
stops data imported succesfully!
stops data imported succesfully!
stops data imported succesfully!
stops data imported succesfully!
stops data imported succesfully!
stops data imported succesfully!
stops data imported succesfully!
stops data imported succesfully!
stops data imported succesfully!
stops data imported succesfully!
stops data imported succesfully!
stops data imported succesfully!
stops data imported succesfully!
stops data imported succesfully!
stops data imported succesfully!
stops data imported succesfully!
stops data imported succesfully!
stops data imported succesfully!
stops data imported succesfully!
stops data imported succesfully!
stops data imported succesfully!
stops data imported succesfully!
stops data imported succesfully!
stops data imported succesfully!
stops data imported succesfully!
stops data imported succesfully!
stops data imported succesfully!
stops data imported succesfully!
stops data imported succesfully!
stops data imported succesfully!
stops data imported succesfully!
stops data imported succesfully!
stops data imported succesfully!
stops data imported succesfully!
stops data imported succesfully!
stops data imported succesfully!
stops data imported succesfully!
stops data imported succesfully!
stops data imported succesfully!
stops data imported succesfully!
stops data imported succesfully!
stops data imported succesfully!
stops data imported succesfully!
stops data imported succesfully!
stops data imported succesfully!
stops data imported succesfully!
stops data imported succesfully!
stops data imported succesfully!
stops data imported succesfully!
stops data imported succesfully!
stops data imported succesfully!
stops data imported succesfully!
stops data imported succesfully!
stops data imported succesfully!
stops data imported succesfully!
stops data imported succesfully!
stops data imported succesfully!
stops data imported succesfully!
stops data imported succesfully!
stops data imported succesfully!
stops data imported succesfully!
stops data imported succesfully!
stops data imported succesfully!
stops data imported succesfully!
stops data imported succesfully!
stops data imported succesfully!
stops data imported succesfully!
stops data imported succesfully!
stops data imported succesfully!
stops data imported succesfully!
stops data imported succesfully!
stops data imported succesfully!
stops data imported succesfully!
stops data imported succesfully!
stops data imported succesfully!
stops data imported succesfully!
stops data imported succesfully!
stops data imported succesfully!
stops data imported succesfully!
stops data imported succesfully!
stops data imported succesfully!
stops data imported succesfully!
stops data imported succesfully!
stops data imported succesfully!
stops data imported succesfully!
stops data imported succesfully!
stops data imported succesfully!
stops data imported succesfully!
stops data imported succesfully!
stops data imported succesfully!
stops data imported succesfully!
stops data imported succesfully!
stops data imported succesfully!
stops data imported succesfully!
stops data imported succesfully!
stops data imported succesfully!
stops data imported succesfully!
stops data imported succesfully!
stops data imported succesfully!
stops data imported succesfully!
stops data imported succesfully!
stops data imported succesfully!
stops data imported succesfully!
stops data imported succesfully!
stops data imported succesfully!
stops data imported succesfully!
stops data imported succesfully!
stops data imported succesfully!
stops data imported succesfully!
stops data imported succesfully!
stops data imported succesfully!
stops data imported succesfully!
stops data imported succesfully!
stops data imported succesfully!
stops data imported succesfully!
stops data imported succesfully!
stops data imported succesfully!
stops data imported succesfully!
stops data imported succesfully!
stops data imported succesfully!
stops data imported succesfully!
stops data imported succesfully!
stops data imported succesfully!
stops data imported succesfully!
stops data imported succesfully!
stops data imported succesfully!
stops data imported succesfully!
stops data imported succesfully!
stops data imported succesfully!
stops data imported succesfully!
stops data imported succesfully!
stops data imported succesfully!
stops data imported succesfully!
stops data imported succesfully!
stops data imported succesfully!
stops data imported succesfully!
stops data imported succesfully!
stops data imported succesfully!
stops data imported succesfully!
stops data imported succesfully!
stops data imported succesfully!
stops data imported succesfully!
stops data imported succesfully!
stops data imported succesfully!
stops data imported succesfully!
stops data imported succesfully!
stops data imported succesfully!
stops data imported succesfully!
stops data imported succesfully!
stops data imported succesfully!
stops data imported succesfully!
stops data imported succesfully!
stops data imported succesfully!
stops data imported succesfully!
stops data imported succesfully!
stops data imported succesfully!
stops data imported succesfully!
stops data imported succesfully!
stops data imported succesfully!
stops data imported succesfully!
stops data imported succesfully!
stops data imported succesfully!
stops data imported succesfully!
stops data imported succesfully!
stops data imported succesfully!
stops data imported succesfully!
stops data imported succesfully!
stops data imported succesfully!
stops data imported succesfully!
stops data imported succesfully!
stops data imported succesfully!
stops data imported succesfully!
stops data imported succesfully!
stops data imported succesfully!
stops data imported succesfully!
stops data imported succesfully!
stops data imported succesfully!
stops data imported succesfully!
stops data imported succesfully!
stops data imported succesfully!
stops data imported succesfully!
stops data imported succesfully!
stops data imported succesfully!
stops data imported succesfully!
stops data imported succesfully!
stops data imported succesfully!
stops data imported succesfully!
stops data imported succesfully!
stops data imported succesfully!
stops data imported succesfully!
stops data imported succesfully!
stops data imported succesfully!
stops data imported succesfully!
stops data imported succesfully!
stops data imported succesfully!
stops data imported succesfully!
stops data imported succesfully!
stops data imported succesfully!
stops data imported succesfully!
stops data imported succesfully!
stops data imported succesfully!
stops data imported succesfully!
stops data imported succesfully!
stops data imported succesfully!
stops data imported succesfully!
stops data imported succesfully!
stops data imported succesfully!
stops data imported succesfully!
stops data imported succesfully!
stops data imported succesfully!
stops data imported succesfully!
stops data imported succesfully!
stops data imported succesfully!
stops data imported succesfully!
stops data imported succesfully!
stops data imported succesfully!
stops data imported succesfully!
stops data imported succesfully!
stops data imported succesfully!
stops data imported succesfully!
stops data imported succesfully!
stops data imported succesfully!
stops data imported succesfully!
stops data imported succesfully!
stops data imported succesfully!
stops data imported succesfully!
stops data imported succesfully!
stops data imported succesfully!
stops data imported succesfully!
stops data imported succesfully!
stops data imported succesfully!
stops data imported succesfully!
stops data imported succesfully!
stops data imported succesfully!
stops data imported succesfully!
stops data imported succesfully!
stops data imported succesfully!
stops data imported succesfully!
stops data imported succesfully!
stops data imported succesfully!
stops data imported succesfully!
stops data imported succesfully!
stops data imported succesfully!
stops data imported succesfully!
stops data imported succesfully!
stops data imported succesfully!
stops data imported succesfully!
stops data imported succesfully!
stops data imported succesfully!
stops data imported succesfully!
stops data imported succesfully!
stops data imported succesfully!
stops data imported succesfully!
stops data imported succesfully!
stops data imported succesfully!
stops data imported succesfully!
stops data imported succesfully!
stops data imported succesfully!
stops data imported succesfully!
stops data imported succesfully!
stops data imported succesfully!
stops data imported succesfully!
stops data imported succesfully!
stops data imported succesfully!
stops data imported succesfully!
stops data imported succesfully!
stops data imported succesfully!
stops data imported succesfully!
stops data imported succesfully!
stops data imported succesfully!
stops data imported succesfully!
stops data imported succesfully!
stops data imported succesfully!
stops data imported succesfully!
stops data imported succesfully!
stops data imported succesfully!
stops data imported succesfully!
stops data imported succesfully!
stops data imported succesfully!
stops data imported succesfully!
stops data imported succesfully!
stops data imported succesfully!
stops data imported succesfully!
stops data imported succesfully!
stops data imported succesfully!
stops data imported succesfully!
stops data imported succesfully!
stops data imported succesfully!
stops data imported succesfully!
stops data imported succesfully!
stops data imported succesfully!
stops data imported succesfully!
stops data imported succesfully!
stops data imported succesfully!
stops data imported succesfully!
stops data imported succesfully!
stops data imported succesfully!
stops data imported succesfully!
stops data imported succesfully!
stops data imported succesfully!
stops data imported succesfully!
stops data imported succesfully!
stops data imported succesfully!
stops data imported succesfully!
stops data imported succesfully!
stops data imported succesfully!
stops data imported succesfully!
stops data imported succesfully!
stops data imported succesfully!
stops data imported succesfully!
stops data imported succesfully!
stops data imported succesfully!
stops data imported succesfully!
stops data imported succesfully!
stops data imported succesfully!
stops data imported succesfully!
stops data imported succesfully!
stops data imported succesfully!
stops data imported succesfully!
stops data imported succesfully!
stops data imported succesfully!
stops data imported succesfully!
stops data imported succesfully!
stops data imported succesfully!
stops data imported succesfully!
stops data imported succesfully!
stops data imported succesfully!
stops data imported succesfully!
stops data imported succesfully!
stops data imported succesfully!
stops data imported succesfully!
stops data imported succesfully!
stops data imported succesfully!
stops data imported succesfully!
stops data imported succesfully!
stops data imported succesfully!
stops data imported succesfully!
stops data imported succesfully!
stops data imported succesfully!
stops data imported succesfully!
stops data imported succesfully!
stops data imported succesfully!
stops data imported succesfully!
stops data imported succesfully!
stops data imported succesfully!
stops data imported succesfully!
stops data imported succesfully!
stops data imported succesfully!
stops data imported succesfully!
stops data imported succesfully!
stops data imported succesfully!
stops data imported succesfully!
stops data imported succesfully!
stops data imported succesfully!
stops data imported succesfully!
stops data imported succesfully!
stops data imported succesfully!
stops data imported succesfully!
stops data imported succesfully!
stops data imported succesfully!
stops data imported succesfully!
stops data imported succesfully!
stops data imported succesfully!
stops data imported succesfully!
stops data imported succesfully!
stops data imported succesfully!
stops data imported succesfully!
stops data imported succesfully!
stops data imported succesfully!
stops data imported succesfully!
stops data imported succesfully!
stops data imported succesfully!
stops data imported succesfully!
stops data imported succesfully!
stops data imported succesfully!
stops data imported succesfully!
stops data imported succesfully!
stops data imported succesfully!
stops data imported succesfully!
stops data imported succesfully!
stops data imported succesfully!
stops data imported succesfully!
stops data imported succesfully!
stops data imported succesfully!
stops data imported succesfully!
stops data imported succesfully!
stops data imported succesfully!
stops data imported succesfully!
stops data imported succesfully!
stops data imported succesfully!
stops data imported succesfully!
stops data imported succesfully!
stops data imported succesfully!
stops data imported succesfully!
stops data imported succesfully!
stops data imported succesfully!
stops data imported succesfully!
stops data imported succesfully!
stops data imported succesfully!
stops data imported succesfully!
stops data imported succesfully!
stops data imported succesfully!
stops data imported succesfully!
stops data imported succesfully!
stops data imported succesfully!
stops data imported succesfully!
stops data imported succesfully!
stops data imported succesfully!
stops data imported succesfully!
stops data imported succesfully!
stops data imported succesfully!
stops data imported succesfully!
stops data imported succesfully!
stops data imported succesfully!
stops data imported succesfully!
stops data imported succesfully!
stops data imported succesfully!
stops data imported succesfully!
stops data imported succesfully!
stops data imported succesfully!
stops data imported succesfully!
stops data imported succesfully!
stops data imported succesfully!
stops data imported succesfully!
stops data imported succesfully!
stops data imported succesfully!
stops data imported succesfully!
stops data imported succesfully!
stops data imported succesfully!
stops data imported succesfully!
stops data imported succesfully!
stops data imported succesfully!
stops data imported succesfully!
stops data imported succesfully!
stops data imported succesfully!
stops data imported succesfully!
stops data imported succesfully!
stops data imported succesfully!
stops data imported succesfully!
stops data imported succesfully!
stops data imported succesfully!
stops data imported succesfully!
stops data imported succesfully!
stops data imported succesfully!
stops data imported succesfully!
stops data imported succesfully!
stops data imported succesfully!
stops data imported succesfully!
stops data imported succesfully!
stops data imported succesfully!
stops data imported succesfully!
stops data imported succesfully!
stops data imported succesfully!
stops data imported succesfully!
stops data imported succesfully!
stops data imported succesfully!
stops data imported succesfully!
stops data imported succesfully!
stops data imported succesfully!
stops data imported succesfully!
stops data imported succesfully!
stops data imported succesfully!
stops data imported succesfully!
stops data imported succesfully!
stops data imported succesfully!
stops data imported succesfully!
stops data imported succesfully!
stops data imported succesfully!
stops data imported succesfully!
stops data imported succesfully!
stops data imported succesfully!
stops data imported succesfully!
stops data imported succesfully!
stops data imported succesfully!
stops data imported succesfully!
stops data imported succesfully!
stops data imported succesfully!
stops data imported succesfully!
stops data imported succesfully!
stops data imported succesfully!
stops data imported succesfully!
stops data imported succesfully!
stops data imported succesfully!
stops data imported succesfully!
stops data imported succesfully!
stops data imported succesfully!
stops data imported succesfully!
stops data imported succesfully!
stops data imported succesfully!
stops data imported succesfully!
stops data imported succesfully!
stops data imported succesfully!
stops data imported succesfully!
stops data imported succesfully!
stops data imported succesfully!
stops data imported succesfully!
stops data imported succesfully!
stops data imported succesfully!
stops data imported succesfully!
stops data imported succesfully!
stops data imported succesfully!
stops data imported succesfully!
stops data imported succesfully!
stops data imported succesfully!
stops data imported succesfully!
stops data imported succesfully!
stops data imported succesfully!
stops data imported succesfully!
stops data imported succesfully!
stops data imported succesfully!
stops data imported succesfully!
stops data imported succesfully!
stops data imported succesfully!
stops data imported succesfully!
stops data imported succesfully!
stops data imported succesfully!
stops data imported succesfully!
stops data imported succesfully!
stops data imported succesfully!
stops data imported succesfully!
stops data imported succesfully!
stops data imported succesfully!
stops data imported succesfully!
stops data imported succesfully!
stops data imported succesfully!
stops data imported succesfully!
stops data imported succesfully!
stops data imported succesfully!
stops data imported succesfully!
stops data imported succesfully!
stops data imported succesfully!
stops data imported succesfully!
stops data imported succesfully!
stops data imported succesfully!
stops data imported succesfully!
stops data imported succesfully!
stops data imported succesfully!
stops data imported succesfully!
stops data imported succesfully!
stops data imported succesfully!
stops data imported succesfully!
stops data imported succesfully!
stops data imported succesfully!
stops data imported succesfully!
stops data imported succesfully!
stops data imported succesfully!
stops data imported succesfully!
stops data imported succesfully!
stops data imported succesfully!
stops data imported succesfully!
stops data imported succesfully!
stops data imported succesfully!
stops data imported succesfully!
stops data imported succesfully!
stops data imported succesfully!
stops data imported succesfully!
stops data imported succesfully!
stops data imported succesfully!
stops data imported succesfully!
stops data imported succesfully!
stops data imported succesfully!
stops data imported succesfully!
stops data imported succesfully!
stops data imported succesfully!
stops data imported succesfully!
stops data imported succesfully!
stops data imported succesfully!
stops data imported succesfully!
stops data imported succesfully!
stops data imported succesfully!
stops data imported succesfully!
stops data imported succesfully!
stops data imported succesfully!
stops data imported succesfully!
stops data imported succesfully!
stops data imported succesfully!
stops data imported succesfully!
stops data imported succesfully!
stops data imported succesfully!
stops data imported succesfully!
stops data imported succesfully!
stops data imported succesfully!
stops data imported succesfully!
stops data imported succesfully!
stops data imported succesfully!
stops data imported succesfully!
stops data imported succesfully!
stops data imported succesfully!
stops data imported succesfully!
stops data imported succesfully!
stops data imported succesfully!
stops data imported succesfully!
stops data imported succesfully!
stops data imported succesfully!
stops data imported succesfully!
stops data imported succesfully!
stops data imported succesfully!
stops data imported succesfully!
stops data imported succesfully!
stops data imported succesfully!
stops data imported succesfully!
stops data imported succesfully!
stops data imported succesfully!
stops data imported succesfully!
stops data imported succesfully!
stops data imported succesfully!
stops data imported succesfully!
stops data imported succesfully!
stops data imported succesfully!
stops data imported succesfully!
stops data imported succesfully!
stops data imported succesfully!
stops data imported succesfully!
stops data imported succesfully!
stops data imported succesfully!
stops data imported succesfully!
stops data imported succesfully!
stops data imported succesfully!
stops data imported succesfully!
stops data imported succesfully!
stops data imported succesfully!
stops data imported succesfully!
stops data imported succesfully!
stops data imported succesfully!
stops data imported succesfully!
stops data imported succesfully!
stops data imported succesfully!
stops data imported succesfully!
stops data imported succesfully!
stops data imported succesfully!
stops data imported succesfully!
stops data imported succesfully!
stops data imported succesfully!
stops data imported succesfully!
stops data imported succesfully!
stops data imported succesfully!
stops data imported succesfully!
stops data imported succesfully!
stops data imported succesfully!
stops data imported succesfully!
stops data imported succesfully!
stops data imported succesfully!
stops data imported succesfully!
stops data imported succesfully!
stops data imported succesfully!
stops data imported succesfully!
stops data imported succesfully!
stops data imported succesfully!
stops data imported succesfully!
stops data imported succesfully!
stops data imported succesfully!
stops data imported succesfully!
stops data imported succesfully!
stops data imported succesfully!
stops data imported succesfully!
stops data imported succesfully!
stops data imported succesfully!
stops data imported succesfully!
stops data imported succesfully!
stops data imported succesfully!
stops data imported succesfully!
stops data imported succesfully!
stops data imported succesfully!
stops data imported succesfully!
stops data imported succesfully!
stops data imported succesfully!
stops data imported succesfully!
stops data imported succesfully!
stops data imported succesfully!
stops data imported succesfully!
stops data imported succesfully!
stops data imported succesfully!
stops data imported succesfully!
stops data imported succesfully!
stops data imported succesfully!
stops data imported succesfully!
stops data imported succesfully!
stops data imported succesfully!
stops data imported succesfully!
stops data imported succesfully!
stops data imported succesfully!
stops data imported succesfully!
stops data imported succesfully!
stops data imported succesfully!
stops data imported succesfully!
stops data imported succesfully!
stops data imported succesfully!
stops data imported succesfully!
stops data imported succesfully!
stops data imported succesfully!
stops data imported succesfully!
stops data imported succesfully!
stops data imported succesfully!
stops data imported succesfully!
stops data imported succesfully!
stops data imported succesfully!
stops data imported succesfully!
stops data imported succesfully!
stops data imported succesfully!
stops data imported succesfully!
stops data imported succesfully!
stops data imported succesfully!
stops data imported succesfully!
stops data imported succesfully!
stops data imported succesfully!
stops data imported succesfully!
stops data imported succesfully!
stops data imported succesfully!
stops data imported succesfully!
stops data imported succesfully!
stops data imported succesfully!
stops data imported succesfully!
stops data imported succesfully!
stops data imported succesfully!
stops data imported succesfully!
stops data imported succesfully!
stops data imported succesfully!
stops data imported succesfully!
stops data imported succesfully!
stops data imported succesfully!
stops data imported succesfully!
stops data imported succesfully!
stops data imported succesfully!
stops data imported succesfully!
stops data imported succesfully!
stops data imported succesfully!
stops data imported succesfully!
stops data imported succesfully!
stops data imported succesfully!
stops data imported succesfully!
stops data imported succesfully!
stops data imported succesfully!
stops data imported succesfully!
stops data imported succesfully!
stops data imported succesfully!
stops data imported succesfully!
stops data imported succesfully!
stops data imported succesfully!
stops data imported succesfully!
stops data imported succesfully!
stops data imported succesfully!
stops data imported succesfully!
stops data imported succesfully!
stops data imported succesfully!
stops data imported succesfully!
stops data imported succesfully!
stops data imported succesfully!
stops data imported succesfully!
stops data imported succesfully!
stops data imported succesfully!
stops data imported succesfully!
stops data imported succesfully!
stops data imported succesfully!
stops data imported succesfully!
stops data imported succesfully!
stops data imported succesfully!
stops data imported succesfully!
stops data imported succesfully!
stops data imported succesfully!
stops data imported succesfully!
stops data imported succesfully!
stops data imported succesfully!
stops data imported succesfully!
stops data imported succesfully!
stops data imported succesfully!
stops data imported succesfully!
stops data imported succesfully!
stops data imported succesfully!
stops data imported succesfully!
stops data imported succesfully!
stops data imported succesfully!
stops data imported succesfully!
stops data imported succesfully!
stops data imported succesfully!
stops data imported succesfully!
stops data imported succesfully!
stops data imported succesfully!
stops data imported succesfully!
stops data imported succesfully!
stops data imported succesfully!
stops data imported succesfully!
stops data imported succesfully!
stops data imported succesfully!
stops data imported succesfully!
stops data imported succesfully!
stops data imported succesfully!
stops data imported succesfully!
stops data imported succesfully!
stops data imported succesfully!
stops data imported succesfully!
stops data imported succesfully!
stops data imported succesfully!
stops data imported succesfully!
stops data imported succesfully!
stops data imported succesfully!
stops data imported succesfully!
stops data imported succesfully!
stops data imported succesfully!
stops data imported succesfully!
stops data imported succesfully!
stops data imported succesfully!
stops data imported succesfully!
stops data imported succesfully!
stops data imported succesfully!
stops data imported succesfully!
stops data imported succesfully!
stops data imported succesfully!
stops data imported succesfully!
stops data imported succesfully!
stops data imported succesfully!
stops data imported succesfully!
stops data imported succesfully!
stops data imported succesfully!
stops data imported succesfully!
stops data imported succesfully!
stops data imported succesfully!
stops data imported succesfully!
stops data imported succesfully!
stops data imported succesfully!
stops data imported succesfully!
stops data imported succesfully!
stops data imported succesfully!
stops data imported succesfully!
stops data imported succesfully!
stops data imported succesfully!
stops data imported succesfully!
stops data imported succesfully!
stops data imported succesfully!
stops data imported succesfully!
stops data imported succesfully!
stops data imported succesfully!
stops data imported succesfully!
stops data imported succesfully!
stops data imported succesfully!
stops data imported succesfully!
stops data imported succesfully!
stops data imported succesfully!
stops data imported succesfully!
stops data imported succesfully!
stops data imported succesfully!
stops data imported succesfully!
stops data imported succesfully!
stops data imported succesfully!
stops data imported succesfully!
stops data imported succesfully!
stops data imported succesfully!
stops data imported succesfully!
stops data imported succesfully!
stops data imported succesfully!
stops data imported succesfully!
stops data imported succesfully!
stops data imported succesfully!
stops data imported succesfully!
stops data imported succesfully!
stops data imported succesfully!
stops data imported succesfully!
stops data imported succesfully!
stops data imported succesfully!
stops data imported succesfully!
stops data imported succesfully!
stops data imported succesfully!
stops data imported succesfully!
stops data imported succesfully!
stops data imported succesfully!
stops data imported succesfully!
stops data imported succesfully!
stops data imported succesfully!
stops data imported succesfully!
stops data imported succesfully!
stops data imported succesfully!
stops data imported succesfully!
stops data imported succesfully!
stops data imported succesfully!
stops data imported succesfully!
stops data imported succesfully!
stops data imported succesfully!
stops data imported succesfully!
stops data imported succesfully!
stops data imported succesfully!
stops data imported succesfully!
stops data imported succesfully!
stops data imported succesfully!
stops data imported succesfully!
stops data imported succesfully!
stops data imported succesfully!
stops data imported succesfully!
stops data imported succesfully!
stops data imported succesfully!
stops data imported succesfully!
stops data imported succesfully!
stops data imported succesfully!
stops data imported succesfully!
stops data imported succesfully!
stops data imported succesfully!
stops data imported succesfully!
stops data imported succesfully!
stops data imported succesfully!
stops data imported succesfully!
stops data imported succesfully!
stops data imported succesfully!
stops data imported succesfully!
stops data imported succesfully!
stops data imported succesfully!
stops data imported succesfully!
stops data imported succesfully!
stops data imported succesfully!
stops data imported succesfully!
stops data imported succesfully!
stops data imported succesfully!
stops data imported succesfully!
stops data imported succesfully!
stops data imported succesfully!
stops data imported succesfully!
stops data imported succesfully!
stops data imported succesfully!
stops data imported succesfully!
stops data imported succesfully!
stops data imported succesfully!
stops data imported succesfully!
stops data imported succesfully!
stops data imported succesfully!
stops data imported succesfully!
stops data imported succesfully!
stops data imported succesfully!
stops data imported succesfully!
stops data imported succesfully!
stops data imported succesfully!
stops data imported succesfully!
stops data imported succesfully!
stops data imported succesfully!
stops data imported succesfully!
stops data imported succesfully!
stops data imported succesfully!
stops data imported succesfully!
stops data imported succesfully!
stops data imported succesfully!
stops data imported succesfully!
stops data imported succesfully!
stops data imported succesfully!
stops data imported succesfully!
stops data imported succesfully!
stops data imported succesfully!
stops data imported succesfully!
stops data imported succesfully!
stops data imported succesfully!
stops data imported succesfully!
stops data imported succesfully!
stops data imported succesfully!
stops data imported succesfully!
stops data imported succesfully!
stops data imported succesfully!
stops data imported succesfully!
stops data imported succesfully!
stops data imported succesfully!
stops data imported succesfully!
stops data imported succesfully!
stops data imported succesfully!
stops data imported succesfully!
stops data imported succesfully!
stops data imported succesfully!
stops data imported succesfully!
stops data imported succesfully!
stops data imported succesfully!
stops data imported succesfully!
stops data imported succesfully!
stops data imported succesfully!
stops data imported succesfully!
stops data imported succesfully!
stops data imported succesfully!
stops data imported succesfully!
stops data imported succesfully!
stops data imported succesfully!
stops data imported succesfully!
stops data imported succesfully!
stops data imported succesfully!
stops data imported succesfully!
stops data imported succesfully!
stops data imported succesfully!
stops data imported succesfully!
stops data imported succesfully!
stops data imported succesfully!
stops data imported succesfully!
stops data imported succesfully!
stops data imported succesfully!
stops data imported succesfully!
stops data imported succesfully!
stops data imported succesfully!
stops data imported succesfully!
stops data imported succesfully!
stops data imported succesfully!
stops data imported succesfully!
stops data imported succesfully!
stops data imported succesfully!
stops data imported succesfully!
stops data imported succesfully!
stops data imported succesfully!
stops data imported succesfully!
stops data imported succesfully!
stops data imported succesfully!
stops data imported succesfully!
stops data imported succesfully!
stops data imported succesfully!
stops data imported succesfully!
stops data imported succesfully!
stops data imported succesfully!
stops data imported succesfully!
stops data imported succesfully!
stops data imported succesfully!
stops data imported succesfully!
stops data imported succesfully!
stops data imported succesfully!
stops data imported succesfully!
stops data imported succesfully!
stops data imported succesfully!
stops data imported succesfully!
stops data imported succesfully!
stops data imported succesfully!
stops data imported succesfully!
stops data imported succesfully!
stops data imported succesfully!
stops data imported succesfully!
stops data imported succesfully!
stops data imported succesfully!
stops data imported succesfully!
stops data imported succesfully!
stops data imported succesfully!
stops data imported succesfully!
stops data imported succesfully!
stops data imported succesfully!
stops data imported succesfully!
stops data imported succesfully!
stops data imported succesfully!
stops data imported succesfully!
stops data imported succesfully!
stops data imported succesfully!
stops data imported succesfully!
stops data imported succesfully!
stops data imported succesfully!
stops data imported succesfully!
stops data imported succesfully!
stops data imported succesfully!
stops data imported succesfully!
stops data imported succesfully!
stops data imported succesfully!
stops data imported succesfully!
stops data imported succesfully!
stops data imported succesfully!
stops data imported succesfully!
stops data imported succesfully!
stops data imported succesfully!
stops data imported succesfully!
stops data imported succesfully!
stops data imported succesfully!
stops data imported succesfully!
stops data imported succesfully!
stops data imported succesfully!
stops data imported succesfully!
stops data imported succesfully!
stops data imported succesfully!
stops data imported succesfully!
stops data imported succesfully!
stops data imported succesfully!
stops data imported succesfully!
stops data imported succesfully!
stops data imported succesfully!
stops data imported succesfully!
stops data imported succesfully!
stops data imported succesfully!
stops data imported succesfully!
stops data imported succesfully!
stops data imported succesfully!
stops data imported succesfully!
stops data imported succesfully!
stops data imported succesfully!
stops data imported succesfully!
stops data imported succesfully!
stops data imported succesfully!
stops data imported succesfully!
stops data imported succesfully!
stops data imported succesfully!
stops data imported succesfully!
stops data imported succesfully!
stops data imported succesfully!
stops data imported succesfully!
stops data imported succesfully!
stops data imported succesfully!
stops data imported succesfully!
stops data imported succesfully!
stops data imported succesfully!
stops data imported succesfully!
stops data imported succesfully!
stops data imported succesfully!
stops data imported succesfully!
stops data imported succesfully!
stops data imported succesfully!
stops data imported succesfully!
stops data imported succesfully!
stops data imported succesfully!
stops data imported succesfully!
stops data imported succesfully!
stops data imported succesfully!
stops data imported succesfully!
stops data imported succesfully!
stops data imported succesfully!
stops data imported succesfully!
stops data imported succesfully!
stops data imported succesfully!
stops data imported succesfully!
stops data imported succesfully!
stops data imported succesfully!
stops data imported succesfully!
stops data imported succesfully!
stops data imported succesfully!
stops data imported succesfully!
stops data imported succesfully!
stops data imported succesfully!
stops data imported succesfully!
stops data imported succesfully!
stops data imported succesfully!
stops data imported succesfully!
stops data imported succesfully!
stops data imported succesfully!
stops data imported succesfully!
stops data imported succesfully!
stops data imported succesfully!
stops data imported succesfully!
stops data imported succesfully!
stops data imported succesfully!
stops data imported succesfully!
stops data imported succesfully!
stops data imported succesfully!
stops data imported succesfully!
stops data imported succesfully!
stops data imported succesfully!
stops data imported succesfully!
stops data imported succesfully!
stops data imported succesfully!
stops data imported succesfully!
stops data imported succesfully!
stops data imported succesfully!
stops data imported succesfully!
stops data imported succesfully!
stops data imported succesfully!
stops data imported succesfully!
stops data imported succesfully!
stops data imported succesfully!
stops data imported succesfully!
stops data imported succesfully!
stops data imported succesfully!
stops data imported succesfully!
stops data imported succesfully!
stops data imported succesfully!
stops data imported succesfully!
stops data imported succesfully!
stops data imported succesfully!
stops data imported succesfully!
stops data imported succesfully!
stops data imported succesfully!
stops data imported succesfully!
stops data imported succesfully!
stops data imported succesfully!
stops data imported succesfully!
stops data imported succesfully!
stops data imported succesfully!
stops data imported succesfully!
stops data imported succesfully!
stops data imported succesfully!
stops data imported succesfully!
stops data imported succesfully!
stops data imported succesfully!
stops data imported succesfully!
stops data imported succesfully!
stops data imported succesfully!
stops data imported succesfully!
stops data imported succesfully!
stops data imported succesfully!
stops data imported succesfully!
stops data imported succesfully!
stops data imported succesfully!
stops data imported succesfully!
stops data imported succesfully!
stops data imported succesfully!
stops data imported succesfully!
stops data imported succesfully!
stops data imported succesfully!
stops data imported succesfully!
stops data imported succesfully!
stops data imported succesfully!
stops data imported succesfully!
stops data imported succesfully!
stops data imported succesfully!
stops data imported succesfully!
stops data imported succesfully!
stops data imported succesfully!
stops data imported succesfully!
stops data imported succesfully!
stops data imported succesfully!
stops data imported succesfully!
stops data imported succesfully!
stops data imported succesfully!
stops data imported succesfully!
stops data imported succesfully!
stops data imported succesfully!
stops data imported succesfully!
stops data imported succesfully!
stops data imported succesfully!
stops data imported succesfully!
stops data imported succesfully!
stops data imported succesfully!
stops data imported succesfully!
stops data imported succesfully!
stops data imported succesfully!
stops data imported succesfully!
stops data imported succesfully!
stops data imported succesfully!
stops data imported succesfully!
stops data imported succesfully!
stops data imported succesfully!
stops data imported succesfully!
stops data imported succesfully!
stops data imported succesfully!
stops data imported succesfully!
stops data imported succesfully!
stops data imported succesfully!
stops data imported succesfully!
stops data imported succesfully!
stops data imported succesfully!
stops data imported succesfully!
stops data imported succesfully!
stops data imported succesfully!
stops data imported succesfully!
stops data imported succesfully!
stops data imported succesfully!
stops data imported succesfully!
stops data imported succesfully!
stops data imported succesfully!
stops data imported succesfully!
stops data imported succesfully!
stops data imported succesfully!
stops data imported succesfully!
stops data imported succesfully!
stops data imported succesfully!
stops data imported succesfully!
stops data imported succesfully!
stops data imported succesfully!
stops data imported succesfully!
stops data imported succesfully!
stops data imported succesfully!
stops data imported succesfully!
stops data imported succesfully!
stops data imported succesfully!
stops data imported succesfully!
stops data imported succesfully!
stops data imported succesfully!
stops data imported succesfully!
stops data imported succesfully!
stops data imported succesfully!
stops data imported succesfully!
stops data imported succesfully!
stops data imported succesfully!
stops data imported succesfully!
stops data imported succesfully!
stops data imported succesfully!
stops data imported succesfully!
stops data imported succesfully!
stops data imported succesfully!
stops data imported succesfully!
stops data imported succesfully!
stops data imported succesfully!
stops data imported succesfully!
stops data imported succesfully!
stops data imported succesfully!
stops data imported succesfully!
stops data imported succesfully!
stops data imported succesfully!
stops data imported succesfully!
stops data imported succesfully!
stops data imported succesfully!
stops data imported succesfully!
stops data imported succesfully!
stops data imported succesfully!
stops data imported succesfully!
stops data imported succesfully!
stops data imported succesfully!
stops data imported succesfully!
stops data imported succesfully!
stops data imported succesfully!
stops data imported succesfully!
stops data imported succesfully!
stops data imported succesfully!
stops data imported succesfully!
stops data imported succesfully!
stops data imported succesfully!
stops data imported succesfully!
stops data imported succesfully!
stops data imported succesfully!
stops data imported succesfully!
stops data imported succesfully!
stops data imported succesfully!
stops data imported succesfully!
stops data imported succesfully!
stops data imported succesfully!
stops data imported succesfully!
stops data imported succesfully!
stops data imported succesfully!
stops data imported succesfully!
stops data imported succesfully!
stops data imported succesfully!
stops data imported succesfully!
stops data imported succesfully!
stops data imported succesfully!
stops data imported succesfully!
stops data imported succesfully!
stops data imported succesfully!
stops data imported succesfully!
stops data imported succesfully!
stops data imported succesfully!
stops data imported succesfully!
stops data imported succesfully!
stops data imported succesfully!
stops data imported succesfully!
stops data imported succesfully!
stops data imported succesfully!
stops data imported succesfully!
stops data imported succesfully!
stops data imported succesfully!
stops data imported succesfully!
stops data imported succesfully!
stops data imported succesfully!
stops data imported succesfully!
stops data imported succesfully!
stops data imported succesfully!
stops data imported succesfully!
stops data imported succesfully!
stops data imported succesfully!
stops data imported succesfully!
stops data imported succesfully!
stops data imported succesfully!
stops data imported succesfully!
stops data imported succesfully!
stops data imported succesfully!
stops data imported succesfully!
stops data imported succesfully!
stops data imported succesfully!
stops data imported succesfully!
stops data imported succesfully!
stops data imported succesfully!
stops data imported succesfully!
stops data imported succesfully!
stops data imported succesfully!
stops data imported succesfully!
stops data imported succesfully!
stops data imported succesfully!
stops data imported succesfully!
stops data imported succesfully!
stops data imported succesfully!
stops data imported succesfully!
stops data imported succesfully!
stops data imported succesfully!
stops data imported succesfully!
stops data imported succesfully!
stops data imported succesfully!
stops data imported succesfully!
stops data imported succesfully!
stops data imported succesfully!
stops data imported succesfully!
stops data imported succesfully!
stops data imported succesfully!
stops data imported succesfully!
stops data imported succesfully!
stops data imported succesfully!
stops data imported succesfully!
stops data imported succesfully!
stops data imported succesfully!
stops data imported succesfully!
stops data imported succesfully!
stops data imported succesfully!
stops data imported succesfully!
stops data imported succesfully!
stops data imported succesfully!
stops data imported succesfully!
stops data imported succesfully!
stops data imported succesfully!
stops data imported succesfully!
stops data imported succesfully!
stops data imported succesfully!
stops data imported succesfully!
stops data imported succesfully!
stops data imported succesfully!
stops data imported succesfully!
stops data imported succesfully!
stops data imported succesfully!
stops data imported succesfully!
stops data imported succesfully!
stops data imported succesfully!
stops data imported succesfully!
stops data imported succesfully!
stops data imported succesfully!
stops data imported succesfully!
stops data imported succesfully!
stops data imported succesfully!
stops data imported succesfully!
stops data imported succesfully!
stops data imported succesfully!
stops data imported succesfully!
stops data imported succesfully!
stops data imported succesfully!
stops data imported succesfully!
stops data imported succesfully!
stops data imported succesfully!
stops data imported succesfully!
stops data imported succesfully!
stops data imported succesfully!
stops data imported succesfully!
stops data imported succesfully!
stops data imported succesfully!
stops data imported succesfully!
stops data imported succesfully!
stops data imported succesfully!
stops data imported succesfully!
stops data imported succesfully!
stops data imported succesfully!
stops data imported succesfully!
stops data imported succesfully!
stops data imported succesfully!
stops data imported succesfully!
stops data imported succesfully!
stops data imported succesfully!
stops data imported succesfully!
stops data imported succesfully!
stops data imported succesfully!
stops data imported succesfully!
stops data imported succesfully!
stops data imported succesfully!
stops data imported succesfully!
stops data imported succesfully!
stops data imported succesfully!
stops data imported succesfully!
stops data imported succesfully!
stops data imported succesfully!
stops data imported succesfully!
stops data imported succesfully!
stops data imported succesfully!
stops data imported succesfully!
stops data imported succesfully!
stops data imported succesfully!
stops data imported succesfully!
stops data imported succesfully!
stops data imported succesfully!
stops data imported succesfully!
stops data imported succesfully!
stops data imported succesfully!
stops data imported succesfully!
stops data imported succesfully!
stops data imported succesfully!
stops data imported succesfully!
stops data imported succesfully!
stops data imported succesfully!
stops data imported succesfully!
stops data imported succesfully!
stops data imported succesfully!
stops data imported succesfully!
stops data imported succesfully!
stops data imported succesfully!
stops data imported succesfully!
stops data imported succesfully!
stops data imported succesfully!
stops data imported succesfully!
stops data imported succesfully!
stops data imported succesfully!
stops data imported succesfully!
stops data imported succesfully!
stops data imported succesfully!
stops data imported succesfully!
stops data imported succesfully!
stops data imported succesfully!
stops data imported succesfully!
stops data imported succesfully!
stops data imported succesfully!
stops data imported succesfully!
stops data imported succesfully!
stops data imported succesfully!
stops data imported succesfully!
stops data imported succesfully!
stops data imported succesfully!
stops data imported succesfully!
stops data imported succesfully!
stops data imported succesfully!
stops data imported succesfully!
stops data imported succesfully!
stops data imported succesfully!
stops data imported succesfully!
stops data imported succesfully!
stops data imported succesfully!
stops data imported succesfully!
stops data imported succesfully!
stops data imported succesfully!
stops data imported succesfully!
stops data imported succesfully!
stops data imported succesfully!
stops data imported succesfully!
stops data imported succesfully!
stops data imported succesfully!
stops data imported succesfully!
stops data imported succesfully!
stops data imported succesfully!
stops data imported succesfully!
stops data imported succesfully!
stops data imported succesfully!
stops data imported succesfully!
stops data imported succesfully!
stops data imported succesfully!
stops data imported succesfully!
stops data imported succesfully!
stops data imported succesfully!
stops data imported succesfully!
stops data imported succesfully!
stops data imported succesfully!
stops data imported succesfully!
stops data imported succesfully!
stops data imported succesfully!
stops data imported succesfully!
stops data imported succesfully!
stops data imported succesfully!
stops data imported succesfully!
stops data imported succesfully!
stops data imported succesfully!
stops data imported succesfully!
stops data imported succesfully!
stops data imported succesfully!
stops data imported succesfully!
stops data imported succesfully!
stops data imported succesfully!
stops data imported succesfully!
stops data imported succesfully!
stops data imported succesfully!
stops data imported succesfully!
stops data imported succesfully!
stops data imported succesfully!
stops data imported succesfully!
stops data imported succesfully!
stops data imported succesfully!
stops data imported succesfully!
stops data imported succesfully!
stops data imported succesfully!
stops data imported succesfully!
stops data imported succesfully!
stops data imported succesfully!
stops data imported succesfully!
stops data imported succesfully!
stops data imported succesfully!
stops data imported succesfully!
stops data imported succesfully!
stops data imported succesfully!
stops data imported succesfully!
stops data imported succesfully!
stops data imported succesfully!
stops data imported succesfully!
stops data imported succesfully!
stops data imported succesfully!
stops data imported succesfully!
stops data imported succesfully!
stops data imported succesfully!
stops data imported succesfully!
stops data imported succesfully!
stops data imported succesfully!
stops data imported succesfully!
stops data imported succesfully!
stops data imported succesfully!
stops data imported succesfully!
stops data imported succesfully!
stops data imported succesfully!
stops data imported succesfully!
stops data imported succesfully!
stops data imported succesfully!
stops data imported succesfully!
stops data imported succesfully!
stops data imported succesfully!
stops data imported succesfully!
stops data imported succesfully!
stops data imported succesfully!
stops data imported succesfully!
stops data imported succesfully!
stops data imported succesfully!
stops data imported succesfully!
stops data imported succesfully!
stops data imported succesfully!
stops data imported succesfully!
stops data imported succesfully!
stops data imported succesfully!
stops data imported succesfully!
stops data imported succesfully!
stops data imported succesfully!
stops data imported succesfully!
stops data imported succesfully!
stops data imported succesfully!
stops data imported succesfully!
stops data imported succesfully!
stops data imported succesfully!
stops data imported succesfully!
stops data imported succesfully!
stops data imported succesfully!
stops data imported succesfully!
stops data imported succesfully!
stops data imported succesfully!
stops data imported succesfully!
stops data imported succesfully!
stops data imported succesfully!
stops data imported succesfully!
stops data imported succesfully!
stops data imported succesfully!
stops data imported succesfully!
stops data imported succesfully!
stops data imported succesfully!
stops data imported succesfully!
stops data imported succesfully!
stops data imported succesfully!
stops data imported succesfully!
stops data imported succesfully!
stops data imported succesfully!
stops data imported succesfully!
stops data imported succesfully!
stops data imported succesfully!
stops data imported succesfully!
stops data imported succesfully!
stops data imported succesfully!
stops data imported succesfully!
stops data imported succesfully!
stops data imported succesfully!
stops data imported succesfully!
stops data imported succesfully!
stops data imported succesfully!
stops data imported succesfully!
stops data imported succesfully!
stops data imported succesfully!
stops data imported succesfully!
stops data imported succesfully!
stops data imported succesfully!
stops data imported succesfully!
stops data imported succesfully!
stops data imported succesfully!
stops data imported succesfully!
stops data imported succesfully!
stops data imported succesfully!
stops data imported succesfully!
stops data imported succesfully!
stops data imported succesfully!
stops data imported succesfully!
stops data imported succesfully!
stops data imported succesfully!
stops data imported succesfully!
stops data imported succesfully!
stops data imported succesfully!
stops data imported succesfully!
stops data imported succesfully!
stops data imported succesfully!
stops data imported succesfully!
stops data imported succesfully!
stops data imported succesfully!
stops data imported succesfully!
stops data imported succesfully!
stops data imported succesfully!
stops data imported succesfully!
stops data imported succesfully!
stops data imported succesfully!
stops data imported succesfully!
stops data imported succesfully!
stops data imported succesfully!
stops data imported succesfully!
stops data imported succesfully!
stops data imported succesfully!
stops data imported succesfully!
stops data imported succesfully!
stops data imported succesfully!
stops data imported succesfully!
stops data imported succesfully!
stops data imported succesfully!
stops data imported succesfully!
stops data imported succesfully!
stops data imported succesfully!
stops data imported succesfully!
stops data imported succesfully!
stops data imported succesfully!
stops data imported succesfully!
stops data imported succesfully!
stops data imported succesfully!
stops data imported succesfully!
stops data imported succesfully!
stops data imported succesfully!
stops data imported succesfully!
stops data imported succesfully!
stops data imported succesfully!
stops data imported succesfully!
stops data imported succesfully!
stops data imported succesfully!
stops data imported succesfully!
stops data imported succesfully!
stops data imported succesfully!
stops data imported succesfully!
stops data imported succesfully!
stops data imported succesfully!
stops data imported succesfully!
stops data imported succesfully!
stops data imported succesfully!
stops data imported succesfully!
stops data imported succesfully!
stops data imported succesfully!
stops data imported succesfully!
stops data imported succesfully!
stops data imported succesfully!
stops data imported succesfully!
stops data imported succesfully!
stops data imported succesfully!
stops data imported succesfully!
stops data imported succesfully!
stops data imported succesfully!
stops data imported succesfully!
stops data imported succesfully!
stops data imported succesfully!
stops data imported succesfully!
stops data imported succesfully!
stops data imported succesfully!
stops data imported succesfully!
stops data imported succesfully!
stops data imported succesfully!
stops data imported succesfully!
stops data imported succesfully!
stops data imported succesfully!
stops data imported succesfully!
stops data imported succesfully!
stops data imported succesfully!
stops data imported succesfully!
stops data imported succesfully!
stops data imported succesfully!
stops data imported succesfully!
stops data imported succesfully!
stops data imported succesfully!
stops data imported succesfully!
stops data imported succesfully!
stops data imported succesfully!
stops data imported succesfully!
stops data imported succesfully!
stops data imported succesfully!
stops data imported succesfully!
stops data imported succesfully!
stops data imported succesfully!
stops data imported succesfully!
stops data imported succesfully!
stops data imported succesfully!
stops data imported succesfully!
stops data imported succesfully!
stops data imported succesfully!
stops data imported succesfully!
stops data imported succesfully!
stops data imported succesfully!
stops data imported succesfully!
stops data imported succesfully!
stops data imported succesfully!
stops data imported succesfully!
stops data imported succesfully!
stops data imported succesfully!
stops data imported succesfully!
stops data imported succesfully!
stops data imported succesfully!
stops data imported succesfully!
stops data imported succesfully!
stops data imported succesfully!
stops data imported succesfully!
stops data imported succesfully!
stops data imported succesfully!
stops data imported succesfully!
stops data imported succesfully!
stops data imported succesfully!
stops data imported succesfully!
stops data imported succesfully!
stops data imported succesfully!
stops data imported succesfully!
stops data imported succesfully!
stops data imported succesfully!
stops data imported succesfully!
stops data imported succesfully!
stops data imported succesfully!
stops data imported succesfully!
stops data imported succesfully!
stops data imported succesfully!
stops data imported succesfully!
stops data imported succesfully!
stops data imported succesfully!
stops data imported succesfully!
stops data imported succesfully!
stops data imported succesfully!
stops data imported succesfully!
stops data imported succesfully!
stops data imported succesfully!
stops data imported succesfully!
stops data imported succesfully!
stops data imported succesfully!
stops data imported succesfully!
stops data imported succesfully!
stops data imported succesfully!
stops data imported succesfully!
stops data imported succesfully!
stops data imported succesfully!
stops data imported succesfully!
stops data imported succesfully!
stops data imported succesfully!
stops data imported succesfully!
stops data imported succesfully!
stops data imported succesfully!
stops data imported succesfully!
stops data imported succesfully!
stops data imported succesfully!
stops data imported succesfully!
stops data imported succesfully!
stops data imported succesfully!
stops data imported succesfully!
stops data imported succesfully!
stops data imported succesfully!
stops data imported succesfully!
stops data imported succesfully!
stops data imported succesfully!
stops data imported succesfully!
stops data imported succesfully!
stops data imported succesfully!
stops data imported succesfully!
stops data imported succesfully!
stops data imported succesfully!
stops data imported succesfully!
stops data imported succesfully!
stops data imported succesfully!
stops data imported succesfully!
stops data imported succesfully!
stops data imported succesfully!
stops data imported succesfully!
stops data imported succesfully!
stops data imported succesfully!
stops data imported succesfully!
stops data imported succesfully!
stops data imported succesfully!
stops data imported succesfully!
stops data imported succesfully!
stops data imported succesfully!
stops data imported succesfully!
stops data imported succesfully!
stops data imported succesfully!
stops data imported succesfully!
stops data imported succesfully!
stops data imported succesfully!
stops data imported succesfully!
stops data imported succesfully!
stops data imported succesfully!
stops data imported succesfully!
stops data imported succesfully!
stops data imported succesfully!
stops data imported succesfully!
stops data imported succesfully!
stops data imported succesfully!
stops data imported succesfully!
stops data imported succesfully!
stops data imported succesfully!
stops data imported succesfully!
stops data imported succesfully!
stops data imported succesfully!
stops data imported succesfully!
stops data imported succesfully!
stops data imported succesfully!
stops data imported succesfully!
stops data imported succesfully!
stops data imported succesfully!
stops data imported succesfully!
stops data imported succesfully!
stops data imported succesfully!
stops data imported succesfully!
stops data imported succesfully!
stops data imported succesfully!
stops data imported succesfully!
stops data imported succesfully!
stops data imported succesfully!
stops data imported succesfully!
stops data imported succesfully!
stops data imported succesfully!
stops data imported succesfully!
stops data imported succesfully!
stops data imported succesfully!
stops data imported succesfully!
stops data imported succesfully!
stops data imported succesfully!
stops data imported succesfully!
stops data imported succesfully!
stops data imported succesfully!
stops data imported succesfully!
stops data imported succesfully!
stops data imported succesfully!
stops data imported succesfully!
stops data imported succesfully!
stops data imported succesfully!
stops data imported succesfully!
stops data imported succesfully!
stops data imported succesfully!
stops data imported succesfully!
stops data imported succesfully!
stops data imported succesfully!
stops data imported succesfully!
stops data imported succesfully!
stops data imported succesfully!
stops data imported succesfully!
stops data imported succesfully!
stops data imported succesfully!
stops data imported succesfully!
stops data imported succesfully!
stops data imported succesfully!
stops data imported succesfully!
stops data imported succesfully!
stops data imported succesfully!
stops data imported succesfully!
stops data imported succesfully!
stops data imported succesfully!
stops data imported succesfully!
stops data imported succesfully!
stops data imported succesfully!
stops data imported succesfully!
stops data imported succesfully!
stops data imported succesfully!
stops data imported succesfully!
stops data imported succesfully!
stops data imported succesfully!
stops data imported succesfully!
stops data imported succesfully!
stops data imported succesfully!
stops data imported succesfully!
stops data imported succesfully!
stops data imported succesfully!
stops data imported succesfully!
stops data imported succesfully!
stops data imported succesfully!
stops data imported succesfully!
stops data imported succesfully!
stops data imported succesfully!
stops data imported succesfully!
stops data imported succesfully!
stops data imported succesfully!
stops data imported succesfully!
stops data imported succesfully!
stops data imported succesfully!
stops data imported succesfully!
stops data imported succesfully!
stops data imported succesfully!
stops data imported succesfully!
stops data imported succesfully!
stops data imported succesfully!
stops data imported succesfully!
stops data imported succesfully!
stops data imported succesfully!
stops data imported succesfully!
stops data imported succesfully!
stops data imported succesfully!
stops data imported succesfully!
stops data imported succesfully!
stops data imported succesfully!
stops data imported succesfully!
stops data imported succesfully!
stops data imported succesfully!
stops data imported succesfully!
stops data imported succesfully!
stops data imported succesfully!
stops data imported succesfully!
stops data imported succesfully!
stops data imported succesfully!
stops data imported succesfully!
stops data imported succesfully!
stops data imported succesfully!
stops data imported succesfully!
stops data imported succesfully!
stops data imported succesfully!
stops data imported succesfully!
stops data imported succesfully!
stops data imported succesfully!
stops data imported succesfully!
stops data imported succesfully!
stops data imported succesfully!
stops data imported succesfully!
stops data imported succesfully!
stops data imported succesfully!
stops data imported succesfully!
stops data imported succesfully!
stops data imported succesfully!
stops data imported succesfully!
stops data imported succesfully!
stops data imported succesfully!
stops data imported succesfully!
stops data imported succesfully!
stops data imported succesfully!
stops data imported succesfully!
stops data imported succesfully!
stops data imported succesfully!
stops data imported succesfully!
stops data imported succesfully!
stops data imported succesfully!
stops data imported succesfully!
stops data imported succesfully!
stops data imported succesfully!
stops data imported succesfully!
stops data imported succesfully!
stops data imported succesfully!
stops data imported succesfully!
stops data imported succesfully!
stops data imported succesfully!
stops data imported succesfully!
stops data imported succesfully!
stops data imported succesfully!
stops data imported succesfully!
stops data imported succesfully!
stops data imported succesfully!
stops data imported succesfully!
stops data imported succesfully!
stops data imported succesfully!
stops data imported succesfully!
stops data imported succesfully!
stops data imported succesfully!
stops data imported succesfully!
stops data imported succesfully!
stops data imported succesfully!
stops data imported succesfully!
stops data imported succesfully!
stops data imported succesfully!
stops data imported succesfully!
stops data imported succesfully!
stops data imported succesfully!
stops data imported succesfully!
stops data imported succesfully!
stops data imported succesfully!
stops data imported succesfully!
stops data imported succesfully!
stops data imported succesfully!
stops data imported succesfully!
stops data imported succesfully!
stops data imported succesfully!
stops data imported succesfully!
stops data imported succesfully!
stops data imported succesfully!
stops data imported succesfully!
stops data imported succesfully!
stops data imported succesfully!
stops data imported succesfully!
stops data imported succesfully!
stops data imported succesfully!
stops data imported succesfully!
stops data imported succesfully!
stops data imported succesfully!
stops data imported succesfully!
stops data imported succesfully!
stops data imported succesfully!
stops data imported succesfully!
stops data imported succesfully!
stops data imported succesfully!
stops data imported succesfully!
stops data imported succesfully!
stops data imported succesfully!
stops data imported succesfully!
stops data imported succesfully!
stops data imported succesfully!
stops data imported succesfully!
stops data imported succesfully!
stops data imported succesfully!
stops data imported succesfully!
stops data imported succesfully!
stops data imported succesfully!
stops data imported succesfully!
stops data imported succesfully!
stops data imported succesfully!
stops data imported succesfully!
stops data imported succesfully!
stops data imported succesfully!
stops data imported succesfully!
stops data imported succesfully!
stops data imported succesfully!
stops data imported succesfully!
stops data imported succesfully!
stops data imported succesfully!
stops data imported succesfully!
stops data imported succesfully!
stops data imported succesfully!
stops data imported succesfully!
stops data imported succesfully!
stops data imported succesfully!
stops data imported succesfully!
stops data imported succesfully!
stops data imported succesfully!
stops data imported succesfully!
stops data imported succesfully!
stops data imported succesfully!
stops data imported succesfully!
stops data imported succesfully!
stops data imported succesfully!
stops data imported succesfully!
stops data imported succesfully!
stops data imported succesfully!
stops data imported succesfully!
stops data imported succesfully!
stops data imported succesfully!
stops data imported succesfully!
stops data imported succesfully!
stops data imported succesfully!
stops data imported succesfully!
stops data imported succesfully!
stops data imported succesfully!
stops data imported succesfully!
stops data imported succesfully!
stops data imported succesfully!
stops data imported succesfully!
stops data imported succesfully!
stops data imported succesfully!
stops data imported succesfully!
stops data imported succesfully!
stops data imported succesfully!
stops data imported succesfully!
stops data imported succesfully!
stops data imported succesfully!
stops data imported succesfully!
stops data imported succesfully!
stops data imported succesfully!
stops data imported succesfully!
stops data imported succesfully!
stops data imported succesfully!
stops data imported succesfully!
stops data imported succesfully!
stops data imported succesfully!
stops data imported succesfully!
stops data imported succesfully!
stops data imported succesfully!
stops data imported succesfully!
stops data imported succesfully!
stops data imported succesfully!
stops data imported succesfully!
stops data imported succesfully!
stops data imported succesfully!
stops data imported succesfully!
stops data imported succesfully!
stops data imported succesfully!
stops data imported succesfully!
stops data imported succesfully!
stops data imported succesfully!
stops data imported succesfully!
stops data imported succesfully!
stops data imported succesfully!
stops data imported succesfully!
stops data imported succesfully!
stops data imported succesfully!
stops data imported succesfully!
stops data imported succesfully!
stops data imported succesfully!
stops data imported succesfully!
stops data imported succesfully!
stops data imported succesfully!
stops data imported succesfully!
stops data imported succesfully!
stops data imported succesfully!
stops data imported succesfully!
stops data imported succesfully!
stops data imported succesfully!
stops data imported succesfully!
stops data imported succesfully!
stops data imported succesfully!
stops data imported succesfully!
stops data imported succesfully!
stops data imported succesfully!
stops data imported succesfully!
stops data imported succesfully!
stops data imported succesfully!
stops data imported succesfully!
stops data imported succesfully!
stops data imported succesfully!
stops data imported succesfully!
stops data imported succesfully!
stops data imported succesfully!
stops data imported succesfully!
stops data imported succesfully!
stops data imported succesfully!
stops data imported succesfully!
stops data imported succesfully!
stops data imported succesfully!
stops data imported succesfully!
stops data imported succesfully!
stops data imported succesfully!
stops data imported succesfully!
stops data imported succesfully!
stops data imported succesfully!
stops data imported succesfully!
stops data imported succesfully!
stops data imported succesfully!
stops data imported succesfully!
stops data imported succesfully!
stops data imported succesfully!
stops data imported succesfully!
stops data imported succesfully!
stops data imported succesfully!
stops data imported succesfully!
stops data imported succesfully!
stops data imported succesfully!
stops data imported succesfully!
stops data imported succesfully!
stops data imported succesfully!
stops data imported succesfully!
stops data imported succesfully!
stops data imported succesfully!
stops data imported succesfully!
stops data imported succesfully!
stops data imported succesfully!
stops data imported succesfully!
stops data imported succesfully!
stops data imported succesfully!
stops data imported succesfully!
stops data imported succesfully!
stops data imported succesfully!
stops data imported succesfully!
stops data imported succesfully!
stops data imported succesfully!
stops data imported succesfully!
stops data imported succesfully!
stops data imported succesfully!
stops data imported succesfully!
stops data imported succesfully!
stops data imported succesfully!
stops data imported succesfully!
stops data imported succesfully!
stops data imported succesfully!
stops data imported succesfully!
stops data imported succesfully!
stops data imported succesfully!
stops data imported succesfully!
stops data imported succesfully!
stops data imported succesfully!
stops data imported succesfully!
stops data imported succesfully!
stops data imported succesfully!
stops data imported succesfully!
stops data imported succesfully!
stops data imported succesfully!
stops data imported succesfully!
stops data imported succesfully!
stops data imported succesfully!
stops data imported succesfully!
stops data imported succesfully!
stops data imported succesfully!
stops data imported succesfully!
stops data imported succesfully!
stops data imported succesfully!
stops data imported succesfully!
stops data imported succesfully!
stops data imported succesfully!
stops data imported succesfully!
stops data imported succesfully!
stops data imported succesfully!
stops data imported succesfully!
stops data imported succesfully!
stops data imported succesfully!
stops data imported succesfully!
stops data imported succesfully!
stops data imported succesfully!
stops data imported succesfully!
stops data imported succesfully!
stops data imported succesfully!
stops data imported succesfully!
stops data imported succesfully!
stops data imported succesfully!
stops data imported succesfully!
stops data imported succesfully!
stops data imported succesfully!
stops data imported succesfully!
stops data imported succesfully!
stops data imported succesfully!
stops data imported succesfully!
stops data imported succesfully!
stops data imported succesfully!
stops data imported succesfully!
stops data imported succesfully!
stops data imported succesfully!
stops data imported succesfully!
stops data imported succesfully!
stops data imported succesfully!
stops data imported succesfully!
stops data imported succesfully!
stops data imported succesfully!
stops data imported succesfully!
stops data imported succesfully!
stops data imported succesfully!
stops data imported succesfully!
stops data imported succesfully!
stops data imported succesfully!
stops data imported succesfully!
stops data imported succesfully!
stops data imported succesfully!
stops data imported succesfully!
stops data imported succesfully!
stops data imported succesfully!
stops data imported succesfully!
stops data imported succesfully!
stops data imported succesfully!
stops data imported succesfully!
stops data imported succesfully!
stops data imported succesfully!
stops data imported succesfully!
stops data imported succesfully!
stops data imported succesfully!
stops data imported succesfully!
stops data imported succesfully!
stops data imported succesfully!
stops data imported succesfully!
stops data imported succesfully!
stops data imported succesfully!
stops data imported succesfully!
stops data imported succesfully!
stops data imported succesfully!
stops data imported succesfully!
stops data imported succesfully!
stops data imported succesfully!
stops data imported succesfully!
stops data imported succesfully!
stops data imported succesfully!
stops data imported succesfully!
stops data imported succesfully!
stops data imported succesfully!
stops data imported succesfully!
stops data imported succesfully!
stops data imported succesfully!
stops data imported succesfully!
stops data imported succesfully!
stops data imported succesfully!
stops data imported succesfully!
stops data imported succesfully!
stops data imported succesfully!
stops data imported succesfully!
stops data imported succesfully!
stops data imported succesfully!
stops data imported succesfully!
stops data imported succesfully!
stops data imported succesfully!
stops data imported succesfully!
stops data imported succesfully!
stops data imported succesfully!
stops data imported succesfully!
stops data imported succesfully!
stops data imported succesfully!
stops data imported succesfully!
stops data imported succesfully!
stops data imported succesfully!
stops data imported succesfully!
stops data imported succesfully!
stops data imported succesfully!
stops data imported succesfully!
stops data imported succesfully!
stops data imported succesfully!
stops data imported succesfully!
stops data imported succesfully!
stops data imported succesfully!
stops data imported succesfully!
stops data imported succesfully!
stops data imported succesfully!
stops data imported succesfully!
stops data imported succesfully!
stops data imported succesfully!
stops data imported succesfully!
stops data imported succesfully!
stops data imported succesfully!
stops data imported succesfully!
stops data imported succesfully!
stops data imported succesfully!
stops data imported succesfully!
stops data imported succesfully!
stops data imported succesfully!
stops data imported succesfully!
stops data imported succesfully!
stops data imported succesfully!
stops data imported succesfully!
stops data imported succesfully!
stops data imported succesfully!
stops data imported succesfully!
stops data imported succesfully!
stops data imported succesfully!
stops data imported succesfully!
stops data imported succesfully!
stops data imported succesfully!
stops data imported succesfully!
stops data imported succesfully!
stops data imported succesfully!
stops data imported succesfully!
stops data imported succesfully!
stops data imported succesfully!
stops data imported succesfully!
stops data imported succesfully!
stops data imported succesfully!
stops data imported succesfully!
stops data imported succesfully!
stops data imported succesfully!
stops data imported succesfully!
stops data imported succesfully!
stops data imported succesfully!
stops data imported succesfully!
stops data imported succesfully!
stops data imported succesfully!
stops data imported succesfully!
stops data imported succesfully!
stops data imported succesfully!
stops data imported succesfully!
stops data imported succesfully!
stops data imported succesfully!
stops data imported succesfully!
stops data imported succesfully!
stops data imported succesfully!
stops data imported succesfully!
stops data imported succesfully!
stops data imported succesfully!
stops data imported succesfully!
stops data imported succesfully!
stops data imported succesfully!
stops data imported succesfully!
stops data imported succesfully!
stops data imported succesfully!
stops data imported succesfully!
stops data imported succesfully!
stops data imported succesfully!
stops data imported succesfully!
stops data imported succesfully!
stops data imported succesfully!
stops data imported succesfully!
stops data imported succesfully!
stops data imported succesfully!
stops data imported succesfully!
stops data imported succesfully!
stops data imported succesfully!
stops data imported succesfully!
stops data imported succesfully!
stops data imported succesfully!
stops data imported succesfully!
stops data imported succesfully!
stops data imported succesfully!
stops data imported succesfully!
stops data imported succesfully!
stops data imported succesfully!
stops data imported succesfully!
stops data imported succesfully!
stops data imported succesfully!
stops data imported succesfully!
stops data imported succesfully!
stops data imported succesfully!
stops data imported succesfully!
stops data imported succesfully!
stops data imported succesfully!
stops data imported succesfully!
stops data imported succesfully!
stops data imported succesfully!
stops data imported succesfully!
stops data imported succesfully!
stops data imported succesfully!
stops data imported succesfully!
stops data imported succesfully!
stops data imported succesfully!
stops data imported succesfully!
stops data imported succesfully!
stops data imported succesfully!
stops data imported succesfully!
stops data imported succesfully!
stops data imported succesfully!
stops data imported succesfully!
stops data imported succesfully!
stops data imported succesfully!
stops data imported succesfully!
stops data imported succesfully!
stops data imported succesfully!
stops data imported succesfully!
stops data imported succesfully!
stops data imported succesfully!
stops data imported succesfully!
stops data imported succesfully!
stops data imported succesfully!
stops data imported succesfully!
stops data imported succesfully!
stops data imported succesfully!
stops data imported succesfully!
stops data imported succesfully!
stops data imported succesfully!
stops data imported succesfully!
stops data imported succesfully!
stops data imported succesfully!
stops data imported succesfully!
stops data imported succesfully!
stops data imported succesfully!
stops data imported succesfully!
stops data imported succesfully!
stops data imported succesfully!
stops data imported succesfully!
stops data imported succesfully!
stops data imported succesfully!
stops data imported succesfully!
stops data imported succesfully!
stops data imported succesfully!
stops data imported succesfully!
stops data imported succesfully!
stops data imported succesfully!
stops data imported succesfully!
stops data imported succesfully!
stops data imported succesfully!
stops data imported succesfully!
stops data imported succesfully!
stops data imported succesfully!
stops data imported succesfully!
stops data imported succesfully!
stops data imported succesfully!
stops data imported succesfully!
stops data imported succesfully!
stops data imported succesfully!
stops data imported succesfully!
stops data imported succesfully!
stops data imported succesfully!
stops data imported succesfully!
stops data imported succesfully!
stops data imported succesfully!
stops data imported succesfully!
stops data imported succesfully!
stops data imported succesfully!
stops data imported succesfully!
stops data imported succesfully!
stops data imported succesfully!
stops data imported succesfully!
stops data imported succesfully!
stops data imported succesfully!
stops data imported succesfully!
stops data imported succesfully!
stops data imported succesfully!
stops data imported succesfully!
stops data imported succesfully!
stops data imported succesfully!
stops data imported succesfully!
stops data imported succesfully!
stops data imported succesfully!
stops data imported succesfully!
stops data imported succesfully!
stops data imported succesfully!
stops data imported succesfully!
stops data imported succesfully!
stops data imported succesfully!
stops data imported succesfully!
stops data imported succesfully!
stops data imported succesfully!
stops data imported succesfully!
stops data imported succesfully!
stops data imported succesfully!
stops data imported succesfully!
stops data imported succesfully!
stops data imported succesfully!
stops data imported succesfully!
stops data imported succesfully!
stops data imported succesfully!
stops data imported succesfully!
stops data imported succesfully!
stops data imported succesfully!
stops data imported succesfully!
stops data imported succesfully!
stops data imported succesfully!
stops data imported succesfully!
stops data imported succesfully!
stops data imported succesfully!
stops data imported succesfully!
stops data imported succesfully!
stops data imported succesfully!
stops data imported succesfully!
stops data imported succesfully!
stops data imported succesfully!
stops data imported succesfully!
stops data imported succesfully!
stops data imported succesfully!
stops data imported succesfully!
stops data imported succesfully!
stops data imported succesfully!
stops data imported succesfully!
stops data imported succesfully!
stops data imported succesfully!
stops data imported succesfully!
stops data imported succesfully!
stops data imported succesfully!
stops data imported succesfully!
stops data imported succesfully!
stops data imported succesfully!
stops data imported succesfully!
stops data imported succesfully!
stops data imported succesfully!
stops data imported succesfully!
stops data imported succesfully!
stops data imported succesfully!
stops data imported succesfully!
stops data imported succesfully!
stops data imported succesfully!
stops data imported succesfully!
stops data imported succesfully!
stops data imported succesfully!
stops data imported succesfully!
stops data imported succesfully!
stops data imported succesfully!
stops data imported succesfully!
stops data imported succesfully!
stops data imported succesfully!
stops data imported succesfully!
stops data imported succesfully!
stops data imported succesfully!
stops data imported succesfully!
stops data imported succesfully!
stops data imported succesfully!
stops data imported succesfully!
stops data imported succesfully!
stops data imported succesfully!
stops data imported succesfully!
stops data imported succesfully!
stops data imported succesfully!
stops data imported succesfully!
stops data imported succesfully!
stops data imported succesfully!
stops data imported succesfully!
stops data imported succesfully!
stops data imported succesfully!
stops data imported succesfully!
stops data imported succesfully!
stops data imported succesfully!
stops data imported succesfully!
stops data imported succesfully!
stops data imported succesfully!
stops data imported succesfully!
stops data imported succesfully!
stops data imported succesfully!
stops data imported succesfully!
stops data imported succesfully!
stops data imported succesfully!
stops data imported succesfully!
stops data imported succesfully!
stops data imported succesfully!
stops data imported succesfully!
stops data imported succesfully!
stops data imported succesfully!
stops data imported succesfully!
stops data imported succesfully!
stops data imported succesfully!
stops data imported succesfully!
stops data imported succesfully!
stops data imported succesfully!
stops data imported succesfully!
stops data imported succesfully!
stops data imported succesfully!
stops data imported succesfully!
stops data imported succesfully!
stops data imported succesfully!
stops data imported succesfully!
stops data imported succesfully!
stops data imported succesfully!
stops data imported succesfully!
stops data imported succesfully!
stops data imported succesfully!
stops data imported succesfully!
stops data imported succesfully!
stops data imported succesfully!
stops data imported succesfully!
stops data imported succesfully!
stops data imported succesfully!
stops data imported succesfully!
stops data imported succesfully!
stops data imported succesfully!
stops data imported succesfully!
stops data imported succesfully!
stops data imported succesfully!
stops data imported succesfully!
stops data imported succesfully!
stops data imported succesfully!
stops data imported succesfully!
stops data imported succesfully!
stops data imported succesfully!
stops data imported succesfully!
stops data imported succesfully!
stops data imported succesfully!
stops data imported succesfully!
stops data imported succesfully!
stops data imported succesfully!
stops data imported succesfully!
stops data imported succesfully!
stops data imported succesfully!
stops data imported succesfully!
stops data imported succesfully!
stops data imported succesfully!
stops data imported succesfully!
stops data imported succesfully!
stops data imported succesfully!
stops data imported succesfully!
stops data imported succesfully!
stops data imported succesfully!
stops data imported succesfully!
stops data imported succesfully!
stops data imported succesfully!
stops data imported succesfully!
stops data imported succesfully!
stops data imported succesfully!
stops data imported succesfully!
stops data imported succesfully!
stops data imported succesfully!
stops data imported succesfully!
stops data imported succesfully!
stops data imported succesfully!
stops data imported succesfully!
stops data imported succesfully!
stops data imported succesfully!
stops data imported succesfully!
stops data imported succesfully!
stops data imported succesfully!
stops data imported succesfully!
stops data imported succesfully!
stops data imported succesfully!
stops data imported succesfully!
stops data imported succesfully!
stops data imported succesfully!
stops data imported succesfully!
stops data imported succesfully!
stops data imported succesfully!
stops data imported succesfully!
stops data imported succesfully!
stops data imported succesfully!
stops data imported succesfully!
stops data imported succesfully!
stops data imported succesfully!
stops data imported succesfully!
stops data imported succesfully!
stops data imported succesfully!
stops data imported succesfully!
stops data imported succesfully!
stops data imported succesfully!
stops data imported succesfully!
stops data imported succesfully!
stops data imported succesfully!
stops data imported succesfully!
stops data imported succesfully!
stops data imported succesfully!
stops data imported succesfully!
stops data imported succesfully!
stops data imported succesfully!
stops data imported succesfully!
stops data imported succesfully!
stops data imported succesfully!
stops data imported succesfully!
stops data imported succesfully!
stops data imported succesfully!
stops data imported succesfully!
stops data imported succesfully!
stops data imported succesfully!
stops data imported succesfully!
stops data imported succesfully!
stops data imported succesfully!
stops data imported succesfully!
stops data imported succesfully!
stops data imported succesfully!
stops data imported succesfully!
stops data imported succesfully!
stops data imported succesfully!
stops data imported succesfully!
stops data imported succesfully!
stops data imported succesfully!
stops data imported succesfully!
stops data imported succesfully!
stops data imported succesfully!
stops data imported succesfully!
stops data imported succesfully!
stops data imported succesfully!
stops data imported succesfully!
stops data imported succesfully!
stops data imported succesfully!
stops data imported succesfully!
stops data imported succesfully!
stops data imported succesfully!
stops data imported succesfully!
stops data imported succesfully!
stops data imported succesfully!
stops data imported succesfully!
stops data imported succesfully!
stops data imported succesfully!
stops data imported succesfully!
stops data imported succesfully!
stops data imported succesfully!
stops data imported succesfully!
stops data imported succesfully!
stops data imported succesfully!
stops data imported succesfully!
stops data imported succesfully!
stops data imported succesfully!
stops data imported succesfully!
stops data imported succesfully!
stops data imported succesfully!
stops data imported succesfully!
stops data imported succesfully!
stops data imported succesfully!
stops data imported succesfully!
stops data imported succesfully!
stops data imported succesfully!
stops data imported succesfully!
stops data imported succesfully!
stops data imported succesfully!
stops data imported succesfully!
stops data imported succesfully!
stops data imported succesfully!
stops data imported succesfully!
stops data imported succesfully!
stops data imported succesfully!
stops data imported succesfully!
stops data imported succesfully!
stops data imported succesfully!
stops data imported succesfully!
stops data imported succesfully!
stops data imported succesfully!
stops data imported succesfully!
stops data imported succesfully!
stops data imported succesfully!
stops data imported succesfully!
stops data imported succesfully!
stops data imported succesfully!
stops data imported succesfully!
stops data imported succesfully!
stops data imported succesfully!
stops data imported succesfully!
stops data imported succesfully!
stops data imported succesfully!
stops data imported succesfully!
stops data imported succesfully!
stops data imported succesfully!
stops data imported succesfully!
stops data imported succesfully!
stops data imported succesfully!
stops data imported succesfully!
stops data imported succesfully!
stops data imported succesfully!
stops data imported succesfully!
stops data imported succesfully!
stops data imported succesfully!
stops data imported succesfully!
stops data imported succesfully!
stops data imported succesfully!
stops data imported succesfully!
stops data imported succesfully!
stops data imported succesfully!
stops data imported succesfully!
stops data imported succesfully!
stops data imported succesfully!
stops data imported succesfully!
stops data imported succesfully!
stops data imported succesfully!
stops data imported succesfully!
stops data imported succesfully!
stops data imported succesfully!
stops data imported succesfully!
stops data imported succesfully!
stops data imported succesfully!
stops data imported succesfully!
stops data imported succesfully!
stops data imported succesfully!
stops data imported succesfully!
stops data imported succesfully!
stops data imported succesfully!
stops data imported succesfully!
stops data imported succesfully!
stops data imported succesfully!
stops data imported succesfully!
stops data imported succesfully!
stops data imported succesfully!
stops data imported succesfully!
stops data imported succesfully!
stops data imported succesfully!
stops data imported succesfully!
stops data imported succesfully!
stops data imported succesfully!
stops data imported succesfully!
stops data imported succesfully!
stops data imported succesfully!
stops data imported succesfully!
stops data imported succesfully!
stops data imported succesfully!
stops data imported succesfully!
stops data imported succesfully!
stops data imported succesfully!
stops data imported succesfully!
stops data imported succesfully!
stops data imported succesfully!
stops data imported succesfully!
stops data imported succesfully!
stops data imported succesfully!
stops data imported succesfully!
stops data imported succesfully!
stops data imported succesfully!
stops data imported succesfully!
stops data imported succesfully!
stops data imported succesfully!
stops data imported succesfully!
stops data imported succesfully!
stops data imported succesfully!
stops data imported succesfully!
stops data imported succesfully!
stops data imported succesfully!
stops data imported succesfully!
stops data imported succesfully!
stops data imported succesfully!
stops data imported succesfully!
stops data imported succesfully!
stops data imported succesfully!
stops data imported succesfully!
stops data imported succesfully!
stops data imported succesfully!
stops data imported succesfully!
stops data imported succesfully!
stops data imported succesfully!
stops data imported succesfully!
stops data imported succesfully!
stops data imported succesfully!
stops data imported succesfully!
stops data imported succesfully!
stops data imported succesfully!
stops data imported succesfully!
stops data imported succesfully!
stops data imported succesfully!
stops data imported succesfully!
stops data imported succesfully!
stops data imported succesfully!
stops data imported succesfully!
stops data imported succesfully!
stops data imported succesfully!
stops data imported succesfully!
stops data imported succesfully!
stops data imported succesfully!
stops data imported succesfully!
stops data imported succesfully!
stops data imported succesfully!
stops data imported succesfully!
stops data imported succesfully!
stops data imported succesfully!
stops data imported succesfully!
stops data imported succesfully!
stops data imported succesfully!
stops data imported succesfully!
stops data imported succesfully!
stops data imported succesfully!
stops data imported succesfully!
stops data imported succesfully!
stops data imported succesfully!
stops data imported succesfully!
stops data imported succesfully!
stops data imported succesfully!
stops data imported succesfully!
stops data imported succesfully!
stops data imported succesfully!
stops data imported succesfully!
stops data imported succesfully!
stops data imported succesfully!
stops data imported succesfully!
stops data imported succesfully!
stops data imported succesfully!
stops data imported succesfully!
stops data imported succesfully!
stops data imported succesfully!
stops data imported succesfully!
stops data imported succesfully!
stops data imported succesfully!
stops data imported succesfully!
stops data imported succesfully!
stops data imported succesfully!
stops data imported succesfully!
stops data imported succesfully!
stops data imported succesfully!
stops data imported succesfully!
stops data imported succesfully!
stops data imported succesfully!
stops data imported succesfully!
stops data imported succesfully!
stops data imported succesfully!
stops data imported succesfully!
stops data imported succesfully!
stops data imported succesfully!
stops data imported succesfully!
stops data imported succesfully!
stops data imported succesfully!
stops data imported succesfully!
stops data imported succesfully!
stops data imported succesfully!
stops data imported succesfully!
stops data imported succesfully!
stops data imported succesfully!
stops data imported succesfully!
stops data imported succesfully!
stops data imported succesfully!
stops data imported succesfully!
stops data imported succesfully!
stops data imported succesfully!
stops data imported succesfully!
stops data imported succesfully!
stops data imported succesfully!
stops data imported succesfully!
stops data imported succesfully!
stops data imported succesfully!
stops data imported succesfully!
stops data imported succesfully!
stops data imported succesfully!
stops data imported succesfully!
stops data imported succesfully!
stops data imported succesfully!
stops data imported succesfully!
stops data imported succesfully!
stops data imported succesfully!
stops data imported succesfully!
stops data imported succesfully!
stops data imported succesfully!
stops data imported succesfully!
stops data imported succesfully!
stops data imported succesfully!
stops data imported succesfully!
stops data imported succesfully!
stops data imported succesfully!
stops data imported succesfully!
stops data imported succesfully!
stops data imported succesfully!
stops data imported succesfully!
stops data imported succesfully!
stops data imported succesfully!
stops data imported succesfully!
stops data imported succesfully!
stops data imported succesfully!
stops data imported succesfully!
stops data imported succesfully!
stops data imported succesfully!
stops data imported succesfully!
stops data imported succesfully!
stops data imported succesfully!
stops data imported succesfully!
stops data imported succesfully!
stops data imported succesfully!
stops data imported succesfully!
stops data imported succesfully!
stops data imported succesfully!
stops data imported succesfully!
stops data imported succesfully!
stops data imported succesfully!
stops data imported succesfully!
stops data imported succesfully!
stops data imported succesfully!
stops data imported succesfully!
stops data imported succesfully!
stops data imported succesfully!
stops data imported succesfully!
stops data imported succesfully!
stops data imported succesfully!
stops data imported succesfully!
stops data imported succesfully!
stops data imported succesfully!
stops data imported succesfully!
stops data imported succesfully!
stops data imported succesfully!
stops data imported succesfully!
stops data imported succesfully!
stops data imported succesfully!
stops data imported succesfully!
stops data imported succesfully!
stops data imported succesfully!
stops data imported succesfully!
stops data imported succesfully!
stops data imported succesfully!
stops data imported succesfully!
stops data imported succesfully!
stops data imported succesfully!
stops data imported succesfully!
stops data imported succesfully!
stops data imported succesfully!
stops data imported succesfully!
stops data imported succesfully!
stops data imported succesfully!
stops data imported succesfully!
stops data imported succesfully!
stops data imported succesfully!
stops data imported succesfully!
stops data imported succesfully!
stops data imported succesfully!
stops data imported succesfully!
stops data imported succesfully!
stops data imported succesfully!
stops data imported succesfully!
stops data imported succesfully!
stops data imported succesfully!
stops data imported succesfully!
stops data imported succesfully!
stops data imported succesfully!
stops data imported succesfully!
stops data imported succesfully!
stops data imported succesfully!
stops data imported succesfully!
stops data imported succesfully!
stops data imported succesfully!
stops data imported succesfully!
stops data imported succesfully!
stops data imported succesfully!
stops data imported succesfully!
stops data imported succesfully!
stops data imported succesfully!
stops data imported succesfully!
stops data imported succesfully!
stops data imported succesfully!
stops data imported succesfully!
stops data imported succesfully!
stops data imported succesfully!
stops data imported succesfully!
stops data imported succesfully!
stops data imported succesfully!
stops data imported succesfully!
stops data imported succesfully!
stops data imported succesfully!
stops data imported succesfully!
stops data imported succesfully!
stops data imported succesfully!
stops data imported succesfully!
stops data imported succesfully!
stops data imported succesfully!
stops data imported succesfully!
stops data imported succesfully!
stops data imported succesfully!
stops data imported succesfully!
stops data imported succesfully!
stops data imported succesfully!
stops data imported succesfully!
stops data imported succesfully!
stops data imported succesfully!
stops data imported succesfully!
stops data imported succesfully!
stops data imported succesfully!
stops data imported succesfully!
stops data imported succesfully!
stops data imported succesfully!
stops data imported succesfully!
stops data imported succesfully!
stops data imported succesfully!
stops data imported succesfully!
stops data imported succesfully!
stops data imported succesfully!
stops data imported succesfully!
stops data imported succesfully!
stops data imported succesfully!
stops data imported succesfully!
stops data imported succesfully!
stops data imported succesfully!
stops data imported succesfully!
stops data imported succesfully!
stops data imported succesfully!
stops data imported succesfully!
stops data imported succesfully!
stops data imported succesfully!
stops data imported succesfully!
stops data imported succesfully!
stops data imported succesfully!
stops data imported succesfully!
stops data imported succesfully!
stops data imported succesfully!
stops data imported succesfully!
stops data imported succesfully!
stops data imported succesfully!
stops data imported succesfully!
stops data imported succesfully!
stops data imported succesfully!
stops data imported succesfully!
stops data imported succesfully!
stops data imported succesfully!
stops data imported succesfully!
stops data imported succesfully!
stops data imported succesfully!
stops data imported succesfully!
stops data imported succesfully!
stops data imported succesfully!
stops data imported succesfully!
stops data imported succesfully!
stops data imported succesfully!
stops data imported succesfully!
stops data imported succesfully!
stops data imported succesfully!
stops data imported succesfully!
stops data imported succesfully!
stops data imported succesfully!
stops data imported succesfully!
stops data imported succesfully!
stops data imported succesfully!
stops data imported succesfully!
stops data imported succesfully!
stops data imported succesfully!
stops data imported succesfully!
stops data imported succesfully!
stops data imported succesfully!
stops data imported succesfully!
stops data imported succesfully!
stops data imported succesfully!
stops data imported succesfully!
stops data imported succesfully!
stops data imported succesfully!
stops data imported succesfully!
stops data imported succesfully!
stops data imported succesfully!
stops data imported succesfully!
stops data imported succesfully!
stops data imported succesfully!
stops data imported succesfully!
stops data imported succesfully!
stops data imported succesfully!
stops data imported succesfully!
stops data imported succesfully!
stops data imported succesfully!
stops data imported succesfully!
stops data imported succesfully!
stops data imported succesfully!
stops data imported succesfully!
stops data imported succesfully!
stops data imported succesfully!
stops data imported succesfully!
stops data imported succesfully!
stops data imported succesfully!
stops data imported succesfully!
stops data imported succesfully!
stops data imported succesfully!
stops data imported succesfully!
stops data imported succesfully!
stops data imported succesfully!
stops data imported succesfully!
stops data imported succesfully!
stops data imported succesfully!
stops data imported succesfully!
stops data imported succesfully!
stops data imported succesfully!
stops data imported succesfully!
stops data imported succesfully!
stops data imported succesfully!
stops data imported succesfully!
stops data imported succesfully!
stops data imported succesfully!
stops data imported succesfully!
stops data imported succesfully!
stops data imported succesfully!
stops data imported succesfully!
stops data imported succesfully!
stops data imported succesfully!
stops data imported succesfully!
stops data imported succesfully!
stops data imported succesfully!
stops data imported succesfully!
stops data imported succesfully!
stops data imported succesfully!
stops data imported succesfully!
stops data imported succesfully!
stops data imported succesfully!
stops data imported succesfully!
stops data imported succesfully!
stops data imported succesfully!
stops data imported succesfully!
stops data imported succesfully!
stops data imported succesfully!
stops data imported succesfully!
stops data imported succesfully!
stops data imported succesfully!
stops data imported succesfully!
stops data imported succesfully!
stops data imported succesfully!
stops data imported succesfully!
stops data imported succesfully!
stops data imported succesfully!
stops data imported succesfully!
stops data imported succesfully!
stops data imported succesfully!
stops data imported succesfully!
stops data imported succesfully!
stops data imported succesfully!
stops data imported succesfully!
stops data imported succesfully!
stops data imported succesfully!
stops data imported succesfully!
stops data imported succesfully!
stops data imported succesfully!
stops data imported succesfully!
stops data imported succesfully!
stops data imported succesfully!
stops data imported succesfully!
stops data imported succesfully!
stops data imported succesfully!
stops data imported succesfully!
stops data imported succesfully!
stops data imported succesfully!
stops data imported succesfully!
stops data imported succesfully!
stops data imported succesfully!
stops data imported succesfully!
stops data imported succesfully!
stops data imported succesfully!
stops data imported succesfully!
stops data imported succesfully!
stops data imported succesfully!
stops data imported succesfully!
stops data imported succesfully!
stops data imported succesfully!
stops data imported succesfully!
stops data imported succesfully!
stops data imported succesfully!
stops data imported succesfully!
stops data imported succesfully!
stops data imported succesfully!
stops data imported succesfully!
stops data imported succesfully!
stops data imported succesfully!
stops data imported succesfully!
stops data imported succesfully!
stops data imported succesfully!
stops data imported succesfully!
stops data imported succesfully!
stops data imported succesfully!
stops data imported succesfully!
stops data imported succesfully!
stops data imported succesfully!
stops data imported succesfully!
stops data imported succesfully!
stops data imported succesfully!
stops data imported succesfully!
stops data imported succesfully!
stops data imported succesfully!
stops data imported succesfully!
stops data imported succesfully!
stops data imported succesfully!
stops data imported succesfully!
stops data imported succesfully!
stops data imported succesfully!
stops data imported succesfully!
stops data imported succesfully!
stops data imported succesfully!
stops data imported succesfully!
stops data imported succesfully!
stops data imported succesfully!
stops data imported succesfully!
stops data imported succesfully!
stops data imported succesfully!
stops data imported succesfully!
stops data imported succesfully!
stops data imported succesfully!
stops data imported succesfully!
stops data imported succesfully!
stops data imported succesfully!
stops data imported succesfully!
stops data imported succesfully!
stops data imported succesfully!
stops data imported succesfully!
stops data imported succesfully!
stops data imported succesfully!
stops data imported succesfully!
stops data imported succesfully!
stops data imported succesfully!
stops data imported succesfully!
stops data imported succesfully!
stops data imported succesfully!
stops data imported succesfully!
stops data imported succesfully!
stops data imported succesfully!
stops data imported succesfully!
stops data imported succesfully!
stops data imported succesfully!
stops data imported succesfully!
stops data imported succesfully!
stops data imported succesfully!
stops data imported succesfully!
stops data imported succesfully!
stops data imported succesfully!
stops data imported succesfully!
stops data imported succesfully!
stops data imported succesfully!
stops data imported succesfully!
stops data imported succesfully!
stops data imported succesfully!
stops data imported succesfully!
stops data imported succesfully!
stops data imported succesfully!
stops data imported succesfully!
stops data imported succesfully!
stops data imported succesfully!
stops data imported succesfully!
stops data imported succesfully!
stops data imported succesfully!
stops data imported succesfully!
stops data imported succesfully!
stops data imported succesfully!
stops data imported succesfully!
stops data imported succesfully!
stops data imported succesfully!
stops data imported succesfully!
stops data imported succesfully!
stops data imported succesfully!
stops data imported succesfully!
stops data imported succesfully!
stops data imported succesfully!
stops data imported succesfully!
stops data imported succesfully!
stops data imported succesfully!
stops data imported succesfully!
stops data imported succesfully!
stops data imported succesfully!
stops data imported succesfully!
stops data imported succesfully!
stops data imported succesfully!
stops data imported succesfully!
stops data imported succesfully!
stops data imported succesfully!
stops data imported succesfully!
stops data imported succesfully!
stops data imported succesfully!
stops data imported succesfully!
stops data imported succesfully!
stops data imported succesfully!
stops data imported succesfully!
stops data imported succesfully!
stops data imported succesfully!
stops data imported succesfully!
stops data imported succesfully!
stops data imported succesfully!
stops data imported succesfully!
stops data imported succesfully!
stops data imported succesfully!
stops data imported succesfully!
stops data imported succesfully!
stops data imported succesfully!
stops data imported succesfully!
stops data imported succesfully!
stops data imported succesfully!
stops data imported succesfully!
stops data imported succesfully!
stops data imported succesfully!
stops data imported succesfully!
stops data imported succesfully!
stops data imported succesfully!
stops data imported succesfully!
stops data imported succesfully!
stops data imported succesfully!
stops data imported succesfully!
stops data imported succesfully!
stops data imported succesfully!
stops data imported succesfully!
stops data imported succesfully!
stops data imported succesfully!
stops data imported succesfully!
stops data imported succesfully!
stops data imported succesfully!
stops data imported succesfully!
stops data imported succesfully!
stops data imported succesfully!
stops data imported succesfully!
stops data imported succesfully!
stops data imported succesfully!
stops data imported succesfully!
stops data imported succesfully!
stops data imported succesfully!
stops data imported succesfully!
stops data imported succesfully!
stops data imported succesfully!
stops data imported succesfully!
stops data imported succesfully!
stops data imported succesfully!
stops data imported succesfully!
stops data imported succesfully!
stops data imported succesfully!
stops data imported succesfully!
stops data imported succesfully!
stops data imported succesfully!
stops data imported succesfully!
stops data imported succesfully!
stops data imported succesfully!
stops data imported succesfully!
stops data imported succesfully!
stops data imported succesfully!
stops data imported succesfully!
stops data imported succesfully!
stops data imported succesfully!
stops data imported succesfully!
stops data imported succesfully!
stops data imported succesfully!
stops data imported succesfully!
stops data imported succesfully!
stops data imported succesfully!
stops data imported succesfully!
stops data imported succesfully!
stops data imported succesfully!
stops data imported succesfully!
stops data imported succesfully!
stops data imported succesfully!
stops data imported succesfully!
stops data imported succesfully!
stops data imported succesfully!
stops data imported succesfully!
stops data imported succesfully!
stops data imported succesfully!
stops data imported succesfully!
stops data imported succesfully!
stops data imported succesfully!
stops data imported succesfully!
stops data imported succesfully!
stops data imported succesfully!
stops data imported succesfully!
stops data imported succesfully!
stops data imported succesfully!
stops data imported succesfully!
stops data imported succesfully!
stops data imported succesfully!
stops data imported succesfully!
stops data imported succesfully!
stops data imported succesfully!
stops data imported succesfully!
stops data imported succesfully!
stops data imported succesfully!
stops data imported succesfully!
stops data imported succesfully!
stops data imported succesfully!
stops data imported succesfully!
stops data imported succesfully!
stops data imported succesfully!
stops data imported succesfully!
stops data imported succesfully!
stops data imported succesfully!
stops data imported succesfully!
stops data imported succesfully!
stops data imported succesfully!
stops data imported succesfully!
stops data imported succesfully!
stops data imported succesfully!
stops data imported succesfully!
stops data imported succesfully!
stops data imported succesfully!
stops data imported succesfully!
stops data imported succesfully!
stops data imported succesfully!
stops data imported succesfully!
stops data imported succesfully!
stops data imported succesfully!
stops data imported succesfully!
stops data imported succesfully!
stops data imported succesfully!
stops data imported succesfully!
stops data imported succesfully!
stops data imported succesfully!
stops data imported succesfully!
stops data imported succesfully!
stops data imported succesfully!
stops data imported succesfully!
stops data imported succesfully!
stops data imported succesfully!
stops data imported succesfully!
stops data imported succesfully!
stops data imported succesfully!
stops data imported succesfully!
stops data imported succesfully!
stops data imported succesfully!
stops data imported succesfully!
stops data imported succesfully!
stops data imported succesfully!
stops data imported succesfully!
stops data imported succesfully!
stops data imported succesfully!
stops data imported succesfully!
stops data imported succesfully!
stops data imported succesfully!
stops data imported succesfully!
stops data imported succesfully!
stops data imported succesfully!
stops data imported succesfully!
stops data imported succesfully!
stops data imported succesfully!
stops data imported succesfully!
stops data imported succesfully!
stops data imported succesfully!
stops data imported succesfully!
stops data imported succesfully!
stops data imported succesfully!
stops data imported succesfully!
stops data imported succesfully!
stops data imported succesfully!
stops data imported succesfully!
stops data imported succesfully!
stops data imported succesfully!
stops data imported succesfully!
stops data imported succesfully!
stops data imported succesfully!
stops data imported succesfully!
stops data imported succesfully!
stops data imported succesfully!
stops data imported succesfully!
stops data imported succesfully!
stops data imported succesfully!
stops data imported succesfully!
stops data imported succesfully!
stops data imported succesfully!
stops data imported succesfully!
stops data imported succesfully!
stops data imported succesfully!
stops data imported succesfully!
stops data imported succesfully!
stops data imported succesfully!
stops data imported succesfully!
stops data imported succesfully!
stops data imported succesfully!
stops data imported succesfully!
stops data imported succesfully!
stops data imported succesfully!
stops data imported succesfully!
stops data imported succesfully!
stops data imported succesfully!
stops data imported succesfully!
stops data imported succesfully!
stops data imported succesfully!
stops data imported succesfully!
stops data imported succesfully!
stops data imported succesfully!
stops data imported succesfully!
stops data imported succesfully!
stops data imported succesfully!
stops data imported succesfully!
stops data imported succesfully!
stops data imported succesfully!
stops data imported succesfully!
stops data imported succesfully!
stops data imported succesfully!
stops data imported succesfully!
stops data imported succesfully!
stops data imported succesfully!
stops data imported succesfully!
stops data imported succesfully!
stops data imported succesfully!
stops data imported succesfully!
stops data imported succesfully!
stops data imported succesfully!
stops data imported succesfully!
stops data imported succesfully!
stops data imported succesfully!
stops data imported succesfully!
stops data imported succesfully!
stops data imported succesfully!
stops data imported succesfully!
stops data imported succesfully!
stops data imported succesfully!
stops data imported succesfully!
stops data imported succesfully!
stops data imported succesfully!
stops data imported succesfully!
stops data imported succesfully!
stops data imported succesfully!
stops data imported succesfully!
stops data imported succesfully!
stops data imported succesfully!
stops data imported succesfully!
stops data imported succesfully!
stops data imported succesfully!
stops data imported succesfully!
stops data imported succesfully!
stops data imported succesfully!
stops data imported succesfully!
stops data imported succesfully!
stops data imported succesfully!
stops data imported succesfully!
stops data imported succesfully!
stops data imported succesfully!
stops data imported succesfully!
stops data imported succesfully!
stops data imported succesfully!
stops data imported succesfully!
stops data imported succesfully!
stops data imported succesfully!
stops data imported succesfully!
stops data imported succesfully!
stops data imported succesfully!
stops data imported succesfully!
stops data imported succesfully!
stops data imported succesfully!
stops data imported succesfully!
stops data imported succesfully!
stops data imported succesfully!
stops data imported succesfully!
stops data imported succesfully!
stops data imported succesfully!
stops data imported succesfully!
stops data imported succesfully!
stops data imported succesfully!
stops data imported succesfully!
stops data imported succesfully!
stops data imported succesfully!
stops data imported succesfully!
stops data imported succesfully!
stops data imported succesfully!
stops data imported succesfully!
stops data imported succesfully!
stops data imported succesfully!
stops data imported succesfully!
stops data imported succesfully!
stops data imported succesfully!
stops data imported succesfully!
stops data imported succesfully!
stops data imported succesfully!
stops data imported succesfully!
stops data imported succesfully!
stops data imported succesfully!
stops data imported succesfully!
stops data imported succesfully!
stops data imported succesfully!
stops data imported succesfully!
stops data imported succesfully!
stops data imported succesfully!
stops data imported succesfully!
stops data imported succesfully!
stops data imported succesfully!
stops data imported succesfully!
stops data imported succesfully!
stops data imported succesfully!
stops data imported succesfully!
stops data imported succesfully!
stops data imported succesfully!
stops data imported succesfully!
stops data imported succesfully!
stops data imported succesfully!
stops data imported succesfully!
stops data imported succesfully!
stops data imported succesfully!
stops data imported succesfully!
stops data imported succesfully!
stops data imported succesfully!
stops data imported succesfully!
stops data imported succesfully!
stops data imported succesfully!
stops data imported succesfully!
stops data imported succesfully!
stops data imported succesfully!
stops data imported succesfully!
stops data imported succesfully!
stops data imported succesfully!
stops data imported succesfully!
stops data imported succesfully!
stops data imported succesfully!
stops data imported succesfully!
stops data imported succesfully!
stops data imported succesfully!
stops data imported succesfully!
stops data imported succesfully!
stops data imported succesfully!
stops data imported succesfully!
stops data imported succesfully!
stops data imported succesfully!
stops data imported succesfully!
stops data imported succesfully!
stops data imported succesfully!
stops data imported succesfully!
stops data imported succesfully!
stops data imported succesfully!
stops data imported succesfully!
stops data imported succesfully!
stops data imported succesfully!
stops data imported succesfully!
stops data imported succesfully!
stops data imported succesfully!
stops data imported succesfully!
stops data imported succesfully!
stops data imported succesfully!
stops data imported succesfully!
stops data imported succesfully!
stops data imported succesfully!
stops data imported succesfully!
stops data imported succesfully!
stops data imported succesfully!
stops data imported succesfully!
stops data imported succesfully!
stops data imported succesfully!
stops data imported succesfully!
stops data imported succesfully!
stops data imported succesfully!
stops data imported succesfully!
stops data imported succesfully!
stops data imported succesfully!
stops data imported succesfully!
stops data imported succesfully!
stops data imported succesfully!
stops data imported succesfully!
stops data imported succesfully!
stops data imported succesfully!
stops data imported succesfully!
stops data imported succesfully!
stops data imported succesfully!
stops data imported succesfully!
stops data imported succesfully!
stops data imported succesfully!
stops data imported succesfully!
stops data imported succesfully!
stops data imported succesfully!
stops data imported succesfully!
stops data imported succesfully!
stops data imported succesfully!
stops data imported succesfully!
stops data imported succesfully!
stops data imported succesfully!
stops data imported succesfully!
stops data imported succesfully!
stops data imported succesfully!
stops data imported succesfully!
stops data imported succesfully!
stops data imported succesfully!
stops data imported succesfully!
stops data imported succesfully!
stops data imported succesfully!
stops data imported succesfully!
stops data imported succesfully!
stops data imported succesfully!
stops data imported succesfully!
stops data imported succesfully!
stops data imported succesfully!
stops data imported succesfully!
stops data imported succesfully!
stops data imported succesfully!
stops data imported succesfully!
stops data imported succesfully!
stops data imported succesfully!
stops data imported succesfully!
stops data imported succesfully!
stops data imported succesfully!
stops data imported succesfully!
stops data imported succesfully!
stops data imported succesfully!
stops data imported succesfully!
stops data imported succesfully!
stops data imported succesfully!
stops data imported succesfully!
stops data imported succesfully!
stops data imported succesfully!
stops data imported succesfully!
stops data imported succesfully!
stops data imported succesfully!
stops data imported succesfully!
stops data imported succesfully!
stops data imported succesfully!
stops data imported succesfully!
stops data imported succesfully!
stops data imported succesfully!
stops data imported succesfully!
stops data imported succesfully!
stops data imported succesfully!
stops data imported succesfully!
stops data imported succesfully!
stops data imported succesfully!
stops data imported succesfully!
stops data imported succesfully!
stops data imported succesfully!
stops data imported succesfully!
stops data imported succesfully!
stops data imported succesfully!
stops data imported succesfully!
stops data imported succesfully!
stops data imported succesfully!
stops data imported succesfully!
stops data imported succesfully!
stops data imported succesfully!
stops data imported succesfully!
stops data imported succesfully!
stops data imported succesfully!
stops data imported succesfully!
stops data imported succesfully!
stops data imported succesfully!
stops data imported succesfully!
stops data imported succesfully!
stops data imported succesfully!
stops data imported succesfully!
stops data imported succesfully!
stops data imported succesfully!
stops data imported succesfully!
stops data imported succesfully!
stops data imported succesfully!
stops data imported succesfully!
stops data imported succesfully!
stops data imported succesfully!
stops data imported succesfully!
stops data imported succesfully!
stops data imported succesfully!
stops data imported succesfully!
stops data imported succesfully!
stops data imported succesfully!
stops data imported succesfully!
stops data imported succesfully!
stops data imported succesfully!
stops data imported succesfully!
stops data imported succesfully!
stops data imported succesfully!
stops data imported succesfully!
stops data imported succesfully!
stops data imported succesfully!
stops data imported succesfully!
stops data imported succesfully!
stops data imported succesfully!
stops data imported succesfully!
stops data imported succesfully!
stops data imported succesfully!
stops data imported succesfully!
stops data imported succesfully!
stops data imported succesfully!
stops data imported succesfully!
stops data imported succesfully!
stops data imported succesfully!
stops data imported succesfully!
stops data imported succesfully!
stops data imported succesfully!
stops data imported succesfully!
stops data imported succesfully!
stops data imported succesfully!
stops data imported succesfully!
stops data imported succesfully!
stops data imported succesfully!
stops data imported succesfully!
stops data imported succesfully!
stops data imported succesfully!
stops data imported succesfully!
stops data imported succesfully!
stops data imported succesfully!
stops data imported succesfully!
stops data imported succesfully!
stops data imported succesfully!
stops data imported succesfully!
stops data imported succesfully!
stops data imported succesfully!
stops data imported succesfully!
stops data imported succesfully!
stops data imported succesfully!
stops data imported succesfully!
stops data imported succesfully!
stops data imported succesfully!
stops data imported succesfully!
stops data imported succesfully!
stops data imported succesfully!
stops data imported succesfully!
stops data imported succesfully!
stops data imported succesfully!
stops data imported succesfully!
stops data imported succesfully!
stops data imported succesfully!
stops data imported succesfully!
stops data imported succesfully!
stops data imported succesfully!
stops data imported succesfully!
stops data imported succesfully!
stops data imported succesfully!
stops data imported succesfully!
stops data imported succesfully!
stops data imported succesfully!
stops data imported succesfully!
stops data imported succesfully!
stops data imported succesfully!
stops data imported succesfully!
stops data imported succesfully!
stops data imported succesfully!
stops data imported succesfully!
stops data imported succesfully!
stops data imported succesfully!
stops data imported succesfully!
stops data imported succesfully!
stops data imported succesfully!
stops data imported succesfully!
stops data imported succesfully!
stops data imported succesfully!
stops data imported succesfully!
stops data imported succesfully!
stops data imported succesfully!
stops data imported succesfully!
stops data imported succesfully!
stops data imported succesfully!
stops data imported succesfully!
stops data imported succesfully!
stops data imported succesfully!
stops data imported succesfully!
stops data imported succesfully!
stops data imported succesfully!
stops data imported succesfully!
stops data imported succesfully!
stops data imported succesfully!
stops data imported succesfully!
stops data imported succesfully!
stops data imported succesfully!
stops data imported succesfully!
stops data imported succesfully!
stops data imported succesfully!
stops data imported succesfully!
stops data imported succesfully!
stops data imported succesfully!
stops data imported succesfully!
stops data imported succesfully!
stops data imported succesfully!
stops data imported succesfully!
stops data imported succesfully!
stops data imported succesfully!
stops data imported succesfully!
stops data imported succesfully!
stops data imported succesfully!
stops data imported succesfully!
stops data imported succesfully!
stops data imported succesfully!
stops data imported succesfully!
stops data imported succesfully!
stops data imported succesfully!
stops data imported succesfully!
stops data imported succesfully!
stops data imported succesfully!
stops data imported succesfully!
stops data imported succesfully!
stops data imported succesfully!
stops data imported succesfully!
stops data imported succesfully!
stops data imported succesfully!
stops data imported succesfully!
stops data imported succesfully!
stops data imported succesfully!
stops data imported succesfully!
stops data imported succesfully!
stops data imported succesfully!
stops data imported succesfully!
stops data imported succesfully!
stops data imported succesfully!
stops data imported succesfully!
stops data imported succesfully!
stops data imported succesfully!
stops data imported succesfully!
stops data imported succesfully!
stops data imported succesfully!
stops data imported succesfully!
stops data imported succesfully!
stops data imported succesfully!
stops data imported succesfully!
stops data imported succesfully!
stops data imported succesfully!
stops data imported succesfully!
stops data imported succesfully!
stops data imported succesfully!
stops data imported succesfully!
stops data imported succesfully!
stops data imported succesfully!
stops data imported succesfully!
stops data imported succesfully!
stops data imported succesfully!
stops data imported succesfully!
stops data imported succesfully!
stops data imported succesfully!
stops data imported succesfully!
stops data imported succesfully!
stops data imported succesfully!
stops data imported succesfully!
stops data imported succesfully!
stops data imported succesfully!
stops data imported succesfully!
stops data imported succesfully!
stops data imported succesfully!
stops data imported succesfully!
stops data imported succesfully!
stops data imported succesfully!
stops data imported succesfully!
stops data imported succesfully!
stops data imported succesfully!
stops data imported succesfully!
stops data imported succesfully!
stops data imported succesfully!
stops data imported succesfully!
stops data imported succesfully!
stops data imported succesfully!
stops data imported succesfully!
stops data imported succesfully!
stops data imported succesfully!
stops data imported succesfully!
stops data imported succesfully!
stops data imported succesfully!
stops data imported succesfully!
stops data imported succesfully!
stops data imported succesfully!
stops data imported succesfully!
stops data imported succesfully!
stops data imported succesfully!
stops data imported succesfully!
stops data imported succesfully!
stops data imported succesfully!
stops data imported succesfully!
stops data imported succesfully!
stops data imported succesfully!
stops data imported succesfully!
stops data imported succesfully!
stops data imported succesfully!
stops data imported succesfully!
stops data imported succesfully!
stops data imported succesfully!
stops data imported succesfully!
stops data imported succesfully!
stops data imported succesfully!
stops data imported succesfully!
stops data imported succesfully!
stops data imported succesfully!
stops data imported succesfully!
stops data imported succesfully!
stops data imported succesfully!
stops data imported succesfully!
stops data imported succesfully!
stops data imported succesfully!
stops data imported succesfully!
stops data imported succesfully!
stops data imported succesfully!
stops data imported succesfully!
stops data imported succesfully!
stops data imported succesfully!
stops data imported succesfully!
stops data imported succesfully!
stops data imported succesfully!
stops data imported succesfully!
stops data imported succesfully!
stops data imported succesfully!
stops data imported succesfully!
stops data imported succesfully!
stops data imported succesfully!
stops data imported succesfully!
stops data imported succesfully!
stops data imported succesfully!
stops data imported succesfully!
stops data imported succesfully!
stops data imported succesfully!
stops data imported succesfully!
stops data imported succesfully!
stops data imported succesfully!
stops data imported succesfully!
stops data imported succesfully!
stops data imported succesfully!
stops data imported succesfully!
stops data imported succesfully!
stops data imported succesfully!
stops data imported succesfully!
stops data imported succesfully!
stops data imported succesfully!
stops data imported succesfully!
stops data imported succesfully!
stops data imported succesfully!
stops data imported succesfully!
stops data imported succesfully!
stops data imported succesfully!
stops data imported succesfully!
stops data imported succesfully!
stops data imported succesfully!
stops data imported succesfully!
stops data imported succesfully!
stops data imported succesfully!
stops data imported succesfully!
stops data imported succesfully!
stops data imported succesfully!
stops data imported succesfully!
stops data imported succesfully!
stops data imported succesfully!
stops data imported succesfully!
stops data imported succesfully!
stops data imported succesfully!
stops data imported succesfully!
stops data imported succesfully!
stops data imported succesfully!
stops data imported succesfully!
stops data imported succesfully!
stops data imported succesfully!
stops data imported succesfully!
stops data imported succesfully!
stops data imported succesfully!
stops data imported succesfully!
stops data imported succesfully!
stops data imported succesfully!
stops data imported succesfully!
stops data imported succesfully!
stops data imported succesfully!
stops data imported succesfully!
stops data imported succesfully!
stops data imported succesfully!
stops data imported succesfully!
stops data imported succesfully!
stops data imported succesfully!
stops data imported succesfully!
stops data imported succesfully!
stops data imported succesfully!
stops data imported succesfully!
stops data imported succesfully!
stops data imported succesfully!
stops data imported succesfully!
stops data imported succesfully!
stops data imported succesfully!
stops data imported succesfully!
stops data imported succesfully!
stops data imported succesfully!
stops data imported succesfully!
stops data imported succesfully!
stops data imported succesfully!
stops data imported succesfully!
stops data imported succesfully!
stops data imported succesfully!
stops data imported succesfully!
stops data imported succesfully!
stops data imported succesfully!
stops data imported succesfully!
stops data imported succesfully!
stops data imported succesfully!
stops data imported succesfully!
stops data imported succesfully!
stops data imported succesfully!
stops data imported succesfully!
stops data imported succesfully!
stops data imported succesfully!
stops data imported succesfully!
stops data imported succesfully!
stops data imported succesfully!
stops data imported succesfully!
stops data imported succesfully!
stops data imported succesfully!
stops data imported succesfully!
stops data imported succesfully!
stops data imported succesfully!
stops data imported succesfully!
stops data imported succesfully!
stops data imported succesfully!
stops data imported succesfully!
stops data imported succesfully!
stops data imported succesfully!
stops data imported succesfully!
stops data imported succesfully!
stops data imported succesfully!
stops data imported succesfully!
stops data imported succesfully!
stops data imported succesfully!
stops data imported succesfully!
stops data imported succesfully!
stops data imported succesfully!
stops data imported succesfully!
stops data imported succesfully!
stops data imported succesfully!
stops data imported succesfully!
stops data imported succesfully!
stops data imported succesfully!
stops data imported succesfully!
stops data imported succesfully!
stops data imported succesfully!
stops data imported succesfully!
stops data imported succesfully!
stops data imported succesfully!
stops data imported succesfully!
stops data imported succesfully!
stops data imported succesfully!
stops data imported succesfully!
stops data imported succesfully!
stops data imported succesfully!
stops data imported succesfully!
stops data imported succesfully!
stops data imported succesfully!
stops data imported succesfully!
stops data imported succesfully!
stops data imported succesfully!
stops data imported succesfully!
stops data imported succesfully!
stops data imported succesfully!
stops data imported succesfully!
stops data imported succesfully!
stops data imported succesfully!
stops data imported succesfully!
stops data imported succesfully!
stops data imported succesfully!
stops data imported succesfully!
stops data imported succesfully!
stops data imported succesfully!
stops data imported succesfully!
stops data imported succesfully!
stops data imported succesfully!
stops data imported succesfully!
stops data imported succesfully!
stops data imported succesfully!
stops data imported succesfully!
stops data imported succesfully!
stops data imported succesfully!
stops data imported succesfully!
stops data imported succesfully!
stops data imported succesfully!
stops data imported succesfully!
stops data imported succesfully!
stops data imported succesfully!
stops data imported succesfully!
stops data imported succesfully!
stops data imported succesfully!
stops data imported succesfully!
stops data imported succesfully!
stops data imported succesfully!
stops data imported succesfully!
stops data imported succesfully!
stops data imported succesfully!
stops data imported succesfully!
stops data imported succesfully!
stops data imported succesfully!
stops data imported succesfully!
stops data imported succesfully!
stops data imported succesfully!
stops data imported succesfully!
stops data imported succesfully!
stops data imported succesfully!
stops data imported succesfully!
stops data imported succesfully!
stops data imported succesfully!
stops data imported succesfully!
stops data imported succesfully!
stops data imported succesfully!
stops data imported succesfully!
stops data imported succesfully!
stops data imported succesfully!
stops data imported succesfully!
stops data imported succesfully!
stops data imported succesfully!
stops data imported succesfully!
stops data imported succesfully!
stops data imported succesfully!
stops data imported succesfully!
stops data imported succesfully!
stops data imported succesfully!
stops data imported succesfully!
stops data imported succesfully!
stops data imported succesfully!
stops data imported succesfully!
stops data imported succesfully!
stops data imported succesfully!
stops data imported succesfully!
stops data imported succesfully!
stops data imported succesfully!
stops data imported succesfully!
stops data imported succesfully!
stops data imported succesfully!
stops data imported succesfully!
stops data imported succesfully!
stops data imported succesfully!
stops data imported succesfully!
stops data imported succesfully!
stops data imported succesfully!
stops data imported succesfully!
stops data imported succesfully!
stops data imported succesfully!
stops data imported succesfully!
stops data imported succesfully!
stops data imported succesfully!
stops data imported succesfully!
stops data imported succesfully!
stops data imported succesfully!
stops data imported succesfully!
stops data imported succesfully!
stops data imported succesfully!
stops data imported succesfully!
stops data imported succesfully!
stops data imported succesfully!
stops data imported succesfully!
stops data imported succesfully!
stops data imported succesfully!
stops data imported succesfully!
stops data imported succesfully!
stops data imported succesfully!
stops data imported succesfully!
stops data imported succesfully!
stops data imported succesfully!
stops data imported succesfully!
stops data imported succesfully!
stops data imported succesfully!
stops data imported succesfully!
stops data imported succesfully!
stops data imported succesfully!
stops data imported succesfully!
stops data imported succesfully!
stops data imported succesfully!
stops data imported succesfully!
stops data imported succesfully!
stops data imported succesfully!
stops data imported succesfully!
stops data imported succesfully!
stops data imported succesfully!
stops data imported succesfully!
stops data imported succesfully!
stops data imported succesfully!
stops data imported succesfully!
stops data imported succesfully!
stops data imported succesfully!
stops data imported succesfully!
stops data imported succesfully!
stops data imported succesfully!
stops data imported succesfully!
stops data imported succesfully!
stops data imported succesfully!
stops data imported succesfully!
stops data imported succesfully!
stops data imported succesfully!
stops data imported succesfully!
stops data imported succesfully!
stops data imported succesfully!
stops data imported succesfully!
stops data imported succesfully!
stops data imported succesfully!
stops data imported succesfully!
stops data imported succesfully!
stops data imported succesfully!
stops data imported succesfully!
stops data imported succesfully!
stops data imported succesfully!
stops data imported succesfully!
stops data imported succesfully!
stops data imported succesfully!
stops data imported succesfully!
stops data imported succesfully!
stops data imported succesfully!
stops data imported succesfully!
stops data imported succesfully!
stops data imported succesfully!
stops data imported succesfully!
stops data imported succesfully!
stops data imported succesfully!
stops data imported succesfully!
stops data imported succesfully!
stops data imported succesfully!
stops data imported succesfully!
stops data imported succesfully!
stops data imported succesfully!
stops data imported succesfully!
stops data imported succesfully!
stops data imported succesfully!
stops data imported succesfully!
stops data imported succesfully!
stops data imported succesfully!
stops data imported succesfully!
stops data imported succesfully!
stops data imported succesfully!
stops data imported succesfully!
stops data imported succesfully!
stops data imported succesfully!
stops data imported succesfully!
stops data imported succesfully!
stops data imported succesfully!
stops data imported succesfully!
stops data imported succesfully!
stops data imported succesfully!
stops data imported succesfully!
stops data imported succesfully!
stops data imported succesfully!
stops data imported succesfully!
stops data imported succesfully!
stops data imported succesfully!
stops data imported succesfully!
stops data imported succesfully!
stops data imported succesfully!
stops data imported succesfully!
stops data imported succesfully!
stops data imported succesfully!
stops data imported succesfully!
stops data imported succesfully!
stops data imported succesfully!
stops data imported succesfully!
stops data imported succesfully!
stops data imported succesfully!
stops data imported succesfully!
stops data imported succesfully!
stops data imported succesfully!
stops data imported succesfully!
stops data imported succesfully!
stops data imported succesfully!
stops data imported succesfully!
stops data imported succesfully!
stops data imported succesfully!
stops data imported succesfully!
stops data imported succesfully!
stops data imported succesfully!
stops data imported succesfully!
stops data imported succesfully!
stops data imported succesfully!
stops data imported succesfully!
stops data imported succesfully!
stops data imported succesfully!
stops data imported succesfully!
stops data imported succesfully!
stops data imported succesfully!
stops data imported succesfully!
stops data imported succesfully!
stops data imported succesfully!
stops data imported succesfully!
stops data imported succesfully!
stops data imported succesfully!
stops data imported succesfully!
stops data imported succesfully!
stops data imported succesfully!
stops data imported succesfully!
stops data imported succesfully!
stops data imported succesfully!
stops data imported succesfully!
stops data imported succesfully!
stops data imported succesfully!
stops data imported succesfully!
stops data imported succesfully!
stops data imported succesfully!
stops data imported succesfully!
stops data imported succesfully!
stops data imported succesfully!
stops data imported succesfully!
stops data imported succesfully!
stops data imported succesfully!
stops data imported succesfully!
stops data imported succesfully!
stops data imported succesfully!
stops data imported succesfully!
stops data imported succesfully!
stops data imported succesfully!
stops data imported succesfully!
stops data imported succesfully!
stops data imported succesfully!
stops data imported succesfully!
stops data imported succesfully!
stops data imported succesfully!
stops data imported succesfully!
stops data imported succesfully!
stops data imported succesfully!
stops data imported succesfully!
stops data imported succesfully!
stops data imported succesfully!
stops data imported succesfully!
stops data imported succesfully!
stops data imported succesfully!
stops data imported succesfully!
stops data imported succesfully!
stops data imported succesfully!
stops data imported succesfully!
stops data imported succesfully!
stops data imported succesfully!
stops data imported succesfully!
stops data imported succesfully!
stops data imported succesfully!
stops data imported succesfully!
stops data imported succesfully!
stops data imported succesfully!
stops data imported succesfully!
stops data imported succesfully!
stops data imported succesfully!
stops data imported succesfully!
stops data imported succesfully!
stops data imported succesfully!
stops data imported succesfully!
stops data imported succesfully!
stops data imported succesfully!
stops data imported succesfully!
stops data imported succesfully!
stops data imported succesfully!
stops data imported succesfully!
stops data imported succesfully!
stops data imported succesfully!
stops data imported succesfully!
stops data imported succesfully!
stops data imported succesfully!
stops data imported succesfully!
stops data imported succesfully!
stops data imported succesfully!
stops data imported succesfully!
stops data imported succesfully!
stops data imported succesfully!
stops data imported succesfully!
stops data imported succesfully!
stops data imported succesfully!
stops data imported succesfully!
stops data imported succesfully!
stops data imported succesfully!
stops data imported succesfully!
stops data imported succesfully!
stops data imported succesfully!
stops data imported succesfully!
stops data imported succesfully!
stops data imported succesfully!
stops data imported succesfully!
stops data imported succesfully!
stops data imported succesfully!
stops data imported succesfully!
stops data imported succesfully!
stops data imported succesfully!
stops data imported succesfully!
stops data imported succesfully!
stops data imported succesfully!
stops data imported succesfully!
stops data imported succesfully!
stops data imported succesfully!
stops data imported succesfully!
stops data imported succesfully!
stops data imported succesfully!
stops data imported succesfully!
stops data imported succesfully!
stops data imported succesfully!
stops data imported succesfully!
stops data imported succesfully!
stops data imported succesfully!
stops data imported succesfully!
stops data imported succesfully!
stops data imported succesfully!
stops data imported succesfully!
stops data imported succesfully!
stops data imported succesfully!
stops data imported succesfully!
stops data imported succesfully!
stops data imported succesfully!
stops data imported succesfully!
stops data imported succesfully!
stops data imported succesfully!
stops data imported succesfully!
stops data imported succesfully!
stops data imported succesfully!
stops data imported succesfully!
stops data imported succesfully!
stops data imported succesfully!
stops data imported succesfully!
stops data imported succesfully!
stops data imported succesfully!
stops data imported succesfully!
stops data imported succesfully!
stops data imported succesfully!
stops data imported succesfully!
stops data imported succesfully!
stops data imported succesfully!
stops data imported succesfully!
stops data imported succesfully!
stops data imported succesfully!
stops data imported succesfully!
stops data imported succesfully!
stops data imported succesfully!
stops data imported succesfully!
stops data imported succesfully!
stops data imported succesfully!
stops data imported succesfully!
stops data imported succesfully!
stops data imported succesfully!
stops data imported succesfully!
stops data imported succesfully!
stops data imported succesfully!
stops data imported succesfully!
stops data imported succesfully!
stops data imported succesfully!
stops data imported succesfully!
stops data imported succesfully!
stops data imported succesfully!
stops data imported succesfully!
stops data imported succesfully!
stops data imported succesfully!
stops data imported succesfully!
stops data imported succesfully!
stops data imported succesfully!
stops data imported succesfully!
stops data imported succesfully!
stops data imported succesfully!
stops data imported succesfully!
stops data imported succesfully!
stops data imported succesfully!
stops data imported succesfully!
stops data imported succesfully!
stops data imported succesfully!
stops data imported succesfully!
stops data imported succesfully!
stops data imported succesfully!
stops data imported succesfully!
stops data imported succesfully!
stops data imported succesfully!
stops data imported succesfully!
stops data imported succesfully!
stops data imported succesfully!
stops data imported succesfully!
stops data imported succesfully!
stops data imported succesfully!
stops data imported succesfully!
stops data imported succesfully!
stops data imported succesfully!
stops data imported succesfully!
stops data imported succesfully!
stops data imported succesfully!
stops data imported succesfully!
stops data imported succesfully!
stops data imported succesfully!
stops data imported succesfully!
stops data imported succesfully!
stops data imported succesfully!
stops data imported succesfully!
stops data imported succesfully!
stops data imported succesfully!
stops data imported succesfully!
stops data imported succesfully!
stops data imported succesfully!
stops data imported succesfully!
stops data imported succesfully!
stops data imported succesfully!
stops data imported succesfully!
stops data imported succesfully!
stops data imported succesfully!
stops data imported succesfully!
stops data imported succesfully!
stops data imported succesfully!
stops data imported succesfully!
stops data imported succesfully!
stops data imported succesfully!
stops data imported succesfully!
stops data imported succesfully!
stops data imported succesfully!
stops data imported succesfully!
stops data imported succesfully!
stops data imported succesfully!
stops data imported succesfully!
stops data imported succesfully!
stops data imported succesfully!
stops data imported succesfully!
stops data imported succesfully!
stops data imported succesfully!
stops data imported succesfully!
stops data imported succesfully!
stops data imported succesfully!
stops data imported succesfully!
stops data imported succesfully!
stops data imported succesfully!
stops data imported succesfully!
stops data imported succesfully!
stops data imported succesfully!
stops data imported succesfully!
stops data imported succesfully!
stops data imported succesfully!
stops data imported succesfully!
stops data imported succesfully!
stops data imported succesfully!
stops data imported succesfully!
stops data imported succesfully!
stops data imported succesfully!
stops data imported succesfully!
stops data imported succesfully!
stops data imported succesfully!
stops data imported succesfully!
stops data imported succesfully!
stops data imported succesfully!
stops data imported succesfully!
stops data imported succesfully!
stops data imported succesfully!
stops data imported succesfully!
stops data imported succesfully!
stops data imported succesfully!
stops data imported succesfully!
stops data imported succesfully!
stops data imported succesfully!
stops data imported succesfully!
stops data imported succesfully!
stops data imported succesfully!
stops data imported succesfully!
stops data imported succesfully!
stops data imported succesfully!
stops data imported succesfully!
stops data imported succesfully!
stops data imported succesfully!
stops data imported succesfully!
stops data imported succesfully!
stops data imported succesfully!
stops data imported succesfully!
stops data imported succesfully!
stops data imported succesfully!
stops data imported succesfully!
stops data imported succesfully!
stops data imported succesfully!
stops data imported succesfully!
stops data imported succesfully!
stops data imported succesfully!
stops data imported succesfully!
stops data imported succesfully!
stops data imported succesfully!
stops data imported succesfully!
stops data imported succesfully!
stops data imported succesfully!
stops data imported succesfully!
stops data imported succesfully!
stops data imported succesfully!
stops data imported succesfully!
stops data imported succesfully!
stops data imported succesfully!
stops data imported succesfully!
stops data imported succesfully!
stops data imported succesfully!
stops data imported succesfully!
stops data imported succesfully!
stops data imported succesfully!
stops data imported succesfully!
stops data imported succesfully!
stops data imported succesfully!
stops data imported succesfully!
stops data imported succesfully!
stops data imported succesfully!
stops data imported succesfully!
stops data imported succesfully!
stops data imported succesfully!
stops data imported succesfully!
stops data imported succesfully!
stops data imported succesfully!
stops data imported succesfully!
stops data imported succesfully!
stops data imported succesfully!
stops data imported succesfully!
stops data imported succesfully!
stops data imported succesfully!
stops data imported succesfully!
stops data imported succesfully!
stops data imported succesfully!
stops data imported succesfully!
stops data imported succesfully!
stops data imported succesfully!
stops data imported succesfully!
stops data imported succesfully!
stops data imported succesfully!
stops data imported succesfully!
stops data imported succesfully!
stops data imported succesfully!
stops data imported succesfully!
stops data imported succesfully!
stops data imported succesfully!
stops data imported succesfully!
stops data imported succesfully!
stops data imported succesfully!
stops data imported succesfully!
stops data imported succesfully!
stops data imported succesfully!
stops data imported succesfully!
stops data imported succesfully!
stops data imported succesfully!
stops data imported succesfully!
stops data imported succesfully!
stops data imported succesfully!
stops data imported succesfully!
stops data imported succesfully!
stops data imported succesfully!
stops data imported succesfully!
stops data imported succesfully!
stops data imported succesfully!
stops data imported succesfully!
stops data imported succesfully!
stops data imported succesfully!
stops data imported succesfully!
stops data imported succesfully!
stops data imported succesfully!
stops data imported succesfully!
stops data imported succesfully!
stops data imported succesfully!
stops data imported succesfully!
stops data imported succesfully!
stops data imported succesfully!
stops data imported succesfully!
stops data imported succesfully!
stops data imported succesfully!
stops data imported succesfully!
stops data imported succesfully!
stops data imported succesfully!
stops data imported succesfully!
stops data imported succesfully!
stops data imported succesfully!
stops data imported succesfully!
stops data imported succesfully!
stops data imported succesfully!
stops data imported succesfully!
stops data imported succesfully!
stops data imported succesfully!
stops data imported succesfully!
stops data imported succesfully!
stops data imported succesfully!
stops data imported succesfully!
stops data imported succesfully!
stops data imported succesfully!
stops data imported succesfully!
stops data imported succesfully!
stops data imported succesfully!
stops data imported succesfully!
stops data imported succesfully!
stops data imported succesfully!
stops data imported succesfully!
stops data imported succesfully!
stops data imported succesfully!
stops data imported succesfully!
stops data imported succesfully!
stops data imported succesfully!
stops data imported succesfully!
stops data imported succesfully!
stops data imported succesfully!
stops data imported succesfully!
stops data imported succesfully!
stops data imported succesfully!
stops data imported succesfully!
stops data imported succesfully!
stops data imported succesfully!
stops data imported succesfully!
stops data imported succesfully!
stops data imported succesfully!
stops data imported succesfully!
stops data imported succesfully!
stops data imported succesfully!
stops data imported succesfully!
stops data imported succesfully!
stops data imported succesfully!
stops data imported succesfully!
stops data imported succesfully!
stops data imported succesfully!
stops data imported succesfully!
stops data imported succesfully!
stops data imported succesfully!
stops data imported succesfully!
stops data imported succesfully!
stops data imported succesfully!
stops data imported succesfully!
stops data imported succesfully!
stops data imported succesfully!
stops data imported succesfully!
stops data imported succesfully!
stops data imported succesfully!
stops data imported succesfully!
stops data imported succesfully!
stops data imported succesfully!
stops data imported succesfully!
stops data imported succesfully!
stops data imported succesfully!
stops data imported succesfully!
stops data imported succesfully!
stops data imported succesfully!
stops data imported succesfully!
stops data imported succesfully!
stops data imported succesfully!
stops data imported succesfully!
stops data imported succesfully!
stops data imported succesfully!
stops data imported succesfully!
stops data imported succesfully!
stops data imported succesfully!
stops data imported succesfully!
stops data imported succesfully!
stops data imported succesfully!
stops data imported succesfully!
stops data imported succesfully!
stops data imported succesfully!
stops data imported succesfully!
stops data imported succesfully!
stops data imported succesfully!
stops data imported succesfully!
stops data imported succesfully!
stops data imported succesfully!
stops data imported succesfully!
stops data imported succesfully!
stops data imported succesfully!
stops data imported succesfully!
stops data imported succesfully!
stops data imported succesfully!
stops data imported succesfully!
stops data imported succesfully!
stops data imported succesfully!
stops data imported succesfully!
stops data imported succesfully!
stops data imported succesfully!
stops data imported succesfully!
stops data imported succesfully!
stops data imported succesfully!
stops data imported succesfully!
stops data imported succesfully!
stops data imported succesfully!
stops data imported succesfully!
stops data imported succesfully!
stops data imported succesfully!
stops data imported succesfully!
stops data imported succesfully!
stops data imported succesfully!
stops data imported succesfully!
stops data imported succesfully!
stops data imported succesfully!
stops data imported succesfully!
stops data imported succesfully!
stops data imported succesfully!
stops data imported succesfully!
stops data imported succesfully!
stops data imported succesfully!
stops data imported succesfully!
stops data imported succesfully!
stops data imported succesfully!
stops data imported succesfully!
stops data imported succesfully!
stops data imported succesfully!
stops data imported succesfully!
stops data imported succesfully!
stops data imported succesfully!
stops data imported succesfully!
stops data imported succesfully!
stops data imported succesfully!
stops data imported succesfully!
stops data imported succesfully!
stops data imported succesfully!
stops data imported succesfully!
stops data imported succesfully!
stops data imported succesfully!
stops data imported succesfully!
stops data imported succesfully!
stops data imported succesfully!
stops data imported succesfully!
stops data imported succesfully!
stops data imported succesfully!
stops data imported succesfully!
stops data imported succesfully!
stops data imported succesfully!
stops data imported succesfully!
stops data imported succesfully!
stops data imported succesfully!
stops data imported succesfully!
stops data imported succesfully!
stops data imported succesfully!
stops data imported succesfully!
stops data imported succesfully!
stops data imported succesfully!
stops data imported succesfully!
stops data imported succesfully!
stops data imported succesfully!
stops data imported succesfully!
stops data imported succesfully!
stops data imported succesfully!
stops data imported succesfully!
stops data imported succesfully!
stops data imported succesfully!
stops data imported succesfully!
stops data imported succesfully!
stops data imported succesfully!
stops data imported succesfully!
stops data imported succesfully!
stops data imported succesfully!
stops data imported succesfully!
stops data imported succesfully!
stops data imported succesfully!
stops data imported succesfully!
stops data imported succesfully!
stops data imported succesfully!
stops data imported succesfully!
stops data imported succesfully!
stops data imported succesfully!
stops data imported succesfully!
stops data imported succesfully!
stops data imported succesfully!
stops data imported succesfully!
stops data imported succesfully!
stops data imported succesfully!
stops data imported succesfully!
stops data imported succesfully!
stops data imported succesfully!
stops data imported succesfully!
stops data imported succesfully!
stops data imported succesfully!
stops data imported succesfully!
stops data imported succesfully!
stops data imported succesfully!
stops data imported succesfully!
stops data imported succesfully!
stops data imported succesfully!
stops data imported succesfully!
stops data imported succesfully!
stops data imported succesfully!
stops data imported succesfully!
stops data imported succesfully!
stops data imported succesfully!
stops data imported succesfully!
stops data imported succesfully!
stops data imported succesfully!
stops data imported succesfully!
stops data imported succesfully!
stops data imported succesfully!
stops data imported succesfully!
stops data imported succesfully!
stops data imported succesfully!
stops data imported succesfully!
stops data imported succesfully!
stops data imported succesfully!
stops data imported succesfully!
stops data imported succesfully!
stops data imported succesfully!
stops data imported succesfully!
stops data imported succesfully!
stops data imported succesfully!
stops data imported succesfully!
stops data imported succesfully!
stops data imported succesfully!
stops data imported succesfully!
stops data imported succesfully!
stops data imported succesfully!
stops data imported succesfully!
stops data imported succesfully!
stops data imported succesfully!
stops data imported succesfully!
stops data imported succesfully!
stops data imported succesfully!
stops data imported succesfully!
stops data imported succesfully!
stops data imported succesfully!
stops data imported succesfully!
stops data imported succesfully!
stops data imported succesfully!
stops data imported succesfully!
stops data imported succesfully!
stops data imported succesfully!
stops data imported succesfully!
stops data imported succesfully!
stops data imported succesfully!
stops data imported succesfully!
stops data imported succesfully!
stops data imported succesfully!
stops data imported succesfully!
stops data imported succesfully!
stops data imported succesfully!
stops data imported succesfully!
stops data imported succesfully!
stops data imported succesfully!
stops data imported succesfully!
stops data imported succesfully!
stops data imported succesfully!
stops data imported succesfully!
stops data imported succesfully!
stops data imported succesfully!
stops data imported succesfully!
stops data imported succesfully!
stops data imported succesfully!
stops data imported succesfully!
stops data imported succesfully!
stops data imported succesfully!
stops data imported succesfully!
stops data imported succesfully!
stops data imported succesfully!
stops data imported succesfully!
stops data imported succesfully!
stops data imported succesfully!
stops data imported succesfully!
stops data imported succesfully!
stops data imported succesfully!
stops data imported succesfully!
stops data imported succesfully!
stops data imported succesfully!
stops data imported succesfully!
stops data imported succesfully!
stops data imported succesfully!
stops data imported succesfully!
stops data imported succesfully!
stops data imported succesfully!
stops data imported succesfully!
stops data imported succesfully!
stops data imported succesfully!
stops data imported succesfully!
stops data imported succesfully!
stops data imported succesfully!
stops data imported succesfully!
stops data imported succesfully!
stops data imported succesfully!
stops data imported succesfully!
stops data imported succesfully!
stops data imported succesfully!
stops data imported succesfully!
stops data imported succesfully!
stops data imported succesfully!
stops data imported succesfully!
stops data imported succesfully!
stops data imported succesfully!
stops data imported succesfully!
stops data imported succesfully!
stops data imported succesfully!
stops data imported succesfully!
stops data imported succesfully!
stops data imported succesfully!
stops data imported succesfully!
stops data imported succesfully!
stops data imported succesfully!
stops data imported succesfully!
stops data imported succesfully!
stops data imported succesfully!
stops data imported succesfully!
stops data imported succesfully!
stops data imported succesfully!
stops data imported succesfully!
stops data imported succesfully!
stops data imported succesfully!
stops data imported succesfully!
stops data imported succesfully!
stops data imported succesfully!
stops data imported succesfully!
stops data imported succesfully!
stops data imported succesfully!
stops data imported succesfully!
stops data imported succesfully!
stops data imported succesfully!
stops data imported succesfully!
stops data imported succesfully!
stops data imported succesfully!
stops data imported succesfully!
stops data imported succesfully!
stops data imported succesfully!
stops data imported succesfully!
stops data imported succesfully!
stops data imported succesfully!
stops data imported succesfully!
stops data imported succesfully!
stops data imported succesfully!
stops data imported succesfully!
stops data imported succesfully!
stops data imported succesfully!
stops data imported succesfully!
stops data imported succesfully!
stops data imported succesfully!
stops data imported succesfully!
stops data imported succesfully!
stops data imported succesfully!
stops data imported succesfully!
stops data imported succesfully!
stops data imported succesfully!
stops data imported succesfully!
stops data imported succesfully!
stops data imported succesfully!
stops data imported succesfully!
stops data imported succesfully!
stops data imported succesfully!
stops data imported succesfully!
stops data imported succesfully!
stops data imported succesfully!
stops data imported succesfully!
stops data imported succesfully!
stops data imported succesfully!
stops data imported succesfully!
stops data imported succesfully!
stops data imported succesfully!
stops data imported succesfully!
stops data imported succesfully!
stops data imported succesfully!
stops data imported succesfully!
stops data imported succesfully!
stops data imported succesfully!
stops data imported succesfully!
stops data imported succesfully!
stops data imported succesfully!
stops data imported succesfully!
stops data imported succesfully!
stops data imported succesfully!
stops data imported succesfully!
stops data imported succesfully!
stops data imported succesfully!
stops data imported succesfully!
stops data imported succesfully!
stops data imported succesfully!
stops data imported succesfully!
stops data imported succesfully!
stops data imported succesfully!
stops data imported succesfully!
stops data imported succesfully!
stops data imported succesfully!
stops data imported succesfully!
stops data imported succesfully!
stops data imported succesfully!
stops data imported succesfully!
stops data imported succesfully!
stops data imported succesfully!
stops data imported succesfully!
stops data imported succesfully!
stops data imported succesfully!
stops data imported succesfully!
stops data imported succesfully!
stops data imported succesfully!
stops data imported succesfully!
stops data imported succesfully!
stops data imported succesfully!
stops data imported succesfully!
stops data imported succesfully!
stops data imported succesfully!
stops data imported succesfully!
stops data imported succesfully!
stops data imported succesfully!
stops data imported succesfully!
stops data imported succesfully!
stops data imported succesfully!
stops data imported succesfully!
stops data imported succesfully!
stops data imported succesfully!
stops data imported succesfully!
stops data imported succesfully!
stops data imported succesfully!
stops data imported succesfully!
stops data imported succesfully!
stops data imported succesfully!
stops data imported succesfully!
stops data imported succesfully!
stops data imported succesfully!
stops data imported succesfully!
stops data imported succesfully!
stops data imported succesfully!
stops data imported succesfully!
stops data imported succesfully!
stops data imported succesfully!
stops data imported succesfully!
stops data imported succesfully!
stops data imported succesfully!
stops data imported succesfully!
stops data imported succesfully!
stops data imported succesfully!
stops data imported succesfully!
stops data imported succesfully!
stops data imported succesfully!
stops data imported succesfully!
stops data imported succesfully!
stops data imported succesfully!
stops data imported succesfully!
stops data imported succesfully!
stops data imported succesfully!
stops data imported succesfully!
stops data imported succesfully!
stops data imported succesfully!
stops data imported succesfully!
stops data imported succesfully!
stops data imported succesfully!
stops data imported succesfully!
stops data imported succesfully!
stops data imported succesfully!
stops data imported succesfully!
stops data imported succesfully!
stops data imported succesfully!
stops data imported succesfully!
stops data imported succesfully!
stops data imported succesfully!
stops data imported succesfully!
stops data imported succesfully!
stops data imported succesfully!
stops data imported succesfully!
stops data imported succesfully!
stops data imported succesfully!
stops data imported succesfully!
stops data imported succesfully!
stops data imported succesfully!
stops data imported succesfully!
stops data imported succesfully!
stops data imported succesfully!
stops data imported succesfully!
stops data imported succesfully!
stops data imported succesfully!
stops data imported succesfully!
stops data imported succesfully!
stops data imported succesfully!
stops data imported succesfully!
stops data imported succesfully!
stops data imported succesfully!
stops data imported succesfully!
stops data imported succesfully!
stops data imported succesfully!
stops data imported succesfully!
stops data imported succesfully!
stops data imported succesfully!
stops data imported succesfully!
stops data imported succesfully!
stops data imported succesfully!
stops data imported succesfully!
stops data imported succesfully!
stops data imported succesfully!
stops data imported succesfully!
stops data imported succesfully!
stops data imported succesfully!
stops data imported succesfully!
stops data imported succesfully!
stops data imported succesfully!
stops data imported succesfully!
stops data imported succesfully!
stops data imported succesfully!
stops data imported succesfully!
stops data imported succesfully!
stops data imported succesfully!
stops data imported succesfully!
stops data imported succesfully!
stops data imported succesfully!
stops data imported succesfully!
stops data imported succesfully!
stops data imported succesfully!
stops data imported succesfully!
stops data imported succesfully!
stops data imported succesfully!
stops data imported succesfully!
stops data imported succesfully!
stops data imported succesfully!
stops data imported succesfully!
stops data imported succesfully!
stops data imported succesfully!
stops data imported succesfully!
stops data imported succesfully!
stops data imported succesfully!
stops data imported succesfully!
stops data imported succesfully!
stops data imported succesfully!
stops data imported succesfully!
stops data imported succesfully!
stops data imported succesfully!
stops data imported succesfully!
stops data imported succesfully!
stops data imported succesfully!
stops data imported succesfully!
stops data imported succesfully!
stops data imported succesfully!
stops data imported succesfully!
stops data imported succesfully!
stops data imported succesfully!
stops data imported succesfully!
stops data imported succesfully!
stops data imported succesfully!
stops data imported succesfully!
stops data imported succesfully!
stops data imported succesfully!
stops data imported succesfully!
stops data imported succesfully!
stops data imported succesfully!
stops data imported succesfully!
stops data imported succesfully!
stops data imported succesfully!
stops data imported succesfully!
stops data imported succesfully!
stops data imported succesfully!
stops data imported succesfully!
stops data imported succesfully!
stops data imported succesfully!
stops data imported succesfully!
stops data imported succesfully!
stops data imported succesfully!
stops data imported succesfully!
stops data imported succesfully!
stops data imported succesfully!
stops data imported succesfully!
stops data imported succesfully!
stops data imported succesfully!
stops data imported succesfully!
stops data imported succesfully!
stops data imported succesfully!
stops data imported succesfully!
stops data imported succesfully!
stops data imported succesfully!
stops data imported succesfully!
stops data imported succesfully!
stops data imported succesfully!
stops data imported succesfully!
stops data imported succesfully!
stops data imported succesfully!
stops data imported succesfully!
stops data imported succesfully!
stops data imported succesfully!
stops data imported succesfully!
stops data imported succesfully!
stops data imported succesfully!
stops data imported succesfully!
stops data imported succesfully!
stops data imported succesfully!
stops data imported succesfully!
stops data imported succesfully!
stops data imported succesfully!
stops data imported succesfully!
stops data imported succesfully!
stops data imported succesfully!
stops data imported succesfully!
stops data imported succesfully!
stops data imported succesfully!
stops data imported succesfully!
stops data imported succesfully!
stops data imported succesfully!
stops data imported succesfully!
stops data imported succesfully!
stops data imported succesfully!
stops data imported succesfully!
stops data imported succesfully!
stops data imported succesfully!
stops data imported succesfully!
stops data imported succesfully!
stops data imported succesfully!
stops data imported succesfully!
stops data imported succesfully!
stops data imported succesfully!
stops data imported succesfully!
stops data imported succesfully!
stops data imported succesfully!
stops data imported succesfully!
stops data imported succesfully!
stops data imported succesfully!
stops data imported succesfully!
stops data imported succesfully!
stops data imported succesfully!
stops data imported succesfully!
stops data imported succesfully!
stops data imported succesfully!
stops data imported succesfully!
stops data imported succesfully!
stops data imported succesfully!
stops data imported succesfully!
stops data imported succesfully!
stops data imported succesfully!
stops data imported succesfully!
stops data imported succesfully!
stops data imported succesfully!
stops data imported succesfully!
stops data imported succesfully!
stops data imported succesfully!
stops data imported succesfully!
stops data imported succesfully!
stops data imported succesfully!
stops data imported succesfully!
stops data imported succesfully!
stops data imported succesfully!
stops data imported succesfully!
stops data imported succesfully!
stops data imported succesfully!
stops data imported succesfully!
stops data imported succesfully!
stops data imported succesfully!
stops data imported succesfully!
stops data imported succesfully!
stops data imported succesfully!
stops data imported succesfully!
stops data imported succesfully!
stops data imported succesfully!
stops data imported succesfully!
stops data imported succesfully!
stops data imported succesfully!
stops data imported succesfully!
stops data imported succesfully!
stops data imported succesfully!
stops data imported succesfully!
stops data imported succesfully!
stops data imported succesfully!
stops data imported succesfully!
stops data imported succesfully!
stops data imported succesfully!
stops data imported succesfully!
stops data imported succesfully!
stops data imported succesfully!
stops data imported succesfully!
stops data imported succesfully!
stops data imported succesfully!
stops data imported succesfully!
stops data imported succesfully!
stops data imported succesfully!
stops data imported succesfully!
stops data imported succesfully!
stops data imported succesfully!
stops data imported succesfully!
stops data imported succesfully!
stops data imported succesfully!
stops data imported succesfully!
stops data imported succesfully!
stops data imported succesfully!
stops data imported succesfully!
stops data imported succesfully!
stops data imported succesfully!
stops data imported succesfully!
stops data imported succesfully!
stops data imported succesfully!
stops data imported succesfully!
stops data imported succesfully!
stops data imported succesfully!
stops data imported succesfully!
stops data imported succesfully!
stops data imported succesfully!
stops data imported succesfully!
stops data imported succesfully!
stops data imported succesfully!
stops data imported succesfully!
stops data imported succesfully!
stops data imported succesfully!
stops data imported succesfully!
stops data imported succesfully!
stops data imported succesfully!
stops data imported succesfully!
stops data imported succesfully!
stops data imported succesfully!
stops data imported succesfully!
stops data imported succesfully!
stops data imported succesfully!
stops data imported succesfully!
stops data imported succesfully!
stops data imported succesfully!
stops data imported succesfully!
stops data imported succesfully!
stops data imported succesfully!
stops data imported succesfully!
stops data imported succesfully!
stops data imported succesfully!
stops data imported succesfully!
stops data imported succesfully!
stops data imported succesfully!
stops data imported succesfully!
stops data imported succesfully!
stops data imported succesfully!
stops data imported succesfully!
stops data imported succesfully!
stops data imported succesfully!
stops data imported succesfully!
stops data imported succesfully!
stops data imported succesfully!
stops data imported succesfully!
stops data imported succesfully!
stops data imported succesfully!
stops data imported succesfully!
stops data imported succesfully!
stops data imported succesfully!
stops data imported succesfully!
stops data imported succesfully!
stops data imported succesfully!
stops data imported succesfully!
stops data imported succesfully!
stops data imported succesfully!
stops data imported succesfully!
stops data imported succesfully!
stops data imported succesfully!
stops data imported succesfully!
stops data imported succesfully!
stops data imported succesfully!
stops data imported succesfully!
stops data imported succesfully!
stops data imported succesfully!
stops data imported succesfully!
stops data imported succesfully!
stops data imported succesfully!
stops data imported succesfully!
stops data imported succesfully!
stops data imported succesfully!
stops data imported succesfully!
stops data imported succesfully!
stops data imported succesfully!
stops data imported succesfully!
stops data imported succesfully!
stops data imported succesfully!
stops data imported succesfully!
stops data imported succesfully!
stops data imported succesfully!
stops data imported succesfully!
stops data imported succesfully!
stops data imported succesfully!
stops data imported succesfully!
stops data imported succesfully!
stops data imported succesfully!
stops data imported succesfully!
stops data imported succesfully!
stops data imported succesfully!
stops data imported succesfully!
stops data imported succesfully!
stops data imported succesfully!
stops data imported succesfully!
stops data imported succesfully!
stops data imported succesfully!
stops data imported succesfully!
stops data imported succesfully!
stops data imported succesfully!
stops data imported succesfully!
stops data imported succesfully!
stops data imported succesfully!
stops data imported succesfully!
stops data imported succesfully!
stops data imported succesfully!
stops data imported succesfully!
stops data imported succesfully!
stops data imported succesfully!
stops data imported succesfully!
stops data imported succesfully!
stops data imported succesfully!
stops data imported succesfully!
stops data imported succesfully!
stops data imported succesfully!
stops data imported succesfully!
stops data imported succesfully!
stops data imported succesfully!
stops data imported succesfully!
stops data imported succesfully!
stops data imported succesfully!
stops data imported succesfully!
stops data imported succesfully!
stops data imported succesfully!
stops data imported succesfully!
stops data imported succesfully!
stops data imported succesfully!
stops data imported succesfully!
stops data imported succesfully!
stops data imported succesfully!
stops data imported succesfully!
stops data imported succesfully!
stops data imported succesfully!
stops data imported succesfully!
stops data imported succesfully!
stops data imported succesfully!
stops data imported succesfully!
stops data imported succesfully!
stops data imported succesfully!
stops data imported succesfully!
stops data imported succesfully!
stops data imported succesfully!
stops data imported succesfully!
stops data imported succesfully!
stops data imported succesfully!
stops data imported succesfully!
stops data imported succesfully!
stops data imported succesfully!
stops data imported succesfully!
stops data imported succesfully!
stops data imported succesfully!
stops data imported succesfully!
stops data imported succesfully!
stops data imported succesfully!
stops data imported succesfully!
stops data imported succesfully!
stops data imported succesfully!
stops data imported succesfully!
stops data imported succesfully!
stops data imported succesfully!
stops data imported succesfully!
stops data imported succesfully!
stops data imported succesfully!
stops data imported succesfully!
stops data imported succesfully!
stops data imported succesfully!
stops data imported succesfully!
stops data imported succesfully!
stops data imported succesfully!
stops data imported succesfully!
stops data imported succesfully!
stops data imported succesfully!
stops data imported succesfully!
stops data imported succesfully!
stops data imported succesfully!
stops data imported succesfully!
stops data imported succesfully!
stops data imported succesfully!
stops data imported succesfully!
stops data imported succesfully!
stops data imported succesfully!
stops data imported succesfully!
stops data imported succesfully!
stops data imported succesfully!
stops data imported succesfully!
stops data imported succesfully!
stops data imported succesfully!
stops data imported succesfully!
stops data imported succesfully!
stops data imported succesfully!
stops data imported succesfully!
stops data imported succesfully!
stops data imported succesfully!
stops data imported succesfully!
stops data imported succesfully!
stops data imported succesfully!
stops data imported succesfully!
stops data imported succesfully!
stops data imported succesfully!
stops data imported succesfully!
stops data imported succesfully!
stops data imported succesfully!
stops data imported succesfully!
stops data imported succesfully!
stops data imported succesfully!
stops data imported succesfully!
stops data imported succesfully!
stops data imported succesfully!
stops data imported succesfully!
stops data imported succesfully!
stops data imported succesfully!
stops data imported succesfully!
stops data imported succesfully!
stops data imported succesfully!
stops data imported succesfully!
stops data imported succesfully!
stops data imported succesfully!
stops data imported succesfully!
stops data imported succesfully!
stops data imported succesfully!
stops data imported succesfully!
stops data imported succesfully!
stops data imported succesfully!
stops data imported succesfully!
stops data imported succesfully!
stops data imported succesfully!
stops data imported succesfully!
stops data imported succesfully!
stops data imported succesfully!
stops data imported succesfully!
stops data imported succesfully!
stops data imported succesfully!
stops data imported succesfully!
stops data imported succesfully!
stops data imported succesfully!
stops data imported succesfully!
stops data imported succesfully!
stops data imported succesfully!
stops data imported succesfully!
stops data imported succesfully!
stops data imported succesfully!
stops data imported succesfully!
stops data imported succesfully!
stops data imported succesfully!
stops data imported succesfully!
stops data imported succesfully!
stops data imported succesfully!
stops data imported succesfully!
stops data imported succesfully!
stops data imported succesfully!
stops data imported succesfully!
stops data imported succesfully!
stops data imported succesfully!
stops data imported succesfully!
stops data imported succesfully!
stops data imported succesfully!
stops data imported succesfully!
stops data imported succesfully!
stops data imported succesfully!
stops data imported succesfully!
stops data imported succesfully!
stops data imported succesfully!
stops data imported succesfully!
stops data imported succesfully!
stops data imported succesfully!
stops data imported succesfully!
stops data imported succesfully!
stops data imported succesfully!
stops data imported succesfully!
stops data imported succesfully!
stops data imported succesfully!
stops data imported succesfully!
stops data imported succesfully!
stops data imported succesfully!
stops data imported succesfully!
stops data imported succesfully!
stops data imported succesfully!
stops data imported succesfully!
stops data imported succesfully!
stops data imported succesfully!
stops data imported succesfully!
stops data imported succesfully!
stops data imported succesfully!
stops data imported succesfully!
stops data imported succesfully!
stops data imported succesfully!
stops data imported succesfully!
stops data imported succesfully!
stops data imported succesfully!
stops data imported succesfully!
stops data imported succesfully!
stops data imported succesfully!
stops data imported succesfully!
stops data imported succesfully!
stops data imported succesfully!
stops data imported succesfully!
stops data imported succesfully!
stops data imported succesfully!
stops data imported succesfully!
stops data imported succesfully!
stops data imported succesfully!
stops data imported succesfully!
stops data imported succesfully!
stops data imported succesfully!
stops data imported succesfully!
stops data imported succesfully!
stops data imported succesfully!
stops data imported succesfully!
stops data imported succesfully!
stops data imported succesfully!
stops data imported succesfully!
stops data imported succesfully!
stops data imported succesfully!
stops data imported succesfully!
stops data imported succesfully!
stops data imported succesfully!
stops data imported succesfully!
stops data imported succesfully!
stops data imported succesfully!
stops data imported succesfully!
stops data imported succesfully!
stops data imported succesfully!
stops data imported succesfully!
stops data imported succesfully!
stops data imported succesfully!
stops data imported succesfully!
stops data imported succesfully!
stops data imported succesfully!
stops data imported succesfully!
stops data imported succesfully!
stops data imported succesfully!
stops data imported succesfully!
stops data imported succesfully!
stops data imported succesfully!
stops data imported succesfully!
stops data imported succesfully!
stops data imported succesfully!
stops data imported succesfully!
stops data imported succesfully!
stops data imported succesfully!
stops data imported succesfully!
stops data imported succesfully!
stops data imported succesfully!
stops data imported succesfully!
stops data imported succesfully!
stops data imported succesfully!
stops data imported succesfully!
stops data imported succesfully!
stops data imported succesfully!
stops data imported succesfully!
stops data imported succesfully!
stops data imported succesfully!
stops data imported succesfully!
stops data imported succesfully!
stops data imported succesfully!
stops data imported succesfully!
stops data imported succesfully!
stops data imported succesfully!
stops data imported succesfully!
stops data imported succesfully!
stops data imported succesfully!
stops data imported succesfully!
stops data imported succesfully!
stops data imported succesfully!
stops data imported succesfully!
stops data imported succesfully!
stops data imported succesfully!
stops data imported succesfully!
stops data imported succesfully!
stops data imported succesfully!
stops data imported succesfully!
stops data imported succesfully!
stops data imported succesfully!
stops data imported succesfully!
stops data imported succesfully!
stops data imported succesfully!
stops data imported succesfully!
stops data imported succesfully!
stops data imported succesfully!
stops data imported succesfully!
stops data imported succesfully!
stops data imported succesfully!
stops data imported succesfully!
stops data imported succesfully!
stops data imported succesfully!
stops data imported succesfully!
stops data imported succesfully!
stops data imported succesfully!
stops data imported succesfully!
stops data imported succesfully!
stops data imported succesfully!
stops data imported succesfully!
stops data imported succesfully!
stops data imported succesfully!
stops data imported succesfully!
stops data imported succesfully!
stops data imported succesfully!
stops data imported succesfully!
stops data imported succesfully!
stops data imported succesfully!
stops data imported succesfully!
stops data imported succesfully!
stops data imported succesfully!
stops data imported succesfully!
stops data imported succesfully!
stops data imported succesfully!
stops data imported succesfully!
stops data imported succesfully!
stops data imported succesfully!
stops data imported succesfully!
stops data imported succesfully!
stops data imported succesfully!
stops data imported succesfully!
stops data imported succesfully!
stops data imported succesfully!
stops data imported succesfully!
stops data imported succesfully!
stops data imported succesfully!
stops data imported succesfully!
stops data imported succesfully!
stops data imported succesfully!
stops data imported succesfully!
stops data imported succesfully!
stops data imported succesfully!
stops data imported succesfully!
stops data imported succesfully!
stops data imported succesfully!
stops data imported succesfully!
stops data imported succesfully!
stops data imported succesfully!
stops data imported succesfully!
stops data imported succesfully!
stops data imported succesfully!
stops data imported succesfully!
stops data imported succesfully!
stops data imported succesfully!
stops data imported succesfully!
stops data imported succesfully!
stops data imported succesfully!
stops data imported succesfully!
stops data imported succesfully!
stops data imported succesfully!
stops data imported succesfully!
stops data imported succesfully!
stops data imported succesfully!
stops data imported succesfully!
stops data imported succesfully!
stops data imported succesfully!
stops data imported succesfully!
stops data imported succesfully!
stops data imported succesfully!
stops data imported succesfully!
stops data imported succesfully!
stops data imported succesfully!
stops data imported succesfully!
stops data imported succesfully!
stops data imported succesfully!
stops data imported succesfully!
stops data imported succesfully!
stops data imported succesfully!
stops data imported succesfully!
stops data imported succesfully!
stops data imported succesfully!
stops data imported succesfully!
stops data imported succesfully!
stops data imported succesfully!
stops data imported succesfully!
stops data imported succesfully!
stops data imported succesfully!
stops data imported succesfully!
stops data imported succesfully!
stops data imported succesfully!
stops data imported succesfully!
stops data imported succesfully!
stops data imported succesfully!
stops data imported succesfully!
stops data imported succesfully!
stops data imported succesfully!
stops data imported succesfully!
stops data imported succesfully!
stops data imported succesfully!
stops data imported succesfully!
stops data imported succesfully!
stops data imported succesfully!
stops data imported succesfully!
stops data imported succesfully!
stops data imported succesfully!
stops data imported succesfully!
stops data imported succesfully!
stops data imported succesfully!
stops data imported succesfully!
stops data imported succesfully!
stops data imported succesfully!
stops data imported succesfully!
stops data imported succesfully!
stops data imported succesfully!
stops data imported succesfully!
stops data imported succesfully!
stops data imported succesfully!
stops data imported succesfully!
stops data imported succesfully!
stops data imported succesfully!
stops data imported succesfully!
stops data imported succesfully!
stops data imported succesfully!
stops data imported succesfully!
stops data imported succesfully!
stops data imported succesfully!
stops data imported succesfully!
stops data imported succesfully!
stops data imported succesfully!
stops data imported succesfully!
stops data imported succesfully!
stops data imported succesfully!
stops data imported succesfully!
stops data imported succesfully!
stops data imported succesfully!
stops data imported succesfully!
stops data imported succesfully!
stops data imported succesfully!
stops data imported succesfully!
stops data imported succesfully!
stops data imported succesfully!
stops data imported succesfully!
stops data imported succesfully!
stops data imported succesfully!
stops data imported succesfully!
stops data imported succesfully!
stops data imported succesfully!
stops data imported succesfully!
stops data imported succesfully!
stops data imported succesfully!
stops data imported succesfully!
stops data imported succesfully!
stops data imported succesfully!
stops data imported succesfully!
stops data imported succesfully!
stops data imported succesfully!
stops data imported succesfully!
stops data imported succesfully!
stops data imported succesfully!
stops data imported succesfully!
stops data imported succesfully!
stops data imported succesfully!
stops data imported succesfully!
stops data imported succesfully!
stops data imported succesfully!
stops data imported succesfully!
stops data imported succesfully!
stops data imported succesfully!
stops data imported succesfully!
stops data imported succesfully!
stops data imported succesfully!
stops data imported succesfully!
stops data imported succesfully!
stops data imported succesfully!
stops data imported succesfully!
stops data imported succesfully!
stops data imported succesfully!
stops data imported succesfully!
stops data imported succesfully!
stops data imported succesfully!
stops data imported succesfully!
stops data imported succesfully!
stops data imported succesfully!
stops data imported succesfully!
stops data imported succesfully!
stops data imported succesfully!
stops data imported succesfully!
stops data imported succesfully!
stops data imported succesfully!
stops data imported succesfully!
stops data imported succesfully!
stops data imported succesfully!
stops data imported succesfully!
stops data imported succesfully!
stops data imported succesfully!
stops data imported succesfully!
stops data imported succesfully!
stops data imported succesfully!
stops data imported succesfully!
stops data imported succesfully!
stops data imported succesfully!
stops data imported succesfully!
stops data imported succesfully!
stops data imported succesfully!
stops data imported succesfully!
stops data imported succesfully!
stops data imported succesfully!
stops data imported succesfully!
stops data imported succesfully!
stops data imported succesfully!
stops data imported succesfully!
stops data imported succesfully!
stops data imported succesfully!
stops data imported succesfully!
stops data imported succesfully!
stops data imported succesfully!
stops data imported succesfully!
stops data imported succesfully!
stops data imported succesfully!
stops data imported succesfully!
stops data imported succesfully!
stops data imported succesfully!
stops data imported succesfully!
stops data imported succesfully!
stops data imported succesfully!
stops data imported succesfully!
stops data imported succesfully!
stops data imported succesfully!
stops data imported succesfully!
stops data imported succesfully!
stops data imported succesfully!
stops data imported succesfully!
stops data imported succesfully!
stops data imported succesfully!
stops data imported succesfully!
stops data imported succesfully!
stops data imported succesfully!
stops data imported succesfully!
stops data imported succesfully!
stops data imported succesfully!
stops data imported succesfully!
stops data imported succesfully!
stops data imported succesfully!
stops data imported succesfully!
stops data imported succesfully!
stops data imported succesfully!
stops data imported succesfully!
stops data imported succesfully!
stops data imported succesfully!
stops data imported succesfully!
stops data imported succesfully!
stops data imported succesfully!
stops data imported succesfully!
stops data imported succesfully!
stops data imported succesfully!
stops data imported succesfully!
stops data imported succesfully!
stops data imported succesfully!
stops data imported succesfully!
stops data imported succesfully!
stops data imported succesfully!
stops data imported succesfully!
stops data imported succesfully!
stops data imported succesfully!
stops data imported succesfully!
stops data imported succesfully!
stops data imported succesfully!
stops data imported succesfully!
stops data imported succesfully!
stops data imported succesfully!
stops data imported succesfully!
stops data imported succesfully!
stops data imported succesfully!
stops data imported succesfully!
stops data imported succesfully!
stops data imported succesfully!
stops data imported succesfully!
stops data imported succesfully!
stops data imported succesfully!
stops data imported succesfully!
stops data imported succesfully!
stops data imported succesfully!
stops data imported succesfully!
stops data imported succesfully!
stops data imported succesfully!
stops data imported succesfully!
stops data imported succesfully!
stops data imported succesfully!
stops data imported succesfully!
stops data imported succesfully!
stops data imported succesfully!
stops data imported succesfully!
stops data imported succesfully!
stops data imported succesfully!
stops data imported succesfully!
stops data imported succesfully!
stops data imported succesfully!
stops data imported succesfully!
stops data imported succesfully!
stops data imported succesfully!
stops data imported succesfully!
stops data imported succesfully!
stops data imported succesfully!
stops data imported succesfully!
stops data imported succesfully!
stops data imported succesfully!
stops data imported succesfully!
stops data imported succesfully!
stops data imported succesfully!
stops data imported succesfully!
stops data imported succesfully!
stops data imported succesfully!
stops data imported succesfully!
stops data imported succesfully!
stops data imported succesfully!
stops data imported succesfully!
stops data imported succesfully!
stops data imported succesfully!
stops data imported succesfully!
stops data imported succesfully!
stops data imported succesfully!
stops data imported succesfully!
stops data imported succesfully!
stops data imported succesfully!
stops data imported succesfully!
stops data imported succesfully!
stops data imported succesfully!
stops data imported succesfully!
stops data imported succesfully!
stops data imported succesfully!
stops data imported succesfully!
stops data imported succesfully!
stops data imported succesfully!
stops data imported succesfully!
stops data imported succesfully!
stops data imported succesfully!
stops data imported succesfully!
stops data imported succesfully!
stops data imported succesfully!
stops data imported succesfully!
stops data imported succesfully!
stops data imported succesfully!
stops data imported succesfully!
stops data imported succesfully!
stops data imported succesfully!
stops data imported succesfully!
stops data imported succesfully!
stops data imported succesfully!
stops data imported succesfully!
stops data imported succesfully!
stops data imported succesfully!
stops data imported succesfully!
stops data imported succesfully!
stops data imported succesfully!
stops data imported succesfully!
stops data imported succesfully!
stops data imported succesfully!
stops data imported succesfully!
stops data imported succesfully!
stops data imported succesfully!
stops data imported succesfully!
stops data imported succesfully!
stops data imported succesfully!
stops data imported succesfully!
stops data imported succesfully!
stops data imported succesfully!
stops data imported succesfully!
stops data imported succesfully!
stops data imported succesfully!
stops data imported succesfully!
stops data imported succesfully!
stops data imported succesfully!
stops data imported succesfully!
stops data imported succesfully!
stops data imported succesfully!
stops data imported succesfully!
stops data imported succesfully!
stops data imported succesfully!
stops data imported succesfully!
stops data imported succesfully!
stops data imported succesfully!
stops data imported succesfully!
stops data imported succesfully!
stops data imported succesfully!
stops data imported succesfully!
stops data imported succesfully!
stops data imported succesfully!
stops data imported succesfully!
stops data imported succesfully!
stops data imported succesfully!
stops data imported succesfully!
stops data imported succesfully!
stops data imported succesfully!
stops data imported succesfully!
stops data imported succesfully!
stops data imported succesfully!
stops data imported succesfully!
stops data imported succesfully!
stops data imported succesfully!
stops data imported succesfully!
stops data imported succesfully!
stops data imported succesfully!
stops data imported succesfully!
stops data imported succesfully!
stops data imported succesfully!
stops data imported succesfully!
stops data imported succesfully!
stops data imported succesfully!
stops data imported succesfully!
stops data imported succesfully!
stops data imported succesfully!
stops data imported succesfully!
stops data imported succesfully!
stops data imported succesfully!
stops data imported succesfully!
stops data imported succesfully!
stops data imported succesfully!
stops data imported succesfully!
stops data imported succesfully!
stops data imported succesfully!
stops data imported succesfully!
stops data imported succesfully!
stops data imported succesfully!
stops data imported succesfully!
stops data imported succesfully!
stops data imported succesfully!
stops data imported succesfully!
stops data imported succesfully!
stops data imported succesfully!
stops data imported succesfully!
stops data imported succesfully!
stops data imported succesfully!
stops data imported succesfully!
stops data imported succesfully!
stops data imported succesfully!
stops data imported succesfully!
stops data imported succesfully!
stops data imported succesfully!
stops data imported succesfully!
stops data imported succesfully!
stops data imported succesfully!
stops data imported succesfully!
stops data imported succesfully!
stops data imported succesfully!
stops data imported succesfully!
stops data imported succesfully!
stops data imported succesfully!
stops data imported succesfully!
stops data imported succesfully!
stops data imported succesfully!
stops data imported succesfully!
stops data imported succesfully!
stops data imported succesfully!
stops data imported succesfully!
stops data imported succesfully!
stops data imported succesfully!
stops data imported succesfully!
stops data imported succesfully!
stops data imported succesfully!
stops data imported succesfully!
stops data imported succesfully!
stops data imported succesfully!
stops data imported succesfully!
stops data imported succesfully!
stops data imported succesfully!
stops data imported succesfully!
stops data imported succesfully!
stops data imported succesfully!
stops data imported succesfully!
stops data imported succesfully!
stops data imported succesfully!
stops data imported succesfully!
stops data imported succesfully!
stops data imported succesfully!
stops data imported succesfully!
stops data imported succesfully!
stops data imported succesfully!
stops data imported succesfully!
stops data imported succesfully!
stops data imported succesfully!
stops data imported succesfully!
stops data imported succesfully!
stops data imported succesfully!
stops data imported succesfully!
stops data imported succesfully!
stops data imported succesfully!
stops data imported succesfully!
stops data imported succesfully!
stops data imported succesfully!
stops data imported succesfully!
stops data imported succesfully!
stops data imported succesfully!
stops data imported succesfully!
stops data imported succesfully!
stops data imported succesfully!
stops data imported succesfully!
stops data imported succesfully!
stops data imported succesfully!
stops data imported succesfully!
stops data imported succesfully!
stops data imported succesfully!
stops data imported succesfully!
stops data imported succesfully!
stops data imported succesfully!
stops data imported succesfully!
stops data imported succesfully!
stops data imported succesfully!
stops data imported succesfully!
stops data imported succesfully!
stops data imported succesfully!
stops data imported succesfully!
stops data imported succesfully!
stops data imported succesfully!
stops data imported succesfully!
stops data imported succesfully!
stops data imported succesfully!
stops data imported succesfully!
stops data imported succesfully!
stops data imported succesfully!
stops data imported succesfully!
stops data imported succesfully!
stops data imported succesfully!
stops data imported succesfully!
stops data imported succesfully!
stops data imported succesfully!
stops data imported succesfully!
stops data imported succesfully!
stops data imported succesfully!
stops data imported succesfully!
stops data imported succesfully!
stops data imported succesfully!
stops data imported succesfully!
stops data imported succesfully!
stops data imported succesfully!
stops data imported succesfully!
stops data imported succesfully!
stops data imported succesfully!
stops data imported succesfully!
stops data imported succesfully!
stops data imported succesfully!
stops data imported succesfully!
stops data imported succesfully!
stops data imported succesfully!
stops data imported succesfully!
stops data imported succesfully!
stops data imported succesfully!
stops data imported succesfully!
stops data imported succesfully!
stops data imported succesfully!
stops data imported succesfully!
stops data imported succesfully!
stops data imported succesfully!
stops data imported succesfully!
stops data imported succesfully!
stops data imported succesfully!
stops data imported succesfully!
stops data imported succesfully!
stops data imported succesfully!
stops data imported succesfully!
stops data imported succesfully!
stops data imported succesfully!
stops data imported succesfully!
stops data imported succesfully!
stops data imported succesfully!
stops data imported succesfully!
stops data imported succesfully!
stops data imported succesfully!
stops data imported succesfully!
stops data imported succesfully!
stops data imported succesfully!
stops data imported succesfully!
stops data imported succesfully!
stops data imported succesfully!
stops data imported succesfully!
stops data imported succesfully!
stops data imported succesfully!
stops data imported succesfully!
stops data imported succesfully!
stops data imported succesfully!
stops data imported succesfully!
stops data imported succesfully!
stops data imported succesfully!
stops data imported succesfully!
stops data imported succesfully!
stops data imported succesfully!
stops data imported succesfully!
stops data imported succesfully!
stops data imported succesfully!
stops data imported succesfully!
stops data imported succesfully!
stops data imported succesfully!
stops data imported succesfully!
stops data imported succesfully!
stops data imported succesfully!
stops data imported succesfully!
stops data imported succesfully!
stops data imported succesfully!
stops data imported succesfully!
stops data imported succesfully!
stops data imported succesfully!
stops data imported succesfully!
stops data imported succesfully!
stops data imported succesfully!
stops data imported succesfully!
stops data imported succesfully!
stops data imported succesfully!
stops data imported succesfully!
stops data imported succesfully!
stops data imported succesfully!
stops data imported succesfully!
stops data imported succesfully!
stops data imported succesfully!
stops data imported succesfully!
stops data imported succesfully!
stops data imported succesfully!
stops data imported succesfully!
stops data imported succesfully!
stops data imported succesfully!
stops data imported succesfully!
stops data imported succesfully!
stops data imported succesfully!
stops data imported succesfully!
stops data imported succesfully!
stops data imported succesfully!
stops data imported succesfully!
stops data imported succesfully!
stops data imported succesfully!
stops data imported succesfully!
stops data imported succesfully!
stops data imported succesfully!
stops data imported succesfully!
stops data imported succesfully!
stops data imported succesfully!
stops data imported succesfully!
stops data imported succesfully!
stops data imported succesfully!
stops data imported succesfully!
stops data imported succesfully!
stops data imported succesfully!
stops data imported succesfully!
stops data imported succesfully!
stops data imported succesfully!
stops data imported succesfully!
stops data imported succesfully!
stops data imported succesfully!
stops data imported succesfully!
stops data imported succesfully!
stops data imported succesfully!
stops data imported succesfully!
stops data imported succesfully!
stops data imported succesfully!
stops data imported succesfully!
stops data imported succesfully!
stops data imported succesfully!
stops data imported succesfully!
stops data imported succesfully!
stops data imported succesfully!
stops data imported succesfully!
stops data imported succesfully!
stops data imported succesfully!
stops data imported succesfully!
stops data imported succesfully!
stops data imported succesfully!
stops data imported succesfully!
stops data imported succesfully!
stops data imported succesfully!
stops data imported succesfully!
stops data imported succesfully!
stops data imported succesfully!
stops data imported succesfully!
stops data imported succesfully!
stops data imported succesfully!
stops data imported succesfully!
stops data imported succesfully!
stops data imported succesfully!
stops data imported succesfully!
stops data imported succesfully!
stops data imported succesfully!
stops data imported succesfully!
stops data imported succesfully!
stops data imported succesfully!
stops data imported succesfully!
stops data imported succesfully!
stops data imported succesfully!
stops data imported succesfully!
stops data imported succesfully!
stops data imported succesfully!
stops data imported succesfully!
stops data imported succesfully!
stops data imported succesfully!
stops data imported succesfully!
stops data imported succesfully!
stops data imported succesfully!
stops data imported succesfully!
stops data imported succesfully!
stops data imported succesfully!
stops data imported succesfully!
stops data imported succesfully!
stops data imported succesfully!
stops data imported succesfully!
stops data imported succesfully!
stops data imported succesfully!
stops data imported succesfully!
stops data imported succesfully!
stops data imported succesfully!
stops data imported succesfully!
stops data imported succesfully!
stops data imported succesfully!
stops data imported succesfully!
stops data imported succesfully!
stops data imported succesfully!
stops data imported succesfully!
stops data imported succesfully!
stops data imported succesfully!
stops data imported succesfully!
stops data imported succesfully!
stops data imported succesfully!
stops data imported succesfully!
stops data imported succesfully!
stops data imported succesfully!
stops data imported succesfully!
stops data imported succesfully!
stops data imported succesfully!
stops data imported succesfully!
stops data imported succesfully!
stops data imported succesfully!
stops data imported succesfully!
stops data imported succesfully!
stops data imported succesfully!
stops data imported succesfully!
stops data imported succesfully!
stops data imported succesfully!
stops data imported succesfully!
stops data imported succesfully!
stops data imported succesfully!
stops data imported succesfully!
stops data imported succesfully!
stops data imported succesfully!
stops data imported succesfully!
stops data imported succesfully!
stops data imported succesfully!
stops data imported succesfully!
stops data imported succesfully!
stops data imported succesfully!
stops data imported succesfully!
stops data imported succesfully!
stops data imported succesfully!
stops data imported succesfully!
stops data imported succesfully!
stops data imported succesfully!
stops data imported succesfully!
stops data imported succesfully!
stops data imported succesfully!
stops data imported succesfully!
stops data imported succesfully!
stops data imported succesfully!
stops data imported succesfully!
stops data imported succesfully!
stops data imported succesfully!
stops data imported succesfully!
stops data imported succesfully!
stops data imported succesfully!
stops data imported succesfully!
stops data imported succesfully!
stops data imported succesfully!
stops data imported succesfully!
stops data imported succesfully!
stops data imported succesfully!
stops data imported succesfully!
stops data imported succesfully!
stops data imported succesfully!
stops data imported succesfully!
stops data imported succesfully!
stops data imported succesfully!
stops data imported succesfully!
stops data imported succesfully!
stops data imported succesfully!
stops data imported succesfully!
stops data imported succesfully!
stops data imported succesfully!
stops data imported succesfully!
stops data imported succesfully!
stops data imported succesfully!
stops data imported succesfully!
stops data imported succesfully!
stops data imported succesfully!
stops data imported succesfully!
stops data imported succesfully!
stops data imported succesfully!
stops data imported succesfully!
stops data imported succesfully!
stops data imported succesfully!
stops data imported succesfully!
stops data imported succesfully!
stops data imported succesfully!
stops data imported succesfully!
stops data imported succesfully!
stops data imported succesfully!
stops data imported succesfully!
stops data imported succesfully!
stops data imported succesfully!
stops data imported succesfully!
stops data imported succesfully!
stops data imported succesfully!
stops data imported succesfully!
stops data imported succesfully!
stops data imported succesfully!
stops data imported succesfully!
stops data imported succesfully!
stops data imported succesfully!
stops data imported succesfully!
stops data imported succesfully!
stops data imported succesfully!
stops data imported succesfully!
stops data imported succesfully!
stops data imported succesfully!
stops data imported succesfully!
stops data imported succesfully!
stops data imported succesfully!
stops data imported succesfully!
stops data imported succesfully!
stops data imported succesfully!
stops data imported succesfully!
stops data imported succesfully!
stops data imported succesfully!
stops data imported succesfully!
stops data imported succesfully!
stops data imported succesfully!
stops data imported succesfully!
stops data imported succesfully!
stops data imported succesfully!
stops data imported succesfully!
stops data imported succesfully!
stops data imported succesfully!
stops data imported succesfully!
stops data imported succesfully!
stops data imported succesfully!
stops data imported succesfully!
stops data imported succesfully!
stops data imported succesfully!
stops data imported succesfully!
stops data imported succesfully!
stops data imported succesfully!
stops data imported succesfully!
stops data imported succesfully!
stops data imported succesfully!
stops data imported succesfully!
stops data imported succesfully!
stops data imported succesfully!
stops data imported succesfully!
stops data imported succesfully!
stops data imported succesfully!
stops data imported succesfully!
stops data imported succesfully!
stops data imported succesfully!
stops data imported succesfully!
stops data imported succesfully!
stops data imported succesfully!
stops data imported succesfully!
stops data imported succesfully!
stops data imported succesfully!
stops data imported succesfully!
stops data imported succesfully!
stops data imported succesfully!
stops data imported succesfully!
stops data imported succesfully!
stops data imported succesfully!
stops data imported succesfully!
stops data imported succesfully!
stops data imported succesfully!
stops data imported succesfully!
stops data imported succesfully!
stops data imported succesfully!
stops data imported succesfully!
stops data imported succesfully!
stops data imported succesfully!
stops data imported succesfully!
stops data imported succesfully!
stops data imported succesfully!
stops data imported succesfully!
stops data imported succesfully!
stops data imported succesfully!
stops data imported succesfully!
stops data imported succesfully!
stops data imported succesfully!
stops data imported succesfully!
stops data imported succesfully!
stops data imported succesfully!
stops data imported succesfully!
stops data imported succesfully!
stops data imported succesfully!
stops data imported succesfully!
stops data imported succesfully!
stops data imported succesfully!
stops data imported succesfully!
stops data imported succesfully!
stops data imported succesfully!
stops data imported succesfully!
stops data imported succesfully!
stops data imported succesfully!
stops data imported succesfully!
stops data imported succesfully!
stops data imported succesfully!
stops data imported succesfully!
stops data imported succesfully!
stops data imported succesfully!
stops data imported succesfully!
stops data imported succesfully!
stops data imported succesfully!
stops data imported succesfully!
stops data imported succesfully!
stops data imported succesfully!
stops data imported succesfully!
stops data imported succesfully!
stops data imported succesfully!
stops data imported succesfully!
stops data imported succesfully!
stops data imported succesfully!
stops data imported succesfully!
stops data imported succesfully!
stops data imported succesfully!
stops data imported succesfully!
stops data imported succesfully!
stops data imported succesfully!
stops data imported succesfully!
stops data imported succesfully!
stops data imported succesfully!
stops data imported succesfully!
stops data imported succesfully!
stops data imported succesfully!
stops data imported succesfully!
stops data imported succesfully!
stops data imported succesfully!
stops data imported succesfully!
stops data imported succesfully!
stops data imported succesfully!
stops data imported succesfully!
stops data imported succesfully!
stops data imported succesfully!
stops data imported succesfully!
stops data imported succesfully!
stops data imported succesfully!
stops data imported succesfully!
stops data imported succesfully!
stops data imported succesfully!
stops data imported succesfully!
stops data imported succesfully!
stops data imported succesfully!
stops data imported succesfully!
stops data imported succesfully!
stops data imported succesfully!
stops data imported succesfully!
stops data imported succesfully!
stops data imported succesfully!
stops data imported succesfully!
stops data imported succesfully!
stops data imported succesfully!
stops data imported succesfully!
stops data imported succesfully!
stops data imported succesfully!
stops data imported succesfully!
stops data imported succesfully!
stops data imported succesfully!
stops data imported succesfully!
stops data imported succesfully!
stops data imported succesfully!
stops data imported succesfully!
stops data imported succesfully!
stops data imported succesfully!
stops data imported succesfully!
stops data imported succesfully!
stops data imported succesfully!
stops data imported succesfully!
stops data imported succesfully!
stops data imported succesfully!
stops data imported succesfully!
stops data imported succesfully!
stops data imported succesfully!
stops data imported succesfully!
stops data imported succesfully!
stops data imported succesfully!
stops data imported succesfully!
stops data imported succesfully!
stops data imported succesfully!
stops data imported succesfully!
stops data imported succesfully!
stops data imported succesfully!
stops data imported succesfully!
stops data imported succesfully!
stops data imported succesfully!
stops data imported succesfully!
stops data imported succesfully!
stops data imported succesfully!
stops data imported succesfully!
stops data imported succesfully!
stops data imported succesfully!
stops data imported succesfully!
stops data imported succesfully!
stops data imported succesfully!
stops data imported succesfully!
stops data imported succesfully!
stops data imported succesfully!
stops data imported succesfully!
stops data imported succesfully!
stops data imported succesfully!
stops data imported succesfully!
stops data imported succesfully!
stops data imported succesfully!
stops data imported succesfully!
stops data imported succesfully!
stops data imported succesfully!
stops data imported succesfully!
stops data imported succesfully!
stops data imported succesfully!
stops data imported succesfully!
stops data imported succesfully!
stops data imported succesfully!
stops data imported succesfully!
stops data imported succesfully!
stops data imported succesfully!
stops data imported succesfully!
stops data imported succesfully!
stops data imported succesfully!
stops data imported succesfully!
stops data imported succesfully!
stops data imported succesfully!
stops data imported succesfully!
stops data imported succesfully!
stops data imported succesfully!
stops data imported succesfully!
stops data imported succesfully!
stops data imported succesfully!
stops data imported succesfully!
stops data imported succesfully!
stops data imported succesfully!
stops data imported succesfully!
stops data imported succesfully!
stops data imported succesfully!
stops data imported succesfully!
stops data imported succesfully!
stops data imported succesfully!
stops data imported succesfully!
stops data imported succesfully!
stops data imported succesfully!
stops data imported succesfully!
stops data imported succesfully!
stops data imported succesfully!
stops data imported succesfully!
stops data imported succesfully!
stops data imported succesfully!
stops data imported succesfully!
stops data imported succesfully!
stops data imported succesfully!
stops data imported succesfully!
stops data imported succesfully!
stops data imported succesfully!
stops data imported succesfully!
stops data imported succesfully!
stops data imported succesfully!
stops data imported succesfully!
stops data imported succesfully!
stops data imported succesfully!
stops data imported succesfully!
stops data imported succesfully!
stops data imported succesfully!
stops data imported succesfully!
stops data imported succesfully!
stops data imported succesfully!
stops data imported succesfully!
stops data imported succesfully!
stops data imported succesfully!
stops data imported succesfully!
stops data imported succesfully!
stops data imported succesfully!
stops data imported succesfully!
stops data imported succesfully!
stops data imported succesfully!
stops data imported succesfully!
stops data imported succesfully!
stops data imported succesfully!
stops data imported succesfully!
stops data imported succesfully!
stops data imported succesfully!
stops data imported succesfully!
stops data imported succesfully!
stops data imported succesfully!
stops data imported succesfully!
stops data imported succesfully!
stops data imported succesfully!
stops data imported succesfully!
stops data imported succesfully!
stops data imported succesfully!
stops data imported succesfully!
stops data imported succesfully!
stops data imported succesfully!
stops data imported succesfully!
stops data imported succesfully!
stops data imported succesfully!
stops data imported succesfully!
stops data imported succesfully!
stops data imported succesfully!
stops data imported succesfully!
stops data imported succesfully!
stops data imported succesfully!
stops data imported succesfully!
stops data imported succesfully!
stops data imported succesfully!
stops data imported succesfully!
stops data imported succesfully!
stops data imported succesfully!
stops data imported succesfully!
stops data imported succesfully!
stops data imported succesfully!
stops data imported succesfully!
stops data imported succesfully!
stops data imported succesfully!
stops data imported succesfully!
stops data imported succesfully!
stops data imported succesfully!
stops data imported succesfully!
stops data imported succesfully!
stops data imported succesfully!
stops data imported succesfully!
stops data imported succesfully!
stops data imported succesfully!
stops data imported succesfully!
stops data imported succesfully!
stops data imported succesfully!
stops data imported succesfully!
stops data imported succesfully!
stops data imported succesfully!
stops data imported succesfully!
stops data imported succesfully!
stops data imported succesfully!
stops data imported succesfully!
stops data imported succesfully!
stops data imported succesfully!
stops data imported succesfully!
stops data imported succesfully!
stops data imported succesfully!
stops data imported succesfully!
stops data imported succesfully!
stops data imported succesfully!
stops data imported succesfully!
stops data imported succesfully!
stops data imported succesfully!
stops data imported succesfully!
stops data imported succesfully!
stops data imported succesfully!
stops data imported succesfully!
stops data imported succesfully!
stops data imported succesfully!
stops data imported succesfully!
stops data imported succesfully!
stops data imported succesfully!
stops data imported succesfully!
stops data imported succesfully!
stops data imported succesfully!
stops data imported succesfully!
stops data imported succesfully!
stops data imported succesfully!
stops data imported succesfully!
stops data imported succesfully!
stops data imported succesfully!
stops data imported succesfully!
stops data imported succesfully!
stops data imported succesfully!
stops data imported succesfully!
stops data imported succesfully!
stops data imported succesfully!
stops data imported succesfully!
stops data imported succesfully!
stops data imported succesfully!
stops data imported succesfully!
stops data imported succesfully!
stops data imported succesfully!
stops data imported succesfully!
stops data imported succesfully!
stops data imported succesfully!
stops data imported succesfully!
stops data imported succesfully!
stops data imported succesfully!
stops data imported succesfully!
stops data imported succesfully!
stops data imported succesfully!
stops data imported succesfully!
stops data imported succesfully!
stops data imported succesfully!
stops data imported succesfully!
stops data imported succesfully!
stops data imported succesfully!
stops data imported succesfully!
stops data imported succesfully!
stops data imported succesfully!
stops data imported succesfully!
stops data imported succesfully!
stops data imported succesfully!
stops data imported succesfully!
stops data imported succesfully!
stops data imported succesfully!
stops data imported succesfully!
stops data imported succesfully!
stops data imported succesfully!
stops data imported succesfully!
stops data imported succesfully!
stops data imported succesfully!
stops data imported succesfully!
stops data imported succesfully!
stops data imported succesfully!
stops data imported succesfully!
stops data imported succesfully!
stops data imported succesfully!
stops data imported succesfully!
stops data imported succesfully!
stops data imported succesfully!
stops data imported succesfully!
stops data imported succesfully!
stops data imported succesfully!
stops data imported succesfully!
stops data imported succesfully!
stops data imported succesfully!
stops data imported succesfully!
stops data imported succesfully!
stops data imported succesfully!
stops data imported succesfully!
stops data imported succesfully!
stops data imported succesfully!
stops data imported succesfully!
stops data imported succesfully!
stops data imported succesfully!
stops data imported succesfully!
stops data imported succesfully!
stops data imported succesfully!
stops data imported succesfully!
stops data imported succesfully!
stops data imported succesfully!
stops data imported succesfully!
stops data imported succesfully!
stops data imported succesfully!
stops data imported succesfully!
stops data imported succesfully!
stops data imported succesfully!
stops data imported succesfully!
stops data imported succesfully!
stops data imported succesfully!
stops data imported succesfully!
stops data imported succesfully!
stops data imported succesfully!
stops data imported succesfully!
stops data imported succesfully!
stops data imported succesfully!
stops data imported succesfully!
stops data imported succesfully!
stops data imported succesfully!
stops data imported succesfully!
stops data imported succesfully!
stops data imported succesfully!
stops data imported succesfully!
stops data imported succesfully!
stops data imported succesfully!
stops data imported succesfully!
stops data imported succesfully!
stops data imported succesfully!
stops data imported succesfully!
stops data imported succesfully!
stops data imported succesfully!
stops data imported succesfully!
stops data imported succesfully!
stops data imported succesfully!
stops data imported succesfully!
stops data imported succesfully!
stops data imported succesfully!
stops data imported succesfully!
stops data imported succesfully!
stops data imported succesfully!
stops data imported succesfully!
stops data imported succesfully!
stops data imported succesfully!
stops data imported succesfully!
stops data imported succesfully!
stops data imported succesfully!
stops data imported succesfully!
stops data imported succesfully!
stops data imported succesfully!
stops data imported succesfully!
stops data imported succesfully!
stops data imported succesfully!
stops data imported succesfully!
stops data imported succesfully!
stops data imported succesfully!
stops data imported succesfully!
stops data imported succesfully!
stops data imported succesfully!
stops data imported succesfully!
stops data imported succesfully!
stops data imported succesfully!
stops data imported succesfully!
stops data imported succesfully!
stops data imported succesfully!
stops data imported succesfully!
stops data imported succesfully!
stops data imported succesfully!
stops data imported succesfully!
stops data imported succesfully!
stops data imported succesfully!
stops data imported succesfully!
stops data imported succesfully!
stops data imported succesfully!
stops data imported succesfully!
stops data imported succesfully!
stops data imported succesfully!
stops data imported succesfully!
stops data imported succesfully!
stops data imported succesfully!
stops data imported succesfully!
stops data imported succesfully!
stops data imported succesfully!
stops data imported succesfully!
stops data imported succesfully!
stops data imported succesfully!
stops data imported succesfully!
stops data imported succesfully!
stops data imported succesfully!
stops data imported succesfully!
stops data imported succesfully!
stops data imported succesfully!
stops data imported succesfully!
stops data imported succesfully!
stops data imported succesfully!
stops data imported succesfully!
stops data imported succesfully!
stops data imported succesfully!
stops data imported succesfully!
stops data imported succesfully!
stops data imported succesfully!
stops data imported succesfully!
stops data imported succesfully!
stops data imported succesfully!
stops data imported succesfully!
stops data imported succesfully!
stops data imported succesfully!
stops data imported succesfully!
stops data imported succesfully!
stops data imported succesfully!
stops data imported succesfully!
stops data imported succesfully!
stops data imported succesfully!
stops data imported succesfully!
stops data imported succesfully!
stops data imported succesfully!
stops data imported succesfully!
stops data imported succesfully!
stops data imported succesfully!
stops data imported succesfully!
stops data imported succesfully!
stops data imported succesfully!
stops data imported succesfully!
stops data imported succesfully!
stops data imported succesfully!
stops data imported succesfully!
stops data imported succesfully!
stops data imported succesfully!
stops data imported succesfully!
stops data imported succesfully!
stops data imported succesfully!
stops data imported succesfully!
stops data imported succesfully!
stops data imported succesfully!
stops data imported succesfully!
stops data imported succesfully!
stops data imported succesfully!
stops data imported succesfully!
stops data imported succesfully!
stops data imported succesfully!
stops data imported succesfully!
stops data imported succesfully!
stops data imported succesfully!
stops data imported succesfully!
stops data imported succesfully!
stops data imported succesfully!
stops data imported succesfully!
stops data imported succesfully!
stops data imported succesfully!
stops data imported succesfully!
stops data imported succesfully!
stops data imported succesfully!
stops data imported succesfully!
stops data imported succesfully!
stops data imported succesfully!
stops data imported succesfully!
stops data imported succesfully!
stops data imported succesfully!
stops data imported succesfully!
stops data imported succesfully!
stops data imported succesfully!
stops data imported succesfully!
stops data imported succesfully!
stops data imported succesfully!
stops data imported succesfully!
stops data imported succesfully!
stops data imported succesfully!
stops data imported succesfully!
stops data imported succesfully!
stops data imported succesfully!
stops data imported succesfully!
stops data imported succesfully!
stops data imported succesfully!
stops data imported succesfully!
stops data imported succesfully!
stops data imported succesfully!
stops data imported succesfully!
stops data imported succesfully!
stops data imported succesfully!
stops data imported succesfully!
stops data imported succesfully!
stops data imported succesfully!
stops data imported succesfully!
stops data imported succesfully!
stops data imported succesfully!
stops data imported succesfully!
stops data imported succesfully!
stops data imported succesfully!
stops data imported succesfully!
stops data imported succesfully!
stops data imported succesfully!
stops data imported succesfully!
stops data imported succesfully!
stops data imported succesfully!
stops data imported succesfully!
stops data imported succesfully!
stops data imported succesfully!
stops data imported succesfully!
stops data imported succesfully!
stops data imported succesfully!
stops data imported succesfully!
stops data imported succesfully!
stops data imported succesfully!
stops data imported succesfully!
stops data imported succesfully!
stops data imported succesfully!
stops data imported succesfully!
stops data imported succesfully!
stops data imported succesfully!
stops data imported succesfully!
stops data imported succesfully!
stops data imported succesfully!
stops data imported succesfully!
stops data imported succesfully!
stops data imported succesfully!
stops data imported succesfully!
stops data imported succesfully!
stops data imported succesfully!
stops data imported succesfully!
stops data imported succesfully!
stops data imported succesfully!
stops data imported succesfully!
stops data imported succesfully!
stops data imported succesfully!
stops data imported succesfully!
stops data imported succesfully!
stops data imported succesfully!
stops data imported succesfully!
stops data imported succesfully!
stops data imported succesfully!
stops data imported succesfully!
stops data imported succesfully!
stops data imported succesfully!
stops data imported succesfully!
stops data imported succesfully!
stops data imported succesfully!
stops data imported succesfully!
stops data imported succesfully!
stops data imported succesfully!
stops data imported succesfully!
stops data imported succesfully!
stops data imported succesfully!
stops data imported succesfully!
stops data imported succesfully!
stops data imported succesfully!
stops data imported succesfully!
stops data imported succesfully!
stops data imported succesfully!
stops data imported succesfully!
stops data imported succesfully!
stops data imported succesfully!
stops data imported succesfully!
stops data imported succesfully!
stops data imported succesfully!
stops data imported succesfully!
stops data imported succesfully!
stops data imported succesfully!
stops data imported succesfully!
stops data imported succesfully!
stops data imported succesfully!
stops data imported succesfully!
stops data imported succesfully!
stops data imported succesfully!
stops data imported succesfully!
stops data imported succesfully!
stops data imported succesfully!
stops data imported succesfully!
stops data imported succesfully!
stops data imported succesfully!
stops data imported succesfully!
stops data imported succesfully!
stops data imported succesfully!
stops data imported succesfully!
stops data imported succesfully!
stops data imported succesfully!
stops data imported succesfully!
stops data imported succesfully!
stops data imported succesfully!
stops data imported succesfully!
stops data imported succesfully!
stops data imported succesfully!
stops data imported succesfully!
stops data imported succesfully!
stops data imported succesfully!
stops data imported succesfully!
stops data imported succesfully!
stops data imported succesfully!
stops data imported succesfully!
stops data imported succesfully!
stops data imported succesfully!
stops data imported succesfully!
stops data imported succesfully!
stops data imported succesfully!
stops data imported succesfully!
stops data imported succesfully!
stops data imported succesfully!
stops data imported succesfully!
stops data imported succesfully!
stops data imported succesfully!
stops data imported succesfully!
stops data imported succesfully!
stops data imported succesfully!
stops data imported succesfully!
stops data imported succesfully!
stops data imported succesfully!
stops data imported succesfully!
stops data imported succesfully!
stops data imported succesfully!
stops data imported succesfully!
stops data imported succesfully!
stops data imported succesfully!
stops data imported succesfully!
stops data imported succesfully!
stops data imported succesfully!
stops data imported succesfully!
stops data imported succesfully!
stops data imported succesfully!
stops data imported succesfully!
stops data imported succesfully!
stops data imported succesfully!
stops data imported succesfully!
stops data imported succesfully!
stops data imported succesfully!
stops data imported succesfully!
stops data imported succesfully!
stops data imported succesfully!
stops data imported succesfully!
stops data imported succesfully!
stops data imported succesfully!
stops data imported succesfully!
stops data imported succesfully!
stops data imported succesfully!
stops data imported succesfully!
stops data imported succesfully!
stops data imported succesfully!
stops data imported succesfully!
stops data imported succesfully!
stops data imported succesfully!
stops data imported succesfully!
stops data imported succesfully!
stops data imported succesfully!
stops data imported succesfully!
stops data imported succesfully!
stops data imported succesfully!
stops data imported succesfully!
stops data imported succesfully!
stops data imported succesfully!
stops data imported succesfully!
stops data imported succesfully!
stops data imported succesfully!
stops data imported succesfully!
stops data imported succesfully!
stops data imported succesfully!
stops data imported succesfully!
stops data imported succesfully!
stops data imported succesfully!
stops data imported succesfully!
stops data imported succesfully!
stops data imported succesfully!
stops data imported succesfully!
stops data imported succesfully!
stops data imported succesfully!
stops data imported succesfully!
stops data imported succesfully!
stops data imported succesfully!
stops data imported succesfully!
stops data imported succesfully!
stops data imported succesfully!
stops data imported succesfully!
stops data imported succesfully!
stops data imported succesfully!
stops data imported succesfully!
stops data imported succesfully!
stops data imported succesfully!
stops data imported succesfully!
stops data imported succesfully!
stops data imported succesfully!
stops data imported succesfully!
stops data imported succesfully!
stops data imported succesfully!
stops data imported succesfully!
stops data imported succesfully!
stops data imported succesfully!
stops data imported succesfully!
stops data imported succesfully!
stops data imported succesfully!
stops data imported succesfully!
stops data imported succesfully!
stops data imported succesfully!
stops data imported succesfully!
stops data imported succesfully!
stops data imported succesfully!
stops data imported succesfully!
stops data imported succesfully!
stops data imported succesfully!
stops data imported succesfully!
stops data imported succesfully!
stops data imported succesfully!
stops data imported succesfully!
stops data imported succesfully!
stops data imported succesfully!
stops data imported succesfully!
stops data imported succesfully!
stops data imported succesfully!
stops data imported succesfully!
stops data imported succesfully!
stops data imported succesfully!
stops data imported succesfully!
stops data imported succesfully!
stops data imported succesfully!
stops data imported succesfully!
stops data imported succesfully!
stops data imported succesfully!
stops data imported succesfully!
stops data imported succesfully!
stops data imported succesfully!
stops data imported succesfully!
stops data imported succesfully!
stops data imported succesfully!
stops data imported succesfully!
stops data imported succesfully!
stops data imported succesfully!
stops data imported succesfully!
stops data imported succesfully!
stops data imported succesfully!
stops data imported succesfully!
stops data imported succesfully!
stops data imported succesfully!
stops data imported succesfully!
stops data imported succesfully!
stops data imported succesfully!
stops data imported succesfully!
stops data imported succesfully!
stops data imported succesfully!
stops data imported succesfully!
stops data imported succesfully!
stops data imported succesfully!
stops data imported succesfully!
stops data imported succesfully!
stops data imported succesfully!
stops data imported succesfully!
stops data imported succesfully!
stops data imported succesfully!
stops data imported succesfully!
stops data imported succesfully!
stops data imported succesfully!
stops data imported succesfully!
stops data imported succesfully!
stops data imported succesfully!
stops data imported succesfully!
stops data imported succesfully!
stops data imported succesfully!
stops data imported succesfully!
stops data imported succesfully!
stops data imported succesfully!
stops data imported succesfully!
stops data imported succesfully!
stops data imported succesfully!
stops data imported succesfully!
stops data imported succesfully!
stops data imported succesfully!
stops data imported succesfully!
stops data imported succesfully!
stops data imported succesfully!
stops data imported succesfully!
stops data imported succesfully!
stops data imported succesfully!
stops data imported succesfully!
stops data imported succesfully!
stops data imported succesfully!
stops data imported succesfully!
stops data imported succesfully!
stops data imported succesfully!
stops data imported succesfully!
stops data imported succesfully!
stops data imported succesfully!
stops data imported succesfully!
stops data imported succesfully!
stops data imported succesfully!
stops data imported succesfully!
stops data imported succesfully!
stops data imported succesfully!
stops data imported succesfully!
stops data imported succesfully!
stops data imported succesfully!
stops data imported succesfully!
stops data imported succesfully!
stops data imported succesfully!
stops data imported succesfully!
stops data imported succesfully!
stops data imported succesfully!
stops data imported succesfully!
stops data imported succesfully!
stops data imported succesfully!
stops data imported succesfully!
stops data imported succesfully!
stops data imported succesfully!
stops data imported succesfully!
stops data imported succesfully!
stops data imported succesfully!
stops data imported succesfully!
stops data imported succesfully!
stops data imported succesfully!
stops data imported succesfully!
stops data imported succesfully!
stops data imported succesfully!
stops data imported succesfully!
stops data imported succesfully!
stops data imported succesfully!
stops data imported succesfully!
stops data imported succesfully!
stops data imported succesfully!
stops data imported succesfully!
stops data imported succesfully!
stops data imported succesfully!
stops data imported succesfully!
stops data imported succesfully!
stops data imported succesfully!
stops data imported succesfully!
stops data imported succesfully!
stops data imported succesfully!
stops data imported succesfully!
stops data imported succesfully!
stops data imported succesfully!
stops data imported succesfully!
stops data imported succesfully!
stops data imported succesfully!
stops data imported succesfully!
stops data imported succesfully!
stops data imported succesfully!
stops data imported succesfully!
stops data imported succesfully!
stops data imported succesfully!
stops data imported succesfully!
stops data imported succesfully!
stops data imported succesfully!
stops data imported succesfully!
stops data imported succesfully!
stops data imported succesfully!
stops data imported succesfully!
stops data imported succesfully!
stops data imported succesfully!
stops data imported succesfully!
stops data imported succesfully!
stops data imported succesfully!
stops data imported succesfully!
stops data imported succesfully!
stops data imported succesfully!
stops data imported succesfully!
stops data imported succesfully!
stops data imported succesfully!
stops data imported succesfully!
stops data imported succesfully!
stops data imported succesfully!
stops data imported succesfully!
stops data imported succesfully!
stops data imported succesfully!
stops data imported succesfully!
stops data imported succesfully!
stops data imported succesfully!
stops data imported succesfully!
stops data imported succesfully!
stops data imported succesfully!
stops data imported succesfully!
stops data imported succesfully!
stops data imported succesfully!
stops data imported succesfully!
stops data imported succesfully!
stops data imported succesfully!
stops data imported succesfully!
stops data imported succesfully!
stops data imported succesfully!
stops data imported succesfully!
stops data imported succesfully!
stops data imported succesfully!
stops data imported succesfully!
stops data imported succesfully!
stops data imported succesfully!
stops data imported succesfully!
stops data imported succesfully!
stops data imported succesfully!
stops data imported succesfully!
stops data imported succesfully!
stops data imported succesfully!
stops data imported succesfully!
stops data imported succesfully!
stops data imported succesfully!
stops data imported succesfully!
stops data imported succesfully!
stops data imported succesfully!
stops data imported succesfully!
stops data imported succesfully!
stops data imported succesfully!
stops data imported succesfully!
stops data imported succesfully!
stops data imported succesfully!
stops data imported succesfully!
stops data imported succesfully!
stops data imported succesfully!
stops data imported succesfully!
stops data imported succesfully!
stops data imported succesfully!
stops data imported succesfully!
stops data imported succesfully!
stops data imported succesfully!
stops data imported succesfully!
stops data imported succesfully!
stops data imported succesfully!
stops data imported succesfully!
stops data imported succesfully!
stops data imported succesfully!
stops data imported succesfully!
stops data imported succesfully!
stops data imported succesfully!
stops data imported succesfully!
stops data imported succesfully!
stops data imported succesfully!
stops data imported succesfully!
stops data imported succesfully!
stops data imported succesfully!
stops data imported succesfully!
stops data imported succesfully!
stops data imported succesfully!
stops data imported succesfully!
stops data imported succesfully!
stops data imported succesfully!
stops data imported succesfully!
stops data imported succesfully!
stops data imported succesfully!
stops data imported succesfully!
stops data imported succesfully!
stops data imported succesfully!
stops data imported succesfully!
stops data imported succesfully!
stops data imported succesfully!
stops data imported succesfully!
stops data imported succesfully!
stops data imported succesfully!
stops data imported succesfully!
stops data imported succesfully!
stops data imported succesfully!
stops data imported succesfully!
stops data imported succesfully!
stops data imported succesfully!
stops data imported succesfully!
stops data imported succesfully!
stops data imported succesfully!
stops data imported succesfully!
stops data imported succesfully!
stops data imported succesfully!
stops data imported succesfully!
stops data imported succesfully!
stops data imported succesfully!
stops data imported succesfully!
stops data imported succesfully!
stops data imported succesfully!
stops data imported succesfully!
stops data imported succesfully!
stops data imported succesfully!
stops data imported succesfully!
stops data imported succesfully!
stops data imported succesfully!
stops data imported succesfully!
stops data imported succesfully!
stops data imported succesfully!
stops data imported succesfully!
stops data imported succesfully!
stops data imported succesfully!
stops data imported succesfully!
stops data imported succesfully!
stops data imported succesfully!
stops data imported succesfully!
stops data imported succesfully!
stops data imported succesfully!
stops data imported succesfully!
stops data imported succesfully!
stops data imported succesfully!
stops data imported succesfully!
stops data imported succesfully!
stops data imported succesfully!
stops data imported succesfully!
stops data imported succesfully!
stops data imported succesfully!
stops data imported succesfully!
stops data imported succesfully!
stops data imported succesfully!
stops data imported succesfully!
stops data imported succesfully!
stops data imported succesfully!
stops data imported succesfully!
stops data imported succesfully!
stops data imported succesfully!
stops data imported succesfully!
stops data imported succesfully!
stops data imported succesfully!
stops data imported succesfully!
stops data imported succesfully!
stops data imported succesfully!
stops data imported succesfully!
stops data imported succesfully!
stops data imported succesfully!
stops data imported succesfully!
stops data imported succesfully!
stops data imported succesfully!
stops data imported succesfully!
stops data imported succesfully!
stops data imported succesfully!
stops data imported succesfully!
stops data imported succesfully!
stops data imported succesfully!
stops data imported succesfully!
stops data imported succesfully!
stops data imported succesfully!
stops data imported succesfully!
stops data imported succesfully!
stops data imported succesfully!
stops data imported succesfully!
stops data imported succesfully!
stops data imported succesfully!
stops data imported succesfully!
stops data imported succesfully!
stops data imported succesfully!
stops data imported succesfully!
stops data imported succesfully!
stops data imported succesfully!
stops data imported succesfully!
stops data imported succesfully!
stops data imported succesfully!
stops data imported succesfully!
stops data imported succesfully!
stops data imported succesfully!
stops data imported succesfully!
stops data imported succesfully!
stops data imported succesfully!
stops data imported succesfully!
stops data imported succesfully!
stops data imported succesfully!
stops data imported succesfully!
stops data imported succesfully!
stops data imported succesfully!
stops data imported succesfully!
stops data imported succesfully!
stops data imported succesfully!
stops data imported succesfully!
stops data imported succesfully!
stops data imported succesfully!
stops data imported succesfully!
stops data imported succesfully!
stops data imported succesfully!
stops data imported succesfully!
stops data imported succesfully!
stops data imported succesfully!
stops data imported succesfully!
stops data imported succesfully!
stops data imported succesfully!
stops data imported succesfully!
stops data imported succesfully!
stops data imported succesfully!
stops data imported succesfully!
stops data imported succesfully!
stops data imported succesfully!
stops data imported succesfully!
stops data imported succesfully!
stops data imported succesfully!
stops data imported succesfully!
stops data imported succesfully!
stops data imported succesfully!
stops data imported succesfully!
stops data imported succesfully!
stops data imported succesfully!
stops data imported succesfully!
stops data imported succesfully!
stops data imported succesfully!
stops data imported succesfully!
stops data imported succesfully!
stops data imported succesfully!
stops data imported succesfully!
stops data imported succesfully!
stops data imported succesfully!
stops data imported succesfully!
stops data imported succesfully!
stops data imported succesfully!
stops data imported succesfully!
stops data imported succesfully!
stops data imported succesfully!
stops data imported succesfully!
stops data imported succesfully!
stops data imported succesfully!
stops data imported succesfully!
stops data imported succesfully!
stops data imported succesfully!
stops data imported succesfully!
stops data imported succesfully!
stops data imported succesfully!
stops data imported succesfully!
stops data imported succesfully!
stops data imported succesfully!
stops data imported succesfully!
stops data imported succesfully!
stops data imported succesfully!
stops data imported succesfully!
stops data imported succesfully!
stops data imported succesfully!
stops data imported succesfully!
stops data imported succesfully!
stops data imported succesfully!
stops data imported succesfully!
stops data imported succesfully!
stops data imported succesfully!
stops data imported succesfully!
stops data imported succesfully!
stops data imported succesfully!
stops data imported succesfully!
stops data imported succesfully!
stops data imported succesfully!
stops data imported succesfully!
stops data imported succesfully!
stops data imported succesfully!
stops data imported succesfully!
stops data imported succesfully!
stops data imported succesfully!
stops data imported succesfully!
stops data imported succesfully!
stops data imported succesfully!
stops data imported succesfully!
stops data imported succesfully!
stops data imported succesfully!
stops data imported succesfully!
stops data imported succesfully!
stops data imported succesfully!
stops data imported succesfully!
stops data imported succesfully!
stops data imported succesfully!
stops data imported succesfully!
stops data imported succesfully!
stops data imported succesfully!
stops data imported succesfully!
stops data imported succesfully!
stops data imported succesfully!
stops data imported succesfully!
stops data imported succesfully!
stops data imported succesfully!
stops data imported succesfully!
stops data imported succesfully!
stops data imported succesfully!
stops data imported succesfully!
stops data imported succesfully!
stops data imported succesfully!
stops data imported succesfully!
stops data imported succesfully!
stops data imported succesfully!
stops data imported succesfully!
stops data imported succesfully!
stops data imported succesfully!
stops data imported succesfully!
stops data imported succesfully!
stops data imported succesfully!
stops data imported succesfully!
stops data imported succesfully!
stops data imported succesfully!
stops data imported succesfully!
stops data imported succesfully!
stops data imported succesfully!
stops data imported succesfully!
stops data imported succesfully!
stops data imported succesfully!
stops data imported succesfully!
stops data imported succesfully!
stops data imported succesfully!
stops data imported succesfully!
stops data imported succesfully!
stops data imported succesfully!
stops data imported succesfully!
stops data imported succesfully!
stops data imported succesfully!
stops data imported succesfully!
stops data imported succesfully!
stops data imported succesfully!
stops data imported succesfully!
stops data imported succesfully!
stops data imported succesfully!
stops data imported succesfully!
stops data imported succesfully!
stops data imported succesfully!
stops data imported succesfully!
stops data imported succesfully!
stops data imported succesfully!
stops data imported succesfully!
stops data imported succesfully!
stops data imported succesfully!
stops data imported succesfully!
stops data imported succesfully!
stops data imported succesfully!
stops data imported succesfully!
stops data imported succesfully!
stops data imported succesfully!
stops data imported succesfully!
stops data imported succesfully!
stops data imported succesfully!
stops data imported succesfully!
stops data imported succesfully!
stops data imported succesfully!
stops data imported succesfully!
stops data imported succesfully!
stops data imported succesfully!
stops data imported succesfully!
stops data imported succesfully!
stops data imported succesfully!
stops data imported succesfully!
stops data imported succesfully!
stops data imported succesfully!
stops data imported succesfully!
stops data imported succesfully!
stops data imported succesfully!
stops data imported succesfully!
stops data imported succesfully!
stops data imported succesfully!
stops data imported succesfully!
stops data imported succesfully!
stops data imported succesfully!
shapes data imported succesfully!
shapes data imported succesfully!
shapes data imported succesfully!
shapes data imported succesfully!
shapes data imported succesfully!
shapes data imported succesfully!
shapes data imported succesfully!
shapes data imported succesfully!
shapes data imported succesfully!
shapes data imported succesfully!
shapes data imported succesfully!
shapes data imported succesfully!
shapes data imported succesfully!
shapes data imported succesfully!
shapes data imported succesfully!
shapes data imported succesfully!
shapes data imported succesfully!
shapes data imported succesfully!
shapes data imported succesfully!
shapes data imported succesfully!
shapes data imported succesfully!
shapes data imported succesfully!
shapes data imported succesfully!
shapes data imported succesfully!
shapes data imported succesfully!
shapes data imported succesfully!
shapes data imported succesfully!
shapes data imported succesfully!
shapes data imported succesfully!
shapes data imported succesfully!
shapes data imported succesfully!
shapes data imported succesfully!
shapes data imported succesfully!
shapes data imported succesfully!
shapes data imported succesfully!
shapes data imported succesfully!
shapes data imported succesfully!
shapes data imported succesfully!
shapes data imported succesfully!
shapes data imported succesfully!
shapes data imported succesfully!
shapes data imported succesfully!
shapes data imported succesfully!
shapes data imported succesfully!
shapes data imported succesfully!
shapes data imported succesfully!
shapes data imported succesfully!
shapes data imported succesfully!
shapes data imported succesfully!
shapes data imported succesfully!
shapes data imported succesfully!
shapes data imported succesfully!
shapes data imported succesfully!
shapes data imported succesfully!
shapes data imported succesfully!
shapes data imported succesfully!
shapes data imported succesfully!
shapes data imported succesfully!
shapes data imported succesfully!
shapes data imported succesfully!
shapes data imported succesfully!
shapes data imported succesfully!
shapes data imported succesfully!
shapes data imported succesfully!
shapes data imported succesfully!
shapes data imported succesfully!
shapes data imported succesfully!
shapes data imported succesfully!
shapes data imported succesfully!
shapes data imported succesfully!
shapes data imported succesfully!
shapes data imported succesfully!
shapes data imported succesfully!
shapes data imported succesfully!
shapes data imported succesfully!
shapes data imported succesfully!
shapes data imported succesfully!
shapes data imported succesfully!
shapes data imported succesfully!
shapes data imported succesfully!
shapes data imported succesfully!
shapes data imported succesfully!
shapes data imported succesfully!
shapes data imported succesfully!
shapes data imported succesfully!
shapes data imported succesfully!
shapes data imported succesfully!
shapes data imported succesfully!
shapes data imported succesfully!
shapes data imported succesfully!
shapes data imported succesfully!
shapes data imported succesfully!
shapes data imported succesfully!
shapes data imported succesfully!
shapes data imported succesfully!
shapes data imported succesfully!
shapes data imported succesfully!
shapes data imported succesfully!
shapes data imported succesfully!
shapes data imported succesfully!
shapes data imported succesfully!
shapes data imported succesfully!
shapes data imported succesfully!
shapes data imported succesfully!
shapes data imported succesfully!
shapes data imported succesfully!
shapes data imported succesfully!
shapes data imported succesfully!
shapes data imported succesfully!
shapes data imported succesfully!
shapes data imported succesfully!
shapes data imported succesfully!
shapes data imported succesfully!
shapes data imported succesfully!
shapes data imported succesfully!
shapes data imported succesfully!
shapes data imported succesfully!
shapes data imported succesfully!
shapes data imported succesfully!
shapes data imported succesfully!
shapes data imported succesfully!
shapes data imported succesfully!
shapes data imported succesfully!
shapes data imported succesfully!
shapes data imported succesfully!
shapes data imported succesfully!
shapes data imported succesfully!
shapes data imported succesfully!
shapes data imported succesfully!
shapes data imported succesfully!
shapes data imported succesfully!
shapes data imported succesfully!
shapes data imported succesfully!
shapes data imported succesfully!
shapes data imported succesfully!
shapes data imported succesfully!
shapes data imported succesfully!
shapes data imported succesfully!
shapes data imported succesfully!
shapes data imported succesfully!
shapes data imported succesfully!
shapes data imported succesfully!
shapes data imported succesfully!
shapes data imported succesfully!
shapes data imported succesfully!
shapes data imported succesfully!
shapes data imported succesfully!
shapes data imported succesfully!
shapes data imported succesfully!
shapes data imported succesfully!
shapes data imported succesfully!
shapes data imported succesfully!
shapes data imported succesfully!
shapes data imported succesfully!
shapes data imported succesfully!
shapes data imported succesfully!
shapes data imported succesfully!
shapes data imported succesfully!
shapes data imported succesfully!
shapes data imported succesfully!
shapes data imported succesfully!
shapes data imported succesfully!
shapes data imported succesfully!
shapes data imported succesfully!
shapes data imported succesfully!
shapes data imported succesfully!
shapes data imported succesfully!
shapes data imported succesfully!
shapes data imported succesfully!
shapes data imported succesfully!
shapes data imported succesfully!
shapes data imported succesfully!
shapes data imported succesfully!
shapes data imported succesfully!
shapes data imported succesfully!
shapes data imported succesfully!
shapes data imported succesfully!
shapes data imported succesfully!
shapes data imported succesfully!
shapes data imported succesfully!
shapes data imported succesfully!
shapes data imported succesfully!
shapes data imported succesfully!
shapes data imported succesfully!
shapes data imported succesfully!
shapes data imported succesfully!
shapes data imported succesfully!
shapes data imported succesfully!
shapes data imported succesfully!
shapes data imported succesfully!
shapes data imported succesfully!
shapes data imported succesfully!
shapes data imported succesfully!
shapes data imported succesfully!
shapes data imported succesfully!
shapes data imported succesfully!
shapes data imported succesfully!
shapes data imported succesfully!
shapes data imported succesfully!
shapes data imported succesfully!
shapes data imported succesfully!
shapes data imported succesfully!
shapes data imported succesfully!
shapes data imported succesfully!
shapes data imported succesfully!
shapes data imported succesfully!
shapes data imported succesfully!
shapes data imported succesfully!
shapes data imported succesfully!
shapes data imported succesfully!
shapes data imported succesfully!
shapes data imported succesfully!
shapes data imported succesfully!
shapes data imported succesfully!
shapes data imported succesfully!
shapes data imported succesfully!
shapes data imported succesfully!
shapes data imported succesfully!
shapes data imported succesfully!
shapes data imported succesfully!
shapes data imported succesfully!
shapes data imported succesfully!
shapes data imported succesfully!
shapes data imported succesfully!
shapes data imported succesfully!
shapes data imported succesfully!
shapes data imported succesfully!
shapes data imported succesfully!
shapes data imported succesfully!
shapes data imported succesfully!
shapes data imported succesfully!
shapes data imported succesfully!
shapes data imported succesfully!
shapes data imported succesfully!
shapes data imported succesfully!
shapes data imported succesfully!
shapes data imported succesfully!
shapes data imported succesfully!
shapes data imported succesfully!
shapes data imported succesfully!
shapes data imported succesfully!
shapes data imported succesfully!
shapes data imported succesfully!
shapes data imported succesfully!
shapes data imported succesfully!
shapes data imported succesfully!
shapes data imported succesfully!
shapes data imported succesfully!
shapes data imported succesfully!
shapes data imported succesfully!
shapes data imported succesfully!
shapes data imported succesfully!
shapes data imported succesfully!
shapes data imported succesfully!
shapes data imported succesfully!
shapes data imported succesfully!
shapes data imported succesfully!
shapes data imported succesfully!
shapes data imported succesfully!
shapes data imported succesfully!
shapes data imported succesfully!
shapes data imported succesfully!
shapes data imported succesfully!
shapes data imported succesfully!
shapes data imported succesfully!
shapes data imported succesfully!
shapes data imported succesfully!
shapes data imported succesfully!
shapes data imported succesfully!
shapes data imported succesfully!
shapes data imported succesfully!
shapes data imported succesfully!
shapes data imported succesfully!
shapes data imported succesfully!
shapes data imported succesfully!
shapes data imported succesfully!
shapes data imported succesfully!
shapes data imported succesfully!
shapes data imported succesfully!
shapes data imported succesfully!
shapes data imported succesfully!
shapes data imported succesfully!
shapes data imported succesfully!
shapes data imported succesfully!
shapes data imported succesfully!
shapes data imported succesfully!
shapes data imported succesfully!
shapes data imported succesfully!
shapes data imported succesfully!
shapes data imported succesfully!
shapes data imported succesfully!
shapes data imported succesfully!
shapes data imported succesfully!
shapes data imported succesfully!
shapes data imported succesfully!
shapes data imported succesfully!
shapes data imported succesfully!
shapes data imported succesfully!
shapes data imported succesfully!
shapes data imported succesfully!
shapes data imported succesfully!
shapes data imported succesfully!
shapes data imported succesfully!
shapes data imported succesfully!
shapes data imported succesfully!
shapes data imported succesfully!
shapes data imported succesfully!
shapes data imported succesfully!
shapes data imported succesfully!
shapes data imported succesfully!
shapes data imported succesfully!
shapes data imported succesfully!
shapes data imported succesfully!
shapes data imported succesfully!
shapes data imported succesfully!
shapes data imported succesfully!
shapes data imported succesfully!
shapes data imported succesfully!
shapes data imported succesfully!
shapes data imported succesfully!
shapes data imported succesfully!
shapes data imported succesfully!
shapes data imported succesfully!
shapes data imported succesfully!
shapes data imported succesfully!
shapes data imported succesfully!
shapes data imported succesfully!
shapes data imported succesfully!
shapes data imported succesfully!
shapes data imported succesfully!
shapes data imported succesfully!
shapes data imported succesfully!
shapes data imported succesfully!
shapes data imported succesfully!
shapes data imported succesfully!
shapes data imported succesfully!
shapes data imported succesfully!
shapes data imported succesfully!
shapes data imported succesfully!
shapes data imported succesfully!
shapes data imported succesfully!
shapes data imported succesfully!
shapes data imported succesfully!
shapes data imported succesfully!
shapes data imported succesfully!
shapes data imported succesfully!
shapes data imported succesfully!
shapes data imported succesfully!
shapes data imported succesfully!
shapes data imported succesfully!
shapes data imported succesfully!
shapes data imported succesfully!
shapes data imported succesfully!
shapes data imported succesfully!
shapes data imported succesfully!
shapes data imported succesfully!
shapes data imported succesfully!
shapes data imported succesfully!
shapes data imported succesfully!
shapes data imported succesfully!
shapes data imported succesfully!
shapes data imported succesfully!
shapes data imported succesfully!
shapes data imported succesfully!
shapes data imported succesfully!
shapes data imported succesfully!
shapes data imported succesfully!
shapes data imported succesfully!
shapes data imported succesfully!
shapes data imported succesfully!
shapes data imported succesfully!
shapes data imported succesfully!
shapes data imported succesfully!
shapes data imported succesfully!
shapes data imported succesfully!
shapes data imported succesfully!
shapes data imported succesfully!
shapes data imported succesfully!
shapes data imported succesfully!
shapes data imported succesfully!
shapes data imported succesfully!
shapes data imported succesfully!
shapes data imported succesfully!
shapes data imported succesfully!
shapes data imported succesfully!
shapes data imported succesfully!
shapes data imported succesfully!
shapes data imported succesfully!
shapes data imported succesfully!
shapes data imported succesfully!
shapes data imported succesfully!
shapes data imported succesfully!
shapes data imported succesfully!
shapes data imported succesfully!
shapes data imported succesfully!
shapes data imported succesfully!
shapes data imported succesfully!
shapes data imported succesfully!
shapes data imported succesfully!
shapes data imported succesfully!
shapes data imported succesfully!
shapes data imported succesfully!
shapes data imported succesfully!
shapes data imported succesfully!
shapes data imported succesfully!
shapes data imported succesfully!
shapes data imported succesfully!
shapes data imported succesfully!
shapes data imported succesfully!
shapes data imported succesfully!
shapes data imported succesfully!
shapes data imported succesfully!
shapes data imported succesfully!
shapes data imported succesfully!
shapes data imported succesfully!
shapes data imported succesfully!
shapes data imported succesfully!
shapes data imported succesfully!
shapes data imported succesfully!
shapes data imported succesfully!
shapes data imported succesfully!
shapes data imported succesfully!
shapes data imported succesfully!
shapes data imported succesfully!
shapes data imported succesfully!
shapes data imported succesfully!
shapes data imported succesfully!
shapes data imported succesfully!
shapes data imported succesfully!
shapes data imported succesfully!
shapes data imported succesfully!
shapes data imported succesfully!
shapes data imported succesfully!
shapes data imported succesfully!
shapes data imported succesfully!
shapes data imported succesfully!
shapes data imported succesfully!
shapes data imported succesfully!
shapes data imported succesfully!
shapes data imported succesfully!
shapes data imported succesfully!
shapes data imported succesfully!
shapes data imported succesfully!
shapes data imported succesfully!
shapes data imported succesfully!
shapes data imported succesfully!
shapes data imported succesfully!
shapes data imported succesfully!
shapes data imported succesfully!
shapes data imported succesfully!
shapes data imported succesfully!
shapes data imported succesfully!
shapes data imported succesfully!
shapes data imported succesfully!
shapes data imported succesfully!
shapes data imported succesfully!
shapes data imported succesfully!
shapes data imported succesfully!
shapes data imported succesfully!
shapes data imported succesfully!
shapes data imported succesfully!
shapes data imported succesfully!
shapes data imported succesfully!
shapes data imported succesfully!
shapes data imported succesfully!
shapes data imported succesfully!
shapes data imported succesfully!
shapes data imported succesfully!
shapes data imported succesfully!
shapes data imported succesfully!
shapes data imported succesfully!
shapes data imported succesfully!
shapes data imported succesfully!
shapes data imported succesfully!
shapes data imported succesfully!
shapes data imported succesfully!
shapes data imported succesfully!
shapes data imported succesfully!
shapes data imported succesfully!
shapes data imported succesfully!
shapes data imported succesfully!
shapes data imported succesfully!
shapes data imported succesfully!
shapes data imported succesfully!
shapes data imported succesfully!
shapes data imported succesfully!
shapes data imported succesfully!
shapes data imported succesfully!
shapes data imported succesfully!
shapes data imported succesfully!
shapes data imported succesfully!
shapes data imported succesfully!
shapes data imported succesfully!
shapes data imported succesfully!
shapes data imported succesfully!
shapes data imported succesfully!
shapes data imported succesfully!
shapes data imported succesfully!
shapes data imported succesfully!
shapes data imported succesfully!
shapes data imported succesfully!
shapes data imported succesfully!
shapes data imported succesfully!
shapes data imported succesfully!
shapes data imported succesfully!
shapes data imported succesfully!
shapes data imported succesfully!
shapes data imported succesfully!
shapes data imported succesfully!
shapes data imported succesfully!
shapes data imported succesfully!
shapes data imported succesfully!
shapes data imported succesfully!
shapes data imported succesfully!
shapes data imported succesfully!
shapes data imported succesfully!
shapes data imported succesfully!
shapes data imported succesfully!
shapes data imported succesfully!
shapes data imported succesfully!
shapes data imported succesfully!
shapes data imported succesfully!
shapes data imported succesfully!
shapes data imported succesfully!
shapes data imported succesfully!
shapes data imported succesfully!
shapes data imported succesfully!
shapes data imported succesfully!
shapes data imported succesfully!
shapes data imported succesfully!
shapes data imported succesfully!
shapes data imported succesfully!
shapes data imported succesfully!
shapes data imported succesfully!
shapes data imported succesfully!
shapes data imported succesfully!
shapes data imported succesfully!
shapes data imported succesfully!
shapes data imported succesfully!
shapes data imported succesfully!
shapes data imported succesfully!
shapes data imported succesfully!
shapes data imported succesfully!
shapes data imported succesfully!
shapes data imported succesfully!
shapes data imported succesfully!
shapes data imported succesfully!
shapes data imported succesfully!
shapes data imported succesfully!
shapes data imported succesfully!
shapes data imported succesfully!
shapes data imported succesfully!
shapes data imported succesfully!
shapes data imported succesfully!
shapes data imported succesfully!
shapes data imported succesfully!
shapes data imported succesfully!
shapes data imported succesfully!
shapes data imported succesfully!
shapes data imported succesfully!
shapes data imported succesfully!
shapes data imported succesfully!
shapes data imported succesfully!
shapes data imported succesfully!
shapes data imported succesfully!
shapes data imported succesfully!
shapes data imported succesfully!
shapes data imported succesfully!
shapes data imported succesfully!
shapes data imported succesfully!
shapes data imported succesfully!
shapes data imported succesfully!
shapes data imported succesfully!
shapes data imported succesfully!
shapes data imported succesfully!
shapes data imported succesfully!
shapes data imported succesfully!
shapes data imported succesfully!
shapes data imported succesfully!
shapes data imported succesfully!
shapes data imported succesfully!
shapes data imported succesfully!
shapes data imported succesfully!
shapes data imported succesfully!
shapes data imported succesfully!
shapes data imported succesfully!
shapes data imported succesfully!
shapes data imported succesfully!
shapes data imported succesfully!
shapes data imported succesfully!
shapes data imported succesfully!
shapes data imported succesfully!
shapes data imported succesfully!
shapes data imported succesfully!
shapes data imported succesfully!
shapes data imported succesfully!
shapes data imported succesfully!
shapes data imported succesfully!
shapes data imported succesfully!
shapes data imported succesfully!
shapes data imported succesfully!
shapes data imported succesfully!
shapes data imported succesfully!
shapes data imported succesfully!
shapes data imported succesfully!
shapes data imported succesfully!
shapes data imported succesfully!
shapes data imported succesfully!
shapes data imported succesfully!
shapes data imported succesfully!
shapes data imported succesfully!
shapes data imported succesfully!
shapes data imported succesfully!
shapes data imported succesfully!
shapes data imported succesfully!
shapes data imported succesfully!
shapes data imported succesfully!
shapes data imported succesfully!
shapes data imported succesfully!
shapes data imported succesfully!
shapes data imported succesfully!
shapes data imported succesfully!
shapes data imported succesfully!
shapes data imported succesfully!
shapes data imported succesfully!
shapes data imported succesfully!
shapes data imported succesfully!
shapes data imported succesfully!
shapes data imported succesfully!
shapes data imported succesfully!
shapes data imported succesfully!
shapes data imported succesfully!
shapes data imported succesfully!
shapes data imported succesfully!
shapes data imported succesfully!
shapes data imported succesfully!
shapes data imported succesfully!
shapes data imported succesfully!
shapes data imported succesfully!
shapes data imported succesfully!
shapes data imported succesfully!
shapes data imported succesfully!
shapes data imported succesfully!
shapes data imported succesfully!
shapes data imported succesfully!
shapes data imported succesfully!
shapes data imported succesfully!
shapes data imported succesfully!
shapes data imported succesfully!
shapes data imported succesfully!
shapes data imported succesfully!
shapes data imported succesfully!
shapes data imported succesfully!
shapes data imported succesfully!
shapes data imported succesfully!
shapes data imported succesfully!
shapes data imported succesfully!
shapes data imported succesfully!
shapes data imported succesfully!
shapes data imported succesfully!
shapes data imported succesfully!
shapes data imported succesfully!
shapes data imported succesfully!
shapes data imported succesfully!
shapes data imported succesfully!
shapes data imported succesfully!
shapes data imported succesfully!
shapes data imported succesfully!
shapes data imported succesfully!
shapes data imported succesfully!
shapes data imported succesfully!
shapes data imported succesfully!
shapes data imported succesfully!
shapes data imported succesfully!
shapes data imported succesfully!
shapes data imported succesfully!
shapes data imported succesfully!
shapes data imported succesfully!
shapes data imported succesfully!
shapes data imported succesfully!
shapes data imported succesfully!
shapes data imported succesfully!
shapes data imported succesfully!
shapes data imported succesfully!
shapes data imported succesfully!
shapes data imported succesfully!
shapes data imported succesfully!
shapes data imported succesfully!
shapes data imported succesfully!
shapes data imported succesfully!
shapes data imported succesfully!
shapes data imported succesfully!
shapes data imported succesfully!
shapes data imported succesfully!
shapes data imported succesfully!
shapes data imported succesfully!
shapes data imported succesfully!
shapes data imported succesfully!
shapes data imported succesfully!
shapes data imported succesfully!
shapes data imported succesfully!
shapes data imported succesfully!
shapes data imported succesfully!
shapes data imported succesfully!
shapes data imported succesfully!
shapes data imported succesfully!
shapes data imported succesfully!
shapes data imported succesfully!
shapes data imported succesfully!
shapes data imported succesfully!
shapes data imported succesfully!
shapes data imported succesfully!
shapes data imported succesfully!
shapes data imported succesfully!
shapes data imported succesfully!
shapes data imported succesfully!
shapes data imported succesfully!
shapes data imported succesfully!
shapes data imported succesfully!
shapes data imported succesfully!
shapes data imported succesfully!
shapes data imported succesfully!
shapes data imported succesfully!
shapes data imported succesfully!
shapes data imported succesfully!
shapes data imported succesfully!
shapes data imported succesfully!
shapes data imported succesfully!
shapes data imported succesfully!
shapes data imported succesfully!
shapes data imported succesfully!
shapes data imported succesfully!
shapes data imported succesfully!
shapes data imported succesfully!
shapes data imported succesfully!
shapes data imported succesfully!
shapes data imported succesfully!
shapes data imported succesfully!
shapes data imported succesfully!
shapes data imported succesfully!
shapes data imported succesfully!
shapes data imported succesfully!
shapes data imported succesfully!
shapes data imported succesfully!
shapes data imported succesfully!
shapes data imported succesfully!
shapes data imported succesfully!
shapes data imported succesfully!
shapes data imported succesfully!
shapes data imported succesfully!
shapes data imported succesfully!
shapes data imported succesfully!
shapes data imported succesfully!
shapes data imported succesfully!
shapes data imported succesfully!
shapes data imported succesfully!
shapes data imported succesfully!
shapes data imported succesfully!
shapes data imported succesfully!
shapes data imported succesfully!
shapes data imported succesfully!
shapes data imported succesfully!
shapes data imported succesfully!
shapes data imported succesfully!
shapes data imported succesfully!
shapes data imported succesfully!
shapes data imported succesfully!
shapes data imported succesfully!
shapes data imported succesfully!
shapes data imported succesfully!
shapes data imported succesfully!
shapes data imported succesfully!
shapes data imported succesfully!
shapes data imported succesfully!
shapes data imported succesfully!
shapes data imported succesfully!
shapes data imported succesfully!
shapes data imported succesfully!
shapes data imported succesfully!
shapes data imported succesfully!
shapes data imported succesfully!
shapes data imported succesfully!
shapes data imported succesfully!
shapes data imported succesfully!
shapes data imported succesfully!
shapes data imported succesfully!
shapes data imported succesfully!
shapes data imported succesfully!
shapes data imported succesfully!
shapes data imported succesfully!
shapes data imported succesfully!
shapes data imported succesfully!
shapes data imported succesfully!
shapes data imported succesfully!
shapes data imported succesfully!
shapes data imported succesfully!
shapes data imported succesfully!
shapes data imported succesfully!
shapes data imported succesfully!
shapes data imported succesfully!
shapes data imported succesfully!
shapes data imported succesfully!
shapes data imported succesfully!
shapes data imported succesfully!
shapes data imported succesfully!
shapes data imported succesfully!
shapes data imported succesfully!
shapes data imported succesfully!
shapes data imported succesfully!
shapes data imported succesfully!
shapes data imported succesfully!
shapes data imported succesfully!
shapes data imported succesfully!
shapes data imported succesfully!
shapes data imported succesfully!
shapes data imported succesfully!
shapes data imported succesfully!
shapes data imported succesfully!
shapes data imported succesfully!
shapes data imported succesfully!
shapes data imported succesfully!
shapes data imported succesfully!
shapes data imported succesfully!
shapes data imported succesfully!
shapes data imported succesfully!
shapes data imported succesfully!
shapes data imported succesfully!
shapes data imported succesfully!
shapes data imported succesfully!
shapes data imported succesfully!
shapes data imported succesfully!
shapes data imported succesfully!
shapes data imported succesfully!
shapes data imported succesfully!
shapes data imported succesfully!
shapes data imported succesfully!
shapes data imported succesfully!
shapes data imported succesfully!
shapes data imported succesfully!
shapes data imported succesfully!
shapes data imported succesfully!
shapes data imported succesfully!
shapes data imported succesfully!
shapes data imported succesfully!
shapes data imported succesfully!
shapes data imported succesfully!
shapes data imported succesfully!
shapes data imported succesfully!
shapes data imported succesfully!
shapes data imported succesfully!
shapes data imported succesfully!
shapes data imported succesfully!
shapes data imported succesfully!
shapes data imported succesfully!
shapes data imported succesfully!
shapes data imported succesfully!
shapes data imported succesfully!
shapes data imported succesfully!
shapes data imported succesfully!
shapes data imported succesfully!
shapes data imported succesfully!
shapes data imported succesfully!
shapes data imported succesfully!
shapes data imported succesfully!
shapes data imported succesfully!
shapes data imported succesfully!
shapes data imported succesfully!
shapes data imported succesfully!
shapes data imported succesfully!
shapes data imported succesfully!
shapes data imported succesfully!
shapes data imported succesfully!
shapes data imported succesfully!
shapes data imported succesfully!
shapes data imported succesfully!
shapes data imported succesfully!
shapes data imported succesfully!
shapes data imported succesfully!
shapes data imported succesfully!
shapes data imported succesfully!
shapes data imported succesfully!
shapes data imported succesfully!
shapes data imported succesfully!
shapes data imported succesfully!
shapes data imported succesfully!
shapes data imported succesfully!
shapes data imported succesfully!
shapes data imported succesfully!
shapes data imported succesfully!
shapes data imported succesfully!
shapes data imported succesfully!
shapes data imported succesfully!
shapes data imported succesfully!
shapes data imported succesfully!
shapes data imported succesfully!
shapes data imported succesfully!
shapes data imported succesfully!
shapes data imported succesfully!
shapes data imported succesfully!
shapes data imported succesfully!
shapes data imported succesfully!
shapes data imported succesfully!
shapes data imported succesfully!
shapes data imported succesfully!
shapes data imported succesfully!
shapes data imported succesfully!
shapes data imported succesfully!
shapes data imported succesfully!
shapes data imported succesfully!
shapes data imported succesfully!
shapes data imported succesfully!
shapes data imported succesfully!
shapes data imported succesfully!
shapes data imported succesfully!
shapes data imported succesfully!
shapes data imported succesfully!
shapes data imported succesfully!
shapes data imported succesfully!
shapes data imported succesfully!
shapes data imported succesfully!
shapes data imported succesfully!
shapes data imported succesfully!
shapes data imported succesfully!
shapes data imported succesfully!
shapes data imported succesfully!
shapes data imported succesfully!
shapes data imported succesfully!
shapes data imported succesfully!
shapes data imported succesfully!
shapes data imported succesfully!
shapes data imported succesfully!
shapes data imported succesfully!
shapes data imported succesfully!
shapes data imported succesfully!
shapes data imported succesfully!
shapes data imported succesfully!
shapes data imported succesfully!
shapes data imported succesfully!
shapes data imported succesfully!
shapes data imported succesfully!
shapes data imported succesfully!
shapes data imported succesfully!
shapes data imported succesfully!
shapes data imported succesfully!
shapes data imported succesfully!
shapes data imported succesfully!
shapes data imported succesfully!
shapes data imported succesfully!
shapes data imported succesfully!
shapes data imported succesfully!
shapes data imported succesfully!
shapes data imported succesfully!
shapes data imported succesfully!
shapes data imported succesfully!
shapes data imported succesfully!
shapes data imported succesfully!
shapes data imported succesfully!
shapes data imported succesfully!
shapes data imported succesfully!
shapes data imported succesfully!
shapes data imported succesfully!
shapes data imported succesfully!
shapes data imported succesfully!
shapes data imported succesfully!
shapes data imported succesfully!
shapes data imported succesfully!
shapes data imported succesfully!
shapes data imported succesfully!
shapes data imported succesfully!
shapes data imported succesfully!
shapes data imported succesfully!
shapes data imported succesfully!
shapes data imported succesfully!
shapes data imported succesfully!
shapes data imported succesfully!
shapes data imported succesfully!
shapes data imported succesfully!
shapes data imported succesfully!
shapes data imported succesfully!
shapes data imported succesfully!
shapes data imported succesfully!
shapes data imported succesfully!
shapes data imported succesfully!
shapes data imported succesfully!
shapes data imported succesfully!
shapes data imported succesfully!
shapes data imported succesfully!
shapes data imported succesfully!
shapes data imported succesfully!
shapes data imported succesfully!
shapes data imported succesfully!
shapes data imported succesfully!
shapes data imported succesfully!
shapes data imported succesfully!
shapes data imported succesfully!
shapes data imported succesfully!
shapes data imported succesfully!
shapes data imported succesfully!
shapes data imported succesfully!
shapes data imported succesfully!
shapes data imported succesfully!
shapes data imported succesfully!
shapes data imported succesfully!
shapes data imported succesfully!
shapes data imported succesfully!
shapes data imported succesfully!
shapes data imported succesfully!
shapes data imported succesfully!
shapes data imported succesfully!
shapes data imported succesfully!
shapes data imported succesfully!
shapes data imported succesfully!
shapes data imported succesfully!
shapes data imported succesfully!
shapes data imported succesfully!
shapes data imported succesfully!
shapes data imported succesfully!
shapes data imported succesfully!
shapes data imported succesfully!
shapes data imported succesfully!
shapes data imported succesfully!
shapes data imported succesfully!
shapes data imported succesfully!
shapes data imported succesfully!
shapes data imported succesfully!
shapes data imported succesfully!
shapes data imported succesfully!
shapes data imported succesfully!
shapes data imported succesfully!
shapes data imported succesfully!
shapes data imported succesfully!
shapes data imported succesfully!
shapes data imported succesfully!
shapes data imported succesfully!
shapes data imported succesfully!
shapes data imported succesfully!
shapes data imported succesfully!
shapes data imported succesfully!
shapes data imported succesfully!
shapes data imported succesfully!
shapes data imported succesfully!
shapes data imported succesfully!
shapes data imported succesfully!
shapes data imported succesfully!
shapes data imported succesfully!
shapes data imported succesfully!
shapes data imported succesfully!
shapes data imported succesfully!
shapes data imported succesfully!
shapes data imported succesfully!
shapes data imported succesfully!
shapes data imported succesfully!
shapes data imported succesfully!
shapes data imported succesfully!
shapes data imported succesfully!
shapes data imported succesfully!
shapes data imported succesfully!
shapes data imported succesfully!
shapes data imported succesfully!
shapes data imported succesfully!
shapes data imported succesfully!
shapes data imported succesfully!
shapes data imported succesfully!
shapes data imported succesfully!
shapes data imported succesfully!
shapes data imported succesfully!
shapes data imported succesfully!
shapes data imported succesfully!
shapes data imported succesfully!
shapes data imported succesfully!
shapes data imported succesfully!
shapes data imported succesfully!
shapes data imported succesfully!
shapes data imported succesfully!
shapes data imported succesfully!
shapes data imported succesfully!
shapes data imported succesfully!
shapes data imported succesfully!
shapes data imported succesfully!
shapes data imported succesfully!
shapes data imported succesfully!
shapes data imported succesfully!
shapes data imported succesfully!
shapes data imported succesfully!
shapes data imported succesfully!
shapes data imported succesfully!
shapes data imported succesfully!
shapes data imported succesfully!
shapes data imported succesfully!
shapes data imported succesfully!
shapes data imported succesfully!
shapes data imported succesfully!
shapes data imported succesfully!
shapes data imported succesfully!
shapes data imported succesfully!
shapes data imported succesfully!
shapes data imported succesfully!
shapes data imported succesfully!
shapes data imported succesfully!
shapes data imported succesfully!
shapes data imported succesfully!
shapes data imported succesfully!
shapes data imported succesfully!
shapes data imported succesfully!
shapes data imported succesfully!
shapes data imported succesfully!
shapes data imported succesfully!
shapes data imported succesfully!
shapes data imported succesfully!
shapes data imported succesfully!
shapes data imported succesfully!
shapes data imported succesfully!
shapes data imported succesfully!
shapes data imported succesfully!
shapes data imported succesfully!
shapes data imported succesfully!
shapes data imported succesfully!
shapes data imported succesfully!
shapes data imported succesfully!
shapes data imported succesfully!
shapes data imported succesfully!
shapes data imported succesfully!
shapes data imported succesfully!
shapes data imported succesfully!
shapes data imported succesfully!
shapes data imported succesfully!
shapes data imported succesfully!
shapes data imported succesfully!
shapes data imported succesfully!
shapes data imported succesfully!
shapes data imported succesfully!
shapes data imported succesfully!
shapes data imported succesfully!
shapes data imported succesfully!
shapes data imported succesfully!
shapes data imported succesfully!
shapes data imported succesfully!
shapes data imported succesfully!
shapes data imported succesfully!
shapes data imported succesfully!
shapes data imported succesfully!
shapes data imported succesfully!
shapes data imported succesfully!
shapes data imported succesfully!
shapes data imported succesfully!
shapes data imported succesfully!
shapes data imported succesfully!
shapes data imported succesfully!
shapes data imported succesfully!
shapes data imported succesfully!
shapes data imported succesfully!
shapes data imported succesfully!
shapes data imported succesfully!
shapes data imported succesfully!
shapes data imported succesfully!
shapes data imported succesfully!
shapes data imported succesfully!
shapes data imported succesfully!
shapes data imported succesfully!
shapes data imported succesfully!
shapes data imported succesfully!
shapes data imported succesfully!
shapes data imported succesfully!
shapes data imported succesfully!
shapes data imported succesfully!
shapes data imported succesfully!
shapes data imported succesfully!
shapes data imported succesfully!
shapes data imported succesfully!
shapes data imported succesfully!
shapes data imported succesfully!
shapes data imported succesfully!
shapes data imported succesfully!
shapes data imported succesfully!
shapes data imported succesfully!
shapes data imported succesfully!
shapes data imported succesfully!
shapes data imported succesfully!
shapes data imported succesfully!
shapes data imported succesfully!
shapes data imported succesfully!
shapes data imported succesfully!
shapes data imported succesfully!
shapes data imported succesfully!
shapes data imported succesfully!
shapes data imported succesfully!
shapes data imported succesfully!
shapes data imported succesfully!
shapes data imported succesfully!
shapes data imported succesfully!
shapes data imported succesfully!
shapes data imported succesfully!
shapes data imported succesfully!
shapes data imported succesfully!
shapes data imported succesfully!
shapes data imported succesfully!
shapes data imported succesfully!
shapes data imported succesfully!
shapes data imported succesfully!
shapes data imported succesfully!
shapes data imported succesfully!
shapes data imported succesfully!
shapes data imported succesfully!
shapes data imported succesfully!
shapes data imported succesfully!
shapes data imported succesfully!
shapes data imported succesfully!
shapes data imported succesfully!
shapes data imported succesfully!
shapes data imported succesfully!
shapes data imported succesfully!
shapes data imported succesfully!
shapes data imported succesfully!
shapes data imported succesfully!
shapes data imported succesfully!
shapes data imported succesfully!
shapes data imported succesfully!
shapes data imported succesfully!
shapes data imported succesfully!
shapes data imported succesfully!
shapes data imported succesfully!
shapes data imported succesfully!
shapes data imported succesfully!
shapes data imported succesfully!
shapes data imported succesfully!
shapes data imported succesfully!
shapes data imported succesfully!
shapes data imported succesfully!
shapes data imported succesfully!
shapes data imported succesfully!
shapes data imported succesfully!
shapes data imported succesfully!
shapes data imported succesfully!
shapes data imported succesfully!
shapes data imported succesfully!
shapes data imported succesfully!
shapes data imported succesfully!
shapes data imported succesfully!
shapes data imported succesfully!
shapes data imported succesfully!
shapes data imported succesfully!
shapes data imported succesfully!
shapes data imported succesfully!
shapes data imported succesfully!
shapes data imported succesfully!
shapes data imported succesfully!
shapes data imported succesfully!
shapes data imported succesfully!
shapes data imported succesfully!
shapes data imported succesfully!
shapes data imported succesfully!
shapes data imported succesfully!
shapes data imported succesfully!
shapes data imported succesfully!
shapes data imported succesfully!
shapes data imported succesfully!
shapes data imported succesfully!
shapes data imported succesfully!
shapes data imported succesfully!
shapes data imported succesfully!
shapes data imported succesfully!
shapes data imported succesfully!
shapes data imported succesfully!
shapes data imported succesfully!
shapes data imported succesfully!
shapes data imported succesfully!
shapes data imported succesfully!
shapes data imported succesfully!
shapes data imported succesfully!
shapes data imported succesfully!
shapes data imported succesfully!
shapes data imported succesfully!
shapes data imported succesfully!
shapes data imported succesfully!
shapes data imported succesfully!
shapes data imported succesfully!
shapes data imported succesfully!
shapes data imported succesfully!
shapes data imported succesfully!
shapes data imported succesfully!
shapes data imported succesfully!
shapes data imported succesfully!
shapes data imported succesfully!
shapes data imported succesfully!
shapes data imported succesfully!
shapes data imported succesfully!
shapes data imported succesfully!
shapes data imported succesfully!
shapes data imported succesfully!
shapes data imported succesfully!
shapes data imported succesfully!
shapes data imported succesfully!
shapes data imported succesfully!
shapes data imported succesfully!
shapes data imported succesfully!
shapes data imported succesfully!
shapes data imported succesfully!
shapes data imported succesfully!
shapes data imported succesfully!
shapes data imported succesfully!
shapes data imported succesfully!
shapes data imported succesfully!
shapes data imported succesfully!
shapes data imported succesfully!
shapes data imported succesfully!
shapes data imported succesfully!
shapes data imported succesfully!
shapes data imported succesfully!
shapes data imported succesfully!
shapes data imported succesfully!
shapes data imported succesfully!
shapes data imported succesfully!
shapes data imported succesfully!
shapes data imported succesfully!
shapes data imported succesfully!
shapes data imported succesfully!
shapes data imported succesfully!
shapes data imported succesfully!
shapes data imported succesfully!
shapes data imported succesfully!
shapes data imported succesfully!
shapes data imported succesfully!
shapes data imported succesfully!
shapes data imported succesfully!
shapes data imported succesfully!
shapes data imported succesfully!
shapes data imported succesfully!
shapes data imported succesfully!
shapes data imported succesfully!
shapes data imported succesfully!
shapes data imported succesfully!
shapes data imported succesfully!
shapes data imported succesfully!
shapes data imported succesfully!
shapes data imported succesfully!
shapes data imported succesfully!
shapes data imported succesfully!
shapes data imported succesfully!
shapes data imported succesfully!
shapes data imported succesfully!
shapes data imported succesfully!
shapes data imported succesfully!
shapes data imported succesfully!
shapes data imported succesfully!
shapes data imported succesfully!
shapes data imported succesfully!
shapes data imported succesfully!
shapes data imported succesfully!
shapes data imported succesfully!
shapes data imported succesfully!
shapes data imported succesfully!
shapes data imported succesfully!
shapes data imported succesfully!
shapes data imported succesfully!
shapes data imported succesfully!
shapes data imported succesfully!
shapes data imported succesfully!
shapes data imported succesfully!
shapes data imported succesfully!
shapes data imported succesfully!
shapes data imported succesfully!
shapes data imported succesfully!
shapes data imported succesfully!
shapes data imported succesfully!
shapes data imported succesfully!
shapes data imported succesfully!
shapes data imported succesfully!
shapes data imported succesfully!
shapes data imported succesfully!
shapes data imported succesfully!
shapes data imported succesfully!
shapes data imported succesfully!
shapes data imported succesfully!
shapes data imported succesfully!
shapes data imported succesfully!
shapes data imported succesfully!
shapes data imported succesfully!
shapes data imported succesfully!
shapes data imported succesfully!
shapes data imported succesfully!
shapes data imported succesfully!
shapes data imported succesfully!
shapes data imported succesfully!
shapes data imported succesfully!
shapes data imported succesfully!
shapes data imported succesfully!
shapes data imported succesfully!
shapes data imported succesfully!
shapes data imported succesfully!
shapes data imported succesfully!
shapes data imported succesfully!
shapes data imported succesfully!
shapes data imported succesfully!
shapes data imported succesfully!
shapes data imported succesfully!
shapes data imported succesfully!
shapes data imported succesfully!
shapes data imported succesfully!
shapes data imported succesfully!
shapes data imported succesfully!
shapes data imported succesfully!
shapes data imported succesfully!
shapes data imported succesfully!
shapes data imported succesfully!
shapes data imported succesfully!
shapes data imported succesfully!
shapes data imported succesfully!
shapes data imported succesfully!
shapes data imported succesfully!
shapes data imported succesfully!
shapes data imported succesfully!
shapes data imported succesfully!
shapes data imported succesfully!
shapes data imported succesfully!
shapes data imported succesfully!
shapes data imported succesfully!
shapes data imported succesfully!
shapes data imported succesfully!
shapes data imported succesfully!
shapes data imported succesfully!
shapes data imported succesfully!
shapes data imported succesfully!
shapes data imported succesfully!
shapes data imported succesfully!
shapes data imported succesfully!
shapes data imported succesfully!
shapes data imported succesfully!
shapes data imported succesfully!
shapes data imported succesfully!
shapes data imported succesfully!
shapes data imported succesfully!
shapes data imported succesfully!
shapes data imported succesfully!
shapes data imported succesfully!
shapes data imported succesfully!
shapes data imported succesfully!
shapes data imported succesfully!
shapes data imported succesfully!
shapes data imported succesfully!
shapes data imported succesfully!
shapes data imported succesfully!
shapes data imported succesfully!
shapes data imported succesfully!
shapes data imported succesfully!
shapes data imported succesfully!
shapes data imported succesfully!
shapes data imported succesfully!
shapes data imported succesfully!
shapes data imported succesfully!
shapes data imported succesfully!
shapes data imported succesfully!
shapes data imported succesfully!
shapes data imported succesfully!
shapes data imported succesfully!
shapes data imported succesfully!
shapes data imported succesfully!
shapes data imported succesfully!
shapes data imported succesfully!
shapes data imported succesfully!
shapes data imported succesfully!
shapes data imported succesfully!
shapes data imported succesfully!
shapes data imported succesfully!
shapes data imported succesfully!
shapes data imported succesfully!
shapes data imported succesfully!
shapes data imported succesfully!
shapes data imported succesfully!
shapes data imported succesfully!
shapes data imported succesfully!
shapes data imported succesfully!
shapes data imported succesfully!
shapes data imported succesfully!
shapes data imported succesfully!
shapes data imported succesfully!
shapes data imported succesfully!
shapes data imported succesfully!
shapes data imported succesfully!
shapes data imported succesfully!
shapes data imported succesfully!
shapes data imported succesfully!
shapes data imported succesfully!
shapes data imported succesfully!
shapes data imported succesfully!
shapes data imported succesfully!
shapes data imported succesfully!
shapes data imported succesfully!
shapes data imported succesfully!
shapes data imported succesfully!
shapes data imported succesfully!
shapes data imported succesfully!
shapes data imported succesfully!
shapes data imported succesfully!
shapes data imported succesfully!
shapes data imported succesfully!
shapes data imported succesfully!
shapes data imported succesfully!
shapes data imported succesfully!
shapes data imported succesfully!
shapes data imported succesfully!
shapes data imported succesfully!
shapes data imported succesfully!
shapes data imported succesfully!
shapes data imported succesfully!
shapes data imported succesfully!
shapes data imported succesfully!
shapes data imported succesfully!
shapes data imported succesfully!
shapes data imported succesfully!
shapes data imported succesfully!
shapes data imported succesfully!
shapes data imported succesfully!
shapes data imported succesfully!
shapes data imported succesfully!
shapes data imported succesfully!
shapes data imported succesfully!
shapes data imported succesfully!
shapes data imported succesfully!
shapes data imported succesfully!
shapes data imported succesfully!
shapes data imported succesfully!
shapes data imported succesfully!
shapes data imported succesfully!
shapes data imported succesfully!
shapes data imported succesfully!
shapes data imported succesfully!
shapes data imported succesfully!
shapes data imported succesfully!
shapes data imported succesfully!
shapes data imported succesfully!
shapes data imported succesfully!
shapes data imported succesfully!
shapes data imported succesfully!
shapes data imported succesfully!
shapes data imported succesfully!
shapes data imported succesfully!
shapes data imported succesfully!
shapes data imported succesfully!
shapes data imported succesfully!
shapes data imported succesfully!
shapes data imported succesfully!
shapes data imported succesfully!
shapes data imported succesfully!
shapes data imported succesfully!
shapes data imported succesfully!
shapes data imported succesfully!
shapes data imported succesfully!
shapes data imported succesfully!
shapes data imported succesfully!
shapes data imported succesfully!
shapes data imported succesfully!
shapes data imported succesfully!
shapes data imported succesfully!
shapes data imported succesfully!
shapes data imported succesfully!
shapes data imported succesfully!
shapes data imported succesfully!
shapes data imported succesfully!
shapes data imported succesfully!
shapes data imported succesfully!
shapes data imported succesfully!
shapes data imported succesfully!
shapes data imported succesfully!
shapes data imported succesfully!
shapes data imported succesfully!
shapes data imported succesfully!
shapes data imported succesfully!
shapes data imported succesfully!
shapes data imported succesfully!
shapes data imported succesfully!
shapes data imported succesfully!
shapes data imported succesfully!
shapes data imported succesfully!
shapes data imported succesfully!
shapes data imported succesfully!
shapes data imported succesfully!
shapes data imported succesfully!
shapes data imported succesfully!
shapes data imported succesfully!
shapes data imported succesfully!
shapes data imported succesfully!
shapes data imported succesfully!
shapes data imported succesfully!
shapes data imported succesfully!
shapes data imported succesfully!
shapes data imported succesfully!
shapes data imported succesfully!
shapes data imported succesfully!
shapes data imported succesfully!
shapes data imported succesfully!
shapes data imported succesfully!
shapes data imported succesfully!
shapes data imported succesfully!
shapes data imported succesfully!
shapes data imported succesfully!
shapes data imported succesfully!
shapes data imported succesfully!
shapes data imported succesfully!
shapes data imported succesfully!
shapes data imported succesfully!
shapes data imported succesfully!
shapes data imported succesfully!
shapes data imported succesfully!
shapes data imported succesfully!
shapes data imported succesfully!
shapes data imported succesfully!
shapes data imported succesfully!
shapes data imported succesfully!
shapes data imported succesfully!
shapes data imported succesfully!
shapes data imported succesfully!
shapes data imported succesfully!
shapes data imported succesfully!
shapes data imported succesfully!
shapes data imported succesfully!
shapes data imported succesfully!
shapes data imported succesfully!
shapes data imported succesfully!
shapes data imported succesfully!
shapes data imported succesfully!
shapes data imported succesfully!
shapes data imported succesfully!
shapes data imported succesfully!
shapes data imported succesfully!
shapes data imported succesfully!
shapes data imported succesfully!
shapes data imported succesfully!
shapes data imported succesfully!
shapes data imported succesfully!
shapes data imported succesfully!
shapes data imported succesfully!
shapes data imported succesfully!
shapes data imported succesfully!
shapes data imported succesfully!
shapes data imported succesfully!
shapes data imported succesfully!
shapes data imported succesfully!
shapes data imported succesfully!
shapes data imported succesfully!
shapes data imported succesfully!
shapes data imported succesfully!
shapes data imported succesfully!
shapes data imported succesfully!
shapes data imported succesfully!
shapes data imported succesfully!
shapes data imported succesfully!
shapes data imported succesfully!
shapes data imported succesfully!
shapes data imported succesfully!
shapes data imported succesfully!
shapes data imported succesfully!
shapes data imported succesfully!
shapes data imported succesfully!
shapes data imported succesfully!
shapes data imported succesfully!
shapes data imported succesfully!
shapes data imported succesfully!
shapes data imported succesfully!
shapes data imported succesfully!
shapes data imported succesfully!
shapes data imported succesfully!
shapes data imported succesfully!
shapes data imported succesfully!
shapes data imported succesfully!
shapes data imported succesfully!
shapes data imported succesfully!
shapes data imported succesfully!
shapes data imported succesfully!
shapes data imported succesfully!
shapes data imported succesfully!
shapes data imported succesfully!
shapes data imported succesfully!
shapes data imported succesfully!
shapes data imported succesfully!
shapes data imported succesfully!
shapes data imported succesfully!
shapes data imported succesfully!
shapes data imported succesfully!
shapes data imported succesfully!
shapes data imported succesfully!
shapes data imported succesfully!
shapes data imported succesfully!
shapes data imported succesfully!
shapes data imported succesfully!
shapes data imported succesfully!
shapes data imported succesfully!
shapes data imported succesfully!
shapes data imported succesfully!
shapes data imported succesfully!
shapes data imported succesfully!
shapes data imported succesfully!
shapes data imported succesfully!
shapes data imported succesfully!
shapes data imported succesfully!
shapes data imported succesfully!
shapes data imported succesfully!
shapes data imported succesfully!
shapes data imported succesfully!
shapes data imported succesfully!
shapes data imported succesfully!
shapes data imported succesfully!
shapes data imported succesfully!
shapes data imported succesfully!
shapes data imported succesfully!
shapes data imported succesfully!
shapes data imported succesfully!
shapes data imported succesfully!
shapes data imported succesfully!
shapes data imported succesfully!
shapes data imported succesfully!
shapes data imported succesfully!
shapes data imported succesfully!
shapes data imported succesfully!
shapes data imported succesfully!
shapes data imported succesfully!
shapes data imported succesfully!
shapes data imported succesfully!
shapes data imported succesfully!
shapes data imported succesfully!
shapes data imported succesfully!
shapes data imported succesfully!
shapes data imported succesfully!
shapes data imported succesfully!
shapes data imported succesfully!
shapes data imported succesfully!
shapes data imported succesfully!
shapes data imported succesfully!
shapes data imported succesfully!
shapes data imported succesfully!
shapes data imported succesfully!
shapes data imported succesfully!
shapes data imported succesfully!
shapes data imported succesfully!
shapes data imported succesfully!
shapes data imported succesfully!
shapes data imported succesfully!
shapes data imported succesfully!
shapes data imported succesfully!
shapes data imported succesfully!
shapes data imported succesfully!
shapes data imported succesfully!
shapes data imported succesfully!
shapes data imported succesfully!
shapes data imported succesfully!
shapes data imported succesfully!
shapes data imported succesfully!
shapes data imported succesfully!
shapes data imported succesfully!
shapes data imported succesfully!
shapes data imported succesfully!
shapes data imported succesfully!
shapes data imported succesfully!
shapes data imported succesfully!
shapes data imported succesfully!
shapes data imported succesfully!
shapes data imported succesfully!
shapes data imported succesfully!
shapes data imported succesfully!
shapes data imported succesfully!
shapes data imported succesfully!
shapes data imported succesfully!
shapes data imported succesfully!
shapes data imported succesfully!
shapes data imported succesfully!
shapes data imported succesfully!
shapes data imported succesfully!
shapes data imported succesfully!
shapes data imported succesfully!
shapes data imported succesfully!
shapes data imported succesfully!
shapes data imported succesfully!
shapes data imported succesfully!
shapes data imported succesfully!
shapes data imported succesfully!
shapes data imported succesfully!
shapes data imported succesfully!
shapes data imported succesfully!
shapes data imported succesfully!
shapes data imported succesfully!
shapes data imported succesfully!
shapes data imported succesfully!
shapes data imported succesfully!
shapes data imported succesfully!
shapes data imported succesfully!
shapes data imported succesfully!
shapes data imported succesfully!
shapes data imported succesfully!
shapes data imported succesfully!
shapes data imported succesfully!
shapes data imported succesfully!
shapes data imported succesfully!
shapes data imported succesfully!
shapes data imported succesfully!
shapes data imported succesfully!
shapes data imported succesfully!
shapes data imported succesfully!
shapes data imported succesfully!
shapes data imported succesfully!
shapes data imported succesfully!
shapes data imported succesfully!
shapes data imported succesfully!
shapes data imported succesfully!
shapes data imported succesfully!
shapes data imported succesfully!
shapes data imported succesfully!
shapes data imported succesfully!
shapes data imported succesfully!
shapes data imported succesfully!
shapes data imported succesfully!
shapes data imported succesfully!
shapes data imported succesfully!
shapes data imported succesfully!
shapes data imported succesfully!
shapes data imported succesfully!
shapes data imported succesfully!
shapes data imported succesfully!
shapes data imported succesfully!
shapes data imported succesfully!
shapes data imported succesfully!
shapes data imported succesfully!
shapes data imported succesfully!
shapes data imported succesfully!
shapes data imported succesfully!
shapes data imported succesfully!
shapes data imported succesfully!
shapes data imported succesfully!
shapes data imported succesfully!
shapes data imported succesfully!
shapes data imported succesfully!
shapes data imported succesfully!
shapes data imported succesfully!
shapes data imported succesfully!
shapes data imported succesfully!
shapes data imported succesfully!
shapes data imported succesfully!
shapes data imported succesfully!
shapes data imported succesfully!
shapes data imported succesfully!
shapes data imported succesfully!
shapes data imported succesfully!
shapes data imported succesfully!
shapes data imported succesfully!
shapes data imported succesfully!
shapes data imported succesfully!
shapes data imported succesfully!
shapes data imported succesfully!
shapes data imported succesfully!
shapes data imported succesfully!
shapes data imported succesfully!
shapes data imported succesfully!
shapes data imported succesfully!
shapes data imported succesfully!
shapes data imported succesfully!
shapes data imported succesfully!
shapes data imported succesfully!
shapes data imported succesfully!
shapes data imported succesfully!
shapes data imported succesfully!
shapes data imported succesfully!
shapes data imported succesfully!
shapes data imported succesfully!
shapes data imported succesfully!
shapes data imported succesfully!
shapes data imported succesfully!
shapes data imported succesfully!
shapes data imported succesfully!
shapes data imported succesfully!
shapes data imported succesfully!
shapes data imported succesfully!
shapes data imported succesfully!
shapes data imported succesfully!
shapes data imported succesfully!
shapes data imported succesfully!
shapes data imported succesfully!
shapes data imported succesfully!
shapes data imported succesfully!
shapes data imported succesfully!
shapes data imported succesfully!
shapes data imported succesfully!
shapes data imported succesfully!
shapes data imported succesfully!
shapes data imported succesfully!
shapes data imported succesfully!
shapes data imported succesfully!
shapes data imported succesfully!
shapes data imported succesfully!
shapes data imported succesfully!
shapes data imported succesfully!
shapes data imported succesfully!
shapes data imported succesfully!
shapes data imported succesfully!
shapes data imported succesfully!
shapes data imported succesfully!
shapes data imported succesfully!
shapes data imported succesfully!
shapes data imported succesfully!
shapes data imported succesfully!
shapes data imported succesfully!
shapes data imported succesfully!
shapes data imported succesfully!
shapes data imported succesfully!
shapes data imported succesfully!
shapes data imported succesfully!
shapes data imported succesfully!
shapes data imported succesfully!
shapes data imported succesfully!
shapes data imported succesfully!
shapes data imported succesfully!
shapes data imported succesfully!
shapes data imported succesfully!
shapes data imported succesfully!
shapes data imported succesfully!
shapes data imported succesfully!
shapes data imported succesfully!
shapes data imported succesfully!
shapes data imported succesfully!
shapes data imported succesfully!
shapes data imported succesfully!
shapes data imported succesfully!
shapes data imported succesfully!
shapes data imported succesfully!
shapes data imported succesfully!
shapes data imported succesfully!
shapes data imported succesfully!
shapes data imported succesfully!
shapes data imported succesfully!
shapes data imported succesfully!
shapes data imported succesfully!
shapes data imported succesfully!
shapes data imported succesfully!
shapes data imported succesfully!
shapes data imported succesfully!
shapes data imported succesfully!
shapes data imported succesfully!
shapes data imported succesfully!
shapes data imported succesfully!
shapes data imported succesfully!
shapes data imported succesfully!
shapes data imported succesfully!
shapes data imported succesfully!
shapes data imported succesfully!
shapes data imported succesfully!
shapes data imported succesfully!
shapes data imported succesfully!
shapes data imported succesfully!
shapes data imported succesfully!
shapes data imported succesfully!
shapes data imported succesfully!
shapes data imported succesfully!
shapes data imported succesfully!
shapes data imported succesfully!
shapes data imported succesfully!
shapes data imported succesfully!
shapes data imported succesfully!
shapes data imported succesfully!
shapes data imported succesfully!
shapes data imported succesfully!
shapes data imported succesfully!
shapes data imported succesfully!
shapes data imported succesfully!
shapes data imported succesfully!
shapes data imported succesfully!
shapes data imported succesfully!
shapes data imported succesfully!
shapes data imported succesfully!
shapes data imported succesfully!
shapes data imported succesfully!
shapes data imported succesfully!
shapes data imported succesfully!
shapes data imported succesfully!
shapes data imported succesfully!
shapes data imported succesfully!
shapes data imported succesfully!
shapes data imported succesfully!
shapes data imported succesfully!
shapes data imported succesfully!
shapes data imported succesfully!
shapes data imported succesfully!
shapes data imported succesfully!
shapes data imported succesfully!
shapes data imported succesfully!
shapes data imported succesfully!
shapes data imported succesfully!
shapes data imported succesfully!
shapes data imported succesfully!
shapes data imported succesfully!
shapes data imported succesfully!
shapes data imported succesfully!
shapes data imported succesfully!
shapes data imported succesfully!
shapes data imported succesfully!
shapes data imported succesfully!
shapes data imported succesfully!
shapes data imported succesfully!
shapes data imported succesfully!
shapes data imported succesfully!
shapes data imported succesfully!
shapes data imported succesfully!
shapes data imported succesfully!
shapes data imported succesfully!
shapes data imported succesfully!
shapes data imported succesfully!
shapes data imported succesfully!
shapes data imported succesfully!
shapes data imported succesfully!
shapes data imported succesfully!
shapes data imported succesfully!
shapes data imported succesfully!
shapes data imported succesfully!
shapes data imported succesfully!
shapes data imported succesfully!
shapes data imported succesfully!
shapes data imported succesfully!
shapes data imported succesfully!
shapes data imported succesfully!
shapes data imported succesfully!
shapes data imported succesfully!
shapes data imported succesfully!
shapes data imported succesfully!
shapes data imported succesfully!
shapes data imported succesfully!
shapes data imported succesfully!
shapes data imported succesfully!
shapes data imported succesfully!
shapes data imported succesfully!
shapes data imported succesfully!
shapes data imported succesfully!
shapes data imported succesfully!
shapes data imported succesfully!
shapes data imported succesfully!
shapes data imported succesfully!
shapes data imported succesfully!
shapes data imported succesfully!
shapes data imported succesfully!
shapes data imported succesfully!
shapes data imported succesfully!
shapes data imported succesfully!
shapes data imported succesfully!
shapes data imported succesfully!
shapes data imported succesfully!
shapes data imported succesfully!
shapes data imported succesfully!
shapes data imported succesfully!
shapes data imported succesfully!
shapes data imported succesfully!
shapes data imported succesfully!
shapes data imported succesfully!
shapes data imported succesfully!
shapes data imported succesfully!
shapes data imported succesfully!
shapes data imported succesfully!
shapes data imported succesfully!
shapes data imported succesfully!
shapes data imported succesfully!
shapes data imported succesfully!
shapes data imported succesfully!
shapes data imported succesfully!
shapes data imported succesfully!
shapes data imported succesfully!
shapes data imported succesfully!
shapes data imported succesfully!
shapes data imported succesfully!
shapes data imported succesfully!
shapes data imported succesfully!
shapes data imported succesfully!
shapes data imported succesfully!
shapes data imported succesfully!
shapes data imported succesfully!
shapes data imported succesfully!
shapes data imported succesfully!
shapes data imported succesfully!
shapes data imported succesfully!
shapes data imported succesfully!
shapes data imported succesfully!
shapes data imported succesfully!
shapes data imported succesfully!
shapes data imported succesfully!
shapes data imported succesfully!
shapes data imported succesfully!
shapes data imported succesfully!
shapes data imported succesfully!
shapes data imported succesfully!
shapes data imported succesfully!
shapes data imported succesfully!
shapes data imported succesfully!
shapes data imported succesfully!
shapes data imported succesfully!
shapes data imported succesfully!
shapes data imported succesfully!
shapes data imported succesfully!
shapes data imported succesfully!
shapes data imported succesfully!
shapes data imported succesfully!
shapes data imported succesfully!
shapes data imported succesfully!
shapes data imported succesfully!
shapes data imported succesfully!
shapes data imported succesfully!
shapes data imported succesfully!
shapes data imported succesfully!
shapes data imported succesfully!
shapes data imported succesfully!
shapes data imported succesfully!
shapes data imported succesfully!
shapes data imported succesfully!
shapes data imported succesfully!
shapes data imported succesfully!
shapes data imported succesfully!
shapes data imported succesfully!
shapes data imported succesfully!
shapes data imported succesfully!
shapes data imported succesfully!
shapes data imported succesfully!
shapes data imported succesfully!
shapes data imported succesfully!
shapes data imported succesfully!
shapes data imported succesfully!
shapes data imported succesfully!
shapes data imported succesfully!
shapes data imported succesfully!
shapes data imported succesfully!
shapes data imported succesfully!
shapes data imported succesfully!
shapes data imported succesfully!
shapes data imported succesfully!
shapes data imported succesfully!
shapes data imported succesfully!
shapes data imported succesfully!
shapes data imported succesfully!
shapes data imported succesfully!
shapes data imported succesfully!
shapes data imported succesfully!
shapes data imported succesfully!
shapes data imported succesfully!
shapes data imported succesfully!
shapes data imported succesfully!
shapes data imported succesfully!
shapes data imported succesfully!
shapes data imported succesfully!
shapes data imported succesfully!
shapes data imported succesfully!
shapes data imported succesfully!
shapes data imported succesfully!
shapes data imported succesfully!
shapes data imported succesfully!
shapes data imported succesfully!
shapes data imported succesfully!
shapes data imported succesfully!
shapes data imported succesfully!
shapes data imported succesfully!
shapes data imported succesfully!
shapes data imported succesfully!
shapes data imported succesfully!
shapes data imported succesfully!
shapes data imported succesfully!
shapes data imported succesfully!
shapes data imported succesfully!
shapes data imported succesfully!
shapes data imported succesfully!
shapes data imported succesfully!
shapes data imported succesfully!
shapes data imported succesfully!
shapes data imported succesfully!
shapes data imported succesfully!
shapes data imported succesfully!
shapes data imported succesfully!
shapes data imported succesfully!
shapes data imported succesfully!
shapes data imported succesfully!
shapes data imported succesfully!
shapes data imported succesfully!
shapes data imported succesfully!
shapes data imported succesfully!
shapes data imported succesfully!
shapes data imported succesfully!
shapes data imported succesfully!
shapes data imported succesfully!
shapes data imported succesfully!
shapes data imported succesfully!
shapes data imported succesfully!
shapes data imported succesfully!
shapes data imported succesfully!
shapes data imported succesfully!
shapes data imported succesfully!
shapes data imported succesfully!
shapes data imported succesfully!
shapes data imported succesfully!
shapes data imported succesfully!
shapes data imported succesfully!
shapes data imported succesfully!
shapes data imported succesfully!
shapes data imported succesfully!
shapes data imported succesfully!
shapes data imported succesfully!
shapes data imported succesfully!
shapes data imported succesfully!
shapes data imported succesfully!
shapes data imported succesfully!
shapes data imported succesfully!
shapes data imported succesfully!
shapes data imported succesfully!
shapes data imported succesfully!
shapes data imported succesfully!
shapes data imported succesfully!
shapes data imported succesfully!
shapes data imported succesfully!
shapes data imported succesfully!
shapes data imported succesfully!
shapes data imported succesfully!
shapes data imported succesfully!
shapes data imported succesfully!
shapes data imported succesfully!
shapes data imported succesfully!
shapes data imported succesfully!
shapes data imported succesfully!
shapes data imported succesfully!
shapes data imported succesfully!
shapes data imported succesfully!
shapes data imported succesfully!
shapes data imported succesfully!
shapes data imported succesfully!
shapes data imported succesfully!
shapes data imported succesfully!
shapes data imported succesfully!
shapes data imported succesfully!
shapes data imported succesfully!
shapes data imported succesfully!
shapes data imported succesfully!
shapes data imported succesfully!
shapes data imported succesfully!
shapes data imported succesfully!
shapes data imported succesfully!
shapes data imported succesfully!
shapes data imported succesfully!
shapes data imported succesfully!
shapes data imported succesfully!
shapes data imported succesfully!
shapes data imported succesfully!
shapes data imported succesfully!
shapes data imported succesfully!
shapes data imported succesfully!
shapes data imported succesfully!
shapes data imported succesfully!
shapes data imported succesfully!
shapes data imported succesfully!
shapes data imported succesfully!
shapes data imported succesfully!
shapes data imported succesfully!
shapes data imported succesfully!
shapes data imported succesfully!
shapes data imported succesfully!
shapes data imported succesfully!
shapes data imported succesfully!
shapes data imported succesfully!
shapes data imported succesfully!
shapes data imported succesfully!
shapes data imported succesfully!
shapes data imported succesfully!
shapes data imported succesfully!
shapes data imported succesfully!
shapes data imported succesfully!
shapes data imported succesfully!
shapes data imported succesfully!
shapes data imported succesfully!
shapes data imported succesfully!
shapes data imported succesfully!
shapes data imported succesfully!
shapes data imported succesfully!
shapes data imported succesfully!
shapes data imported succesfully!
shapes data imported succesfully!
shapes data imported succesfully!
shapes data imported succesfully!
shapes data imported succesfully!
shapes data imported succesfully!
shapes data imported succesfully!
shapes data imported succesfully!
shapes data imported succesfully!
shapes data imported succesfully!
shapes data imported succesfully!
shapes data imported succesfully!
shapes data imported succesfully!
shapes data imported succesfully!
shapes data imported succesfully!
shapes data imported succesfully!
shapes data imported succesfully!
shapes data imported succesfully!
shapes data imported succesfully!
shapes data imported succesfully!
shapes data imported succesfully!
shapes data imported succesfully!
shapes data imported succesfully!
shapes data imported succesfully!
shapes data imported succesfully!
shapes data imported succesfully!
shapes data imported succesfully!
shapes data imported succesfully!
shapes data imported succesfully!
shapes data imported succesfully!
shapes data imported succesfully!
shapes data imported succesfully!
shapes data imported succesfully!
shapes data imported succesfully!
shapes data imported succesfully!
shapes data imported succesfully!
shapes data imported succesfully!
shapes data imported succesfully!
shapes data imported succesfully!
shapes data imported succesfully!
shapes data imported succesfully!
shapes data imported succesfully!
shapes data imported succesfully!
shapes data imported succesfully!
shapes data imported succesfully!
shapes data imported succesfully!
shapes data imported succesfully!
shapes data imported succesfully!
shapes data imported succesfully!
shapes data imported succesfully!
shapes data imported succesfully!
shapes data imported succesfully!
shapes data imported succesfully!
shapes data imported succesfully!
shapes data imported succesfully!
shapes data imported succesfully!
shapes data imported succesfully!
shapes data imported succesfully!
shapes data imported succesfully!
shapes data imported succesfully!
shapes data imported succesfully!
shapes data imported succesfully!
shapes data imported succesfully!
shapes data imported succesfully!
shapes data imported succesfully!
shapes data imported succesfully!
shapes data imported succesfully!
shapes data imported succesfully!
shapes data imported succesfully!
shapes data imported succesfully!
shapes data imported succesfully!
shapes data imported succesfully!
shapes data imported succesfully!
shapes data imported succesfully!
shapes data imported succesfully!
shapes data imported succesfully!
shapes data imported succesfully!
shapes data imported succesfully!
shapes data imported succesfully!
shapes data imported succesfully!
shapes data imported succesfully!
shapes data imported succesfully!
shapes data imported succesfully!
shapes data imported succesfully!
shapes data imported succesfully!
shapes data imported succesfully!
shapes data imported succesfully!
shapes data imported succesfully!
shapes data imported succesfully!
shapes data imported succesfully!
shapes data imported succesfully!
shapes data imported succesfully!
shapes data imported succesfully!
shapes data imported succesfully!
shapes data imported succesfully!
shapes data imported succesfully!
shapes data imported succesfully!
shapes data imported succesfully!
shapes data imported succesfully!
shapes data imported succesfully!
shapes data imported succesfully!
shapes data imported succesfully!
shapes data imported succesfully!
shapes data imported succesfully!
shapes data imported succesfully!
shapes data imported succesfully!
shapes data imported succesfully!
shapes data imported succesfully!
shapes data imported succesfully!
shapes data imported succesfully!
shapes data imported succesfully!
shapes data imported succesfully!
shapes data imported succesfully!
shapes data imported succesfully!
shapes data imported succesfully!
shapes data imported succesfully!
shapes data imported succesfully!
shapes data imported succesfully!
shapes data imported succesfully!
shapes data imported succesfully!
shapes data imported succesfully!
shapes data imported succesfully!
shapes data imported succesfully!
shapes data imported succesfully!
shapes data imported succesfully!
shapes data imported succesfully!
shapes data imported succesfully!
shapes data imported succesfully!
shapes data imported succesfully!
shapes data imported succesfully!
shapes data imported succesfully!
shapes data imported succesfully!
shapes data imported succesfully!
shapes data imported succesfully!
shapes data imported succesfully!
shapes data imported succesfully!
shapes data imported succesfully!
shapes data imported succesfully!
shapes data imported succesfully!
shapes data imported succesfully!
shapes data imported succesfully!
shapes data imported succesfully!
shapes data imported succesfully!
shapes data imported succesfully!
shapes data imported succesfully!
shapes data imported succesfully!
shapes data imported succesfully!
shapes data imported succesfully!
shapes data imported succesfully!
shapes data imported succesfully!
shapes data imported succesfully!
shapes data imported succesfully!
shapes data imported succesfully!
shapes data imported succesfully!
shapes data imported succesfully!
shapes data imported succesfully!
shapes data imported succesfully!
shapes data imported succesfully!
shapes data imported succesfully!
shapes data imported succesfully!
shapes data imported succesfully!
shapes data imported succesfully!
shapes data imported succesfully!
shapes data imported succesfully!
shapes data imported succesfully!
shapes data imported succesfully!
shapes data imported succesfully!
shapes data imported succesfully!
shapes data imported succesfully!
shapes data imported succesfully!
shapes data imported succesfully!
shapes data imported succesfully!
shapes data imported succesfully!
shapes data imported succesfully!
shapes data imported succesfully!
shapes data imported succesfully!
shapes data imported succesfully!
shapes data imported succesfully!
shapes data imported succesfully!
shapes data imported succesfully!
shapes data imported succesfully!
shapes data imported succesfully!
shapes data imported succesfully!
shapes data imported succesfully!
shapes data imported succesfully!
shapes data imported succesfully!
shapes data imported succesfully!
shapes data imported succesfully!
shapes data imported succesfully!
shapes data imported succesfully!
shapes data imported succesfully!
shapes data imported succesfully!
shapes data imported succesfully!
shapes data imported succesfully!
shapes data imported succesfully!
shapes data imported succesfully!
shapes data imported succesfully!
shapes data imported succesfully!
shapes data imported succesfully!
shapes data imported succesfully!
shapes data imported succesfully!
shapes data imported succesfully!
shapes data imported succesfully!
shapes data imported succesfully!
shapes data imported succesfully!
shapes data imported succesfully!
shapes data imported succesfully!
shapes data imported succesfully!
shapes data imported succesfully!
shapes data imported succesfully!
shapes data imported succesfully!
shapes data imported succesfully!
shapes data imported succesfully!
shapes data imported succesfully!
shapes data imported succesfully!
shapes data imported succesfully!
shapes data imported succesfully!
shapes data imported succesfully!
shapes data imported succesfully!
shapes data imported succesfully!
shapes data imported succesfully!
shapes data imported succesfully!
shapes data imported succesfully!
shapes data imported succesfully!
shapes data imported succesfully!
shapes data imported succesfully!
shapes data imported succesfully!
shapes data imported succesfully!
shapes data imported succesfully!
shapes data imported succesfully!
shapes data imported succesfully!
shapes data imported succesfully!
shapes data imported succesfully!
shapes data imported succesfully!
shapes data imported succesfully!
shapes data imported succesfully!
shapes data imported succesfully!
shapes data imported succesfully!
shapes data imported succesfully!
shapes data imported succesfully!
shapes data imported succesfully!
shapes data imported succesfully!
shapes data imported succesfully!
shapes data imported succesfully!
shapes data imported succesfully!
shapes data imported succesfully!
shapes data imported succesfully!
shapes data imported succesfully!
shapes data imported succesfully!
shapes data imported succesfully!
shapes data imported succesfully!
shapes data imported succesfully!
shapes data imported succesfully!
shapes data imported succesfully!
shapes data imported succesfully!
shapes data imported succesfully!
shapes data imported succesfully!
shapes data imported succesfully!
shapes data imported succesfully!
shapes data imported succesfully!
shapes data imported succesfully!
shapes data imported succesfully!
shapes data imported succesfully!
shapes data imported succesfully!
shapes data imported succesfully!
shapes data imported succesfully!
shapes data imported succesfully!
shapes data imported succesfully!
shapes data imported succesfully!
shapes data imported succesfully!
shapes data imported succesfully!
shapes data imported succesfully!
shapes data imported succesfully!
shapes data imported succesfully!
shapes data imported succesfully!
shapes data imported succesfully!
shapes data imported succesfully!
shapes data imported succesfully!
shapes data imported succesfully!
shapes data imported succesfully!
shapes data imported succesfully!
shapes data imported succesfully!
shapes data imported succesfully!
shapes data imported succesfully!
shapes data imported succesfully!
shapes data imported succesfully!
shapes data imported succesfully!
shapes data imported succesfully!
shapes data imported succesfully!
shapes data imported succesfully!
shapes data imported succesfully!
shapes data imported succesfully!
shapes data imported succesfully!
shapes data imported succesfully!
shapes data imported succesfully!
shapes data imported succesfully!
shapes data imported succesfully!
shapes data imported succesfully!
shapes data imported succesfully!
shapes data imported succesfully!
shapes data imported succesfully!
shapes data imported succesfully!
shapes data imported succesfully!
shapes data imported succesfully!
shapes data imported succesfully!
shapes data imported succesfully!
shapes data imported succesfully!
shapes data imported succesfully!
shapes data imported succesfully!
shapes data imported succesfully!
shapes data imported succesfully!
shapes data imported succesfully!
shapes data imported succesfully!
shapes data imported succesfully!
shapes data imported succesfully!
shapes data imported succesfully!
shapes data imported succesfully!
shapes data imported succesfully!
shapes data imported succesfully!
shapes data imported succesfully!
shapes data imported succesfully!
shapes data imported succesfully!
shapes data imported succesfully!
shapes data imported succesfully!
shapes data imported succesfully!
shapes data imported succesfully!
shapes data imported succesfully!
shapes data imported succesfully!
shapes data imported succesfully!
shapes data imported succesfully!
shapes data imported succesfully!
shapes data imported succesfully!
shapes data imported succesfully!
shapes data imported succesfully!
shapes data imported succesfully!
shapes data imported succesfully!
shapes data imported succesfully!
shapes data imported succesfully!
shapes data imported succesfully!
shapes data imported succesfully!
shapes data imported succesfully!
shapes data imported succesfully!
shapes data imported succesfully!
shapes data imported succesfully!
shapes data imported succesfully!
shapes data imported succesfully!
shapes data imported succesfully!
shapes data imported succesfully!
shapes data imported succesfully!
shapes data imported succesfully!
shapes data imported succesfully!
shapes data imported succesfully!
shapes data imported succesfully!
shapes data imported succesfully!
shapes data imported succesfully!
shapes data imported succesfully!
shapes data imported succesfully!
shapes data imported succesfully!
shapes data imported succesfully!
shapes data imported succesfully!
shapes data imported succesfully!
shapes data imported succesfully!
shapes data imported succesfully!
shapes data imported succesfully!
shapes data imported succesfully!
shapes data imported succesfully!
shapes data imported succesfully!
shapes data imported succesfully!
shapes data imported succesfully!
shapes data imported succesfully!
shapes data imported succesfully!
shapes data imported succesfully!
shapes data imported succesfully!
shapes data imported succesfully!
shapes data imported succesfully!
shapes data imported succesfully!
shapes data imported succesfully!
shapes data imported succesfully!
shapes data imported succesfully!
shapes data imported succesfully!
shapes data imported succesfully!
shapes data imported succesfully!
shapes data imported succesfully!
shapes data imported succesfully!
shapes data imported succesfully!
shapes data imported succesfully!
shapes data imported succesfully!
shapes data imported succesfully!
shapes data imported succesfully!
shapes data imported succesfully!
shapes data imported succesfully!
shapes data imported succesfully!
shapes data imported succesfully!
shapes data imported succesfully!
shapes data imported succesfully!
shapes data imported succesfully!
shapes data imported succesfully!
shapes data imported succesfully!
shapes data imported succesfully!
shapes data imported succesfully!
shapes data imported succesfully!
shapes data imported succesfully!
shapes data imported succesfully!
shapes data imported succesfully!
shapes data imported succesfully!
shapes data imported succesfully!
shapes data imported succesfully!
shapes data imported succesfully!
shapes data imported succesfully!
shapes data imported succesfully!
shapes data imported succesfully!
shapes data imported succesfully!
shapes data imported succesfully!
shapes data imported succesfully!
shapes data imported succesfully!
shapes data imported succesfully!
shapes data imported succesfully!
shapes data imported succesfully!
shapes data imported succesfully!
shapes data imported succesfully!
shapes data imported succesfully!
shapes data imported succesfully!
shapes data imported succesfully!
shapes data imported succesfully!
shapes data imported succesfully!
shapes data imported succesfully!
shapes data imported succesfully!
shapes data imported succesfully!
shapes data imported succesfully!
shapes data imported succesfully!
shapes data imported succesfully!
shapes data imported succesfully!
shapes data imported succesfully!
shapes data imported succesfully!
shapes data imported succesfully!
shapes data imported succesfully!
shapes data imported succesfully!
shapes data imported succesfully!
shapes data imported succesfully!
shapes data imported succesfully!
shapes data imported succesfully!
shapes data imported succesfully!
shapes data imported succesfully!
shapes data imported succesfully!
shapes data imported succesfully!
shapes data imported succesfully!
shapes data imported succesfully!
shapes data imported succesfully!
shapes data imported succesfully!
shapes data imported succesfully!
shapes data imported succesfully!
shapes data imported succesfully!
shapes data imported succesfully!
shapes data imported succesfully!
shapes data imported succesfully!
shapes data imported succesfully!
shapes data imported succesfully!
shapes data imported succesfully!
shapes data imported succesfully!
shapes data imported succesfully!
shapes data imported succesfully!
shapes data imported succesfully!
shapes data imported succesfully!
shapes data imported succesfully!
shapes data imported succesfully!
shapes data imported succesfully!
shapes data imported succesfully!
shapes data imported succesfully!
shapes data imported succesfully!
shapes data imported succesfully!
shapes data imported succesfully!
shapes data imported succesfully!
shapes data imported succesfully!
shapes data imported succesfully!
shapes data imported succesfully!
shapes data imported succesfully!
shapes data imported succesfully!
shapes data imported succesfully!
shapes data imported succesfully!
shapes data imported succesfully!
shapes data imported succesfully!
shapes data imported succesfully!
shapes data imported succesfully!
shapes data imported succesfully!
shapes data imported succesfully!
shapes data imported succesfully!
shapes data imported succesfully!
shapes data imported succesfully!
shapes data imported succesfully!
shapes data imported succesfully!
shapes data imported succesfully!
shapes data imported succesfully!
shapes data imported succesfully!
shapes data imported succesfully!
shapes data imported succesfully!
shapes data imported succesfully!
shapes data imported succesfully!
shapes data imported succesfully!
shapes data imported succesfully!
shapes data imported succesfully!
shapes data imported succesfully!
shapes data imported succesfully!
shapes data imported succesfully!
shapes data imported succesfully!
shapes data imported succesfully!
shapes data imported succesfully!
shapes data imported succesfully!
shapes data imported succesfully!
shapes data imported succesfully!
shapes data imported succesfully!
shapes data imported succesfully!
shapes data imported succesfully!
shapes data imported succesfully!
shapes data imported succesfully!
shapes data imported succesfully!
shapes data imported succesfully!
shapes data imported succesfully!
shapes data imported succesfully!
shapes data imported succesfully!
shapes data imported succesfully!
shapes data imported succesfully!
shapes data imported succesfully!
shapes data imported succesfully!
shapes data imported succesfully!
shapes data imported succesfully!
shapes data imported succesfully!
shapes data imported succesfully!
shapes data imported succesfully!
shapes data imported succesfully!
shapes data imported succesfully!
shapes data imported succesfully!
shapes data imported succesfully!
shapes data imported succesfully!
shapes data imported succesfully!
shapes data imported succesfully!
shapes data imported succesfully!
shapes data imported succesfully!
shapes data imported succesfully!
shapes data imported succesfully!
shapes data imported succesfully!
shapes data imported succesfully!
shapes data imported succesfully!
shapes data imported succesfully!
shapes data imported succesfully!
shapes data imported succesfully!
shapes data imported succesfully!
shapes data imported succesfully!
shapes data imported succesfully!
shapes data imported succesfully!
shapes data imported succesfully!
shapes data imported succesfully!
shapes data imported succesfully!
shapes data imported succesfully!
shapes data imported succesfully!
shapes data imported succesfully!
shapes data imported succesfully!
shapes data imported succesfully!
shapes data imported succesfully!
shapes data imported succesfully!
shapes data imported succesfully!
shapes data imported succesfully!
shapes data imported succesfully!
shapes data imported succesfully!
shapes data imported succesfully!
shapes data imported succesfully!
shapes data imported succesfully!
shapes data imported succesfully!
shapes data imported succesfully!
shapes data imported succesfully!
shapes data imported succesfully!
shapes data imported succesfully!
shapes data imported succesfully!
shapes data imported succesfully!
shapes data imported succesfully!
shapes data imported succesfully!
shapes data imported succesfully!
shapes data imported succesfully!
shapes data imported succesfully!
shapes data imported succesfully!
shapes data imported succesfully!
shapes data imported succesfully!
shapes data imported succesfully!
shapes data imported succesfully!
shapes data imported succesfully!
shapes data imported succesfully!
shapes data imported succesfully!
shapes data imported succesfully!
shapes data imported succesfully!
shapes data imported succesfully!
shapes data imported succesfully!
shapes data imported succesfully!
shapes data imported succesfully!
shapes data imported succesfully!
shapes data imported succesfully!
shapes data imported succesfully!
shapes data imported succesfully!
shapes data imported succesfully!
shapes data imported succesfully!
shapes data imported succesfully!
shapes data imported succesfully!
shapes data imported succesfully!
shapes data imported succesfully!
shapes data imported succesfully!
shapes data imported succesfully!
shapes data imported succesfully!
shapes data imported succesfully!
shapes data imported succesfully!
shapes data imported succesfully!
shapes data imported succesfully!
shapes data imported succesfully!
shapes data imported succesfully!
shapes data imported succesfully!
shapes data imported succesfully!
shapes data imported succesfully!
shapes data imported succesfully!
shapes data imported succesfully!
shapes data imported succesfully!
shapes data imported succesfully!
shapes data imported succesfully!
shapes data imported succesfully!
shapes data imported succesfully!
shapes data imported succesfully!
shapes data imported succesfully!
shapes data imported succesfully!
shapes data imported succesfully!
shapes data imported succesfully!
shapes data imported succesfully!
shapes data imported succesfully!
shapes data imported succesfully!
shapes data imported succesfully!
shapes data imported succesfully!
shapes data imported succesfully!
shapes data imported succesfully!
shapes data imported succesfully!
shapes data imported succesfully!
shapes data imported succesfully!
shapes data imported succesfully!
shapes data imported succesfully!
shapes data imported succesfully!
shapes data imported succesfully!
shapes data imported succesfully!
shapes data imported succesfully!
shapes data imported succesfully!
shapes data imported succesfully!
shapes data imported succesfully!
shapes data imported succesfully!
shapes data imported succesfully!
shapes data imported succesfully!
shapes data imported succesfully!
shapes data imported succesfully!
shapes data imported succesfully!
shapes data imported succesfully!
shapes data imported succesfully!
shapes data imported succesfully!
shapes data imported succesfully!
shapes data imported succesfully!
shapes data imported succesfully!
shapes data imported succesfully!
shapes data imported succesfully!
shapes data imported succesfully!
shapes data imported succesfully!
shapes data imported succesfully!
shapes data imported succesfully!
shapes data imported succesfully!
shapes data imported succesfully!
shapes data imported succesfully!
shapes data imported succesfully!
shapes data imported succesfully!
shapes data imported succesfully!
shapes data imported succesfully!
shapes data imported succesfully!
shapes data imported succesfully!
shapes data imported succesfully!
shapes data imported succesfully!
shapes data imported succesfully!
shapes data imported succesfully!
shapes data imported succesfully!
shapes data imported succesfully!
shapes data imported succesfully!
shapes data imported succesfully!
shapes data imported succesfully!
shapes data imported succesfully!
shapes data imported succesfully!
shapes data imported succesfully!
shapes data imported succesfully!
shapes data imported succesfully!
shapes data imported succesfully!
shapes data imported succesfully!
shapes data imported succesfully!
shapes data imported succesfully!
shapes data imported succesfully!
shapes data imported succesfully!
shapes data imported succesfully!
shapes data imported succesfully!
shapes data imported succesfully!
shapes data imported succesfully!
shapes data imported succesfully!
shapes data imported succesfully!
shapes data imported succesfully!
shapes data imported succesfully!
shapes data imported succesfully!
shapes data imported succesfully!
shapes data imported succesfully!
shapes data imported succesfully!
shapes data imported succesfully!
shapes data imported succesfully!
shapes data imported succesfully!
shapes data imported succesfully!
shapes data imported succesfully!
shapes data imported succesfully!
shapes data imported succesfully!
shapes data imported succesfully!
shapes data imported succesfully!
shapes data imported succesfully!
shapes data imported succesfully!
shapes data imported succesfully!
shapes data imported succesfully!
shapes data imported succesfully!
shapes data imported succesfully!
shapes data imported succesfully!
shapes data imported succesfully!
shapes data imported succesfully!
shapes data imported succesfully!
shapes data imported succesfully!
shapes data imported succesfully!
shapes data imported succesfully!
shapes data imported succesfully!
shapes data imported succesfully!
shapes data imported succesfully!
shapes data imported succesfully!
shapes data imported succesfully!
shapes data imported succesfully!
shapes data imported succesfully!
shapes data imported succesfully!
shapes data imported succesfully!
shapes data imported succesfully!
shapes data imported succesfully!
shapes data imported succesfully!
shapes data imported succesfully!
shapes data imported succesfully!
shapes data imported succesfully!
shapes data imported succesfully!
shapes data imported succesfully!
shapes data imported succesfully!
shapes data imported succesfully!
shapes data imported succesfully!
shapes data imported succesfully!
shapes data imported succesfully!
shapes data imported succesfully!
shapes data imported succesfully!
shapes data imported succesfully!
shapes data imported succesfully!
shapes data imported succesfully!
shapes data imported succesfully!
shapes data imported succesfully!
shapes data imported succesfully!
shapes data imported succesfully!
shapes data imported succesfully!
shapes data imported succesfully!
shapes data imported succesfully!
shapes data imported succesfully!
shapes data imported succesfully!
shapes data imported succesfully!
shapes data imported succesfully!
shapes data imported succesfully!
shapes data imported succesfully!
shapes data imported succesfully!
shapes data imported succesfully!
shapes data imported succesfully!
shapes data imported succesfully!
shapes data imported succesfully!
shapes data imported succesfully!
shapes data imported succesfully!
shapes data imported succesfully!
shapes data imported succesfully!
shapes data imported succesfully!
shapes data imported succesfully!
shapes data imported succesfully!
shapes data imported succesfully!
shapes data imported succesfully!
shapes data imported succesfully!
shapes data imported succesfully!
shapes data imported succesfully!
shapes data imported succesfully!
shapes data imported succesfully!
shapes data imported succesfully!
shapes data imported succesfully!
shapes data imported succesfully!
shapes data imported succesfully!
shapes data imported succesfully!
shapes data imported succesfully!
shapes data imported succesfully!
shapes data imported succesfully!
shapes data imported succesfully!
shapes data imported succesfully!
shapes data imported succesfully!
shapes data imported succesfully!
shapes data imported succesfully!
shapes data imported succesfully!
shapes data imported succesfully!
shapes data imported succesfully!
shapes data imported succesfully!
shapes data imported succesfully!
shapes data imported succesfully!
shapes data imported succesfully!
shapes data imported succesfully!
shapes data imported succesfully!
shapes data imported succesfully!
shapes data imported succesfully!
shapes data imported succesfully!
shapes data imported succesfully!
shapes data imported succesfully!
shapes data imported succesfully!
shapes data imported succesfully!
shapes data imported succesfully!
shapes data imported succesfully!
shapes data imported succesfully!
shapes data imported succesfully!
shapes data imported succesfully!
shapes data imported succesfully!
shapes data imported succesfully!
shapes data imported succesfully!
shapes data imported succesfully!
shapes data imported succesfully!
shapes data imported succesfully!
shapes data imported succesfully!
shapes data imported succesfully!
shapes data imported succesfully!
shapes data imported succesfully!
shapes data imported succesfully!
shapes data imported succesfully!
shapes data imported succesfully!
shapes data imported succesfully!
shapes data imported succesfully!
shapes data imported succesfully!
shapes data imported succesfully!
shapes data imported succesfully!
shapes data imported succesfully!
shapes data imported succesfully!
shapes data imported succesfully!
shapes data imported succesfully!
shapes data imported succesfully!
shapes data imported succesfully!
shapes data imported succesfully!
shapes data imported succesfully!
shapes data imported succesfully!
shapes data imported succesfully!
shapes data imported succesfully!
shapes data imported succesfully!
shapes data imported succesfully!
shapes data imported succesfully!
shapes data imported succesfully!
shapes data imported succesfully!
shapes data imported succesfully!
shapes data imported succesfully!
shapes data imported succesfully!
shapes data imported succesfully!
shapes data imported succesfully!
shapes data imported succesfully!
shapes data imported succesfully!
shapes data imported succesfully!
shapes data imported succesfully!
shapes data imported succesfully!
shapes data imported succesfully!
shapes data imported succesfully!
shapes data imported succesfully!
shapes data imported succesfully!
shapes data imported succesfully!
shapes data imported succesfully!
shapes data imported succesfully!
shapes data imported succesfully!
shapes data imported succesfully!
shapes data imported succesfully!
shapes data imported succesfully!
shapes data imported succesfully!
shapes data imported succesfully!
shapes data imported succesfully!
shapes data imported succesfully!
shapes data imported succesfully!
shapes data imported succesfully!
shapes data imported succesfully!
shapes data imported succesfully!
shapes data imported succesfully!
shapes data imported succesfully!
shapes data imported succesfully!
shapes data imported succesfully!
shapes data imported succesfully!
shapes data imported succesfully!
shapes data imported succesfully!
shapes data imported succesfully!
shapes data imported succesfully!
shapes data imported succesfully!
shapes data imported succesfully!
shapes data imported succesfully!
shapes data imported succesfully!
shapes data imported succesfully!
shapes data imported succesfully!
shapes data imported succesfully!
shapes data imported succesfully!
shapes data imported succesfully!
shapes data imported succesfully!
shapes data imported succesfully!
shapes data imported succesfully!
shapes data imported succesfully!
shapes data imported succesfully!
shapes data imported succesfully!
shapes data imported succesfully!
shapes data imported succesfully!
shapes data imported succesfully!
shapes data imported succesfully!
shapes data imported succesfully!
shapes data imported succesfully!
shapes data imported succesfully!
shapes data imported succesfully!
shapes data imported succesfully!
shapes data imported succesfully!
shapes data imported succesfully!
shapes data imported succesfully!
shapes data imported succesfully!
shapes data imported succesfully!
shapes data imported succesfully!
shapes data imported succesfully!
shapes data imported succesfully!
shapes data imported succesfully!
shapes data imported succesfully!
shapes data imported succesfully!
shapes data imported succesfully!
shapes data imported succesfully!
shapes data imported succesfully!
shapes data imported succesfully!
shapes data imported succesfully!
shapes data imported succesfully!
shapes data imported succesfully!
shapes data imported succesfully!
shapes data imported succesfully!
shapes data imported succesfully!
shapes data imported succesfully!
shapes data imported succesfully!
shapes data imported succesfully!
shapes data imported succesfully!
shapes data imported succesfully!
shapes data imported succesfully!
shapes data imported succesfully!
shapes data imported succesfully!
shapes data imported succesfully!
shapes data imported succesfully!
shapes data imported succesfully!
shapes data imported succesfully!
shapes data imported succesfully!
shapes data imported succesfully!
shapes data imported succesfully!
shapes data imported succesfully!
shapes data imported succesfully!
shapes data imported succesfully!
shapes data imported succesfully!
shapes data imported succesfully!
shapes data imported succesfully!
shapes data imported succesfully!
shapes data imported succesfully!
shapes data imported succesfully!
shapes data imported succesfully!
shapes data imported succesfully!
shapes data imported succesfully!
shapes data imported succesfully!
shapes data imported succesfully!
shapes data imported succesfully!
shapes data imported succesfully!
shapes data imported succesfully!
shapes data imported succesfully!
shapes data imported succesfully!
shapes data imported succesfully!
shapes data imported succesfully!
shapes data imported succesfully!
shapes data imported succesfully!
shapes data imported succesfully!
shapes data imported succesfully!
shapes data imported succesfully!
shapes data imported succesfully!
shapes data imported succesfully!
shapes data imported succesfully!
shapes data imported succesfully!
shapes data imported succesfully!
shapes data imported succesfully!
shapes data imported succesfully!
shapes data imported succesfully!
shapes data imported succesfully!
shapes data imported succesfully!
shapes data imported succesfully!
shapes data imported succesfully!
shapes data imported succesfully!
shapes data imported succesfully!
shapes data imported succesfully!
shapes data imported succesfully!
shapes data imported succesfully!
shapes data imported succesfully!
shapes data imported succesfully!
shapes data imported succesfully!
shapes data imported succesfully!
shapes data imported succesfully!
shapes data imported succesfully!
shapes data imported succesfully!
shapes data imported succesfully!
shapes data imported succesfully!
shapes data imported succesfully!
shapes data imported succesfully!
shapes data imported succesfully!
shapes data imported succesfully!
shapes data imported succesfully!
shapes data imported succesfully!
shapes data imported succesfully!
shapes data imported succesfully!
shapes data imported succesfully!
shapes data imported succesfully!
shapes data imported succesfully!
shapes data imported succesfully!
shapes data imported succesfully!
shapes data imported succesfully!
shapes data imported succesfully!
shapes data imported succesfully!
shapes data imported succesfully!
shapes data imported succesfully!
shapes data imported succesfully!
shapes data imported succesfully!
shapes data imported succesfully!
shapes data imported succesfully!
shapes data imported succesfully!
shapes data imported succesfully!
shapes data imported succesfully!
shapes data imported succesfully!
shapes data imported succesfully!
shapes data imported succesfully!
shapes data imported succesfully!
shapes data imported succesfully!
shapes data imported succesfully!
shapes data imported succesfully!
shapes data imported succesfully!
shapes data imported succesfully!
shapes data imported succesfully!
shapes data imported succesfully!
shapes data imported succesfully!
shapes data imported succesfully!
shapes data imported succesfully!
shapes data imported succesfully!
shapes data imported succesfully!
shapes data imported succesfully!
shapes data imported succesfully!
shapes data imported succesfully!
shapes data imported succesfully!
shapes data imported succesfully!
shapes data imported succesfully!
shapes data imported succesfully!
shapes data imported succesfully!
shapes data imported succesfully!
shapes data imported succesfully!
shapes data imported succesfully!
shapes data imported succesfully!
shapes data imported succesfully!
shapes data imported succesfully!
shapes data imported succesfully!
shapes data imported succesfully!
shapes data imported succesfully!
shapes data imported succesfully!
shapes data imported succesfully!
shapes data imported succesfully!
shapes data imported succesfully!
shapes data imported succesfully!
shapes data imported succesfully!
shapes data imported succesfully!
shapes data imported succesfully!
shapes data imported succesfully!
shapes data imported succesfully!
shapes data imported succesfully!
shapes data imported succesfully!
shapes data imported succesfully!
shapes data imported succesfully!
shapes data imported succesfully!
shapes data imported succesfully!
shapes data imported succesfully!
shapes data imported succesfully!
shapes data imported succesfully!
shapes data imported succesfully!
shapes data imported succesfully!
shapes data imported succesfully!
shapes data imported succesfully!
shapes data imported succesfully!
shapes data imported succesfully!
shapes data imported succesfully!
shapes data imported succesfully!
shapes data imported succesfully!
shapes data imported succesfully!
shapes data imported succesfully!
shapes data imported succesfully!
shapes data imported succesfully!
shapes data imported succesfully!
shapes data imported succesfully!
shapes data imported succesfully!
shapes data imported succesfully!
shapes data imported succesfully!
shapes data imported succesfully!
shapes data imported succesfully!
shapes data imported succesfully!
shapes data imported succesfully!
shapes data imported succesfully!
shapes data imported succesfully!
shapes data imported succesfully!
shapes data imported succesfully!
shapes data imported succesfully!
shapes data imported succesfully!
shapes data imported succesfully!
shapes data imported succesfully!
shapes data imported succesfully!
shapes data imported succesfully!
shapes data imported succesfully!
shapes data imported succesfully!
shapes data imported succesfully!
shapes data imported succesfully!
shapes data imported succesfully!
shapes data imported succesfully!
shapes data imported succesfully!
shapes data imported succesfully!
shapes data imported succesfully!
shapes data imported succesfully!
shapes data imported succesfully!
shapes data imported succesfully!
shapes data imported succesfully!
shapes data imported succesfully!
shapes data imported succesfully!
shapes data imported succesfully!
shapes data imported succesfully!
shapes data imported succesfully!
shapes data imported succesfully!
shapes data imported succesfully!
shapes data imported succesfully!
shapes data imported succesfully!
shapes data imported succesfully!
shapes data imported succesfully!
shapes data imported succesfully!
shapes data imported succesfully!
shapes data imported succesfully!
shapes data imported succesfully!
shapes data imported succesfully!
shapes data imported succesfully!
shapes data imported succesfully!
shapes data imported succesfully!
shapes data imported succesfully!
shapes data imported succesfully!
shapes data imported succesfully!
shapes data imported succesfully!
shapes data imported succesfully!
shapes data imported succesfully!
shapes data imported succesfully!
shapes data imported succesfully!
shapes data imported succesfully!
shapes data imported succesfully!
shapes data imported succesfully!
shapes data imported succesfully!
shapes data imported succesfully!
shapes data imported succesfully!
shapes data imported succesfully!
shapes data imported succesfully!
shapes data imported succesfully!
shapes data imported succesfully!
shapes data imported succesfully!
shapes data imported succesfully!
shapes data imported succesfully!
shapes data imported succesfully!
shapes data imported succesfully!
shapes data imported succesfully!
shapes data imported succesfully!
shapes data imported succesfully!
shapes data imported succesfully!
shapes data imported succesfully!
shapes data imported succesfully!
shapes data imported succesfully!
shapes data imported succesfully!
shapes data imported succesfully!
shapes data imported succesfully!
shapes data imported succesfully!
shapes data imported succesfully!
shapes data imported succesfully!
shapes data imported succesfully!
shapes data imported succesfully!
shapes data imported succesfully!
shapes data imported succesfully!
shapes data imported succesfully!
shapes data imported succesfully!
shapes data imported succesfully!
shapes data imported succesfully!
shapes data imported succesfully!
shapes data imported succesfully!
shapes data imported succesfully!
shapes data imported succesfully!
shapes data imported succesfully!
shapes data imported succesfully!
shapes data imported succesfully!
shapes data imported succesfully!
shapes data imported succesfully!
shapes data imported succesfully!
shapes data imported succesfully!
shapes data imported succesfully!
shapes data imported succesfully!
shapes data imported succesfully!
shapes data imported succesfully!
shapes data imported succesfully!
shapes data imported succesfully!
shapes data imported succesfully!
shapes data imported succesfully!
shapes data imported succesfully!
shapes data imported succesfully!
shapes data imported succesfully!
shapes data imported succesfully!
shapes data imported succesfully!
shapes data imported succesfully!
shapes data imported succesfully!
shapes data imported succesfully!
shapes data imported succesfully!
shapes data imported succesfully!
shapes data imported succesfully!
shapes data imported succesfully!
shapes data imported succesfully!
shapes data imported succesfully!
shapes data imported succesfully!
shapes data imported succesfully!
shapes data imported succesfully!
shapes data imported succesfully!
shapes data imported succesfully!
shapes data imported succesfully!
shapes data imported succesfully!
shapes data imported succesfully!
shapes data imported succesfully!
shapes data imported succesfully!
shapes data imported succesfully!
shapes data imported succesfully!
shapes data imported succesfully!
shapes data imported succesfully!
shapes data imported succesfully!
shapes data imported succesfully!
shapes data imported succesfully!
shapes data imported succesfully!
shapes data imported succesfully!
shapes data imported succesfully!
shapes data imported succesfully!
shapes data imported succesfully!
shapes data imported succesfully!
shapes data imported succesfully!
shapes data imported succesfully!
shapes data imported succesfully!
shapes data imported succesfully!
shapes data imported succesfully!
shapes data imported succesfully!
shapes data imported succesfully!
shapes data imported succesfully!
shapes data imported succesfully!
shapes data imported succesfully!
shapes data imported succesfully!
shapes data imported succesfully!
shapes data imported succesfully!
shapes data imported succesfully!
shapes data imported succesfully!
shapes data imported succesfully!
shapes data imported succesfully!
shapes data imported succesfully!
shapes data imported succesfully!
shapes data imported succesfully!
shapes data imported succesfully!
shapes data imported succesfully!
shapes data imported succesfully!
shapes data imported succesfully!
shapes data imported succesfully!
shapes data imported succesfully!
shapes data imported succesfully!
shapes data imported succesfully!
shapes data imported succesfully!
shapes data imported succesfully!
shapes data imported succesfully!
shapes data imported succesfully!
shapes data imported succesfully!
shapes data imported succesfully!
shapes data imported succesfully!
shapes data imported succesfully!
shapes data imported succesfully!
shapes data imported succesfully!
shapes data imported succesfully!
shapes data imported succesfully!
shapes data imported succesfully!
shapes data imported succesfully!
shapes data imported succesfully!
shapes data imported succesfully!
shapes data imported succesfully!
shapes data imported succesfully!
shapes data imported succesfully!
shapes data imported succesfully!
shapes data imported succesfully!
shapes data imported succesfully!
shapes data imported succesfully!
shapes data imported succesfully!
shapes data imported succesfully!
shapes data imported succesfully!
shapes data imported succesfully!
shapes data imported succesfully!
shapes data imported succesfully!
shapes data imported succesfully!
shapes data imported succesfully!
shapes data imported succesfully!
shapes data imported succesfully!
shapes data imported succesfully!
shapes data imported succesfully!
shapes data imported succesfully!
shapes data imported succesfully!
shapes data imported succesfully!
shapes data imported succesfully!
shapes data imported succesfully!
shapes data imported succesfully!
shapes data imported succesfully!
shapes data imported succesfully!
shapes data imported succesfully!
shapes data imported succesfully!
shapes data imported succesfully!
shapes data imported succesfully!
shapes data imported succesfully!
shapes data imported succesfully!
shapes data imported succesfully!
shapes data imported succesfully!
shapes data imported succesfully!
shapes data imported succesfully!
shapes data imported succesfully!
shapes data imported succesfully!
shapes data imported succesfully!
shapes data imported succesfully!
shapes data imported succesfully!
shapes data imported succesfully!
shapes data imported succesfully!
shapes data imported succesfully!
shapes data imported succesfully!
shapes data imported succesfully!
shapes data imported succesfully!
shapes data imported succesfully!
shapes data imported succesfully!
shapes data imported succesfully!
shapes data imported succesfully!
shapes data imported succesfully!
shapes data imported succesfully!
shapes data imported succesfully!
shapes data imported succesfully!
shapes data imported succesfully!
shapes data imported succesfully!
shapes data imported succesfully!
shapes data imported succesfully!
shapes data imported succesfully!
shapes data imported succesfully!
shapes data imported succesfully!
shapes data imported succesfully!
shapes data imported succesfully!
shapes data imported succesfully!
shapes data imported succesfully!
shapes data imported succesfully!
shapes data imported succesfully!
shapes data imported succesfully!
shapes data imported succesfully!
shapes data imported succesfully!
shapes data imported succesfully!
shapes data imported succesfully!
shapes data imported succesfully!
shapes data imported succesfully!
shapes data imported succesfully!
shapes data imported succesfully!
shapes data imported succesfully!
shapes data imported succesfully!
shapes data imported succesfully!
shapes data imported succesfully!
shapes data imported succesfully!
shapes data imported succesfully!
shapes data imported succesfully!
shapes data imported succesfully!
shapes data imported succesfully!
shapes data imported succesfully!
shapes data imported succesfully!
shapes data imported succesfully!
shapes data imported succesfully!
shapes data imported succesfully!
shapes data imported succesfully!
shapes data imported succesfully!
shapes data imported succesfully!
shapes data imported succesfully!
shapes data imported succesfully!
shapes data imported succesfully!
shapes data imported succesfully!
shapes data imported succesfully!
shapes data imported succesfully!
shapes data imported succesfully!
shapes data imported succesfully!
shapes data imported succesfully!
shapes data imported succesfully!
shapes data imported succesfully!
shapes data imported succesfully!
shapes data imported succesfully!
shapes data imported succesfully!
shapes data imported succesfully!
shapes data imported succesfully!
shapes data imported succesfully!
shapes data imported succesfully!
shapes data imported succesfully!
shapes data imported succesfully!
shapes data imported succesfully!
shapes data imported succesfully!
shapes data imported succesfully!
shapes data imported succesfully!
shapes data imported succesfully!
shapes data imported succesfully!
shapes data imported succesfully!
shapes data imported succesfully!
shapes data imported succesfully!
shapes data imported succesfully!
shapes data imported succesfully!
shapes data imported succesfully!
shapes data imported succesfully!
shapes data imported succesfully!
shapes data imported succesfully!
shapes data imported succesfully!
shapes data imported succesfully!
shapes data imported succesfully!
shapes data imported succesfully!
shapes data imported succesfully!
shapes data imported succesfully!
shapes data imported succesfully!
shapes data imported succesfully!
shapes data imported succesfully!
shapes data imported succesfully!
shapes data imported succesfully!
shapes data imported succesfully!
shapes data imported succesfully!
shapes data imported succesfully!
shapes data imported succesfully!
shapes data imported succesfully!
shapes data imported succesfully!
shapes data imported succesfully!
shapes data imported succesfully!
shapes data imported succesfully!
shapes data imported succesfully!
shapes data imported succesfully!
shapes data imported succesfully!
shapes data imported succesfully!
shapes data imported succesfully!
shapes data imported succesfully!
shapes data imported succesfully!
shapes data imported succesfully!
shapes data imported succesfully!
shapes data imported succesfully!
shapes data imported succesfully!
shapes data imported succesfully!
shapes data imported succesfully!
shapes data imported succesfully!
shapes data imported succesfully!
shapes data imported succesfully!
shapes data imported succesfully!
shapes data imported succesfully!
shapes data imported succesfully!
shapes data imported succesfully!
shapes data imported succesfully!
shapes data imported succesfully!
shapes data imported succesfully!
shapes data imported succesfully!
shapes data imported succesfully!
shapes data imported succesfully!
shapes data imported succesfully!
shapes data imported succesfully!
shapes data imported succesfully!
shapes data imported succesfully!
shapes data imported succesfully!
shapes data imported succesfully!
shapes data imported succesfully!
shapes data imported succesfully!
shapes data imported succesfully!
shapes data imported succesfully!
shapes data imported succesfully!
shapes data imported succesfully!
shapes data imported succesfully!
shapes data imported succesfully!
shapes data imported succesfully!
shapes data imported succesfully!
shapes data imported succesfully!
shapes data imported succesfully!
shapes data imported succesfully!
shapes data imported succesfully!
shapes data imported succesfully!
shapes data imported succesfully!
shapes data imported succesfully!
shapes data imported succesfully!
shapes data imported succesfully!
shapes data imported succesfully!
shapes data imported succesfully!
shapes data imported succesfully!
shapes data imported succesfully!
shapes data imported succesfully!
shapes data imported succesfully!
shapes data imported succesfully!
shapes data imported succesfully!
shapes data imported succesfully!
shapes data imported succesfully!
shapes data imported succesfully!
shapes data imported succesfully!
shapes data imported succesfully!
shapes data imported succesfully!
shapes data imported succesfully!
shapes data imported succesfully!
shapes data imported succesfully!
shapes data imported succesfully!
shapes data imported succesfully!
shapes data imported succesfully!
shapes data imported succesfully!
shapes data imported succesfully!
shapes data imported succesfully!
shapes data imported succesfully!
shapes data imported succesfully!
shapes data imported succesfully!
shapes data imported succesfully!
shapes data imported succesfully!
shapes data imported succesfully!
shapes data imported succesfully!
shapes data imported succesfully!
shapes data imported succesfully!
shapes data imported succesfully!
shapes data imported succesfully!
shapes data imported succesfully!
shapes data imported succesfully!
shapes data imported succesfully!
shapes data imported succesfully!
shapes data imported succesfully!
shapes data imported succesfully!
shapes data imported succesfully!
shapes data imported succesfully!
shapes data imported succesfully!
shapes data imported succesfully!
shapes data imported succesfully!
shapes data imported succesfully!
shapes data imported succesfully!
shapes data imported succesfully!
shapes data imported succesfully!
shapes data imported succesfully!
shapes data imported succesfully!
shapes data imported succesfully!
shapes data imported succesfully!
shapes data imported succesfully!
shapes data imported succesfully!
shapes data imported succesfully!
shapes data imported succesfully!
shapes data imported succesfully!
shapes data imported succesfully!
shapes data imported succesfully!
shapes data imported succesfully!
shapes data imported succesfully!
shapes data imported succesfully!
shapes data imported succesfully!
shapes data imported succesfully!
shapes data imported succesfully!
shapes data imported succesfully!
shapes data imported succesfully!
shapes data imported succesfully!
shapes data imported succesfully!
shapes data imported succesfully!
shapes data imported succesfully!
shapes data imported succesfully!
shapes data imported succesfully!
shapes data imported succesfully!
shapes data imported succesfully!
shapes data imported succesfully!
shapes data imported succesfully!
shapes data imported succesfully!
shapes data imported succesfully!
shapes data imported succesfully!
shapes data imported succesfully!
shapes data imported succesfully!
shapes data imported succesfully!
shapes data imported succesfully!
shapes data imported succesfully!
shapes data imported succesfully!
shapes data imported succesfully!
shapes data imported succesfully!
shapes data imported succesfully!
shapes data imported succesfully!
shapes data imported succesfully!
shapes data imported succesfully!
shapes data imported succesfully!
shapes data imported succesfully!
shapes data imported succesfully!
shapes data imported succesfully!
shapes data imported succesfully!
shapes data imported succesfully!
shapes data imported succesfully!
shapes data imported succesfully!
shapes data imported succesfully!
shapes data imported succesfully!
shapes data imported succesfully!
shapes data imported succesfully!
shapes data imported succesfully!
shapes data imported succesfully!
shapes data imported succesfully!
shapes data imported succesfully!
shapes data imported succesfully!
shapes data imported succesfully!
shapes data imported succesfully!
shapes data imported succesfully!
shapes data imported succesfully!
shapes data imported succesfully!
shapes data imported succesfully!
shapes data imported succesfully!
shapes data imported succesfully!
shapes data imported succesfully!
shapes data imported succesfully!
shapes data imported succesfully!
shapes data imported succesfully!
shapes data imported succesfully!
shapes data imported succesfully!
shapes data imported succesfully!
shapes data imported succesfully!
shapes data imported succesfully!
shapes data imported succesfully!
shapes data imported succesfully!
shapes data imported succesfully!
shapes data imported succesfully!
shapes data imported succesfully!
shapes data imported succesfully!
shapes data imported succesfully!
shapes data imported succesfully!
shapes data imported succesfully!
shapes data imported succesfully!
shapes data imported succesfully!
shapes data imported succesfully!
shapes data imported succesfully!
shapes data imported succesfully!
shapes data imported succesfully!
shapes data imported succesfully!
shapes data imported succesfully!
shapes data imported succesfully!
shapes data imported succesfully!
shapes data imported succesfully!
shapes data imported succesfully!
shapes data imported succesfully!
shapes data imported succesfully!
shapes data imported succesfully!
shapes data imported succesfully!
shapes data imported succesfully!
shapes data imported succesfully!
shapes data imported succesfully!
shapes data imported succesfully!
shapes data imported succesfully!
shapes data imported succesfully!
shapes data imported succesfully!
shapes data imported succesfully!
shapes data imported succesfully!
shapes data imported succesfully!
shapes data imported succesfully!
shapes data imported succesfully!
shapes data imported succesfully!
shapes data imported succesfully!
shapes data imported succesfully!
shapes data imported succesfully!
shapes data imported succesfully!
shapes data imported succesfully!
shapes data imported succesfully!
shapes data imported succesfully!
shapes data imported succesfully!
shapes data imported succesfully!
shapes data imported succesfully!
shapes data imported succesfully!
shapes data imported succesfully!
shapes data imported succesfully!
shapes data imported succesfully!
shapes data imported succesfully!
shapes data imported succesfully!
shapes data imported succesfully!
shapes data imported succesfully!
shapes data imported succesfully!
shapes data imported succesfully!
shapes data imported succesfully!
shapes data imported succesfully!
shapes data imported succesfully!
shapes data imported succesfully!
shapes data imported succesfully!
shapes data imported succesfully!
shapes data imported succesfully!
shapes data imported succesfully!
shapes data imported succesfully!
shapes data imported succesfully!
shapes data imported succesfully!
shapes data imported succesfully!
shapes data imported succesfully!
shapes data imported succesfully!
shapes data imported succesfully!
shapes data imported succesfully!
shapes data imported succesfully!
shapes data imported succesfully!
shapes data imported succesfully!
shapes data imported succesfully!
shapes data imported succesfully!
shapes data imported succesfully!
shapes data imported succesfully!
shapes data imported succesfully!
shapes data imported succesfully!
shapes data imported succesfully!
shapes data imported succesfully!
shapes data imported succesfully!
shapes data imported succesfully!
shapes data imported succesfully!
shapes data imported succesfully!
shapes data imported succesfully!
shapes data imported succesfully!
shapes data imported succesfully!
shapes data imported succesfully!
shapes data imported succesfully!
shapes data imported succesfully!
shapes data imported succesfully!
shapes data imported succesfully!
shapes data imported succesfully!
shapes data imported succesfully!
shapes data imported succesfully!
shapes data imported succesfully!
shapes data imported succesfully!
shapes data imported succesfully!
shapes data imported succesfully!
shapes data imported succesfully!
shapes data imported succesfully!
shapes data imported succesfully!
shapes data imported succesfully!
shapes data imported succesfully!
shapes data imported succesfully!
shapes data imported succesfully!
shapes data imported succesfully!
shapes data imported succesfully!
shapes data imported succesfully!
shapes data imported succesfully!
shapes data imported succesfully!
shapes data imported succesfully!
shapes data imported succesfully!
shapes data imported succesfully!
shapes data imported succesfully!
shapes data imported succesfully!
shapes data imported succesfully!
shapes data imported succesfully!
shapes data imported succesfully!
shapes data imported succesfully!
shapes data imported succesfully!
shapes data imported succesfully!
shapes data imported succesfully!
shapes data imported succesfully!
shapes data imported succesfully!
shapes data imported succesfully!
shapes data imported succesfully!
shapes data imported succesfully!
shapes data imported succesfully!
shapes data imported succesfully!
shapes data imported succesfully!
shapes data imported succesfully!
shapes data imported succesfully!
shapes data imported succesfully!
shapes data imported succesfully!
shapes data imported succesfully!
shapes data imported succesfully!
shapes data imported succesfully!
shapes data imported succesfully!
shapes data imported succesfully!
shapes data imported succesfully!
shapes data imported succesfully!
shapes data imported succesfully!
shapes data imported succesfully!
shapes data imported succesfully!
shapes data imported succesfully!
shapes data imported succesfully!
shapes data imported succesfully!
shapes data imported succesfully!
shapes data imported succesfully!
shapes data imported succesfully!
shapes data imported succesfully!
shapes data imported succesfully!
shapes data imported succesfully!
shapes data imported succesfully!
shapes data imported succesfully!
shapes data imported succesfully!
shapes data imported succesfully!
shapes data imported succesfully!
shapes data imported succesfully!
shapes data imported succesfully!
shapes data imported succesfully!
shapes data imported succesfully!
shapes data imported succesfully!
shapes data imported succesfully!
shapes data imported succesfully!
shapes data imported succesfully!
shapes data imported succesfully!
shapes data imported succesfully!
shapes data imported succesfully!
shapes data imported succesfully!
shapes data imported succesfully!
shapes data imported succesfully!
shapes data imported succesfully!
shapes data imported succesfully!
shapes data imported succesfully!
shapes data imported succesfully!
shapes data imported succesfully!
shapes data imported succesfully!
shapes data imported succesfully!
shapes data imported succesfully!
shapes data imported succesfully!
shapes data imported succesfully!
shapes data imported succesfully!
shapes data imported succesfully!
shapes data imported succesfully!
shapes data imported succesfully!
shapes data imported succesfully!
shapes data imported succesfully!
shapes data imported succesfully!
shapes data imported succesfully!
shapes data imported succesfully!
shapes data imported succesfully!
shapes data imported succesfully!
shapes data imported succesfully!
shapes data imported succesfully!
shapes data imported succesfully!
shapes data imported succesfully!
shapes data imported succesfully!
shapes data imported succesfully!
shapes data imported succesfully!
shapes data imported succesfully!
shapes data imported succesfully!
shapes data imported succesfully!
shapes data imported succesfully!
shapes data imported succesfully!
shapes data imported succesfully!
shapes data imported succesfully!
shapes data imported succesfully!
shapes data imported succesfully!
shapes data imported succesfully!
shapes data imported succesfully!
shapes data imported succesfully!
shapes data imported succesfully!
shapes data imported succesfully!
shapes data imported succesfully!
shapes data imported succesfully!
shapes data imported succesfully!
shapes data imported succesfully!
shapes data imported succesfully!
shapes data imported succesfully!
shapes data imported succesfully!
shapes data imported succesfully!
shapes data imported succesfully!
shapes data imported succesfully!
shapes data imported succesfully!
shapes data imported succesfully!
shapes data imported succesfully!
shapes data imported succesfully!
shapes data imported succesfully!
shapes data imported succesfully!
shapes data imported succesfully!
shapes data imported succesfully!
shapes data imported succesfully!
shapes data imported succesfully!
shapes data imported succesfully!
shapes data imported succesfully!
shapes data imported succesfully!
shapes data imported succesfully!
shapes data imported succesfully!
shapes data imported succesfully!
shapes data imported succesfully!
shapes data imported succesfully!
shapes data imported succesfully!
shapes data imported succesfully!
shapes data imported succesfully!
shapes data imported succesfully!
shapes data imported succesfully!
shapes data imported succesfully!
shapes data imported succesfully!
shapes data imported succesfully!
shapes data imported succesfully!
shapes data imported succesfully!
shapes data imported succesfully!
shapes data imported succesfully!
shapes data imported succesfully!
shapes data imported succesfully!
shapes data imported succesfully!
shapes data imported succesfully!
shapes data imported succesfully!
shapes data imported succesfully!
shapes data imported succesfully!
shapes data imported succesfully!
shapes data imported succesfully!
shapes data imported succesfully!
shapes data imported succesfully!
shapes data imported succesfully!
shapes data imported succesfully!
shapes data imported succesfully!
shapes data imported succesfully!
shapes data imported succesfully!
shapes data imported succesfully!
shapes data imported succesfully!
shapes data imported succesfully!
shapes data imported succesfully!
shapes data imported succesfully!
shapes data imported succesfully!
shapes data imported succesfully!
shapes data imported succesfully!
shapes data imported succesfully!
shapes data imported succesfully!
shapes data imported succesfully!
shapes data imported succesfully!
shapes data imported succesfully!
shapes data imported succesfully!
shapes data imported succesfully!
shapes data imported succesfully!
shapes data imported succesfully!
shapes data imported succesfully!
shapes data imported succesfully!
shapes data imported succesfully!
shapes data imported succesfully!
shapes data imported succesfully!
shapes data imported succesfully!
shapes data imported succesfully!
shapes data imported succesfully!
shapes data imported succesfully!
shapes data imported succesfully!
shapes data imported succesfully!
shapes data imported succesfully!
shapes data imported succesfully!
shapes data imported succesfully!
shapes data imported succesfully!
shapes data imported succesfully!
shapes data imported succesfully!
shapes data imported succesfully!
shapes data imported succesfully!
shapes data imported succesfully!
shapes data imported succesfully!
shapes data imported succesfully!
shapes data imported succesfully!
shapes data imported succesfully!
shapes data imported succesfully!
shapes data imported succesfully!
shapes data imported succesfully!
shapes data imported succesfully!
shapes data imported succesfully!
shapes data imported succesfully!
shapes data imported succesfully!
shapes data imported succesfully!
shapes data imported succesfully!
shapes data imported succesfully!
shapes data imported succesfully!
shapes data imported succesfully!
shapes data imported succesfully!
shapes data imported succesfully!
shapes data imported succesfully!
shapes data imported succesfully!
shapes data imported succesfully!
shapes data imported succesfully!
shapes data imported succesfully!
shapes data imported succesfully!
shapes data imported succesfully!
shapes data imported succesfully!
shapes data imported succesfully!
shapes data imported succesfully!
shapes data imported succesfully!
shapes data imported succesfully!
shapes data imported succesfully!
shapes data imported succesfully!
shapes data imported succesfully!
shapes data imported succesfully!
shapes data imported succesfully!
shapes data imported succesfully!
shapes data imported succesfully!
shapes data imported succesfully!
shapes data imported succesfully!
shapes data imported succesfully!
shapes data imported succesfully!
shapes data imported succesfully!
shapes data imported succesfully!
shapes data imported succesfully!
shapes data imported succesfully!
shapes data imported succesfully!
shapes data imported succesfully!
shapes data imported succesfully!
shapes data imported succesfully!
shapes data imported succesfully!
shapes data imported succesfully!
shapes data imported succesfully!
shapes data imported succesfully!
shapes data imported succesfully!
shapes data imported succesfully!
shapes data imported succesfully!
shapes data imported succesfully!
shapes data imported succesfully!
shapes data imported succesfully!
shapes data imported succesfully!
shapes data imported succesfully!
shapes data imported succesfully!
shapes data imported succesfully!
shapes data imported succesfully!
shapes data imported succesfully!
shapes data imported succesfully!
shapes data imported succesfully!
shapes data imported succesfully!
shapes data imported succesfully!
shapes data imported succesfully!
shapes data imported succesfully!
shapes data imported succesfully!
shapes data imported succesfully!
shapes data imported succesfully!
shapes data imported succesfully!
shapes data imported succesfully!
shapes data imported succesfully!
shapes data imported succesfully!
shapes data imported succesfully!
shapes data imported succesfully!
shapes data imported succesfully!
shapes data imported succesfully!
shapes data imported succesfully!
shapes data imported succesfully!
shapes data imported succesfully!
shapes data imported succesfully!
shapes data imported succesfully!
shapes data imported succesfully!
shapes data imported succesfully!
shapes data imported succesfully!
shapes data imported succesfully!
shapes data imported succesfully!
shapes data imported succesfully!
shapes data imported succesfully!
shapes data imported succesfully!
shapes data imported succesfully!
shapes data imported succesfully!
shapes data imported succesfully!
shapes data imported succesfully!
shapes data imported succesfully!
shapes data imported succesfully!
shapes data imported succesfully!
shapes data imported succesfully!
shapes data imported succesfully!
shapes data imported succesfully!
shapes data imported succesfully!
shapes data imported succesfully!
shapes data imported succesfully!
shapes data imported succesfully!
shapes data imported succesfully!
shapes data imported succesfully!
shapes data imported succesfully!
shapes data imported succesfully!
shapes data imported succesfully!
shapes data imported succesfully!
shapes data imported succesfully!
shapes data imported succesfully!
shapes data imported succesfully!
shapes data imported succesfully!
shapes data imported succesfully!
shapes data imported succesfully!
shapes data imported succesfully!
shapes data imported succesfully!
shapes data imported succesfully!
shapes data imported succesfully!
shapes data imported succesfully!
shapes data imported succesfully!
shapes data imported succesfully!
shapes data imported succesfully!
shapes data imported succesfully!
shapes data imported succesfully!
shapes data imported succesfully!
shapes data imported succesfully!
shapes data imported succesfully!
shapes data imported succesfully!
shapes data imported succesfully!
shapes data imported succesfully!
shapes data imported succesfully!
shapes data imported succesfully!
shapes data imported succesfully!
shapes data imported succesfully!
shapes data imported succesfully!
shapes data imported succesfully!
shapes data imported succesfully!
shapes data imported succesfully!
shapes data imported succesfully!
shapes data imported succesfully!
shapes data imported succesfully!
shapes data imported succesfully!
shapes data imported succesfully!
shapes data imported succesfully!
shapes data imported succesfully!
shapes data imported succesfully!
shapes data imported succesfully!
shapes data imported succesfully!
shapes data imported succesfully!
shapes data imported succesfully!
shapes data imported succesfully!
shapes data imported succesfully!
shapes data imported succesfully!
shapes data imported succesfully!
shapes data imported succesfully!
shapes data imported succesfully!
shapes data imported succesfully!
shapes data imported succesfully!
shapes data imported succesfully!
shapes data imported succesfully!
shapes data imported succesfully!
shapes data imported succesfully!
shapes data imported succesfully!
shapes data imported succesfully!
shapes data imported succesfully!
shapes data imported succesfully!
shapes data imported succesfully!
shapes data imported succesfully!
shapes data imported succesfully!
shapes data imported succesfully!
shapes data imported succesfully!
shapes data imported succesfully!
shapes data imported succesfully!
shapes data imported succesfully!
shapes data imported succesfully!
shapes data imported succesfully!
shapes data imported succesfully!
shapes data imported succesfully!
shapes data imported succesfully!
shapes data imported succesfully!
shapes data imported succesfully!
shapes data imported succesfully!
shapes data imported succesfully!
shapes data imported succesfully!
shapes data imported succesfully!
shapes data imported succesfully!
shapes data imported succesfully!
shapes data imported succesfully!
shapes data imported succesfully!
shapes data imported succesfully!
shapes data imported succesfully!
shapes data imported succesfully!
shapes data imported succesfully!
shapes data imported succesfully!
shapes data imported succesfully!
shapes data imported succesfully!
shapes data imported succesfully!
shapes data imported succesfully!
shapes data imported succesfully!
shapes data imported succesfully!
shapes data imported succesfully!
shapes data imported succesfully!
shapes data imported succesfully!
shapes data imported succesfully!
shapes data imported succesfully!
shapes data imported succesfully!
shapes data imported succesfully!
shapes data imported succesfully!
shapes data imported succesfully!
shapes data imported succesfully!
shapes data imported succesfully!
shapes data imported succesfully!
shapes data imported succesfully!
shapes data imported succesfully!
shapes data imported succesfully!
shapes data imported succesfully!
shapes data imported succesfully!
shapes data imported succesfully!
shapes data imported succesfully!
shapes data imported succesfully!
shapes data imported succesfully!
shapes data imported succesfully!
shapes data imported succesfully!
shapes data imported succesfully!
shapes data imported succesfully!
shapes data imported succesfully!
shapes data imported succesfully!
shapes data imported succesfully!
shapes data imported succesfully!
shapes data imported succesfully!
shapes data imported succesfully!
shapes data imported succesfully!
shapes data imported succesfully!
shapes data imported succesfully!
shapes data imported succesfully!
shapes data imported succesfully!
shapes data imported succesfully!
shapes data imported succesfully!
shapes data imported succesfully!
shapes data imported succesfully!
shapes data imported succesfully!
shapes data imported succesfully!
shapes data imported succesfully!
shapes data imported succesfully!
shapes data imported succesfully!
shapes data imported succesfully!
shapes data imported succesfully!
shapes data imported succesfully!
shapes data imported succesfully!
shapes data imported succesfully!
shapes data imported succesfully!
shapes data imported succesfully!
shapes data imported succesfully!
shapes data imported succesfully!
shapes data imported succesfully!
shapes data imported succesfully!
shapes data imported succesfully!
shapes data imported succesfully!
shapes data imported succesfully!
shapes data imported succesfully!
shapes data imported succesfully!
shapes data imported succesfully!
shapes data imported succesfully!
shapes data imported succesfully!
shapes data imported succesfully!
shapes data imported succesfully!
shapes data imported succesfully!
shapes data imported succesfully!
shapes data imported succesfully!
shapes data imported succesfully!
shapes data imported succesfully!
shapes data imported succesfully!
shapes data imported succesfully!
shapes data imported succesfully!
shapes data imported succesfully!
shapes data imported succesfully!
shapes data imported succesfully!
shapes data imported succesfully!
shapes data imported succesfully!
shapes data imported succesfully!
shapes data imported succesfully!
shapes data imported succesfully!
shapes data imported succesfully!
shapes data imported succesfully!
shapes data imported succesfully!
shapes data imported succesfully!
shapes data imported succesfully!
shapes data imported succesfully!
shapes data imported succesfully!
shapes data imported succesfully!
shapes data imported succesfully!
shapes data imported succesfully!
shapes data imported succesfully!
shapes data imported succesfully!
shapes data imported succesfully!
shapes data imported succesfully!
shapes data imported succesfully!
shapes data imported succesfully!
shapes data imported succesfully!
shapes data imported succesfully!
shapes data imported succesfully!
shapes data imported succesfully!
shapes data imported succesfully!
shapes data imported succesfully!
shapes data imported succesfully!
shapes data imported succesfully!
shapes data imported succesfully!
shapes data imported succesfully!
shapes data imported succesfully!
shapes data imported succesfully!
shapes data imported succesfully!
shapes data imported succesfully!
shapes data imported succesfully!
shapes data imported succesfully!
shapes data imported succesfully!
shapes data imported succesfully!
shapes data imported succesfully!
shapes data imported succesfully!
shapes data imported succesfully!
shapes data imported succesfully!
shapes data imported succesfully!
shapes data imported succesfully!
shapes data imported succesfully!
shapes data imported succesfully!
shapes data imported succesfully!
shapes data imported succesfully!
shapes data imported succesfully!
shapes data imported succesfully!
shapes data imported succesfully!
shapes data imported succesfully!
shapes data imported succesfully!
shapes data imported succesfully!
shapes data imported succesfully!
shapes data imported succesfully!
shapes data imported succesfully!
shapes data imported succesfully!
shapes data imported succesfully!
shapes data imported succesfully!
shapes data imported succesfully!
shapes data imported succesfully!
shapes data imported succesfully!
shapes data imported succesfully!
shapes data imported succesfully!
shapes data imported succesfully!
shapes data imported succesfully!
shapes data imported succesfully!
shapes data imported succesfully!
shapes data imported succesfully!
shapes data imported succesfully!
shapes data imported succesfully!
shapes data imported succesfully!
shapes data imported succesfully!
shapes data imported succesfully!
shapes data imported succesfully!
shapes data imported succesfully!
shapes data imported succesfully!
shapes data imported succesfully!
shapes data imported succesfully!
shapes data imported succesfully!
shapes data imported succesfully!
shapes data imported succesfully!
shapes data imported succesfully!
shapes data imported succesfully!
shapes data imported succesfully!
shapes data imported succesfully!
shapes data imported succesfully!
shapes data imported succesfully!
shapes data imported succesfully!
shapes data imported succesfully!
shapes data imported succesfully!
shapes data imported succesfully!
shapes data imported succesfully!
shapes data imported succesfully!
shapes data imported succesfully!
shapes data imported succesfully!
shapes data imported succesfully!
shapes data imported succesfully!
shapes data imported succesfully!
shapes data imported succesfully!
shapes data imported succesfully!
shapes data imported succesfully!
shapes data imported succesfully!
shapes data imported succesfully!
shapes data imported succesfully!
shapes data imported succesfully!
shapes data imported succesfully!
shapes data imported succesfully!
shapes data imported succesfully!
shapes data imported succesfully!
shapes data imported succesfully!
shapes data imported succesfully!
shapes data imported succesfully!
shapes data imported succesfully!
shapes data imported succesfully!
shapes data imported succesfully!
shapes data imported succesfully!
shapes data imported succesfully!
shapes data imported succesfully!
shapes data imported succesfully!
shapes data imported succesfully!
shapes data imported succesfully!
shapes data imported succesfully!
shapes data imported succesfully!
shapes data imported succesfully!
shapes data imported succesfully!
shapes data imported succesfully!
shapes data imported succesfully!
shapes data imported succesfully!
shapes data imported succesfully!
shapes data imported succesfully!
shapes data imported succesfully!
shapes data imported succesfully!
shapes data imported succesfully!
shapes data imported succesfully!
shapes data imported succesfully!
shapes data imported succesfully!
shapes data imported succesfully!
shapes data imported succesfully!
shapes data imported succesfully!
shapes data imported succesfully!
shapes data imported succesfully!
shapes data imported succesfully!
shapes data imported succesfully!
shapes data imported succesfully!
shapes data imported succesfully!
shapes data imported succesfully!
shapes data imported succesfully!
shapes data imported succesfully!
shapes data imported succesfully!
shapes data imported succesfully!
shapes data imported succesfully!
shapes data imported succesfully!
shapes data imported succesfully!
shapes data imported succesfully!
shapes data imported succesfully!
shapes data imported succesfully!
shapes data imported succesfully!
shapes data imported succesfully!
shapes data imported succesfully!
shapes data imported succesfully!
shapes data imported succesfully!
shapes data imported succesfully!
shapes data imported succesfully!
shapes data imported succesfully!
shapes data imported succesfully!
shapes data imported succesfully!
shapes data imported succesfully!
shapes data imported succesfully!
shapes data imported succesfully!
shapes data imported succesfully!
shapes data imported succesfully!
shapes data imported succesfully!
shapes data imported succesfully!
shapes data imported succesfully!
shapes data imported succesfully!
shapes data imported succesfully!
shapes data imported succesfully!
shapes data imported succesfully!
shapes data imported succesfully!
shapes data imported succesfully!
shapes data imported succesfully!
shapes data imported succesfully!
shapes data imported succesfully!
shapes data imported succesfully!
shapes data imported succesfully!
shapes data imported succesfully!
shapes data imported succesfully!
shapes data imported succesfully!
shapes data imported succesfully!
shapes data imported succesfully!
shapes data imported succesfully!
shapes data imported succesfully!
shapes data imported succesfully!
shapes data imported succesfully!
shapes data imported succesfully!
shapes data imported succesfully!
shapes data imported succesfully!
shapes data imported succesfully!
shapes data imported succesfully!
shapes data imported succesfully!
shapes data imported succesfully!
shapes data imported succesfully!
shapes data imported succesfully!
shapes data imported succesfully!
shapes data imported succesfully!
shapes data imported succesfully!
shapes data imported succesfully!
shapes data imported succesfully!
shapes data imported succesfully!
shapes data imported succesfully!
shapes data imported succesfully!
shapes data imported succesfully!
shapes data imported succesfully!
shapes data imported succesfully!
shapes data imported succesfully!
shapes data imported succesfully!
shapes data imported succesfully!
shapes data imported succesfully!
shapes data imported succesfully!
shapes data imported succesfully!
shapes data imported succesfully!
shapes data imported succesfully!
shapes data imported succesfully!
shapes data imported succesfully!
shapes data imported succesfully!
shapes data imported succesfully!
shapes data imported succesfully!
shapes data imported succesfully!
shapes data imported succesfully!
shapes data imported succesfully!
shapes data imported succesfully!
shapes data imported succesfully!
shapes data imported succesfully!
shapes data imported succesfully!
shapes data imported succesfully!
shapes data imported succesfully!
shapes data imported succesfully!
shapes data imported succesfully!
shapes data imported succesfully!
shapes data imported succesfully!
shapes data imported succesfully!
shapes data imported succesfully!
shapes data imported succesfully!
shapes data imported succesfully!
shapes data imported succesfully!
shapes data imported succesfully!
shapes data imported succesfully!
shapes data imported succesfully!
shapes data imported succesfully!
shapes data imported succesfully!
shapes data imported succesfully!
shapes data imported succesfully!
shapes data imported succesfully!
shapes data imported succesfully!
shapes data imported succesfully!
shapes data imported succesfully!
shapes data imported succesfully!
shapes data imported succesfully!
shapes data imported succesfully!
shapes data imported succesfully!
shapes data imported succesfully!
shapes data imported succesfully!
shapes data imported succesfully!
shapes data imported succesfully!
shapes data imported succesfully!
shapes data imported succesfully!
shapes data imported succesfully!
shapes data imported succesfully!
shapes data imported succesfully!
shapes data imported succesfully!
shapes data imported succesfully!
shapes data imported succesfully!
shapes data imported succesfully!
shapes data imported succesfully!
shapes data imported succesfully!
shapes data imported succesfully!
shapes data imported succesfully!
shapes data imported succesfully!
shapes data imported succesfully!
shapes data imported succesfully!
shapes data imported succesfully!
shapes data imported succesfully!
shapes data imported succesfully!
shapes data imported succesfully!
shapes data imported succesfully!
shapes data imported succesfully!
shapes data imported succesfully!
shapes data imported succesfully!
shapes data imported succesfully!
shapes data imported succesfully!
shapes data imported succesfully!
shapes data imported succesfully!
shapes data imported succesfully!
shapes data imported succesfully!
shapes data imported succesfully!
shapes data imported succesfully!
shapes data imported succesfully!
shapes data imported succesfully!
shapes data imported succesfully!
shapes data imported succesfully!
shapes data imported succesfully!
shapes data imported succesfully!
shapes data imported succesfully!
shapes data imported succesfully!
shapes data imported succesfully!
shapes data imported succesfully!
shapes data imported succesfully!
shapes data imported succesfully!
shapes data imported succesfully!
shapes data imported succesfully!
shapes data imported succesfully!
shapes data imported succesfully!
shapes data imported succesfully!
shapes data imported succesfully!
shapes data imported succesfully!
shapes data imported succesfully!
shapes data imported succesfully!
shapes data imported succesfully!
shapes data imported succesfully!
shapes data imported succesfully!
shapes data imported succesfully!
shapes data imported succesfully!
shapes data imported succesfully!
shapes data imported succesfully!
shapes data imported succesfully!
shapes data imported succesfully!
shapes data imported succesfully!
shapes data imported succesfully!
shapes data imported succesfully!
shapes data imported succesfully!
shapes data imported succesfully!
shapes data imported succesfully!
shapes data imported succesfully!
shapes data imported succesfully!
shapes data imported succesfully!
shapes data imported succesfully!
shapes data imported succesfully!
shapes data imported succesfully!
shapes data imported succesfully!
shapes data imported succesfully!
shapes data imported succesfully!
shapes data imported succesfully!
shapes data imported succesfully!
shapes data imported succesfully!
shapes data imported succesfully!
shapes data imported succesfully!
shapes data imported succesfully!
shapes data imported succesfully!
shapes data imported succesfully!
shapes data imported succesfully!
shapes data imported succesfully!
shapes data imported succesfully!
shapes data imported succesfully!
shapes data imported succesfully!
shapes data imported succesfully!
shapes data imported succesfully!
shapes data imported succesfully!
shapes data imported succesfully!
shapes data imported succesfully!
shapes data imported succesfully!
shapes data imported succesfully!
shapes data imported succesfully!
shapes data imported succesfully!
shapes data imported succesfully!
shapes data imported succesfully!
shapes data imported succesfully!
shapes data imported succesfully!
shapes data imported succesfully!
shapes data imported succesfully!
shapes data imported succesfully!
shapes data imported succesfully!
shapes data imported succesfully!
shapes data imported succesfully!
shapes data imported succesfully!
shapes data imported succesfully!
shapes data imported succesfully!
shapes data imported succesfully!
shapes data imported succesfully!
shapes data imported succesfully!
shapes data imported succesfully!
shapes data imported succesfully!
shapes data imported succesfully!
shapes data imported succesfully!
shapes data imported succesfully!
shapes data imported succesfully!
shapes data imported succesfully!
shapes data imported succesfully!
shapes data imported succesfully!
shapes data imported succesfully!
shapes data imported succesfully!
shapes data imported succesfully!
shapes data imported succesfully!
shapes data imported succesfully!
shapes data imported succesfully!
shapes data imported succesfully!
shapes data imported succesfully!
shapes data imported succesfully!
shapes data imported succesfully!
shapes data imported succesfully!
shapes data imported succesfully!
shapes data imported succesfully!
shapes data imported succesfully!
shapes data imported succesfully!
shapes data imported succesfully!
shapes data imported succesfully!
shapes data imported succesfully!
shapes data imported succesfully!
shapes data imported succesfully!
shapes data imported succesfully!
shapes data imported succesfully!
shapes data imported succesfully!
shapes data imported succesfully!
shapes data imported succesfully!
shapes data imported succesfully!
shapes data imported succesfully!
shapes data imported succesfully!
shapes data imported succesfully!
shapes data imported succesfully!
shapes data imported succesfully!
shapes data imported succesfully!
shapes data imported succesfully!
shapes data imported succesfully!
shapes data imported succesfully!
shapes data imported succesfully!
shapes data imported succesfully!
shapes data imported succesfully!
shapes data imported succesfully!
shapes data imported succesfully!
shapes data imported succesfully!
shapes data imported succesfully!
shapes data imported succesfully!
shapes data imported succesfully!
shapes data imported succesfully!
shapes data imported succesfully!
shapes data imported succesfully!
shapes data imported succesfully!
shapes data imported succesfully!
shapes data imported succesfully!
shapes data imported succesfully!
shapes data imported succesfully!
shapes data imported succesfully!
shapes data imported succesfully!
shapes data imported succesfully!
shapes data imported succesfully!
shapes data imported succesfully!
shapes data imported succesfully!
shapes data imported succesfully!
shapes data imported succesfully!
shapes data imported succesfully!
shapes data imported succesfully!
shapes data imported succesfully!
shapes data imported succesfully!
shapes data imported succesfully!
shapes data imported succesfully!
shapes data imported succesfully!
shapes data imported succesfully!
shapes data imported succesfully!
shapes data imported succesfully!
shapes data imported succesfully!
shapes data imported succesfully!
shapes data imported succesfully!
shapes data imported succesfully!
shapes data imported succesfully!
shapes data imported succesfully!
shapes data imported succesfully!
shapes data imported succesfully!
shapes data imported succesfully!
shapes data imported succesfully!
shapes data imported succesfully!
shapes data imported succesfully!
shapes data imported succesfully!
shapes data imported succesfully!
shapes data imported succesfully!
shapes data imported succesfully!
shapes data imported succesfully!
shapes data imported succesfully!
shapes data imported succesfully!
shapes data imported succesfully!
shapes data imported succesfully!
shapes data imported succesfully!
shapes data imported succesfully!
shapes data imported succesfully!
shapes data imported succesfully!
shapes data imported succesfully!
shapes data imported succesfully!
shapes data imported succesfully!
shapes data imported succesfully!
shapes data imported succesfully!
shapes data imported succesfully!
shapes data imported succesfully!
shapes data imported succesfully!
shapes data imported succesfully!
shapes data imported succesfully!
shapes data imported succesfully!
shapes data imported succesfully!
shapes data imported succesfully!
shapes data imported succesfully!
shapes data imported succesfully!
shapes data imported succesfully!
shapes data imported succesfully!
shapes data imported succesfully!
shapes data imported succesfully!
shapes data imported succesfully!
shapes data imported succesfully!
shapes data imported succesfully!
shapes data imported succesfully!
shapes data imported succesfully!
shapes data imported succesfully!
shapes data imported succesfully!
shapes data imported succesfully!
shapes data imported succesfully!
shapes data imported succesfully!
shapes data imported succesfully!
shapes data imported succesfully!
shapes data imported succesfully!
shapes data imported succesfully!
shapes data imported succesfully!
shapes data imported succesfully!
shapes data imported succesfully!
shapes data imported succesfully!
shapes data imported succesfully!
shapes data imported succesfully!
shapes data imported succesfully!
shapes data imported succesfully!
shapes data imported succesfully!
shapes data imported succesfully!
shapes data imported succesfully!
shapes data imported succesfully!
shapes data imported succesfully!
shapes data imported succesfully!
shapes data imported succesfully!
shapes data imported succesfully!
shapes data imported succesfully!
shapes data imported succesfully!
shapes data imported succesfully!
shapes data imported succesfully!
shapes data imported succesfully!
shapes data imported succesfully!
shapes data imported succesfully!
shapes data imported succesfully!
shapes data imported succesfully!
shapes data imported succesfully!
shapes data imported succesfully!
shapes data imported succesfully!
shapes data imported succesfully!
shapes data imported succesfully!
shapes data imported succesfully!
shapes data imported succesfully!
shapes data imported succesfully!
shapes data imported succesfully!
shapes data imported succesfully!
shapes data imported succesfully!
shapes data imported succesfully!
shapes data imported succesfully!
shapes data imported succesfully!
shapes data imported succesfully!
shapes data imported succesfully!
shapes data imported succesfully!
shapes data imported succesfully!
shapes data imported succesfully!
shapes data imported succesfully!
shapes data imported succesfully!
shapes data imported succesfully!
shapes data imported succesfully!
shapes data imported succesfully!
shapes data imported succesfully!
shapes data imported succesfully!
shapes data imported succesfully!
shapes data imported succesfully!
shapes data imported succesfully!
shapes data imported succesfully!
shapes data imported succesfully!
shapes data imported succesfully!
shapes data imported succesfully!
shapes data imported succesfully!
shapes data imported succesfully!
shapes data imported succesfully!
shapes data imported succesfully!
shapes data imported succesfully!
shapes data imported succesfully!
shapes data imported succesfully!
shapes data imported succesfully!
shapes data imported succesfully!
shapes data imported succesfully!
shapes data imported succesfully!
shapes data imported succesfully!
shapes data imported succesfully!
shapes data imported succesfully!
shapes data imported succesfully!
shapes data imported succesfully!
shapes data imported succesfully!
shapes data imported succesfully!
shapes data imported succesfully!
shapes data imported succesfully!
shapes data imported succesfully!
shapes data imported succesfully!
shapes data imported succesfully!
shapes data imported succesfully!
shapes data imported succesfully!
shapes data imported succesfully!
shapes data imported succesfully!
shapes data imported succesfully!
shapes data imported succesfully!
shapes data imported succesfully!
shapes data imported succesfully!
shapes data imported succesfully!
shapes data imported succesfully!
shapes data imported succesfully!
shapes data imported succesfully!
shapes data imported succesfully!
shapes data imported succesfully!
shapes data imported succesfully!
shapes data imported succesfully!
shapes data imported succesfully!
shapes data imported succesfully!
shapes data imported succesfully!
shapes data imported succesfully!
shapes data imported succesfully!
shapes data imported succesfully!
shapes data imported succesfully!
shapes data imported succesfully!
shapes data imported succesfully!
shapes data imported succesfully!
shapes data imported succesfully!
shapes data imported succesfully!
shapes data imported succesfully!
shapes data imported succesfully!
shapes data imported succesfully!
shapes data imported succesfully!
shapes data imported succesfully!
shapes data imported succesfully!
shapes data imported succesfully!
shapes data imported succesfully!
shapes data imported succesfully!
shapes data imported succesfully!
shapes data imported succesfully!
shapes data imported succesfully!
shapes data imported succesfully!
shapes data imported succesfully!
shapes data imported succesfully!
shapes data imported succesfully!
shapes data imported succesfully!
shapes data imported succesfully!
shapes data imported succesfully!
shapes data imported succesfully!
shapes data imported succesfully!
shapes data imported succesfully!
shapes data imported succesfully!
shapes data imported succesfully!
shapes data imported succesfully!
shapes data imported succesfully!
shapes data imported succesfully!
shapes data imported succesfully!
shapes data imported succesfully!
shapes data imported succesfully!
shapes data imported succesfully!
shapes data imported succesfully!
shapes data imported succesfully!
shapes data imported succesfully!
shapes data imported succesfully!
shapes data imported succesfully!
shapes data imported succesfully!
shapes data imported succesfully!
shapes data imported succesfully!
shapes data imported succesfully!
shapes data imported succesfully!
shapes data imported succesfully!
shapes data imported succesfully!
shapes data imported succesfully!
shapes data imported succesfully!
shapes data imported succesfully!
shapes data imported succesfully!
shapes data imported succesfully!
shapes data imported succesfully!
shapes data imported succesfully!
shapes data imported succesfully!
shapes data imported succesfully!
shapes data imported succesfully!
shapes data imported succesfully!
shapes data imported succesfully!
shapes data imported succesfully!
shapes data imported succesfully!
shapes data imported succesfully!
shapes data imported succesfully!
shapes data imported succesfully!
shapes data imported succesfully!
shapes data imported succesfully!
shapes data imported succesfully!
shapes data imported succesfully!
shapes data imported succesfully!
shapes data imported succesfully!
shapes data imported succesfully!
shapes data imported succesfully!
shapes data imported succesfully!
shapes data imported succesfully!
shapes data imported succesfully!
shapes data imported succesfully!
shapes data imported succesfully!
shapes data imported succesfully!
shapes data imported succesfully!
shapes data imported succesfully!
shapes data imported succesfully!
shapes data imported succesfully!
shapes data imported succesfully!
shapes data imported succesfully!
shapes data imported succesfully!
shapes data imported succesfully!
shapes data imported succesfully!
shapes data imported succesfully!
shapes data imported succesfully!
shapes data imported succesfully!
shapes data imported succesfully!
shapes data imported succesfully!
shapes data imported succesfully!
shapes data imported succesfully!
shapes data imported succesfully!
shapes data imported succesfully!
shapes data imported succesfully!
shapes data imported succesfully!
shapes data imported succesfully!
shapes data imported succesfully!
shapes data imported succesfully!
shapes data imported succesfully!
shapes data imported succesfully!
shapes data imported succesfully!
shapes data imported succesfully!
shapes data imported succesfully!
shapes data imported succesfully!
shapes data imported succesfully!
shapes data imported succesfully!
shapes data imported succesfully!
shapes data imported succesfully!
shapes data imported succesfully!
shapes data imported succesfully!
shapes data imported succesfully!
shapes data imported succesfully!
shapes data imported succesfully!
shapes data imported succesfully!
shapes data imported succesfully!
shapes data imported succesfully!
shapes data imported succesfully!
shapes data imported succesfully!
shapes data imported succesfully!
shapes data imported succesfully!
shapes data imported succesfully!
shapes data imported succesfully!
shapes data imported succesfully!
shapes data imported succesfully!
shapes data imported succesfully!
shapes data imported succesfully!
shapes data imported succesfully!
shapes data imported succesfully!
shapes data imported succesfully!
shapes data imported succesfully!
shapes data imported succesfully!
shapes data imported succesfully!
shapes data imported succesfully!
shapes data imported succesfully!
shapes data imported succesfully!
shapes data imported succesfully!
shapes data imported succesfully!
shapes data imported succesfully!
shapes data imported succesfully!
shapes data imported succesfully!
shapes data imported succesfully!
shapes data imported succesfully!
shapes data imported succesfully!
shapes data imported succesfully!
shapes data imported succesfully!
shapes data imported succesfully!
shapes data imported succesfully!
shapes data imported succesfully!
shapes data imported succesfully!
shapes data imported succesfully!
shapes data imported succesfully!
shapes data imported succesfully!
shapes data imported succesfully!
shapes data imported succesfully!
shapes data imported succesfully!
shapes data imported succesfully!
shapes data imported succesfully!
shapes data imported succesfully!
shapes data imported succesfully!
shapes data imported succesfully!
shapes data imported succesfully!
shapes data imported succesfully!
shapes data imported succesfully!
shapes data imported succesfully!
shapes data imported succesfully!
shapes data imported succesfully!
shapes data imported succesfully!
shapes data imported succesfully!
shapes data imported succesfully!
shapes data imported succesfully!
shapes data imported succesfully!
shapes data imported succesfully!
shapes data imported succesfully!
shapes data imported succesfully!
shapes data imported succesfully!
shapes data imported succesfully!
shapes data imported succesfully!
shapes data imported succesfully!
shapes data imported succesfully!
shapes data imported succesfully!
shapes data imported succesfully!
shapes data imported succesfully!
shapes data imported succesfully!
shapes data imported succesfully!
shapes data imported succesfully!
shapes data imported succesfully!
shapes data imported succesfully!
shapes data imported succesfully!
shapes data imported succesfully!
shapes data imported succesfully!
shapes data imported succesfully!
shapes data imported succesfully!
shapes data imported succesfully!
shapes data imported succesfully!
shapes data imported succesfully!
shapes data imported succesfully!
shapes data imported succesfully!
shapes data imported succesfully!
shapes data imported succesfully!
shapes data imported succesfully!
shapes data imported succesfully!
shapes data imported succesfully!
shapes data imported succesfully!
shapes data imported succesfully!
shapes data imported succesfully!
shapes data imported succesfully!
shapes data imported succesfully!
shapes data imported succesfully!
shapes data imported succesfully!
shapes data imported succesfully!
shapes data imported succesfully!
shapes data imported succesfully!
shapes data imported succesfully!
shapes data imported succesfully!
shapes data imported succesfully!
shapes data imported succesfully!
shapes data imported succesfully!
shapes data imported succesfully!
shapes data imported succesfully!
shapes data imported succesfully!
shapes data imported succesfully!
shapes data imported succesfully!
shapes data imported succesfully!
shapes data imported succesfully!
shapes data imported succesfully!
shapes data imported succesfully!
shapes data imported succesfully!
shapes data imported succesfully!
shapes data imported succesfully!
shapes data imported succesfully!
shapes data imported succesfully!
shapes data imported succesfully!
shapes data imported succesfully!
shapes data imported succesfully!
shapes data imported succesfully!
shapes data imported succesfully!
shapes data imported succesfully!
shapes data imported succesfully!
shapes data imported succesfully!
shapes data imported succesfully!
shapes data imported succesfully!
shapes data imported succesfully!
shapes data imported succesfully!
shapes data imported succesfully!
shapes data imported succesfully!
shapes data imported succesfully!
shapes data imported succesfully!
shapes data imported succesfully!
shapes data imported succesfully!
shapes data imported succesfully!
shapes data imported succesfully!
shapes data imported succesfully!
shapes data imported succesfully!
shapes data imported succesfully!
shapes data imported succesfully!
shapes data imported succesfully!
shapes data imported succesfully!
shapes data imported succesfully!
shapes data imported succesfully!
shapes data imported succesfully!
shapes data imported succesfully!
shapes data imported succesfully!
shapes data imported succesfully!
shapes data imported succesfully!
shapes data imported succesfully!
shapes data imported succesfully!
shapes data imported succesfully!
shapes data imported succesfully!
shapes data imported succesfully!
shapes data imported succesfully!
shapes data imported succesfully!
shapes data imported succesfully!
shapes data imported succesfully!
shapes data imported succesfully!
shapes data imported succesfully!
shapes data imported succesfully!
shapes data imported succesfully!
shapes data imported succesfully!
shapes data imported succesfully!
shapes data imported succesfully!
shapes data imported succesfully!
shapes data imported succesfully!
shapes data imported succesfully!
shapes data imported succesfully!
shapes data imported succesfully!
shapes data imported succesfully!
shapes data imported succesfully!
shapes data imported succesfully!
shapes data imported succesfully!
shapes data imported succesfully!
shapes data imported succesfully!
shapes data imported succesfully!
shapes data imported succesfully!
shapes data imported succesfully!
shapes data imported succesfully!
shapes data imported succesfully!
shapes data imported succesfully!
shapes data imported succesfully!
shapes data imported succesfully!
shapes data imported succesfully!
shapes data imported succesfully!
shapes data imported succesfully!
shapes data imported succesfully!
shapes data imported succesfully!
shapes data imported succesfully!
shapes data imported succesfully!
shapes data imported succesfully!
shapes data imported succesfully!
shapes data imported succesfully!
shapes data imported succesfully!
shapes data imported succesfully!
shapes data imported succesfully!
shapes data imported succesfully!
shapes data imported succesfully!
shapes data imported succesfully!
shapes data imported succesfully!
shapes data imported succesfully!
shapes data imported succesfully!
shapes data imported succesfully!
shapes data imported succesfully!
shapes data imported succesfully!
shapes data imported succesfully!
shapes data imported succesfully!
shapes data imported succesfully!
shapes data imported succesfully!
shapes data imported succesfully!
shapes data imported succesfully!
shapes data imported succesfully!
shapes data imported succesfully!
shapes data imported succesfully!
shapes data imported succesfully!
shapes data imported succesfully!
shapes data imported succesfully!
shapes data imported succesfully!
shapes data imported succesfully!
shapes data imported succesfully!
shapes data imported succesfully!
shapes data imported succesfully!
shapes data imported succesfully!
shapes data imported succesfully!
shapes data imported succesfully!
shapes data imported succesfully!
shapes data imported succesfully!
shapes data imported succesfully!
shapes data imported succesfully!
shapes data imported succesfully!
shapes data imported succesfully!
shapes data imported succesfully!
shapes data imported succesfully!
shapes data imported succesfully!
shapes data imported succesfully!
shapes data imported succesfully!
shapes data imported succesfully!
shapes data imported succesfully!
shapes data imported succesfully!
shapes data imported succesfully!
shapes data imported succesfully!
shapes data imported succesfully!
shapes data imported succesfully!
shapes data imported succesfully!
shapes data imported succesfully!
shapes data imported succesfully!
shapes data imported succesfully!
shapes data imported succesfully!
shapes data imported succesfully!
shapes data imported succesfully!
shapes data imported succesfully!
shapes data imported succesfully!
shapes data imported succesfully!
shapes data imported succesfully!
shapes data imported succesfully!
shapes data imported succesfully!
shapes data imported succesfully!
shapes data imported succesfully!
shapes data imported succesfully!
shapes data imported succesfully!
shapes data imported succesfully!
shapes data imported succesfully!
shapes data imported succesfully!
shapes data imported succesfully!
shapes data imported succesfully!
shapes data imported succesfully!
shapes data imported succesfully!
shapes data imported succesfully!
shapes data imported succesfully!
shapes data imported succesfully!
shapes data imported succesfully!
shapes data imported succesfully!
shapes data imported succesfully!
shapes data imported succesfully!
shapes data imported succesfully!
shapes data imported succesfully!
shapes data imported succesfully!
shapes data imported succesfully!
shapes data imported succesfully!
shapes data imported succesfully!
shapes data imported succesfully!
shapes data imported succesfully!
shapes data imported succesfully!
shapes data imported succesfully!
shapes data imported succesfully!
shapes data imported succesfully!
shapes data imported succesfully!
shapes data imported succesfully!
shapes data imported succesfully!
shapes data imported succesfully!
shapes data imported succesfully!
shapes data imported succesfully!
shapes data imported succesfully!
shapes data imported succesfully!
shapes data imported succesfully!
shapes data imported succesfully!
shapes data imported succesfully!
shapes data imported succesfully!
shapes data imported succesfully!
shapes data imported succesfully!
shapes data imported succesfully!
shapes data imported succesfully!
shapes data imported succesfully!
shapes data imported succesfully!
shapes data imported succesfully!
shapes data imported succesfully!
shapes data imported succesfully!
shapes data imported succesfully!
shapes data imported succesfully!
shapes data imported succesfully!
shapes data imported succesfully!
shapes data imported succesfully!
shapes data imported succesfully!
shapes data imported succesfully!
shapes data imported succesfully!
shapes data imported succesfully!
shapes data imported succesfully!
shapes data imported succesfully!
shapes data imported succesfully!
shapes data imported succesfully!
shapes data imported succesfully!
shapes data imported succesfully!
shapes data imported succesfully!
shapes data imported succesfully!
shapes data imported succesfully!
shapes data imported succesfully!
shapes data imported succesfully!
shapes data imported succesfully!
shapes data imported succesfully!
shapes data imported succesfully!
shapes data imported succesfully!
shapes data imported succesfully!
shapes data imported succesfully!
shapes data imported succesfully!
shapes data imported succesfully!
shapes data imported succesfully!
shapes data imported succesfully!
shapes data imported succesfully!
shapes data imported succesfully!
shapes data imported succesfully!
shapes data imported succesfully!
shapes data imported succesfully!
shapes data imported succesfully!
shapes data imported succesfully!
shapes data imported succesfully!
shapes data imported succesfully!
shapes data imported succesfully!
shapes data imported succesfully!
shapes data imported succesfully!
shapes data imported succesfully!
shapes data imported succesfully!
shapes data imported succesfully!
shapes data imported succesfully!
shapes data imported succesfully!
shapes data imported succesfully!
shapes data imported succesfully!
shapes data imported succesfully!
shapes data imported succesfully!
shapes data imported succesfully!
shapes data imported succesfully!
shapes data imported succesfully!
shapes data imported succesfully!
shapes data imported succesfully!
shapes data imported succesfully!
shapes data imported succesfully!
shapes data imported succesfully!
shapes data imported succesfully!
shapes data imported succesfully!
shapes data imported succesfully!
shapes data imported succesfully!
shapes data imported succesfully!
shapes data imported succesfully!
shapes data imported succesfully!
shapes data imported succesfully!
shapes data imported succesfully!
shapes data imported succesfully!
shapes data imported succesfully!
shapes data imported succesfully!
shapes data imported succesfully!
shapes data imported succesfully!
shapes data imported succesfully!
shapes data imported succesfully!
shapes data imported succesfully!
shapes data imported succesfully!
shapes data imported succesfully!
shapes data imported succesfully!
shapes data imported succesfully!
shapes data imported succesfully!
shapes data imported succesfully!
shapes data imported succesfully!
shapes data imported succesfully!
shapes data imported succesfully!
shapes data imported succesfully!
shapes data imported succesfully!
shapes data imported succesfully!
shapes data imported succesfully!
shapes data imported succesfully!
shapes data imported succesfully!
shapes data imported succesfully!
shapes data imported succesfully!
shapes data imported succesfully!
shapes data imported succesfully!
shapes data imported succesfully!
shapes data imported succesfully!
shapes data imported succesfully!
shapes data imported succesfully!
shapes data imported succesfully!
shapes data imported succesfully!
shapes data imported succesfully!
shapes data imported succesfully!
shapes data imported succesfully!
shapes data imported succesfully!
shapes data imported succesfully!
shapes data imported succesfully!
shapes data imported succesfully!
shapes data imported succesfully!
shapes data imported succesfully!
shapes data imported succesfully!
shapes data imported succesfully!
shapes data imported succesfully!
shapes data imported succesfully!
shapes data imported succesfully!
shapes data imported succesfully!
shapes data imported succesfully!
shapes data imported succesfully!
shapes data imported succesfully!
shapes data imported succesfully!
shapes data imported succesfully!
shapes data imported succesfully!
shapes data imported succesfully!
shapes data imported succesfully!
shapes data imported succesfully!
shapes data imported succesfully!
shapes data imported succesfully!
shapes data imported succesfully!
shapes data imported succesfully!
shapes data imported succesfully!
shapes data imported succesfully!
shapes data imported succesfully!
shapes data imported succesfully!
shapes data imported succesfully!
shapes data imported succesfully!
shapes data imported succesfully!
shapes data imported succesfully!
shapes data imported succesfully!
shapes data imported succesfully!
shapes data imported succesfully!
shapes data imported succesfully!
shapes data imported succesfully!
shapes data imported succesfully!
shapes data imported succesfully!
shapes data imported succesfully!
shapes data imported succesfully!
shapes data imported succesfully!
shapes data imported succesfully!
shapes data imported succesfully!
shapes data imported succesfully!
shapes data imported succesfully!
shapes data imported succesfully!
shapes data imported succesfully!
shapes data imported succesfully!
shapes data imported succesfully!
shapes data imported succesfully!
shapes data imported succesfully!
shapes data imported succesfully!
shapes data imported succesfully!
shapes data imported succesfully!
shapes data imported succesfully!
shapes data imported succesfully!
shapes data imported succesfully!
shapes data imported succesfully!
shapes data imported succesfully!
shapes data imported succesfully!
shapes data imported succesfully!
shapes data imported succesfully!
shapes data imported succesfully!
shapes data imported succesfully!
shapes data imported succesfully!
shapes data imported succesfully!
shapes data imported succesfully!
shapes data imported succesfully!
shapes data imported succesfully!
shapes data imported succesfully!
shapes data imported succesfully!
shapes data imported succesfully!
shapes data imported succesfully!
shapes data imported succesfully!
shapes data imported succesfully!
shapes data imported succesfully!
shapes data imported succesfully!
shapes data imported succesfully!
shapes data imported succesfully!
shapes data imported succesfully!
shapes data imported succesfully!
shapes data imported succesfully!
shapes data imported succesfully!
shapes data imported succesfully!
shapes data imported succesfully!
shapes data imported succesfully!
shapes data imported succesfully!
shapes data imported succesfully!
shapes data imported succesfully!
shapes data imported succesfully!
shapes data imported succesfully!
shapes data imported succesfully!
shapes data imported succesfully!
shapes data imported succesfully!
shapes data imported succesfully!
shapes data imported succesfully!
shapes data imported succesfully!
shapes data imported succesfully!
shapes data imported succesfully!
shapes data imported succesfully!
shapes data imported succesfully!
shapes data imported succesfully!
shapes data imported succesfully!
shapes data imported succesfully!
shapes data imported succesfully!
shapes data imported succesfully!
shapes data imported succesfully!
shapes data imported succesfully!
shapes data imported succesfully!
shapes data imported succesfully!
shapes data imported succesfully!
shapes data imported succesfully!
shapes data imported succesfully!
shapes data imported succesfully!
shapes data imported succesfully!
shapes data imported succesfully!
shapes data imported succesfully!
shapes data imported succesfully!
shapes data imported succesfully!
shapes data imported succesfully!
shapes data imported succesfully!
shapes data imported succesfully!
shapes data imported succesfully!
shapes data imported succesfully!
shapes data imported succesfully!
shapes data imported succesfully!
shapes data imported succesfully!
shapes data imported succesfully!
shapes data imported succesfully!
shapes data imported succesfully!
shapes data imported succesfully!
shapes data imported succesfully!
shapes data imported succesfully!
shapes data imported succesfully!
shapes data imported succesfully!
shapes data imported succesfully!
shapes data imported succesfully!
shapes data imported succesfully!
shapes data imported succesfully!
shapes data imported succesfully!
shapes data imported succesfully!
shapes data imported succesfully!
shapes data imported succesfully!
shapes data imported succesfully!
shapes data imported succesfully!
shapes data imported succesfully!
shapes data imported succesfully!
shapes data imported succesfully!
shapes data imported succesfully!
shapes data imported succesfully!
shapes data imported succesfully!
shapes data imported succesfully!
shapes data imported succesfully!
shapes data imported succesfully!
shapes data imported succesfully!
shapes data imported succesfully!
shapes data imported succesfully!
shapes data imported succesfully!
shapes data imported succesfully!
shapes data imported succesfully!
shapes data imported succesfully!
shapes data imported succesfully!
shapes data imported succesfully!
shapes data imported succesfully!
shapes data imported succesfully!
shapes data imported succesfully!
shapes data imported succesfully!
shapes data imported succesfully!
shapes data imported succesfully!
shapes data imported succesfully!
shapes data imported succesfully!
shapes data imported succesfully!
shapes data imported succesfully!
shapes data imported succesfully!
shapes data imported succesfully!
shapes data imported succesfully!
shapes data imported succesfully!
shapes data imported succesfully!
shapes data imported succesfully!
shapes data imported succesfully!
shapes data imported succesfully!
shapes data imported succesfully!
shapes data imported succesfully!
shapes data imported succesfully!
shapes data imported succesfully!
shapes data imported succesfully!
shapes data imported succesfully!
shapes data imported succesfully!
shapes data imported succesfully!
shapes data imported succesfully!
shapes data imported succesfully!
shapes data imported succesfully!
shapes data imported succesfully!
shapes data imported succesfully!
shapes data imported succesfully!
shapes data imported succesfully!
shapes data imported succesfully!
shapes data imported succesfully!
shapes data imported succesfully!
shapes data imported succesfully!
shapes data imported succesfully!
shapes data imported succesfully!
shapes data imported succesfully!
shapes data imported succesfully!
shapes data imported succesfully!
shapes data imported succesfully!
shapes data imported succesfully!
shapes data imported succesfully!
shapes data imported succesfully!
shapes data imported succesfully!
shapes data imported succesfully!
shapes data imported succesfully!
shapes data imported succesfully!
shapes data imported succesfully!
shapes data imported succesfully!
shapes data imported succesfully!
shapes data imported succesfully!
shapes data imported succesfully!
shapes data imported succesfully!
shapes data imported succesfully!
shapes data imported succesfully!
shapes data imported succesfully!
shapes data imported succesfully!
shapes data imported succesfully!
shapes data imported succesfully!
shapes data imported succesfully!
shapes data imported succesfully!
shapes data imported succesfully!
shapes data imported succesfully!
shapes data imported succesfully!
shapes data imported succesfully!
shapes data imported succesfully!
shapes data imported succesfully!
shapes data imported succesfully!
shapes data imported succesfully!
shapes data imported succesfully!
shapes data imported succesfully!
shapes data imported succesfully!
shapes data imported succesfully!
shapes data imported succesfully!
shapes data imported succesfully!
shapes data imported succesfully!
shapes data imported succesfully!
shapes data imported succesfully!
shapes data imported succesfully!
shapes data imported succesfully!
shapes data imported succesfully!
shapes data imported succesfully!
shapes data imported succesfully!
shapes data imported succesfully!
shapes data imported succesfully!
shapes data imported succesfully!
shapes data imported succesfully!
shapes data imported succesfully!
shapes data imported succesfully!
shapes data imported succesfully!
shapes data imported succesfully!
shapes data imported succesfully!
shapes data imported succesfully!
shapes data imported succesfully!
shapes data imported succesfully!
shapes data imported succesfully!
shapes data imported succesfully!
shapes data imported succesfully!
shapes data imported succesfully!
shapes data imported succesfully!
shapes data imported succesfully!
shapes data imported succesfully!
shapes data imported succesfully!
shapes data imported succesfully!
shapes data imported succesfully!
shapes data imported succesfully!
shapes data imported succesfully!
shapes data imported succesfully!
shapes data imported succesfully!
shapes data imported succesfully!
shapes data imported succesfully!
shapes data imported succesfully!
shapes data imported succesfully!
shapes data imported succesfully!
shapes data imported succesfully!
shapes data imported succesfully!
shapes data imported succesfully!
shapes data imported succesfully!
shapes data imported succesfully!
shapes data imported succesfully!
shapes data imported succesfully!
shapes data imported succesfully!
shapes data imported succesfully!
shapes data imported succesfully!
shapes data imported succesfully!
shapes data imported succesfully!
shapes data imported succesfully!
shapes data imported succesfully!
shapes data imported succesfully!
shapes data imported succesfully!
shapes data imported succesfully!
shapes data imported succesfully!
shapes data imported succesfully!
shapes data imported succesfully!
shapes data imported succesfully!
shapes data imported succesfully!
shapes data imported succesfully!
shapes data imported succesfully!
shapes data imported succesfully!
shapes data imported succesfully!
shapes data imported succesfully!
shapes data imported succesfully!
shapes data imported succesfully!
shapes data imported succesfully!
shapes data imported succesfully!
shapes data imported succesfully!
shapes data imported succesfully!
shapes data imported succesfully!
shapes data imported succesfully!
shapes data imported succesfully!
shapes data imported succesfully!
shapes data imported succesfully!
shapes data imported succesfully!
shapes data imported succesfully!
shapes data imported succesfully!
shapes data imported succesfully!
shapes data imported succesfully!
shapes data imported succesfully!
shapes data imported succesfully!
shapes data imported succesfully!
shapes data imported succesfully!
shapes data imported succesfully!
shapes data imported succesfully!
shapes data imported succesfully!
shapes data imported succesfully!
shapes data imported succesfully!
shapes data imported succesfully!
shapes data imported succesfully!
shapes data imported succesfully!
shapes data imported succesfully!
shapes data imported succesfully!
shapes data imported succesfully!
shapes data imported succesfully!
shapes data imported succesfully!
shapes data imported succesfully!
shapes data imported succesfully!
shapes data imported succesfully!
shapes data imported succesfully!
shapes data imported succesfully!
shapes data imported succesfully!
shapes data imported succesfully!
shapes data imported succesfully!
shapes data imported succesfully!
shapes data imported succesfully!
shapes data imported succesfully!
shapes data imported succesfully!
shapes data imported succesfully!
shapes data imported succesfully!
shapes data imported succesfully!
shapes data imported succesfully!
shapes data imported succesfully!
shapes data imported succesfully!
shapes data imported succesfully!
shapes data imported succesfully!
shapes data imported succesfully!
shapes data imported succesfully!
shapes data imported succesfully!
shapes data imported succesfully!
shapes data imported succesfully!
shapes data imported succesfully!
shapes data imported succesfully!
shapes data imported succesfully!
shapes data imported succesfully!
shapes data imported succesfully!
shapes data imported succesfully!
shapes data imported succesfully!
shapes data imported succesfully!
shapes data imported succesfully!
shapes data imported succesfully!
shapes data imported succesfully!
shapes data imported succesfully!
shapes data imported succesfully!
shapes data imported succesfully!
shapes data imported succesfully!
shapes data imported succesfully!
shapes data imported succesfully!
shapes data imported succesfully!
shapes data imported succesfully!
shapes data imported succesfully!
shapes data imported succesfully!
shapes data imported succesfully!
shapes data imported succesfully!
shapes data imported succesfully!
shapes data imported succesfully!
shapes data imported succesfully!
shapes data imported succesfully!
shapes data imported succesfully!
shapes data imported succesfully!
shapes data imported succesfully!
shapes data imported succesfully!
shapes data imported succesfully!
shapes data imported succesfully!
shapes data imported succesfully!
shapes data imported succesfully!
shapes data imported succesfully!
shapes data imported succesfully!
shapes data imported succesfully!
shapes data imported succesfully!
shapes data imported succesfully!
shapes data imported succesfully!
shapes data imported succesfully!
shapes data imported succesfully!
shapes data imported succesfully!
shapes data imported succesfully!
shapes data imported succesfully!
shapes data imported succesfully!
shapes data imported succesfully!
shapes data imported succesfully!
shapes data imported succesfully!
shapes data imported succesfully!
shapes data imported succesfully!
shapes data imported succesfully!
shapes data imported succesfully!
shapes data imported succesfully!
shapes data imported succesfully!
shapes data imported succesfully!
shapes data imported succesfully!
shapes data imported succesfully!
shapes data imported succesfully!
shapes data imported succesfully!
shapes data imported succesfully!
shapes data imported succesfully!
shapes data imported succesfully!
shapes data imported succesfully!
shapes data imported succesfully!
shapes data imported succesfully!
shapes data imported succesfully!
shapes data imported succesfully!
shapes data imported succesfully!
shapes data imported succesfully!
shapes data imported succesfully!
shapes data imported succesfully!
shapes data imported succesfully!
shapes data imported succesfully!
shapes data imported succesfully!
shapes data imported succesfully!
shapes data imported succesfully!
shapes data imported succesfully!
shapes data imported succesfully!
shapes data imported succesfully!
shapes data imported succesfully!
shapes data imported succesfully!
shapes data imported succesfully!
shapes data imported succesfully!
shapes data imported succesfully!
shapes data imported succesfully!
shapes data imported succesfully!
shapes data imported succesfully!
shapes data imported succesfully!
shapes data imported succesfully!
shapes data imported succesfully!
shapes data imported succesfully!
shapes data imported succesfully!
shapes data imported succesfully!
shapes data imported succesfully!
shapes data imported succesfully!
shapes data imported succesfully!
shapes data imported succesfully!
shapes data imported succesfully!
shapes data imported succesfully!
shapes data imported succesfully!
shapes data imported succesfully!
shapes data imported succesfully!
shapes data imported succesfully!
shapes data imported succesfully!
shapes data imported succesfully!
shapes data imported succesfully!
shapes data imported succesfully!
shapes data imported succesfully!
shapes data imported succesfully!
shapes data imported succesfully!
shapes data imported succesfully!
shapes data imported succesfully!
shapes data imported succesfully!
shapes data imported succesfully!
shapes data imported succesfully!
shapes data imported succesfully!
shapes data imported succesfully!
shapes data imported succesfully!
shapes data imported succesfully!
shapes data imported succesfully!
shapes data imported succesfully!
shapes data imported succesfully!
shapes data imported succesfully!
shapes data imported succesfully!
shapes data imported succesfully!
shapes data imported succesfully!
shapes data imported succesfully!
shapes data imported succesfully!
shapes data imported succesfully!
shapes data imported succesfully!
shapes data imported succesfully!
shapes data imported succesfully!
shapes data imported succesfully!
shapes data imported succesfully!
shapes data imported succesfully!
shapes data imported succesfully!
shapes data imported succesfully!
shapes data imported succesfully!
shapes data imported succesfully!
shapes data imported succesfully!
shapes data imported succesfully!
shapes data imported succesfully!
shapes data imported succesfully!
shapes data imported succesfully!
shapes data imported succesfully!
shapes data imported succesfully!
shapes data imported succesfully!
shapes data imported succesfully!
shapes data imported succesfully!
shapes data imported succesfully!
shapes data imported succesfully!
shapes data imported succesfully!
shapes data imported succesfully!
shapes data imported succesfully!
shapes data imported succesfully!
shapes data imported succesfully!
shapes data imported succesfully!
shapes data imported succesfully!
shapes data imported succesfully!
shapes data imported succesfully!
shapes data imported succesfully!
shapes data imported succesfully!
shapes data imported succesfully!
shapes data imported succesfully!
shapes data imported succesfully!
shapes data imported succesfully!
shapes data imported succesfully!
shapes data imported succesfully!
shapes data imported succesfully!
shapes data imported succesfully!
shapes data imported succesfully!
shapes data imported succesfully!
shapes data imported succesfully!
shapes data imported succesfully!
shapes data imported succesfully!
shapes data imported succesfully!
shapes data imported succesfully!
shapes data imported succesfully!
shapes data imported succesfully!
shapes data imported succesfully!
shapes data imported succesfully!
shapes data imported succesfully!
shapes data imported succesfully!
shapes data imported succesfully!
shapes data imported succesfully!
shapes data imported succesfully!
shapes data imported succesfully!
shapes data imported succesfully!
shapes data imported succesfully!
shapes data imported succesfully!
shapes data imported succesfully!
shapes data imported succesfully!
shapes data imported succesfully!
shapes data imported succesfully!
shapes data imported succesfully!
shapes data imported succesfully!
shapes data imported succesfully!
shapes data imported succesfully!
shapes data imported succesfully!
shapes data imported succesfully!
shapes data imported succesfully!
shapes data imported succesfully!
shapes data imported succesfully!
shapes data imported succesfully!
shapes data imported succesfully!
shapes data imported succesfully!
shapes data imported succesfully!
shapes data imported succesfully!
shapes data imported succesfully!
shapes data imported succesfully!
shapes data imported succesfully!
shapes data imported succesfully!
shapes data imported succesfully!
shapes data imported succesfully!
shapes data imported succesfully!
shapes data imported succesfully!
shapes data imported succesfully!
shapes data imported succesfully!
shapes data imported succesfully!
shapes data imported succesfully!
shapes data imported succesfully!
shapes data imported succesfully!
shapes data imported succesfully!
shapes data imported succesfully!
shapes data imported succesfully!
shapes data imported succesfully!
shapes data imported succesfully!
shapes data imported succesfully!
shapes data imported succesfully!
shapes data imported succesfully!
shapes data imported succesfully!
shapes data imported succesfully!
shapes data imported succesfully!
shapes data imported succesfully!
shapes data imported succesfully!
shapes data imported succesfully!
shapes data imported succesfully!
shapes data imported succesfully!
shapes data imported succesfully!
shapes data imported succesfully!
shapes data imported succesfully!
shapes data imported succesfully!
shapes data imported succesfully!
shapes data imported succesfully!
shapes data imported succesfully!
shapes data imported succesfully!
shapes data imported succesfully!
shapes data imported succesfully!
shapes data imported succesfully!
shapes data imported succesfully!
shapes data imported succesfully!
shapes data imported succesfully!
shapes data imported succesfully!
shapes data imported succesfully!
shapes data imported succesfully!
shapes data imported succesfully!
shapes data imported succesfully!
shapes data imported succesfully!
shapes data imported succesfully!
shapes data imported succesfully!
shapes data imported succesfully!
shapes data imported succesfully!
shapes data imported succesfully!
shapes data imported succesfully!
shapes data imported succesfully!
shapes data imported succesfully!
shapes data imported succesfully!
shapes data imported succesfully!
shapes data imported succesfully!
shapes data imported succesfully!
shapes data imported succesfully!
shapes data imported succesfully!
shapes data imported succesfully!
shapes data imported succesfully!
shapes data imported succesfully!
shapes data imported succesfully!
shapes data imported succesfully!
shapes data imported succesfully!
shapes data imported succesfully!
shapes data imported succesfully!
shapes data imported succesfully!
shapes data imported succesfully!
shapes data imported succesfully!
shapes data imported succesfully!
shapes data imported succesfully!
shapes data imported succesfully!
shapes data imported succesfully!
shapes data imported succesfully!
shapes data imported succesfully!
shapes data imported succesfully!
shapes data imported succesfully!
shapes data imported succesfully!
shapes data imported succesfully!
shapes data imported succesfully!
shapes data imported succesfully!
shapes data imported succesfully!
shapes data imported succesfully!
shapes data imported succesfully!
shapes data imported succesfully!
shapes data imported succesfully!
shapes data imported succesfully!
shapes data imported succesfully!
shapes data imported succesfully!
shapes data imported succesfully!
shapes data imported succesfully!
shapes data imported succesfully!
shapes data imported succesfully!
shapes data imported succesfully!
shapes data imported succesfully!
shapes data imported succesfully!
shapes data imported succesfully!
shapes data imported succesfully!
shapes data imported succesfully!
shapes data imported succesfully!
shapes data imported succesfully!
shapes data imported succesfully!
shapes data imported succesfully!
shapes data imported succesfully!
shapes data imported succesfully!
shapes data imported succesfully!
shapes data imported succesfully!
shapes data imported succesfully!
shapes data imported succesfully!
shapes data imported succesfully!
shapes data imported succesfully!
shapes data imported succesfully!
shapes data imported succesfully!
shapes data imported succesfully!
shapes data imported succesfully!
shapes data imported succesfully!
shapes data imported succesfully!
shapes data imported succesfully!
shapes data imported succesfully!
shapes data imported succesfully!
shapes data imported succesfully!
shapes data imported succesfully!
shapes data imported succesfully!
shapes data imported succesfully!
shapes data imported succesfully!
shapes data imported succesfully!
shapes data imported succesfully!
shapes data imported succesfully!
shapes data imported succesfully!
shapes data imported succesfully!
shapes data imported succesfully!
shapes data imported succesfully!
shapes data imported succesfully!
shapes data imported succesfully!
shapes data imported succesfully!
shapes data imported succesfully!
shapes data imported succesfully!
shapes data imported succesfully!
shapes data imported succesfully!
shapes data imported succesfully!
shapes data imported succesfully!
shapes data imported succesfully!
shapes data imported succesfully!
shapes data imported succesfully!
shapes data imported succesfully!
shapes data imported succesfully!
shapes data imported succesfully!
shapes data imported succesfully!
shapes data imported succesfully!
shapes data imported succesfully!
shapes data imported succesfully!
shapes data imported succesfully!
shapes data imported succesfully!
shapes data imported succesfully!
shapes data imported succesfully!
shapes data imported succesfully!
shapes data imported succesfully!
shapes data imported succesfully!
shapes data imported succesfully!
shapes data imported succesfully!
shapes data imported succesfully!
shapes data imported succesfully!
shapes data imported succesfully!
shapes data imported succesfully!
shapes data imported succesfully!
shapes data imported succesfully!
shapes data imported succesfully!
shapes data imported succesfully!
shapes data imported succesfully!
shapes data imported succesfully!
shapes data imported succesfully!
shapes data imported succesfully!
shapes data imported succesfully!
shapes data imported succesfully!
shapes data imported succesfully!
shapes data imported succesfully!
shapes data imported succesfully!
shapes data imported succesfully!
shapes data imported succesfully!
shapes data imported succesfully!
shapes data imported succesfully!
shapes data imported succesfully!
shapes data imported succesfully!
shapes data imported succesfully!
shapes data imported succesfully!
shapes data imported succesfully!
shapes data imported succesfully!
shapes data imported succesfully!
shapes data imported succesfully!
shapes data imported succesfully!
shapes data imported succesfully!
shapes data imported succesfully!
shapes data imported succesfully!
shapes data imported succesfully!
shapes data imported succesfully!
shapes data imported succesfully!
shapes data imported succesfully!
shapes data imported succesfully!
shapes data imported succesfully!
shapes data imported succesfully!
shapes data imported succesfully!
shapes data imported succesfully!
shapes data imported succesfully!
shapes data imported succesfully!
shapes data imported succesfully!
shapes data imported succesfully!
shapes data imported succesfully!
shapes data imported succesfully!
shapes data imported succesfully!
shapes data imported succesfully!
shapes data imported succesfully!
shapes data imported succesfully!
shapes data imported succesfully!
shapes data imported succesfully!
shapes data imported succesfully!
shapes data imported succesfully!
shapes data imported succesfully!
shapes data imported succesfully!
shapes data imported succesfully!
shapes data imported succesfully!
shapes data imported succesfully!
shapes data imported succesfully!
shapes data imported succesfully!
shapes data imported succesfully!
shapes data imported succesfully!
shapes data imported succesfully!
shapes data imported succesfully!
shapes data imported succesfully!
shapes data imported succesfully!
shapes data imported succesfully!
shapes data imported succesfully!
shapes data imported succesfully!
shapes data imported succesfully!
shapes data imported succesfully!
shapes data imported succesfully!
shapes data imported succesfully!
shapes data imported succesfully!
shapes data imported succesfully!
shapes data imported succesfully!
shapes data imported succesfully!
shapes data imported succesfully!
shapes data imported succesfully!
shapes data imported succesfully!
shapes data imported succesfully!
shapes data imported succesfully!
shapes data imported succesfully!
shapes data imported succesfully!
shapes data imported succesfully!
shapes data imported succesfully!
shapes data imported succesfully!
shapes data imported succesfully!
shapes data imported succesfully!
shapes data imported succesfully!
shapes data imported succesfully!
shapes data imported succesfully!
shapes data imported succesfully!
shapes data imported succesfully!
shapes data imported succesfully!
shapes data imported succesfully!
shapes data imported succesfully!
shapes data imported succesfully!
shapes data imported succesfully!
shapes data imported succesfully!
shapes data imported succesfully!
shapes data imported succesfully!
shapes data imported succesfully!
shapes data imported succesfully!
shapes data imported succesfully!
shapes data imported succesfully!
shapes data imported succesfully!
shapes data imported succesfully!
shapes data imported succesfully!
shapes data imported succesfully!
shapes data imported succesfully!
shapes data imported succesfully!
shapes data imported succesfully!
shapes data imported succesfully!
shapes data imported succesfully!
shapes data imported succesfully!
shapes data imported succesfully!
shapes data imported succesfully!
shapes data imported succesfully!
shapes data imported succesfully!
shapes data imported succesfully!
shapes data imported succesfully!
shapes data imported succesfully!
shapes data imported succesfully!
shapes data imported succesfully!
shapes data imported succesfully!
shapes data imported succesfully!
shapes data imported succesfully!
shapes data imported succesfully!
shapes data imported succesfully!
shapes data imported succesfully!
shapes data imported succesfully!
shapes data imported succesfully!
shapes data imported succesfully!
shapes data imported succesfully!
shapes data imported succesfully!
shapes data imported succesfully!
shapes data imported succesfully!
shapes data imported succesfully!
shapes data imported succesfully!
shapes data imported succesfully!
shapes data imported succesfully!
shapes data imported succesfully!
shapes data imported succesfully!
shapes data imported succesfully!
shapes data imported succesfully!
shapes data imported succesfully!
shapes data imported succesfully!
shapes data imported succesfully!
shapes data imported succesfully!
shapes data imported succesfully!
shapes data imported succesfully!
shapes data imported succesfully!
shapes data imported succesfully!
shapes data imported succesfully!
shapes data imported succesfully!
shapes data imported succesfully!
shapes data imported succesfully!
shapes data imported succesfully!
shapes data imported succesfully!
shapes data imported succesfully!
shapes data imported succesfully!
shapes data imported succesfully!
shapes data imported succesfully!
shapes data imported succesfully!
shapes data imported succesfully!
shapes data imported succesfully!
shapes data imported succesfully!
shapes data imported succesfully!
shapes data imported succesfully!
shapes data imported succesfully!
shapes data imported succesfully!
shapes data imported succesfully!
shapes data imported succesfully!
shapes data imported succesfully!
shapes data imported succesfully!
shapes data imported succesfully!
shapes data imported succesfully!
shapes data imported succesfully!
shapes data imported succesfully!
shapes data imported succesfully!
shapes data imported succesfully!
shapes data imported succesfully!
shapes data imported succesfully!
shapes data imported succesfully!
shapes data imported succesfully!
shapes data imported succesfully!
shapes data imported succesfully!
shapes data imported succesfully!
shapes data imported succesfully!
shapes data imported succesfully!
shapes data imported succesfully!
shapes data imported succesfully!
shapes data imported succesfully!
shapes data imported succesfully!
shapes data imported succesfully!
shapes data imported succesfully!
shapes data imported succesfully!
shapes data imported succesfully!
shapes data imported succesfully!
shapes data imported succesfully!
shapes data imported succesfully!
shapes data imported succesfully!
shapes data imported succesfully!
shapes data imported succesfully!
shapes data imported succesfully!
shapes data imported succesfully!
shapes data imported succesfully!
shapes data imported succesfully!
shapes data imported succesfully!
shapes data imported succesfully!
shapes data imported succesfully!
shapes data imported succesfully!
shapes data imported succesfully!
shapes data imported succesfully!
shapes data imported succesfully!
shapes data imported succesfully!
shapes data imported succesfully!
shapes data imported succesfully!
shapes data imported succesfully!
shapes data imported succesfully!
shapes data imported succesfully!
shapes data imported succesfully!
shapes data imported succesfully!
shapes data imported succesfully!
shapes data imported succesfully!
shapes data imported succesfully!
shapes data imported succesfully!
shapes data imported succesfully!
shapes data imported succesfully!
shapes data imported succesfully!
shapes data imported succesfully!
shapes data imported succesfully!
shapes data imported succesfully!
shapes data imported succesfully!
shapes data imported succesfully!
shapes data imported succesfully!
shapes data imported succesfully!
shapes data imported succesfully!
shapes data imported succesfully!
shapes data imported succesfully!
shapes data imported succesfully!
shapes data imported succesfully!
shapes data imported succesfully!
shapes data imported succesfully!
shapes data imported succesfully!
shapes data imported succesfully!
shapes data imported succesfully!
shapes data imported succesfully!
shapes data imported succesfully!
shapes data imported succesfully!
shapes data imported succesfully!
shapes data imported succesfully!
shapes data imported succesfully!
shapes data imported succesfully!
shapes data imported succesfully!
shapes data imported succesfully!
shapes data imported succesfully!
shapes data imported succesfully!
shapes data imported succesfully!
shapes data imported succesfully!
shapes data imported succesfully!
shapes data imported succesfully!
shapes data imported succesfully!
shapes data imported succesfully!
shapes data imported succesfully!
shapes data imported succesfully!
shapes data imported succesfully!
shapes data imported succesfully!
shapes data imported succesfully!
shapes data imported succesfully!
shapes data imported succesfully!
shapes data imported succesfully!
shapes data imported succesfully!
shapes data imported succesfully!
shapes data imported succesfully!
shapes data imported succesfully!
shapes data imported succesfully!
shapes data imported succesfully!
shapes data imported succesfully!
shapes data imported succesfully!
shapes data imported succesfully!
shapes data imported succesfully!
shapes data imported succesfully!
shapes data imported succesfully!
shapes data imported succesfully!
shapes data imported succesfully!
shapes data imported succesfully!
shapes data imported succesfully!
shapes data imported succesfully!
shapes data imported succesfully!
shapes data imported succesfully!
shapes data imported succesfully!
shapes data imported succesfully!
shapes data imported succesfully!
shapes data imported succesfully!
shapes data imported succesfully!
shapes data imported succesfully!
shapes data imported succesfully!
shapes data imported succesfully!
shapes data imported succesfully!
shapes data imported succesfully!
shapes data imported succesfully!
shapes data imported succesfully!
shapes data imported succesfully!
shapes data imported succesfully!
shapes data imported succesfully!
shapes data imported succesfully!
shapes data imported succesfully!
shapes data imported succesfully!
shapes data imported succesfully!
shapes data imported succesfully!
shapes data imported succesfully!
shapes data imported succesfully!
shapes data imported succesfully!
shapes data imported succesfully!
shapes data imported succesfully!
shapes data imported succesfully!
shapes data imported succesfully!
shapes data imported succesfully!
shapes data imported succesfully!
shapes data imported succesfully!
shapes data imported succesfully!
shapes data imported succesfully!
shapes data imported succesfully!
shapes data imported succesfully!
shapes data imported succesfully!
shapes data imported succesfully!
shapes data imported succesfully!
shapes data imported succesfully!
shapes data imported succesfully!
shapes data imported succesfully!
shapes data imported succesfully!
shapes data imported succesfully!
shapes data imported succesfully!
shapes data imported succesfully!
shapes data imported succesfully!
shapes data imported succesfully!
shapes data imported succesfully!
shapes data imported succesfully!
shapes data imported succesfully!
shapes data imported succesfully!
shapes data imported succesfully!
shapes data imported succesfully!
shapes data imported succesfully!
shapes data imported succesfully!
shapes data imported succesfully!
shapes data imported succesfully!
shapes data imported succesfully!
shapes data imported succesfully!
shapes data imported succesfully!
shapes data imported succesfully!
shapes data imported succesfully!
shapes data imported succesfully!
shapes data imported succesfully!
shapes data imported succesfully!
shapes data imported succesfully!
shapes data imported succesfully!
shapes data imported succesfully!
shapes data imported succesfully!
shapes data imported succesfully!
shapes data imported succesfully!
shapes data imported succesfully!
shapes data imported succesfully!
shapes data imported succesfully!
shapes data imported succesfully!
shapes data imported succesfully!
shapes data imported succesfully!
shapes data imported succesfully!
shapes data imported succesfully!
shapes data imported succesfully!
shapes data imported succesfully!
shapes data imported succesfully!
shapes data imported succesfully!
shapes data imported succesfully!
shapes data imported succesfully!
shapes data imported succesfully!
shapes data imported succesfully!
shapes data imported succesfully!
shapes data imported succesfully!
shapes data imported succesfully!
shapes data imported succesfully!
shapes data imported succesfully!
shapes data imported succesfully!
shapes data imported succesfully!
shapes data imported succesfully!
shapes data imported succesfully!
shapes data imported succesfully!
shapes data imported succesfully!
shapes data imported succesfully!
shapes data imported succesfully!
shapes data imported succesfully!
shapes data imported succesfully!
shapes data imported succesfully!
shapes data imported succesfully!
shapes data imported succesfully!
shapes data imported succesfully!
shapes data imported succesfully!
shapes data imported succesfully!
shapes data imported succesfully!
shapes data imported succesfully!
shapes data imported succesfully!
shapes data imported succesfully!
shapes data imported succesfully!
shapes data imported succesfully!
shapes data imported succesfully!
shapes data imported succesfully!
shapes data imported succesfully!
shapes data imported succesfully!
shapes data imported succesfully!
shapes data imported succesfully!
shapes data imported succesfully!
shapes data imported succesfully!
shapes data imported succesfully!
shapes data imported succesfully!
shapes data imported succesfully!
shapes data imported succesfully!
shapes data imported succesfully!
shapes data imported succesfully!
shapes data imported succesfully!
shapes data imported succesfully!
shapes data imported succesfully!
shapes data imported succesfully!
shapes data imported succesfully!
shapes data imported succesfully!
shapes data imported succesfully!
shapes data imported succesfully!
shapes data imported succesfully!
shapes data imported succesfully!
shapes data imported succesfully!
shapes data imported succesfully!
shapes data imported succesfully!
shapes data imported succesfully!
shapes data imported succesfully!
shapes data imported succesfully!
shapes data imported succesfully!
shapes data imported succesfully!
shapes data imported succesfully!
shapes data imported succesfully!
shapes data imported succesfully!
shapes data imported succesfully!
shapes data imported succesfully!
shapes data imported succesfully!
shapes data imported succesfully!
shapes data imported succesfully!
shapes data imported succesfully!
shapes data imported succesfully!
shapes data imported succesfully!
shapes data imported succesfully!
shapes data imported succesfully!
shapes data imported succesfully!
shapes data imported succesfully!
shapes data imported succesfully!
shapes data imported succesfully!
shapes data imported succesfully!
shapes data imported succesfully!
shapes data imported succesfully!
shapes data imported succesfully!
shapes data imported succesfully!
shapes data imported succesfully!
shapes data imported succesfully!
shapes data imported succesfully!
shapes data imported succesfully!
shapes data imported succesfully!
shapes data imported succesfully!
shapes data imported succesfully!
shapes data imported succesfully!
shapes data imported succesfully!
shapes data imported succesfully!
shapes data imported succesfully!
shapes data imported succesfully!
shapes data imported succesfully!
shapes data imported succesfully!
shapes data imported succesfully!
shapes data imported succesfully!
shapes data imported succesfully!
shapes data imported succesfully!
shapes data imported succesfully!
shapes data imported succesfully!
shapes data imported succesfully!
shapes data imported succesfully!
shapes data imported succesfully!
shapes data imported succesfully!
shapes data imported succesfully!
shapes data imported succesfully!
shapes data imported succesfully!
shapes data imported succesfully!
shapes data imported succesfully!
shapes data imported succesfully!
shapes data imported succesfully!
shapes data imported succesfully!
shapes data imported succesfully!
shapes data imported succesfully!
shapes data imported succesfully!
shapes data imported succesfully!
shapes data imported succesfully!
shapes data imported succesfully!
shapes data imported succesfully!
shapes data imported succesfully!
shapes data imported succesfully!
shapes data imported succesfully!
shapes data imported succesfully!
shapes data imported succesfully!
shapes data imported succesfully!
shapes data imported succesfully!
shapes data imported succesfully!
shapes data imported succesfully!
shapes data imported succesfully!
shapes data imported succesfully!
shapes data imported succesfully!
shapes data imported succesfully!
shapes data imported succesfully!
shapes data imported succesfully!
shapes data imported succesfully!
shapes data imported succesfully!
shapes data imported succesfully!
shapes data imported succesfully!
shapes data imported succesfully!
shapes data imported succesfully!
shapes data imported succesfully!
shapes data imported succesfully!
shapes data imported succesfully!
shapes data imported succesfully!
shapes data imported succesfully!
shapes data imported succesfully!
shapes data imported succesfully!
shapes data imported succesfully!
shapes data imported succesfully!
shapes data imported succesfully!
shapes data imported succesfully!
shapes data imported succesfully!
shapes data imported succesfully!
shapes data imported succesfully!
shapes data imported succesfully!
shapes data imported succesfully!
shapes data imported succesfully!
shapes data imported succesfully!
shapes data imported succesfully!
shapes data imported succesfully!
shapes data imported succesfully!
shapes data imported succesfully!
shapes data imported succesfully!
shapes data imported succesfully!
shapes data imported succesfully!
shapes data imported succesfully!
shapes data imported succesfully!
shapes data imported succesfully!
shapes data imported succesfully!
shapes data imported succesfully!
shapes data imported succesfully!
shapes data imported succesfully!
shapes data imported succesfully!
shapes data imported succesfully!
shapes data imported succesfully!
shapes data imported succesfully!
shapes data imported succesfully!
shapes data imported succesfully!
shapes data imported succesfully!
shapes data imported succesfully!
shapes data imported succesfully!
shapes data imported succesfully!
shapes data imported succesfully!
shapes data imported succesfully!
shapes data imported succesfully!
shapes data imported succesfully!
shapes data imported succesfully!
shapes data imported succesfully!
shapes data imported succesfully!
shapes data imported succesfully!
shapes data imported succesfully!
shapes data imported succesfully!
shapes data imported succesfully!
shapes data imported succesfully!
shapes data imported succesfully!
shapes data imported succesfully!
shapes data imported succesfully!
shapes data imported succesfully!
shapes data imported succesfully!
shapes data imported succesfully!
shapes data imported succesfully!
shapes data imported succesfully!
shapes data imported succesfully!
shapes data imported succesfully!
shapes data imported succesfully!
shapes data imported succesfully!
shapes data imported succesfully!
shapes data imported succesfully!
shapes data imported succesfully!
shapes data imported succesfully!
shapes data imported succesfully!
shapes data imported succesfully!
shapes data imported succesfully!
shapes data imported succesfully!
shapes data imported succesfully!
shapes data imported succesfully!
shapes data imported succesfully!
shapes data imported succesfully!
shapes data imported succesfully!
shapes data imported succesfully!
shapes data imported succesfully!
shapes data imported succesfully!
shapes data imported succesfully!
shapes data imported succesfully!
shapes data imported succesfully!
shapes data imported succesfully!
shapes data imported succesfully!
shapes data imported succesfully!
shapes data imported succesfully!
shapes data imported succesfully!
shapes data imported succesfully!
shapes data imported succesfully!
shapes data imported succesfully!
shapes data imported succesfully!
shapes data imported succesfully!
shapes data imported succesfully!
shapes data imported succesfully!
shapes data imported succesfully!
shapes data imported succesfully!
shapes data imported succesfully!
shapes data imported succesfully!
shapes data imported succesfully!
shapes data imported succesfully!
shapes data imported succesfully!
shapes data imported succesfully!
shapes data imported succesfully!
shapes data imported succesfully!
shapes data imported succesfully!
shapes data imported succesfully!
shapes data imported succesfully!
shapes data imported succesfully!
shapes data imported succesfully!
shapes data imported succesfully!
shapes data imported succesfully!
shapes data imported succesfully!
shapes data imported succesfully!
shapes data imported succesfully!
shapes data imported succesfully!
shapes data imported succesfully!
shapes data imported succesfully!
shapes data imported succesfully!
shapes data imported succesfully!
shapes data imported succesfully!
shapes data imported succesfully!
shapes data imported succesfully!
shapes data imported succesfully!
shapes data imported succesfully!
shapes data imported succesfully!
shapes data imported succesfully!
shapes data imported succesfully!
shapes data imported succesfully!
shapes data imported succesfully!
shapes data imported succesfully!
shapes data imported succesfully!
shapes data imported succesfully!
shapes data imported succesfully!
shapes data imported succesfully!
shapes data imported succesfully!
shapes data imported succesfully!
shapes data imported succesfully!
shapes data imported succesfully!
shapes data imported succesfully!
shapes data imported succesfully!
shapes data imported succesfully!
shapes data imported succesfully!
shapes data imported succesfully!
shapes data imported succesfully!
shapes data imported succesfully!
shapes data imported succesfully!
shapes data imported succesfully!
shapes data imported succesfully!
shapes data imported succesfully!
shapes data imported succesfully!
shapes data imported succesfully!
shapes data imported succesfully!
shapes data imported succesfully!
shapes data imported succesfully!
shapes data imported succesfully!
shapes data imported succesfully!
shapes data imported succesfully!
shapes data imported succesfully!
shapes data imported succesfully!
shapes data imported succesfully!
shapes data imported succesfully!
shapes data imported succesfully!
shapes data imported succesfully!
shapes data imported succesfully!
shapes data imported succesfully!
shapes data imported succesfully!
shapes data imported succesfully!
shapes data imported succesfully!
shapes data imported succesfully!
shapes data imported succesfully!
shapes data imported succesfully!
shapes data imported succesfully!
shapes data imported succesfully!
shapes data imported succesfully!
shapes data imported succesfully!
shapes data imported succesfully!
shapes data imported succesfully!
shapes data imported succesfully!
shapes data imported succesfully!
shapes data imported succesfully!
shapes data imported succesfully!
shapes data imported succesfully!
shapes data imported succesfully!
shapes data imported succesfully!
shapes data imported succesfully!
shapes data imported succesfully!
shapes data imported succesfully!
shapes data imported succesfully!
shapes data imported succesfully!
shapes data imported succesfully!
shapes data imported succesfully!
shapes data imported succesfully!
shapes data imported succesfully!
shapes data imported succesfully!
shapes data imported succesfully!
shapes data imported succesfully!
shapes data imported succesfully!
shapes data imported succesfully!
shapes data imported succesfully!
shapes data imported succesfully!
shapes data imported succesfully!
shapes data imported succesfully!
shapes data imported succesfully!
shapes data imported succesfully!
shapes data imported succesfully!
shapes data imported succesfully!
shapes data imported succesfully!
shapes data imported succesfully!
shapes data imported succesfully!
shapes data imported succesfully!
shapes data imported succesfully!
shapes data imported succesfully!
shapes data imported succesfully!
shapes data imported succesfully!
shapes data imported succesfully!
shapes data imported succesfully!
shapes data imported succesfully!
shapes data imported succesfully!
shapes data imported succesfully!
shapes data imported succesfully!
shapes data imported succesfully!
shapes data imported succesfully!
shapes data imported succesfully!
shapes data imported succesfully!
shapes data imported succesfully!
shapes data imported succesfully!
shapes data imported succesfully!
shapes data imported succesfully!
shapes data imported succesfully!
shapes data imported succesfully!
shapes data imported succesfully!
shapes data imported succesfully!
shapes data imported succesfully!
shapes data imported succesfully!
shapes data imported succesfully!
shapes data imported succesfully!
shapes data imported succesfully!
shapes data imported succesfully!
shapes data imported succesfully!
shapes data imported succesfully!
shapes data imported succesfully!
shapes data imported succesfully!
shapes data imported succesfully!
shapes data imported succesfully!
shapes data imported succesfully!
shapes data imported succesfully!
shapes data imported succesfully!
shapes data imported succesfully!
shapes data imported succesfully!
shapes data imported succesfully!
shapes data imported succesfully!
shapes data imported succesfully!
shapes data imported succesfully!
shapes data imported succesfully!
shapes data imported succesfully!
shapes data imported succesfully!
shapes data imported succesfully!
shapes data imported succesfully!
shapes data imported succesfully!
shapes data imported succesfully!
shapes data imported succesfully!
shapes data imported succesfully!
shapes data imported succesfully!
shapes data imported succesfully!
shapes data imported succesfully!
shapes data imported succesfully!
shapes data imported succesfully!
shapes data imported succesfully!
shapes data imported succesfully!
shapes data imported succesfully!
shapes data imported succesfully!
shapes data imported succesfully!
shapes data imported succesfully!
shapes data imported succesfully!
shapes data imported succesfully!
shapes data imported succesfully!
shapes data imported succesfully!
shapes data imported succesfully!
shapes data imported succesfully!
shapes data imported succesfully!
shapes data imported succesfully!
shapes data imported succesfully!
shapes data imported succesfully!
shapes data imported succesfully!
shapes data imported succesfully!
shapes data imported succesfully!
shapes data imported succesfully!
shapes data imported succesfully!
shapes data imported succesfully!
shapes data imported succesfully!
shapes data imported succesfully!
shapes data imported succesfully!
shapes data imported succesfully!
shapes data imported succesfully!
shapes data imported succesfully!
shapes data imported succesfully!
shapes data imported succesfully!
shapes data imported succesfully!
shapes data imported succesfully!
shapes data imported succesfully!
shapes data imported succesfully!
shapes data imported succesfully!
shapes data imported succesfully!
shapes data imported succesfully!
shapes data imported succesfully!
shapes data imported succesfully!
shapes data imported succesfully!
shapes data imported succesfully!
shapes data imported succesfully!
shapes data imported succesfully!
shapes data imported succesfully!
shapes data imported succesfully!
shapes data imported succesfully!
shapes data imported succesfully!
shapes data imported succesfully!
shapes data imported succesfully!
shapes data imported succesfully!
shapes data imported succesfully!
shapes data imported succesfully!
shapes data imported succesfully!
shapes data imported succesfully!
shapes data imported succesfully!
shapes data imported succesfully!
shapes data imported succesfully!
shapes data imported succesfully!
shapes data imported succesfully!
shapes data imported succesfully!
shapes data imported succesfully!
shapes data imported succesfully!
shapes data imported succesfully!
shapes data imported succesfully!
shapes data imported succesfully!
shapes data imported succesfully!
shapes data imported succesfully!
shapes data imported succesfully!
shapes data imported succesfully!
shapes data imported succesfully!
shapes data imported succesfully!
shapes data imported succesfully!
shapes data imported succesfully!
shapes data imported succesfully!
shapes data imported succesfully!
shapes data imported succesfully!
shapes data imported succesfully!
shapes data imported succesfully!
shapes data imported succesfully!
shapes data imported succesfully!
shapes data imported succesfully!
shapes data imported succesfully!
shapes data imported succesfully!
shapes data imported succesfully!
shapes data imported succesfully!
shapes data imported succesfully!
shapes data imported succesfully!
shapes data imported succesfully!
shapes data imported succesfully!
shapes data imported succesfully!
shapes data imported succesfully!
shapes data imported succesfully!
shapes data imported succesfully!
shapes data imported succesfully!
shapes data imported succesfully!
shapes data imported succesfully!
shapes data imported succesfully!
shapes data imported succesfully!
shapes data imported succesfully!
shapes data imported succesfully!
shapes data imported succesfully!
shapes data imported succesfully!
shapes data imported succesfully!
shapes data imported succesfully!
shapes data imported succesfully!
shapes data imported succesfully!
shapes data imported succesfully!
shapes data imported succesfully!
shapes data imported succesfully!
shapes data imported succesfully!
shapes data imported succesfully!
shapes data imported succesfully!
shapes data imported succesfully!
shapes data imported succesfully!
shapes data imported succesfully!
shapes data imported succesfully!
shapes data imported succesfully!
shapes data imported succesfully!
shapes data imported succesfully!
shapes data imported succesfully!
shapes data imported succesfully!
shapes data imported succesfully!
shapes data imported succesfully!
shapes data imported succesfully!
shapes data imported succesfully!
shapes data imported succesfully!
shapes data imported succesfully!
shapes data imported succesfully!
shapes data imported succesfully!
shapes data imported succesfully!
shapes data imported succesfully!
shapes data imported succesfully!
shapes data imported succesfully!
shapes data imported succesfully!
shapes data imported succesfully!
shapes data imported succesfully!
shapes data imported succesfully!
shapes data imported succesfully!
shapes data imported succesfully!
shapes data imported succesfully!
shapes data imported succesfully!
shapes data imported succesfully!
shapes data imported succesfully!
shapes data imported succesfully!
shapes data imported succesfully!
shapes data imported succesfully!
shapes data imported succesfully!
shapes data imported succesfully!
shapes data imported succesfully!
shapes data imported succesfully!
shapes data imported succesfully!
shapes data imported succesfully!
shapes data imported succesfully!
shapes data imported succesfully!
shapes data imported succesfully!
shapes data imported succesfully!
shapes data imported succesfully!
shapes data imported succesfully!
shapes data imported succesfully!
shapes data imported succesfully!
shapes data imported succesfully!
shapes data imported succesfully!
shapes data imported succesfully!
shapes data imported succesfully!
shapes data imported succesfully!
shapes data imported succesfully!
shapes data imported succesfully!
shapes data imported succesfully!
shapes data imported succesfully!
shapes data imported succesfully!
shapes data imported succesfully!
shapes data imported succesfully!
shapes data imported succesfully!
shapes data imported succesfully!
shapes data imported succesfully!
shapes data imported succesfully!
shapes data imported succesfully!
shapes data imported succesfully!
shapes data imported succesfully!
shapes data imported succesfully!
shapes data imported succesfully!
shapes data imported succesfully!
shapes data imported succesfully!
shapes data imported succesfully!
shapes data imported succesfully!
shapes data imported succesfully!
shapes data imported succesfully!
shapes data imported succesfully!
shapes data imported succesfully!
shapes data imported succesfully!
shapes data imported succesfully!
shapes data imported succesfully!
shapes data imported succesfully!
shapes data imported succesfully!
shapes data imported succesfully!
shapes data imported succesfully!
shapes data imported succesfully!
shapes data imported succesfully!
shapes data imported succesfully!
shapes data imported succesfully!
shapes data imported succesfully!
shapes data imported succesfully!
shapes data imported succesfully!
shapes data imported succesfully!
shapes data imported succesfully!
shapes data imported succesfully!
shapes data imported succesfully!
shapes data imported succesfully!
shapes data imported succesfully!
shapes data imported succesfully!
shapes data imported succesfully!
shapes data imported succesfully!
shapes data imported succesfully!
shapes data imported succesfully!
shapes data imported succesfully!
shapes data imported succesfully!
shapes data imported succesfully!
shapes data imported succesfully!
shapes data imported succesfully!
shapes data imported succesfully!
shapes data imported succesfully!
shapes data imported succesfully!
shapes data imported succesfully!
shapes data imported succesfully!
shapes data imported succesfully!
shapes data imported succesfully!
shapes data imported succesfully!
shapes data imported succesfully!
shapes data imported succesfully!
shapes data imported succesfully!
shapes data imported succesfully!
shapes data imported succesfully!
shapes data imported succesfully!
shapes data imported succesfully!
shapes data imported succesfully!
shapes data imported succesfully!
shapes data imported succesfully!
shapes data imported succesfully!
shapes data imported succesfully!
shapes data imported succesfully!
shapes data imported succesfully!
shapes data imported succesfully!
shapes data imported succesfully!
shapes data imported succesfully!
shapes data imported succesfully!
shapes data imported succesfully!
shapes data imported succesfully!
shapes data imported succesfully!
shapes data imported succesfully!
shapes data imported succesfully!
shapes data imported succesfully!
shapes data imported succesfully!
shapes data imported succesfully!
shapes data imported succesfully!
shapes data imported succesfully!
shapes data imported succesfully!
shapes data imported succesfully!
shapes data imported succesfully!
shapes data imported succesfully!
shapes data imported succesfully!
shapes data imported succesfully!
shapes data imported succesfully!
shapes data imported succesfully!
shapes data imported succesfully!
shapes data imported succesfully!
shapes data imported succesfully!
shapes data imported succesfully!
shapes data imported succesfully!
shapes data imported succesfully!
shapes data imported succesfully!
shapes data imported succesfully!
shapes data imported succesfully!
shapes data imported succesfully!
shapes data imported succesfully!
shapes data imported succesfully!
shapes data imported succesfully!
shapes data imported succesfully!
shapes data imported succesfully!
shapes data imported succesfully!
shapes data imported succesfully!
shapes data imported succesfully!
shapes data imported succesfully!
shapes data imported succesfully!
shapes data imported succesfully!
shapes data imported succesfully!
shapes data imported succesfully!
shapes data imported succesfully!
shapes data imported succesfully!
shapes data imported succesfully!
shapes data imported succesfully!
shapes data imported succesfully!
shapes data imported succesfully!
shapes data imported succesfully!
shapes data imported succesfully!
shapes data imported succesfully!
shapes data imported succesfully!
shapes data imported succesfully!
shapes data imported succesfully!
shapes data imported succesfully!
shapes data imported succesfully!
shapes data imported succesfully!
shapes data imported succesfully!
shapes data imported succesfully!
shapes data imported succesfully!
shapes data imported succesfully!
shapes data imported succesfully!
shapes data imported succesfully!
shapes data imported succesfully!
shapes data imported succesfully!
shapes data imported succesfully!
shapes data imported succesfully!
shapes data imported succesfully!
shapes data imported succesfully!
shapes data imported succesfully!
shapes data imported succesfully!
shapes data imported succesfully!
shapes data imported succesfully!
shapes data imported succesfully!
shapes data imported succesfully!
shapes data imported succesfully!
shapes data imported succesfully!
shapes data imported succesfully!
shapes data imported succesfully!
shapes data imported succesfully!
shapes data imported succesfully!
shapes data imported succesfully!
shapes data imported succesfully!
shapes data imported succesfully!
shapes data imported succesfully!
shapes data imported succesfully!
shapes data imported succesfully!
shapes data imported succesfully!
shapes data imported succesfully!
shapes data imported succesfully!
shapes data imported succesfully!
shapes data imported succesfully!
shapes data imported succesfully!
shapes data imported succesfully!
shapes data imported succesfully!
shapes data imported succesfully!
shapes data imported succesfully!
shapes data imported succesfully!
shapes data imported succesfully!
shapes data imported succesfully!
shapes data imported succesfully!
shapes data imported succesfully!
shapes data imported succesfully!
shapes data imported succesfully!
shapes data imported succesfully!
shapes data imported succesfully!
shapes data imported succesfully!
shapes data imported succesfully!
shapes data imported succesfully!
shapes data imported succesfully!
shapes data imported succesfully!
shapes data imported succesfully!
shapes data imported succesfully!
shapes data imported succesfully!
shapes data imported succesfully!
shapes data imported succesfully!
shapes data imported succesfully!
shapes data imported succesfully!
shapes data imported succesfully!
shapes data imported succesfully!
shapes data imported succesfully!
shapes data imported succesfully!
shapes data imported succesfully!
shapes data imported succesfully!
shapes data imported succesfully!
shapes data imported succesfully!
shapes data imported succesfully!
shapes data imported succesfully!
shapes data imported succesfully!
shapes data imported succesfully!
shapes data imported succesfully!
shapes data imported succesfully!
shapes data imported succesfully!
shapes data imported succesfully!
shapes data imported succesfully!
shapes data imported succesfully!
shapes data imported succesfully!
shapes data imported succesfully!
shapes data imported succesfully!
shapes data imported succesfully!
shapes data imported succesfully!
shapes data imported succesfully!
shapes data imported succesfully!
shapes data imported succesfully!
shapes data imported succesfully!
shapes data imported succesfully!
shapes data imported succesfully!
shapes data imported succesfully!
shapes data imported succesfully!
shapes data imported succesfully!
shapes data imported succesfully!
shapes data imported succesfully!
shapes data imported succesfully!
shapes data imported succesfully!
shapes data imported succesfully!
shapes data imported succesfully!
shapes data imported succesfully!
shapes data imported succesfully!
shapes data imported succesfully!
shapes data imported succesfully!
shapes data imported succesfully!
shapes data imported succesfully!
shapes data imported succesfully!
shapes data imported succesfully!
shapes data imported succesfully!
shapes data imported succesfully!
shapes data imported succesfully!
shapes data imported succesfully!
shapes data imported succesfully!
shapes data imported succesfully!
shapes data imported succesfully!
shapes data imported succesfully!
shapes data imported succesfully!
shapes data imported succesfully!
shapes data imported succesfully!
shapes data imported succesfully!
shapes data imported succesfully!
shapes data imported succesfully!
shapes data imported succesfully!
shapes data imported succesfully!
shapes data imported succesfully!
shapes data imported succesfully!
shapes data imported succesfully!
shapes data imported succesfully!
shapes data imported succesfully!
shapes data imported succesfully!
shapes data imported succesfully!
shapes data imported succesfully!
shapes data imported succesfully!
shapes data imported succesfully!
shapes data imported succesfully!
shapes data imported succesfully!
shapes data imported succesfully!
shapes data imported succesfully!
shapes data imported succesfully!
shapes data imported succesfully!
shapes data imported succesfully!
shapes data imported succesfully!
shapes data imported succesfully!
shapes data imported succesfully!
shapes data imported succesfully!
shapes data imported succesfully!
shapes data imported succesfully!
shapes data imported succesfully!
shapes data imported succesfully!
shapes data imported succesfully!
shapes data imported succesfully!
shapes data imported succesfully!
shapes data imported succesfully!
shapes data imported succesfully!
shapes data imported succesfully!
shapes data imported succesfully!
shapes data imported succesfully!
shapes data imported succesfully!
shapes data imported succesfully!
shapes data imported succesfully!
shapes data imported succesfully!
shapes data imported succesfully!
shapes data imported succesfully!
shapes data imported succesfully!
shapes data imported succesfully!
shapes data imported succesfully!
shapes data imported succesfully!
shapes data imported succesfully!
shapes data imported succesfully!
shapes data imported succesfully!
shapes data imported succesfully!
shapes data imported succesfully!
shapes data imported succesfully!
shapes data imported succesfully!
shapes data imported succesfully!
shapes data imported succesfully!
shapes data imported succesfully!
shapes data imported succesfully!
shapes data imported succesfully!
shapes data imported succesfully!
shapes data imported succesfully!
shapes data imported succesfully!
shapes data imported succesfully!
shapes data imported succesfully!
shapes data imported succesfully!
shapes data imported succesfully!
shapes data imported succesfully!
shapes data imported succesfully!
shapes data imported succesfully!
shapes data imported succesfully!
shapes data imported succesfully!
shapes data imported succesfully!
shapes data imported succesfully!
shapes data imported succesfully!
shapes data imported succesfully!
shapes data imported succesfully!
shapes data imported succesfully!
shapes data imported succesfully!
shapes data imported succesfully!
shapes data imported succesfully!
shapes data imported succesfully!
shapes data imported succesfully!
shapes data imported succesfully!
shapes data imported succesfully!
shapes data imported succesfully!
shapes data imported succesfully!
shapes data imported succesfully!
shapes data imported succesfully!
shapes data imported succesfully!
shapes data imported succesfully!
shapes data imported succesfully!
shapes data imported succesfully!
shapes data imported succesfully!
shapes data imported succesfully!
shapes data imported succesfully!
shapes data imported succesfully!
shapes data imported succesfully!
shapes data imported succesfully!
shapes data imported succesfully!
shapes data imported succesfully!
shapes data imported succesfully!
shapes data imported succesfully!
shapes data imported succesfully!
shapes data imported succesfully!
shapes data imported succesfully!
shapes data imported succesfully!
shapes data imported succesfully!
shapes data imported succesfully!
shapes data imported succesfully!
shapes data imported succesfully!
shapes data imported succesfully!
shapes data imported succesfully!
shapes data imported succesfully!
shapes data imported succesfully!
shapes data imported succesfully!
shapes data imported succesfully!
shapes data imported succesfully!
shapes data imported succesfully!
shapes data imported succesfully!
shapes data imported succesfully!
shapes data imported succesfully!
shapes data imported succesfully!
shapes data imported succesfully!
shapes data imported succesfully!
shapes data imported succesfully!
shapes data imported succesfully!
shapes data imported succesfully!
shapes data imported succesfully!
shapes data imported succesfully!
shapes data imported succesfully!
shapes data imported succesfully!
shapes data imported succesfully!
shapes data imported succesfully!
shapes data imported succesfully!
shapes data imported succesfully!
shapes data imported succesfully!
shapes data imported succesfully!
shapes data imported succesfully!
shapes data imported succesfully!
shapes data imported succesfully!
shapes data imported succesfully!
shapes data imported succesfully!
shapes data imported succesfully!
shapes data imported succesfully!
shapes data imported succesfully!
shapes data imported succesfully!
shapes data imported succesfully!
shapes data imported succesfully!
shapes data imported succesfully!
shapes data imported succesfully!
shapes data imported succesfully!
shapes data imported succesfully!
shapes data imported succesfully!
shapes data imported succesfully!
shapes data imported succesfully!
shapes data imported succesfully!
shapes data imported succesfully!
shapes data imported succesfully!
shapes data imported succesfully!
shapes data imported succesfully!
shapes data imported succesfully!
shapes data imported succesfully!
shapes data imported succesfully!
shapes data imported succesfully!
shapes data imported succesfully!
shapes data imported succesfully!
shapes data imported succesfully!
shapes data imported succesfully!
shapes data imported succesfully!
shapes data imported succesfully!
shapes data imported succesfully!
shapes data imported succesfully!
shapes data imported succesfully!
shapes data imported succesfully!
shapes data imported succesfully!
shapes data imported succesfully!
shapes data imported succesfully!
shapes data imported succesfully!
shapes data imported succesfully!
shapes data imported succesfully!
shapes data imported succesfully!
shapes data imported succesfully!
shapes data imported succesfully!
shapes data imported succesfully!
shapes data imported succesfully!
shapes data imported succesfully!
shapes data imported succesfully!
shapes data imported succesfully!
shapes data imported succesfully!
shapes data imported succesfully!
shapes data imported succesfully!
shapes data imported succesfully!
shapes data imported succesfully!
shapes data imported succesfully!
shapes data imported succesfully!
shapes data imported succesfully!
shapes data imported succesfully!
shapes data imported succesfully!
shapes data imported succesfully!
shapes data imported succesfully!
shapes data imported succesfully!
shapes data imported succesfully!
shapes data imported succesfully!
shapes data imported succesfully!
shapes data imported succesfully!
shapes data imported succesfully!
shapes data imported succesfully!
shapes data imported succesfully!
shapes data imported succesfully!
shapes data imported succesfully!
shapes data imported succesfully!
shapes data imported succesfully!
shapes data imported succesfully!
shapes data imported succesfully!
shapes data imported succesfully!
shapes data imported succesfully!
shapes data imported succesfully!
shapes data imported succesfully!
shapes data imported succesfully!
shapes data imported succesfully!
shapes data imported succesfully!
shapes data imported succesfully!
shapes data imported succesfully!
shapes data imported succesfully!
shapes data imported succesfully!
shapes data imported succesfully!
shapes data imported succesfully!
shapes data imported succesfully!
shapes data imported succesfully!
shapes data imported succesfully!
shapes data imported succesfully!
shapes data imported succesfully!
shapes data imported succesfully!
shapes data imported succesfully!
shapes data imported succesfully!
shapes data imported succesfully!
shapes data imported succesfully!
shapes data imported succesfully!
shapes data imported succesfully!
shapes data imported succesfully!
shapes data imported succesfully!
shapes data imported succesfully!
shapes data imported succesfully!
shapes data imported succesfully!
shapes data imported succesfully!
shapes data imported succesfully!
shapes data imported succesfully!
shapes data imported succesfully!
shapes data imported succesfully!
shapes data imported succesfully!
shapes data imported succesfully!
shapes data imported succesfully!
shapes data imported succesfully!
shapes data imported succesfully!
shapes data imported succesfully!
shapes data imported succesfully!
shapes data imported succesfully!
shapes data imported succesfully!
shapes data imported succesfully!
shapes data imported succesfully!
shapes data imported succesfully!
shapes data imported succesfully!
shapes data imported succesfully!
shapes data imported succesfully!
shapes data imported succesfully!
shapes data imported succesfully!
shapes data imported succesfully!
shapes data imported succesfully!
shapes data imported succesfully!
shapes data imported succesfully!
shapes data imported succesfully!
shapes data imported succesfully!
shapes data imported succesfully!
shapes data imported succesfully!
shapes data imported succesfully!
shapes data imported succesfully!
shapes data imported succesfully!
shapes data imported succesfully!
shapes data imported succesfully!
shapes data imported succesfully!
shapes data imported succesfully!
shapes data imported succesfully!
shapes data imported succesfully!
shapes data imported succesfully!
shapes data imported succesfully!
shapes data imported succesfully!
shapes data imported succesfully!
shapes data imported succesfully!
shapes data imported succesfully!
shapes data imported succesfully!
shapes data imported succesfully!
shapes data imported succesfully!
shapes data imported succesfully!
shapes data imported succesfully!
shapes data imported succesfully!
shapes data imported succesfully!
shapes data imported succesfully!
shapes data imported succesfully!
shapes data imported succesfully!
shapes data imported succesfully!
shapes data imported succesfully!
shapes data imported succesfully!
shapes data imported succesfully!
shapes data imported succesfully!
shapes data imported succesfully!
shapes data imported succesfully!
shapes data imported succesfully!
shapes data imported succesfully!
shapes data imported succesfully!
shapes data imported succesfully!
shapes data imported succesfully!
shapes data imported succesfully!
shapes data imported succesfully!
shapes data imported succesfully!
shapes data imported succesfully!
shapes data imported succesfully!
shapes data imported succesfully!
shapes data imported succesfully!
shapes data imported succesfully!
shapes data imported succesfully!
shapes data imported succesfully!
shapes data imported succesfully!
shapes data imported succesfully!
shapes data imported succesfully!
shapes data imported succesfully!
shapes data imported succesfully!
shapes data imported succesfully!
shapes data imported succesfully!
shapes data imported succesfully!
shapes data imported succesfully!
shapes data imported succesfully!
shapes data imported succesfully!
shapes data imported succesfully!
shapes data imported succesfully!
shapes data imported succesfully!
shapes data imported succesfully!
shapes data imported succesfully!
shapes data imported succesfully!
shapes data imported succesfully!
shapes data imported succesfully!
shapes data imported succesfully!
shapes data imported succesfully!
shapes data imported succesfully!
shapes data imported succesfully!
shapes data imported succesfully!
shapes data imported succesfully!
shapes data imported succesfully!
shapes data imported succesfully!
shapes data imported succesfully!
shapes data imported succesfully!
shapes data imported succesfully!
shapes data imported succesfully!
shapes data imported succesfully!
shapes data imported succesfully!
shapes data imported succesfully!
shapes data imported succesfully!
shapes data imported succesfully!
shapes data imported succesfully!
shapes data imported succesfully!
shapes data imported succesfully!
shapes data imported succesfully!
shapes data imported succesfully!
shapes data imported succesfully!
shapes data imported succesfully!
shapes data imported succesfully!
shapes data imported succesfully!
shapes data imported succesfully!
shapes data imported succesfully!
shapes data imported succesfully!
shapes data imported succesfully!
shapes data imported succesfully!
shapes data imported succesfully!
shapes data imported succesfully!
shapes data imported succesfully!
shapes data imported succesfully!
shapes data imported succesfully!
shapes data imported succesfully!
shapes data imported succesfully!
shapes data imported succesfully!
shapes data imported succesfully!
shapes data imported succesfully!
shapes data imported succesfully!
shapes data imported succesfully!
shapes data imported succesfully!
shapes data imported succesfully!
shapes data imported succesfully!
shapes data imported succesfully!
shapes data imported succesfully!
shapes data imported succesfully!
shapes data imported succesfully!
shapes data imported succesfully!
shapes data imported succesfully!
shapes data imported succesfully!
shapes data imported succesfully!
shapes data imported succesfully!
shapes data imported succesfully!
shapes data imported succesfully!
shapes data imported succesfully!
shapes data imported succesfully!
shapes data imported succesfully!
shapes data imported succesfully!
shapes data imported succesfully!
shapes data imported succesfully!
shapes data imported succesfully!
shapes data imported succesfully!
shapes data imported succesfully!
shapes data imported succesfully!
shapes data imported succesfully!
shapes data imported succesfully!
shapes data imported succesfully!
shapes data imported succesfully!
shapes data imported succesfully!
shapes data imported succesfully!
shapes data imported succesfully!
shapes data imported succesfully!
shapes data imported succesfully!
shapes data imported succesfully!
shapes data imported succesfully!
shapes data imported succesfully!
shapes data imported succesfully!
shapes data imported succesfully!
shapes data imported succesfully!
shapes data imported succesfully!
shapes data imported succesfully!
shapes data imported succesfully!
shapes data imported succesfully!
shapes data imported succesfully!
shapes data imported succesfully!
shapes data imported succesfully!
shapes data imported succesfully!
shapes data imported succesfully!
shapes data imported succesfully!
shapes data imported succesfully!
shapes data imported succesfully!
shapes data imported succesfully!
shapes data imported succesfully!
shapes data imported succesfully!
shapes data imported succesfully!
shapes data imported succesfully!
shapes data imported succesfully!
shapes data imported succesfully!
shapes data imported succesfully!
shapes data imported succesfully!
shapes data imported succesfully!
shapes data imported succesfully!
shapes data imported succesfully!
shapes data imported succesfully!
shapes data imported succesfully!
shapes data imported succesfully!
shapes data imported succesfully!
shapes data imported succesfully!
shapes data imported succesfully!
shapes data imported succesfully!
shapes data imported succesfully!
shapes data imported succesfully!
shapes data imported succesfully!
shapes data imported succesfully!
shapes data imported succesfully!
shapes data imported succesfully!
shapes data imported succesfully!
shapes data imported succesfully!
shapes data imported succesfully!
shapes data imported succesfully!
shapes data imported succesfully!
shapes data imported succesfully!
shapes data imported succesfully!
shapes data imported succesfully!
shapes data imported succesfully!
shapes data imported succesfully!
shapes data imported succesfully!
shapes data imported succesfully!
shapes data imported succesfully!
shapes data imported succesfully!
shapes data imported succesfully!
shapes data imported succesfully!
shapes data imported succesfully!
shapes data imported succesfully!
shapes data imported succesfully!
shapes data imported succesfully!
shapes data imported succesfully!
shapes data imported succesfully!
shapes data imported succesfully!
shapes data imported succesfully!
shapes data imported succesfully!
shapes data imported succesfully!
shapes data imported succesfully!
shapes data imported succesfully!
shapes data imported succesfully!
shapes data imported succesfully!
shapes data imported succesfully!
shapes data imported succesfully!
shapes data imported succesfully!
shapes data imported succesfully!
shapes data imported succesfully!
shapes data imported succesfully!
shapes data imported succesfully!
shapes data imported succesfully!
shapes data imported succesfully!
shapes data imported succesfully!
shapes data imported succesfully!
shapes data imported succesfully!
shapes data imported succesfully!
shapes data imported succesfully!
shapes data imported succesfully!
shapes data imported succesfully!
shapes data imported succesfully!
shapes data imported succesfully!
shapes data imported succesfully!
shapes data imported succesfully!
shapes data imported succesfully!
shapes data imported succesfully!
shapes data imported succesfully!
shapes data imported succesfully!
shapes data imported succesfully!
shapes data imported succesfully!
shapes data imported succesfully!
shapes data imported succesfully!
shapes data imported succesfully!
shapes data imported succesfully!
shapes data imported succesfully!
shapes data imported succesfully!
shapes data imported succesfully!
shapes data imported succesfully!
shapes data imported succesfully!
shapes data imported succesfully!
shapes data imported succesfully!
shapes data imported succesfully!
shapes data imported succesfully!
shapes data imported succesfully!
shapes data imported succesfully!
shapes data imported succesfully!
shapes data imported succesfully!
shapes data imported succesfully!
shapes data imported succesfully!
shapes data imported succesfully!
shapes data imported succesfully!
shapes data imported succesfully!
shapes data imported succesfully!
shapes data imported succesfully!
shapes data imported succesfully!
shapes data imported succesfully!
shapes data imported succesfully!
shapes data imported succesfully!
shapes data imported succesfully!
shapes data imported succesfully!
shapes data imported succesfully!
shapes data imported succesfully!
shapes data imported succesfully!
shapes data imported succesfully!
shapes data imported succesfully!
shapes data imported succesfully!
shapes data imported succesfully!
shapes data imported succesfully!
shapes data imported succesfully!
shapes data imported succesfully!
shapes data imported succesfully!
shapes data imported succesfully!
shapes data imported succesfully!
shapes data imported succesfully!
shapes data imported succesfully!
shapes data imported succesfully!
shapes data imported succesfully!
shapes data imported succesfully!
shapes data imported succesfully!
shapes data imported succesfully!
shapes data imported succesfully!
shapes data imported succesfully!
shapes data imported succesfully!
shapes data imported succesfully!
shapes data imported succesfully!
shapes data imported succesfully!
shapes data imported succesfully!
shapes data imported succesfully!
shapes data imported succesfully!
shapes data imported succesfully!
shapes data imported succesfully!
shapes data imported succesfully!
shapes data imported succesfully!
shapes data imported succesfully!
shapes data imported succesfully!
shapes data imported succesfully!
shapes data imported succesfully!
shapes data imported succesfully!
shapes data imported succesfully!
shapes data imported succesfully!
shapes data imported succesfully!
shapes data imported succesfully!
shapes data imported succesfully!
shapes data imported succesfully!
shapes data imported succesfully!
shapes data imported succesfully!
shapes data imported succesfully!
shapes data imported succesfully!
shapes data imported succesfully!
shapes data imported succesfully!
shapes data imported succesfully!
shapes data imported succesfully!
shapes data imported succesfully!
shapes data imported succesfully!
shapes data imported succesfully!
shapes data imported succesfully!
shapes data imported succesfully!
shapes data imported succesfully!
shapes data imported succesfully!
shapes data imported succesfully!
shapes data imported succesfully!
shapes data imported succesfully!
shapes data imported succesfully!
shapes data imported succesfully!
shapes data imported succesfully!
shapes data imported succesfully!
shapes data imported succesfully!
shapes data imported succesfully!
shapes data imported succesfully!
shapes data imported succesfully!
shapes data imported succesfully!
shapes data imported succesfully!
shapes data imported succesfully!
shapes data imported succesfully!
shapes data imported succesfully!
shapes data imported succesfully!
shapes data imported succesfully!
shapes data imported succesfully!
shapes data imported succesfully!
shapes data imported succesfully!
shapes data imported succesfully!
shapes data imported succesfully!
shapes data imported succesfully!
shapes data imported succesfully!
shapes data imported succesfully!
shapes data imported succesfully!
shapes data imported succesfully!
shapes data imported succesfully!
shapes data imported succesfully!
shapes data imported succesfully!
shapes data imported succesfully!
shapes data imported succesfully!
shapes data imported succesfully!
shapes data imported succesfully!
shapes data imported succesfully!
shapes data imported succesfully!
shapes data imported succesfully!
shapes data imported succesfully!
shapes data imported succesfully!
shapes data imported succesfully!
shapes data imported succesfully!
shapes data imported succesfully!
shapes data imported succesfully!
shapes data imported succesfully!
shapes data imported succesfully!
shapes data imported succesfully!
shapes data imported succesfully!
shapes data imported succesfully!
shapes data imported succesfully!
shapes data imported succesfully!
shapes data imported succesfully!
shapes data imported succesfully!
shapes data imported succesfully!
shapes data imported succesfully!
shapes data imported succesfully!
shapes data imported succesfully!
shapes data imported succesfully!
shapes data imported succesfully!
shapes data imported succesfully!
shapes data imported succesfully!
shapes data imported succesfully!
shapes data imported succesfully!
shapes data imported succesfully!
shapes data imported succesfully!
shapes data imported succesfully!
shapes data imported succesfully!
shapes data imported succesfully!
shapes data imported succesfully!
shapes data imported succesfully!
shapes data imported succesfully!
shapes data imported succesfully!
shapes data imported succesfully!
shapes data imported succesfully!
shapes data imported succesfully!
shapes data imported succesfully!
shapes data imported succesfully!
shapes data imported succesfully!
shapes data imported succesfully!
shapes data imported succesfully!
shapes data imported succesfully!
shapes data imported succesfully!
shapes data imported succesfully!
shapes data imported succesfully!
shapes data imported succesfully!
shapes data imported succesfully!
shapes data imported succesfully!
shapes data imported succesfully!
shapes data imported succesfully!
shapes data imported succesfully!
shapes data imported succesfully!
shapes data imported succesfully!
shapes data imported succesfully!
shapes data imported succesfully!
shapes data imported succesfully!
shapes data imported succesfully!
shapes data imported succesfully!
shapes data imported succesfully!
shapes data imported succesfully!
shapes data imported succesfully!
shapes data imported succesfully!
shapes data imported succesfully!
shapes data imported succesfully!
shapes data imported succesfully!
shapes data imported succesfully!
shapes data imported succesfully!
shapes data imported succesfully!
shapes data imported succesfully!
shapes data imported succesfully!
shapes data imported succesfully!
shapes data imported succesfully!
shapes data imported succesfully!
shapes data imported succesfully!
shapes data imported succesfully!
shapes data imported succesfully!
shapes data imported succesfully!
shapes data imported succesfully!
shapes data imported succesfully!
shapes data imported succesfully!
shapes data imported succesfully!
shapes data imported succesfully!
shapes data imported succesfully!
shapes data imported succesfully!
shapes data imported succesfully!
shapes data imported succesfully!
shapes data imported succesfully!
shapes data imported succesfully!
shapes data imported succesfully!
shapes data imported succesfully!
shapes data imported succesfully!
shapes data imported succesfully!
shapes data imported succesfully!
shapes data imported succesfully!
shapes data imported succesfully!
shapes data imported succesfully!
shapes data imported succesfully!
shapes data imported succesfully!
shapes data imported succesfully!
shapes data imported succesfully!
shapes data imported succesfully!
shapes data imported succesfully!
shapes data imported succesfully!
shapes data imported succesfully!
shapes data imported succesfully!
shapes data imported succesfully!
shapes data imported succesfully!
shapes data imported succesfully!
shapes data imported succesfully!
shapes data imported succesfully!
shapes data imported succesfully!
shapes data imported succesfully!
shapes data imported succesfully!
shapes data imported succesfully!
shapes data imported succesfully!
shapes data imported succesfully!
shapes data imported succesfully!
shapes data imported succesfully!
shapes data imported succesfully!
shapes data imported succesfully!
shapes data imported succesfully!
shapes data imported succesfully!
shapes data imported succesfully!
shapes data imported succesfully!
shapes data imported succesfully!
shapes data imported succesfully!
shapes data imported succesfully!
shapes data imported succesfully!
shapes data imported succesfully!
shapes data imported succesfully!
shapes data imported succesfully!
shapes data imported succesfully!
shapes data imported succesfully!
shapes data imported succesfully!
shapes data imported succesfully!
shapes data imported succesfully!
shapes data imported succesfully!
shapes data imported succesfully!
shapes data imported succesfully!
shapes data imported succesfully!
shapes data imported succesfully!
shapes data imported succesfully!
shapes data imported succesfully!
shapes data imported succesfully!
shapes data imported succesfully!
shapes data imported succesfully!
shapes data imported succesfully!
shapes data imported succesfully!
shapes data imported succesfully!
shapes data imported succesfully!
shapes data imported succesfully!
shapes data imported succesfully!
shapes data imported succesfully!
shapes data imported succesfully!
shapes data imported succesfully!
shapes data imported succesfully!
shapes data imported succesfully!
shapes data imported succesfully!
shapes data imported succesfully!
shapes data imported succesfully!
shapes data imported succesfully!
shapes data imported succesfully!
shapes data imported succesfully!
shapes data imported succesfully!
shapes data imported succesfully!
shapes data imported succesfully!
shapes data imported succesfully!
shapes data imported succesfully!
shapes data imported succesfully!
shapes data imported succesfully!
shapes data imported succesfully!
shapes data imported succesfully!
shapes data imported succesfully!
shapes data imported succesfully!
shapes data imported succesfully!
shapes data imported succesfully!
shapes data imported succesfully!
shapes data imported succesfully!
shapes data imported succesfully!
shapes data imported succesfully!
shapes data imported succesfully!
shapes data imported succesfully!
shapes data imported succesfully!
shapes data imported succesfully!
shapes data imported succesfully!
shapes data imported succesfully!
shapes data imported succesfully!
shapes data imported succesfully!
shapes data imported succesfully!
shapes data imported succesfully!
shapes data imported succesfully!
shapes data imported succesfully!
shapes data imported succesfully!
shapes data imported succesfully!
shapes data imported succesfully!
shapes data imported succesfully!
shapes data imported succesfully!
shapes data imported succesfully!
shapes data imported succesfully!
shapes data imported succesfully!
shapes data imported succesfully!
shapes data imported succesfully!
shapes data imported succesfully!
shapes data imported succesfully!
shapes data imported succesfully!
shapes data imported succesfully!
shapes data imported succesfully!
shapes data imported succesfully!
shapes data imported succesfully!
shapes data imported succesfully!
shapes data imported succesfully!
shapes data imported succesfully!
shapes data imported succesfully!
shapes data imported succesfully!
shapes data imported succesfully!
shapes data imported succesfully!
shapes data imported succesfully!
shapes data imported succesfully!
shapes data imported succesfully!
shapes data imported succesfully!
shapes data imported succesfully!
shapes data imported succesfully!
shapes data imported succesfully!
shapes data imported succesfully!
shapes data imported succesfully!
shapes data imported succesfully!
shapes data imported succesfully!
shapes data imported succesfully!
shapes data imported succesfully!
shapes data imported succesfully!
shapes data imported succesfully!
shapes data imported succesfully!
shapes data imported succesfully!
shapes data imported succesfully!
shapes data imported succesfully!
shapes data imported succesfully!
shapes data imported succesfully!
shapes data imported succesfully!
shapes data imported succesfully!
shapes data imported succesfully!
shapes data imported succesfully!
shapes data imported succesfully!
shapes data imported succesfully!
shapes data imported succesfully!
shapes data imported succesfully!
shapes data imported succesfully!
shapes data imported succesfully!
shapes data imported succesfully!
shapes data imported succesfully!
shapes data imported succesfully!
shapes data imported succesfully!
shapes data imported succesfully!
shapes data imported succesfully!
shapes data imported succesfully!
shapes data imported succesfully!
shapes data imported succesfully!
shapes data imported succesfully!
shapes data imported succesfully!
shapes data imported succesfully!
shapes data imported succesfully!
shapes data imported succesfully!
shapes data imported succesfully!
shapes data imported succesfully!
shapes data imported succesfully!
shapes data imported succesfully!
shapes data imported succesfully!
shapes data imported succesfully!
shapes data imported succesfully!
shapes data imported succesfully!
shapes data imported succesfully!
shapes data imported succesfully!
shapes data imported succesfully!
shapes data imported succesfully!
shapes data imported succesfully!
shapes data imported succesfully!
shapes data imported succesfully!
shapes data imported succesfully!
shapes data imported succesfully!
shapes data imported succesfully!
shapes data imported succesfully!
shapes data imported succesfully!
shapes data imported succesfully!
shapes data imported succesfully!
shapes data imported succesfully!
shapes data imported succesfully!
shapes data imported succesfully!
shapes data imported succesfully!
shapes data imported succesfully!
shapes data imported succesfully!
shapes data imported succesfully!
shapes data imported succesfully!
shapes data imported succesfully!
shapes data imported succesfully!
shapes data imported succesfully!
shapes data imported succesfully!
shapes data imported succesfully!
shapes data imported succesfully!
shapes data imported succesfully!
shapes data imported succesfully!
shapes data imported succesfully!
shapes data imported succesfully!
shapes data imported succesfully!
shapes data imported succesfully!
shapes data imported succesfully!
shapes data imported succesfully!
shapes data imported succesfully!
shapes data imported succesfully!
shapes data imported succesfully!
shapes data imported succesfully!
shapes data imported succesfully!
shapes data imported succesfully!
shapes data imported succesfully!
shapes data imported succesfully!
shapes data imported succesfully!
shapes data imported succesfully!
shapes data imported succesfully!
shapes data imported succesfully!
shapes data imported succesfully!
shapes data imported succesfully!
shapes data imported succesfully!
shapes data imported succesfully!
shapes data imported succesfully!
shapes data imported succesfully!
shapes data imported succesfully!
shapes data imported succesfully!
shapes data imported succesfully!
shapes data imported succesfully!
shapes data imported succesfully!
shapes data imported succesfully!
shapes data imported succesfully!
shapes data imported succesfully!
shapes data imported succesfully!
shapes data imported succesfully!
shapes data imported succesfully!
shapes data imported succesfully!
shapes data imported succesfully!
shapes data imported succesfully!
shapes data imported succesfully!
shapes data imported succesfully!
shapes data imported succesfully!
shapes data imported succesfully!
shapes data imported succesfully!
shapes data imported succesfully!
shapes data imported succesfully!
shapes data imported succesfully!
shapes data imported succesfully!
shapes data imported succesfully!
shapes data imported succesfully!
shapes data imported succesfully!
shapes data imported succesfully!
shapes data imported succesfully!
shapes data imported succesfully!
shapes data imported succesfully!
shapes data imported succesfully!
shapes data imported succesfully!
shapes data imported succesfully!
shapes data imported succesfully!
shapes data imported succesfully!
shapes data imported succesfully!
shapes data imported succesfully!
shapes data imported succesfully!
shapes data imported succesfully!
shapes data imported succesfully!
shapes data imported succesfully!
shapes data imported succesfully!
shapes data imported succesfully!
shapes data imported succesfully!
shapes data imported succesfully!
shapes data imported succesfully!
shapes data imported succesfully!
shapes data imported succesfully!
shapes data imported succesfully!
shapes data imported succesfully!
shapes data imported succesfully!
shapes data imported succesfully!
shapes data imported succesfully!
shapes data imported succesfully!
shapes data imported succesfully!
shapes data imported succesfully!
shapes data imported succesfully!
shapes data imported succesfully!
shapes data imported succesfully!
shapes data imported succesfully!
shapes data imported succesfully!
shapes data imported succesfully!
shapes data imported succesfully!
shapes data imported succesfully!
shapes data imported succesfully!
shapes data imported succesfully!
shapes data imported succesfully!
shapes data imported succesfully!
shapes data imported succesfully!
shapes data imported succesfully!
shapes data imported succesfully!
shapes data imported succesfully!
shapes data imported succesfully!
shapes data imported succesfully!
shapes data imported succesfully!
shapes data imported succesfully!
shapes data imported succesfully!
shapes data imported succesfully!
shapes data imported succesfully!
shapes data imported succesfully!
shapes data imported succesfully!
shapes data imported succesfully!
shapes data imported succesfully!
shapes data imported succesfully!
shapes data imported succesfully!
shapes data imported succesfully!
shapes data imported succesfully!
shapes data imported succesfully!
shapes data imported succesfully!
shapes data imported succesfully!
shapes data imported succesfully!
shapes data imported succesfully!
shapes data imported succesfully!
shapes data imported succesfully!
shapes data imported succesfully!
shapes data imported succesfully!
shapes data imported succesfully!
shapes data imported succesfully!
shapes data imported succesfully!
shapes data imported succesfully!
shapes data imported succesfully!
shapes data imported succesfully!
shapes data imported succesfully!
shapes data imported succesfully!
shapes data imported succesfully!
shapes data imported succesfully!
shapes data imported succesfully!
shapes data imported succesfully!
shapes data imported succesfully!
shapes data imported succesfully!
shapes data imported succesfully!
shapes data imported succesfully!
shapes data imported succesfully!
shapes data imported succesfully!
shapes data imported succesfully!
shapes data imported succesfully!
shapes data imported succesfully!
shapes data imported succesfully!
shapes data imported succesfully!
shapes data imported succesfully!
shapes data imported succesfully!
shapes data imported succesfully!
shapes data imported succesfully!
shapes data imported succesfully!
shapes data imported succesfully!
shapes data imported succesfully!
shapes data imported succesfully!
shapes data imported succesfully!
shapes data imported succesfully!
shapes data imported succesfully!
shapes data imported succesfully!
shapes data imported succesfully!
shapes data imported succesfully!
shapes data imported succesfully!
shapes data imported succesfully!
shapes data imported succesfully!
shapes data imported succesfully!
shapes data imported succesfully!
shapes data imported succesfully!
shapes data imported succesfully!
shapes data imported succesfully!
shapes data imported succesfully!
shapes data imported succesfully!
shapes data imported succesfully!
shapes data imported succesfully!
shapes data imported succesfully!
shapes data imported succesfully!
shapes data imported succesfully!
shapes data imported succesfully!
shapes data imported succesfully!
shapes data imported succesfully!
shapes data imported succesfully!
shapes data imported succesfully!
shapes data imported succesfully!
shapes data imported succesfully!
shapes data imported succesfully!
shapes data imported succesfully!
shapes data imported succesfully!
shapes data imported succesfully!
shapes data imported succesfully!
shapes data imported succesfully!
shapes data imported succesfully!
shapes data imported succesfully!
shapes data imported succesfully!
shapes data imported succesfully!
shapes data imported succesfully!
shapes data imported succesfully!
shapes data imported succesfully!
shapes data imported succesfully!
shapes data imported succesfully!
shapes data imported succesfully!
shapes data imported succesfully!
shapes data imported succesfully!
shapes data imported succesfully!
shapes data imported succesfully!
shapes data imported succesfully!
shapes data imported succesfully!
shapes data imported succesfully!
shapes data imported succesfully!
shapes data imported succesfully!
shapes data imported succesfully!
shapes data imported succesfully!
shapes data imported succesfully!
shapes data imported succesfully!
shapes data imported succesfully!
shapes data imported succesfully!
shapes data imported succesfully!
shapes data imported succesfully!
shapes data imported succesfully!
shapes data imported succesfully!
shapes data imported succesfully!
shapes data imported succesfully!
shapes data imported succesfully!
shapes data imported succesfully!
shapes data imported succesfully!
shapes data imported succesfully!
shapes data imported succesfully!
shapes data imported succesfully!
shapes data imported succesfully!
shapes data imported succesfully!
shapes data imported succesfully!
shapes data imported succesfully!
shapes data imported succesfully!
shapes data imported succesfully!
shapes data imported succesfully!
shapes data imported succesfully!
shapes data imported succesfully!
shapes data imported succesfully!
shapes data imported succesfully!
shapes data imported succesfully!
shapes data imported succesfully!
shapes data imported succesfully!
shapes data imported succesfully!
shapes data imported succesfully!
shapes data imported succesfully!
shapes data imported succesfully!
shapes data imported succesfully!
shapes data imported succesfully!
shapes data imported succesfully!
shapes data imported succesfully!
shapes data imported succesfully!
shapes data imported succesfully!
shapes data imported succesfully!
shapes data imported succesfully!
shapes data imported succesfully!
shapes data imported succesfully!
shapes data imported succesfully!
shapes data imported succesfully!
shapes data imported succesfully!
shapes data imported succesfully!
shapes data imported succesfully!
shapes data imported succesfully!
shapes data imported succesfully!
shapes data imported succesfully!
shapes data imported succesfully!
shapes data imported succesfully!
shapes data imported succesfully!
shapes data imported succesfully!
shapes data imported succesfully!
shapes data imported succesfully!
shapes data imported succesfully!
shapes data imported succesfully!
shapes data imported succesfully!
shapes data imported succesfully!
shapes data imported succesfully!
shapes data imported succesfully!
shapes data imported succesfully!
shapes data imported succesfully!
shapes data imported succesfully!
shapes data imported succesfully!
shapes data imported succesfully!
shapes data imported succesfully!
shapes data imported succesfully!
shapes data imported succesfully!
shapes data imported succesfully!
shapes data imported succesfully!
shapes data imported succesfully!
shapes data imported succesfully!
shapes data imported succesfully!
shapes data imported succesfully!
shapes data imported succesfully!
shapes data imported succesfully!
shapes data imported succesfully!
shapes data imported succesfully!
shapes data imported succesfully!
shapes data imported succesfully!
shapes data imported succesfully!
shapes data imported succesfully!
shapes data imported succesfully!
shapes data imported succesfully!
shapes data imported succesfully!
shapes data imported succesfully!
shapes data imported succesfully!
shapes data imported succesfully!
shapes data imported succesfully!
shapes data imported succesfully!
shapes data imported succesfully!
shapes data imported succesfully!
shapes data imported succesfully!
shapes data imported succesfully!
shapes data imported succesfully!
shapes data imported succesfully!
shapes data imported succesfully!
shapes data imported succesfully!
shapes data imported succesfully!
shapes data imported succesfully!
shapes data imported succesfully!
shapes data imported succesfully!
shapes data imported succesfully!
shapes data imported succesfully!
shapes data imported succesfully!
shapes data imported succesfully!
shapes data imported succesfully!
shapes data imported succesfully!
shapes data imported succesfully!
shapes data imported succesfully!
shapes data imported succesfully!
shapes data imported succesfully!
shapes data imported succesfully!
shapes data imported succesfully!
shapes data imported succesfully!
shapes data imported succesfully!
shapes data imported succesfully!
shapes data imported succesfully!
shapes data imported succesfully!
shapes data imported succesfully!
shapes data imported succesfully!
shapes data imported succesfully!
shapes data imported succesfully!
shapes data imported succesfully!
shapes data imported succesfully!
shapes data imported succesfully!
shapes data imported succesfully!
shapes data imported succesfully!
shapes data imported succesfully!
shapes data imported succesfully!
shapes data imported succesfully!
shapes data imported succesfully!
shapes data imported succesfully!
shapes data imported succesfully!
shapes data imported succesfully!
shapes data imported succesfully!
shapes data imported succesfully!
shapes data imported succesfully!
shapes data imported succesfully!
shapes data imported succesfully!
shapes data imported succesfully!
shapes data imported succesfully!
shapes data imported succesfully!
shapes data imported succesfully!
shapes data imported succesfully!
shapes data imported succesfully!
shapes data imported succesfully!
shapes data imported succesfully!
shapes data imported succesfully!
shapes data imported succesfully!
shapes data imported succesfully!
shapes data imported succesfully!
shapes data imported succesfully!
shapes data imported succesfully!
shapes data imported succesfully!
shapes data imported succesfully!
shapes data imported succesfully!
shapes data imported succesfully!
shapes data imported succesfully!
shapes data imported succesfully!
shapes data imported succesfully!
shapes data imported succesfully!
shapes data imported succesfully!
shapes data imported succesfully!
shapes data imported succesfully!
shapes data imported succesfully!
shapes data imported succesfully!
shapes data imported succesfully!
shapes data imported succesfully!
shapes data imported succesfully!
shapes data imported succesfully!
shapes data imported succesfully!
shapes data imported succesfully!
shapes data imported succesfully!
shapes data imported succesfully!
shapes data imported succesfully!
shapes data imported succesfully!
shapes data imported succesfully!
shapes data imported succesfully!
shapes data imported succesfully!
shapes data imported succesfully!
shapes data imported succesfully!
shapes data imported succesfully!
shapes data imported succesfully!
shapes data imported succesfully!
shapes data imported succesfully!
shapes data imported succesfully!
shapes data imported succesfully!
shapes data imported succesfully!
shapes data imported succesfully!
shapes data imported succesfully!
shapes data imported succesfully!
shapes data imported succesfully!
shapes data imported succesfully!
shapes data imported succesfully!
shapes data imported succesfully!
shapes data imported succesfully!
shapes data imported succesfully!
shapes data imported succesfully!
shapes data imported succesfully!
shapes data imported succesfully!
shapes data imported succesfully!
shapes data imported succesfully!
shapes data imported succesfully!
shapes data imported succesfully!
shapes data imported succesfully!
shapes data imported succesfully!
shapes data imported succesfully!
shapes data imported succesfully!
shapes data imported succesfully!
shapes data imported succesfully!
shapes data imported succesfully!
shapes data imported succesfully!
shapes data imported succesfully!
shapes data imported succesfully!
shapes data imported succesfully!
shapes data imported succesfully!
shapes data imported succesfully!
shapes data imported succesfully!
shapes data imported succesfully!
shapes data imported succesfully!
shapes data imported succesfully!
shapes data imported succesfully!
shapes data imported succesfully!
shapes data imported succesfully!
shapes data imported succesfully!
shapes data imported succesfully!
shapes data imported succesfully!
shapes data imported succesfully!
shapes data imported succesfully!
shapes data imported succesfully!
shapes data imported succesfully!
shapes data imported succesfully!
shapes data imported succesfully!
shapes data imported succesfully!
shapes data imported succesfully!
shapes data imported succesfully!
shapes data imported succesfully!
shapes data imported succesfully!
shapes data imported succesfully!
shapes data imported succesfully!
shapes data imported succesfully!
shapes data imported succesfully!
shapes data imported succesfully!
shapes data imported succesfully!
shapes data imported succesfully!
shapes data imported succesfully!
shapes data imported succesfully!
shapes data imported succesfully!
shapes data imported succesfully!
shapes data imported succesfully!
shapes data imported succesfully!
shapes data imported succesfully!
shapes data imported succesfully!
shapes data imported succesfully!
shapes data imported succesfully!
shapes data imported succesfully!
shapes data imported succesfully!
shapes data imported succesfully!
shapes data imported succesfully!
shapes data imported succesfully!
shapes data imported succesfully!
shapes data imported succesfully!
shapes data imported succesfully!
shapes data imported succesfully!
shapes data imported succesfully!
shapes data imported succesfully!
shapes data imported succesfully!
shapes data imported succesfully!
shapes data imported succesfully!
shapes data imported succesfully!
shapes data imported succesfully!
shapes data imported succesfully!
shapes data imported succesfully!
shapes data imported succesfully!
shapes data imported succesfully!
shapes data imported succesfully!
shapes data imported succesfully!
shapes data imported succesfully!
shapes data imported succesfully!
shapes data imported succesfully!
shapes data imported succesfully!
shapes data imported succesfully!
shapes data imported succesfully!
shapes data imported succesfully!
shapes data imported succesfully!
shapes data imported succesfully!
shapes data imported succesfully!
shapes data imported succesfully!
shapes data imported succesfully!
shapes data imported succesfully!
shapes data imported succesfully!
shapes data imported succesfully!
shapes data imported succesfully!
shapes data imported succesfully!
shapes data imported succesfully!
shapes data imported succesfully!
shapes data imported succesfully!
shapes data imported succesfully!
shapes data imported succesfully!
shapes data imported succesfully!
shapes data imported succesfully!
shapes data imported succesfully!
shapes data imported succesfully!
shapes data imported succesfully!
shapes data imported succesfully!
shapes data imported succesfully!
shapes data imported succesfully!
shapes data imported succesfully!
shapes data imported succesfully!
shapes data imported succesfully!
shapes data imported succesfully!
shapes data imported succesfully!
shapes data imported succesfully!
shapes data imported succesfully!
shapes data imported succesfully!
shapes data imported succesfully!
shapes data imported succesfully!
shapes data imported succesfully!
shapes data imported succesfully!
shapes data imported succesfully!
shapes data imported succesfully!
shapes data imported succesfully!
shapes data imported succesfully!
shapes data imported succesfully!
shapes data imported succesfully!
shapes data imported succesfully!
shapes data imported succesfully!
shapes data imported succesfully!
shapes data imported succesfully!
shapes data imported succesfully!
shapes data imported succesfully!
shapes data imported succesfully!
shapes data imported succesfully!
shapes data imported succesfully!
shapes data imported succesfully!
shapes data imported succesfully!
shapes data imported succesfully!
shapes data imported succesfully!
shapes data imported succesfully!
shapes data imported succesfully!
shapes data imported succesfully!
shapes data imported succesfully!
shapes data imported succesfully!
shapes data imported succesfully!
shapes data imported succesfully!
shapes data imported succesfully!
shapes data imported succesfully!
shapes data imported succesfully!
shapes data imported succesfully!
shapes data imported succesfully!
shapes data imported succesfully!
shapes data imported succesfully!
shapes data imported succesfully!
shapes data imported succesfully!
shapes data imported succesfully!
shapes data imported succesfully!
shapes data imported succesfully!
shapes data imported succesfully!
shapes data imported succesfully!
shapes data imported succesfully!
shapes data imported succesfully!
shapes data imported succesfully!
shapes data imported succesfully!
shapes data imported succesfully!
shapes data imported succesfully!
shapes data imported succesfully!
shapes data imported succesfully!
shapes data imported succesfully!
shapes data imported succesfully!
shapes data imported succesfully!
shapes data imported succesfully!
shapes data imported succesfully!
shapes data imported succesfully!
shapes data imported succesfully!
shapes data imported succesfully!
shapes data imported succesfully!
shapes data imported succesfully!
shapes data imported succesfully!
shapes data imported succesfully!
shapes data imported succesfully!
shapes data imported succesfully!
shapes data imported succesfully!
shapes data imported succesfully!
shapes data imported succesfully!
shapes data imported succesfully!
shapes data imported succesfully!
shapes data imported succesfully!
shapes data imported succesfully!
shapes data imported succesfully!
shapes data imported succesfully!
shapes data imported succesfully!
shapes data imported succesfully!
shapes data imported succesfully!
shapes data imported succesfully!
shapes data imported succesfully!
shapes data imported succesfully!
shapes data imported succesfully!
shapes data imported succesfully!
shapes data imported succesfully!
shapes data imported succesfully!
shapes data imported succesfully!
shapes data imported succesfully!
shapes data imported succesfully!
shapes data imported succesfully!
shapes data imported succesfully!
shapes data imported succesfully!
shapes data imported succesfully!
shapes data imported succesfully!
shapes data imported succesfully!
shapes data imported succesfully!
shapes data imported succesfully!
shapes data imported succesfully!
shapes data imported succesfully!
shapes data imported succesfully!
shapes data imported succesfully!
shapes data imported succesfully!
shapes data imported succesfully!
shapes data imported succesfully!
shapes data imported succesfully!
shapes data imported succesfully!
shapes data imported succesfully!
shapes data imported succesfully!
shapes data imported succesfully!
shapes data imported succesfully!
shapes data imported succesfully!
shapes data imported succesfully!
shapes data imported succesfully!
shapes data imported succesfully!
shapes data imported succesfully!
shapes data imported succesfully!
shapes data imported succesfully!
shapes data imported succesfully!
shapes data imported succesfully!
shapes data imported succesfully!
shapes data imported succesfully!
shapes data imported succesfully!
shapes data imported succesfully!
shapes data imported succesfully!
shapes data imported succesfully!
shapes data imported succesfully!
shapes data imported succesfully!
shapes data imported succesfully!
shapes data imported succesfully!
shapes data imported succesfully!
shapes data imported succesfully!
shapes data imported succesfully!
shapes data imported succesfully!
shapes data imported succesfully!
shapes data imported succesfully!
shapes data imported succesfully!
shapes data imported succesfully!
shapes data imported succesfully!
shapes data imported succesfully!
shapes data imported succesfully!
shapes data imported succesfully!
shapes data imported succesfully!
shapes data imported succesfully!
shapes data imported succesfully!
shapes data imported succesfully!
shapes data imported succesfully!
shapes data imported succesfully!
shapes data imported succesfully!
shapes data imported succesfully!
shapes data imported succesfully!
shapes data imported succesfully!
shapes data imported succesfully!
shapes data imported succesfully!
shapes data imported succesfully!
shapes data imported succesfully!
shapes data imported succesfully!
shapes data imported succesfully!
shapes data imported succesfully!
shapes data imported succesfully!
shapes data imported succesfully!
shapes data imported succesfully!
shapes data imported succesfully!
shapes data imported succesfully!
shapes data imported succesfully!
shapes data imported succesfully!
shapes data imported succesfully!
shapes data imported succesfully!
shapes data imported succesfully!
shapes data imported succesfully!
shapes data imported succesfully!
shapes data imported succesfully!
shapes data imported succesfully!
shapes data imported succesfully!
shapes data imported succesfully!
shapes data imported succesfully!
shapes data imported succesfully!
shapes data imported succesfully!
shapes data imported succesfully!
shapes data imported succesfully!
shapes data imported succesfully!
shapes data imported succesfully!
shapes data imported succesfully!
shapes data imported succesfully!
shapes data imported succesfully!
shapes data imported succesfully!
shapes data imported succesfully!
shapes data imported succesfully!
shapes data imported succesfully!
shapes data imported succesfully!
shapes data imported succesfully!
shapes data imported succesfully!
shapes data imported succesfully!
shapes data imported succesfully!
shapes data imported succesfully!
shapes data imported succesfully!
shapes data imported succesfully!
shapes data imported succesfully!
shapes data imported succesfully!
shapes data imported succesfully!
shapes data imported succesfully!
shapes data imported succesfully!
shapes data imported succesfully!
shapes data imported succesfully!
shapes data imported succesfully!
shapes data imported succesfully!
shapes data imported succesfully!
shapes data imported succesfully!
shapes data imported succesfully!
shapes data imported succesfully!
shapes data imported succesfully!
shapes data imported succesfully!
shapes data imported succesfully!
shapes data imported succesfully!
shapes data imported succesfully!
shapes data imported succesfully!
shapes data imported succesfully!
shapes data imported succesfully!
shapes data imported succesfully!
shapes data imported succesfully!
shapes data imported succesfully!
shapes data imported succesfully!
shapes data imported succesfully!
shapes data imported succesfully!
shapes data imported succesfully!
shapes data imported succesfully!
shapes data imported succesfully!
shapes data imported succesfully!
shapes data imported succesfully!
shapes data imported succesfully!
shapes data imported succesfully!
shapes data imported succesfully!
shapes data imported succesfully!
shapes data imported succesfully!
shapes data imported succesfully!
shapes data imported succesfully!
shapes data imported succesfully!
shapes data imported succesfully!
shapes data imported succesfully!
shapes data imported succesfully!
shapes data imported succesfully!
shapes data imported succesfully!
shapes data imported succesfully!
shapes data imported succesfully!
shapes data imported succesfully!
shapes data imported succesfully!
shapes data imported succesfully!
shapes data imported succesfully!
shapes data imported succesfully!
shapes data imported succesfully!
shapes data imported succesfully!
shapes data imported succesfully!
shapes data imported succesfully!
shapes data imported succesfully!
shapes data imported succesfully!
shapes data imported succesfully!
shapes data imported succesfully!
shapes data imported succesfully!
shapes data imported succesfully!
shapes data imported succesfully!
shapes data imported succesfully!
shapes data imported succesfully!
shapes data imported succesfully!
shapes data imported succesfully!
shapes data imported succesfully!
shapes data imported succesfully!
shapes data imported succesfully!
shapes data imported succesfully!
shapes data imported succesfully!
shapes data imported succesfully!
shapes data imported succesfully!
shapes data imported succesfully!
shapes data imported succesfully!
shapes data imported succesfully!
shapes data imported succesfully!
shapes data imported succesfully!
shapes data imported succesfully!
shapes data imported succesfully!
shapes data imported succesfully!
shapes data imported succesfully!
shapes data imported succesfully!
shapes data imported succesfully!
shapes data imported succesfully!
shapes data imported succesfully!
shapes data imported succesfully!
shapes data imported succesfully!
shapes data imported succesfully!
shapes data imported succesfully!
shapes data imported succesfully!
shapes data imported succesfully!
shapes data imported succesfully!
shapes data imported succesfully!
shapes data imported succesfully!
shapes data imported succesfully!
shapes data imported succesfully!
shapes data imported succesfully!
shapes data imported succesfully!
shapes data imported succesfully!
shapes data imported succesfully!
shapes data imported succesfully!
shapes data imported succesfully!
shapes data imported succesfully!
shapes data imported succesfully!
shapes data imported succesfully!
shapes data imported succesfully!
shapes data imported succesfully!
shapes data imported succesfully!
shapes data imported succesfully!
shapes data imported succesfully!
shapes data imported succesfully!
shapes data imported succesfully!
shapes data imported succesfully!
shapes data imported succesfully!
shapes data imported succesfully!
shapes data imported succesfully!
shapes data imported succesfully!
shapes data imported succesfully!
shapes data imported succesfully!
shapes data imported succesfully!
shapes data imported succesfully!
shapes data imported succesfully!
shapes data imported succesfully!
shapes data imported succesfully!
shapes data imported succesfully!
shapes data imported succesfully!
shapes data imported succesfully!
shapes data imported succesfully!
shapes data imported succesfully!
shapes data imported succesfully!
shapes data imported succesfully!
shapes data imported succesfully!
shapes data imported succesfully!
shapes data imported succesfully!
shapes data imported succesfully!
shapes data imported succesfully!
shapes data imported succesfully!
shapes data imported succesfully!
shapes data imported succesfully!
shapes data imported succesfully!
shapes data imported succesfully!
shapes data imported succesfully!
shapes data imported succesfully!
shapes data imported succesfully!
shapes data imported succesfully!
shapes data imported succesfully!
shapes data imported succesfully!
shapes data imported succesfully!
shapes data imported succesfully!
shapes data imported succesfully!
shapes data imported succesfully!
shapes data imported succesfully!
shapes data imported succesfully!
shapes data imported succesfully!
shapes data imported succesfully!
shapes data imported succesfully!
shapes data imported succesfully!
shapes data imported succesfully!
shapes data imported succesfully!
shapes data imported succesfully!
shapes data imported succesfully!
shapes data imported succesfully!
shapes data imported succesfully!
shapes data imported succesfully!
shapes data imported succesfully!
shapes data imported succesfully!
shapes data imported succesfully!
shapes data imported succesfully!
shapes data imported succesfully!
shapes data imported succesfully!
shapes data imported succesfully!
shapes data imported succesfully!
shapes data imported succesfully!
shapes data imported succesfully!
shapes data imported succesfully!
shapes data imported succesfully!
shapes data imported succesfully!
shapes data imported succesfully!
shapes data imported succesfully!
shapes data imported succesfully!
shapes data imported succesfully!
shapes data imported succesfully!
shapes data imported succesfully!
shapes data imported succesfully!
shapes data imported succesfully!
shapes data imported succesfully!
shapes data imported succesfully!
shapes data imported succesfully!
shapes data imported succesfully!
shapes data imported succesfully!
shapes data imported succesfully!
shapes data imported succesfully!
shapes data imported succesfully!
shapes data imported succesfully!
shapes data imported succesfully!
shapes data imported succesfully!
shapes data imported succesfully!
shapes data imported succesfully!
shapes data imported succesfully!
shapes data imported succesfully!
shapes data imported succesfully!
shapes data imported succesfully!
shapes data imported succesfully!
shapes data imported succesfully!
shapes data imported succesfully!
shapes data imported succesfully!
shapes data imported succesfully!
shapes data imported succesfully!
shapes data imported succesfully!
shapes data imported succesfully!
shapes data imported succesfully!
shapes data imported succesfully!
shapes data imported succesfully!
shapes data imported succesfully!
shapes data imported succesfully!
shapes data imported succesfully!
shapes data imported succesfully!
shapes data imported succesfully!
shapes data imported succesfully!
shapes data imported succesfully!
shapes data imported succesfully!
shapes data imported succesfully!
shapes data imported succesfully!
shapes data imported succesfully!
shapes data imported succesfully!
shapes data imported succesfully!
shapes data imported succesfully!
shapes data imported succesfully!
shapes data imported succesfully!
shapes data imported succesfully!
shapes data imported succesfully!
shapes data imported succesfully!
shapes data imported succesfully!
shapes data imported succesfully!
shapes data imported succesfully!
shapes data imported succesfully!
shapes data imported succesfully!
shapes data imported succesfully!
shapes data imported succesfully!
shapes data imported succesfully!
shapes data imported succesfully!
shapes data imported succesfully!
shapes data imported succesfully!
shapes data imported succesfully!
shapes data imported succesfully!
shapes data imported succesfully!
shapes data imported succesfully!
shapes data imported succesfully!
shapes data imported succesfully!
shapes data imported succesfully!
shapes data imported succesfully!
shapes data imported succesfully!
shapes data imported succesfully!
shapes data imported succesfully!
shapes data imported succesfully!
shapes data imported succesfully!
shapes data imported succesfully!
shapes data imported succesfully!
shapes data imported succesfully!
shapes data imported succesfully!
shapes data imported succesfully!
shapes data imported succesfully!
shapes data imported succesfully!
shapes data imported succesfully!
shapes data imported succesfully!
shapes data imported succesfully!
shapes data imported succesfully!
shapes data imported succesfully!
shapes data imported succesfully!
shapes data imported succesfully!
shapes data imported succesfully!
shapes data imported succesfully!
shapes data imported succesfully!
shapes data imported succesfully!
shapes data imported succesfully!
shapes data imported succesfully!
shapes data imported succesfully!
shapes data imported succesfully!
shapes data imported succesfully!
shapes data imported succesfully!
shapes data imported succesfully!
shapes data imported succesfully!
shapes data imported succesfully!
shapes data imported succesfully!
shapes data imported succesfully!
shapes data imported succesfully!
shapes data imported succesfully!
shapes data imported succesfully!
shapes data imported succesfully!
shapes data imported succesfully!
shapes data imported succesfully!
shapes data imported succesfully!
shapes data imported succesfully!
shapes data imported succesfully!
shapes data imported succesfully!
shapes data imported succesfully!
shapes data imported succesfully!
shapes data imported succesfully!
shapes data imported succesfully!
shapes data imported succesfully!
shapes data imported succesfully!
shapes data imported succesfully!
shapes data imported succesfully!
shapes data imported succesfully!
shapes data imported succesfully!
shapes data imported succesfully!
shapes data imported succesfully!
shapes data imported succesfully!
shapes data imported succesfully!
shapes data imported succesfully!
shapes data imported succesfully!
shapes data imported succesfully!
shapes data imported succesfully!
shapes data imported succesfully!
shapes data imported succesfully!
shapes data imported succesfully!
shapes data imported succesfully!
shapes data imported succesfully!
shapes data imported succesfully!
shapes data imported succesfully!
shapes data imported succesfully!
shapes data imported succesfully!
shapes data imported succesfully!
shapes data imported succesfully!
shapes data imported succesfully!
shapes data imported succesfully!
shapes data imported succesfully!
shapes data imported succesfully!
shapes data imported succesfully!
shapes data imported succesfully!
shapes data imported succesfully!
shapes data imported succesfully!
shapes data imported succesfully!
shapes data imported succesfully!
shapes data imported succesfully!
shapes data imported succesfully!
shapes data imported succesfully!
shapes data imported succesfully!
shapes data imported succesfully!
shapes data imported succesfully!
shapes data imported succesfully!
shapes data imported succesfully!
shapes data imported succesfully!
shapes data imported succesfully!
shapes data imported succesfully!
shapes data imported succesfully!
shapes data imported succesfully!
shapes data imported succesfully!
shapes data imported succesfully!
shapes data imported succesfully!
shapes data imported succesfully!
shapes data imported succesfully!
shapes data imported succesfully!
shapes data imported succesfully!
shapes data imported succesfully!
shapes data imported succesfully!
shapes data imported succesfully!
shapes data imported succesfully!
shapes data imported succesfully!
shapes data imported succesfully!
shapes data imported succesfully!
shapes data imported succesfully!
shapes data imported succesfully!
shapes data imported succesfully!
shapes data imported succesfully!
shapes data imported succesfully!
shapes data imported succesfully!
shapes data imported succesfully!
shapes data imported succesfully!
shapes data imported succesfully!
shapes data imported succesfully!
shapes data imported succesfully!
shapes data imported succesfully!
shapes data imported succesfully!
shapes data imported succesfully!
shapes data imported succesfully!
shapes data imported succesfully!
shapes data imported succesfully!
shapes data imported succesfully!
shapes data imported succesfully!
shapes data imported succesfully!
shapes data imported succesfully!
shapes data imported succesfully!
shapes data imported succesfully!
shapes data imported succesfully!
shapes data imported succesfully!
shapes data imported succesfully!
shapes data imported succesfully!
shapes data imported succesfully!
shapes data imported succesfully!
shapes data imported succesfully!
shapes data imported succesfully!
shapes data imported succesfully!
shapes data imported succesfully!
shapes data imported succesfully!
shapes data imported succesfully!
shapes data imported succesfully!
shapes data imported succesfully!
shapes data imported succesfully!
shapes data imported succesfully!
shapes data imported succesfully!
shapes data imported succesfully!
shapes data imported succesfully!
shapes data imported succesfully!
shapes data imported succesfully!
shapes data imported succesfully!
shapes data imported succesfully!
shapes data imported succesfully!
shapes data imported succesfully!
shapes data imported succesfully!
shapes data imported succesfully!
shapes data imported succesfully!
shapes data imported succesfully!
shapes data imported succesfully!
shapes data imported succesfully!
shapes data imported succesfully!
shapes data imported succesfully!
shapes data imported succesfully!
shapes data imported succesfully!
shapes data imported succesfully!
shapes data imported succesfully!
shapes data imported succesfully!
shapes data imported succesfully!
shapes data imported succesfully!
shapes data imported succesfully!
shapes data imported succesfully!
shapes data imported succesfully!
shapes data imported succesfully!
shapes data imported succesfully!
shapes data imported succesfully!
shapes data imported succesfully!
shapes data imported succesfully!
shapes data imported succesfully!
shapes data imported succesfully!
shapes data imported succesfully!
shapes data imported succesfully!
shapes data imported succesfully!
shapes data imported succesfully!
shapes data imported succesfully!
shapes data imported succesfully!
shapes data imported succesfully!
shapes data imported succesfully!
shapes data imported succesfully!
shapes data imported succesfully!
shapes data imported succesfully!
shapes data imported succesfully!
shapes data imported succesfully!
shapes data imported succesfully!
shapes data imported succesfully!
shapes data imported succesfully!
shapes data imported succesfully!
shapes data imported succesfully!
shapes data imported succesfully!
shapes data imported succesfully!
shapes data imported succesfully!
shapes data imported succesfully!
shapes data imported succesfully!
shapes data imported succesfully!
shapes data imported succesfully!
shapes data imported succesfully!
shapes data imported succesfully!
shapes data imported succesfully!
shapes data imported succesfully!
shapes data imported succesfully!
shapes data imported succesfully!
shapes data imported succesfully!
shapes data imported succesfully!
shapes data imported succesfully!
shapes data imported succesfully!
shapes data imported succesfully!
shapes data imported succesfully!
shapes data imported succesfully!
shapes data imported succesfully!
shapes data imported succesfully!
shapes data imported succesfully!
shapes data imported succesfully!
shapes data imported succesfully!
shapes data imported succesfully!
shapes data imported succesfully!
shapes data imported succesfully!
shapes data imported succesfully!
shapes data imported succesfully!
shapes data imported succesfully!
shapes data imported succesfully!
shapes data imported succesfully!
shapes data imported succesfully!
shapes data imported succesfully!
shapes data imported succesfully!
shapes data imported succesfully!
shapes data imported succesfully!
shapes data imported succesfully!
shapes data imported succesfully!
shapes data imported succesfully!
shapes data imported succesfully!
shapes data imported succesfully!
shapes data imported succesfully!
shapes data imported succesfully!
shapes data imported succesfully!
shapes data imported succesfully!
shapes data imported succesfully!
shapes data imported succesfully!
shapes data imported succesfully!
shapes data imported succesfully!
shapes data imported succesfully!
shapes data imported succesfully!
shapes data imported succesfully!
shapes data imported succesfully!
shapes data imported succesfully!
shapes data imported succesfully!
shapes data imported succesfully!
shapes data imported succesfully!
shapes data imported succesfully!
shapes data imported succesfully!
shapes data imported succesfully!
shapes data imported succesfully!
shapes data imported succesfully!
shapes data imported succesfully!
shapes data imported succesfully!
shapes data imported succesfully!
shapes data imported succesfully!
shapes data imported succesfully!
shapes data imported succesfully!
shapes data imported succesfully!
shapes data imported succesfully!
shapes data imported succesfully!
shapes data imported succesfully!
shapes data imported succesfully!
shapes data imported succesfully!
shapes data imported succesfully!
shapes data imported succesfully!
shapes data imported succesfully!
shapes data imported succesfully!
shapes data imported succesfully!
shapes data imported succesfully!
shapes data imported succesfully!
shapes data imported succesfully!
shapes data imported succesfully!
shapes data imported succesfully!
shapes data imported succesfully!
shapes data imported succesfully!
shapes data imported succesfully!
shapes data imported succesfully!
shapes data imported succesfully!
shapes data imported succesfully!
shapes data imported succesfully!
shapes data imported succesfully!
shapes data imported succesfully!
shapes data imported succesfully!
shapes data imported succesfully!
shapes data imported succesfully!
shapes data imported succesfully!
shapes data imported succesfully!
shapes data imported succesfully!
shapes data imported succesfully!
shapes data imported succesfully!
shapes data imported succesfully!
shapes data imported succesfully!
shapes data imported succesfully!
shapes data imported succesfully!
shapes data imported succesfully!
shapes data imported succesfully!
shapes data imported succesfully!
shapes data imported succesfully!
shapes data imported succesfully!
shapes data imported succesfully!
shapes data imported succesfully!
shapes data imported succesfully!
shapes data imported succesfully!
shapes data imported succesfully!
shapes data imported succesfully!
shapes data imported succesfully!
shapes data imported succesfully!
shapes data imported succesfully!
shapes data imported succesfully!
shapes data imported succesfully!
shapes data imported succesfully!
shapes data imported succesfully!
shapes data imported succesfully!
shapes data imported succesfully!
shapes data imported succesfully!
shapes data imported succesfully!
shapes data imported succesfully!
shapes data imported succesfully!
shapes data imported succesfully!
shapes data imported succesfully!
shapes data imported succesfully!
shapes data imported succesfully!
shapes data imported succesfully!
shapes data imported succesfully!
shapes data imported succesfully!
shapes data imported succesfully!
shapes data imported succesfully!
shapes data imported succesfully!
shapes data imported succesfully!
shapes data imported succesfully!
shapes data imported succesfully!
shapes data imported succesfully!
shapes data imported succesfully!
shapes data imported succesfully!
shapes data imported succesfully!
shapes data imported succesfully!
shapes data imported succesfully!
shapes data imported succesfully!
shapes data imported succesfully!
shapes data imported succesfully!
shapes data imported succesfully!
shapes data imported succesfully!
shapes data imported succesfully!
shapes data imported succesfully!
shapes data imported succesfully!
shapes data imported succesfully!
shapes data imported succesfully!
shapes data imported succesfully!
shapes data imported succesfully!
shapes data imported succesfully!
shapes data imported succesfully!
shapes data imported succesfully!
shapes data imported succesfully!
shapes data imported succesfully!
shapes data imported succesfully!
shapes data imported succesfully!
shapes data imported succesfully!
shapes data imported succesfully!
shapes data imported succesfully!
shapes data imported succesfully!
shapes data imported succesfully!
shapes data imported succesfully!
shapes data imported succesfully!
shapes data imported succesfully!
shapes data imported succesfully!
shapes data imported succesfully!
shapes data imported succesfully!
shapes data imported succesfully!
shapes data imported succesfully!
shapes data imported succesfully!
shapes data imported succesfully!
shapes data imported succesfully!
shapes data imported succesfully!
shapes data imported succesfully!
shapes data imported succesfully!
shapes data imported succesfully!
shapes data imported succesfully!
shapes data imported succesfully!
shapes data imported succesfully!
shapes data imported succesfully!
shapes data imported succesfully!
shapes data imported succesfully!
shapes data imported succesfully!
shapes data imported succesfully!
shapes data imported succesfully!
shapes data imported succesfully!
shapes data imported succesfully!
shapes data imported succesfully!
shapes data imported succesfully!
shapes data imported succesfully!
shapes data imported succesfully!
shapes data imported succesfully!
shapes data imported succesfully!
shapes data imported succesfully!
shapes data imported succesfully!
shapes data imported succesfully!
shapes data imported succesfully!
shapes data imported succesfully!
shapes data imported succesfully!
shapes data imported succesfully!
shapes data imported succesfully!
shapes data imported succesfully!
shapes data imported succesfully!
shapes data imported succesfully!
shapes data imported succesfully!
shapes data imported succesfully!
shapes data imported succesfully!
shapes data imported succesfully!
shapes data imported succesfully!
shapes data imported succesfully!
shapes data imported succesfully!
shapes data imported succesfully!
shapes data imported succesfully!
shapes data imported succesfully!
shapes data imported succesfully!
shapes data imported succesfully!
shapes data imported succesfully!
shapes data imported succesfully!
shapes data imported succesfully!
shapes data imported succesfully!
shapes data imported succesfully!
shapes data imported succesfully!
shapes data imported succesfully!
shapes data imported succesfully!
shapes data imported succesfully!
shapes data imported succesfully!
shapes data imported succesfully!
shapes data imported succesfully!
shapes data imported succesfully!
shapes data imported succesfully!
shapes data imported succesfully!
shapes data imported succesfully!
shapes data imported succesfully!
shapes data imported succesfully!
shapes data imported succesfully!
shapes data imported succesfully!
shapes data imported succesfully!
shapes data imported succesfully!
shapes data imported succesfully!
shapes data imported succesfully!
shapes data imported succesfully!
shapes data imported succesfully!
shapes data imported succesfully!
shapes data imported succesfully!
shapes data imported succesfully!
shapes data imported succesfully!
shapes data imported succesfully!
shapes data imported succesfully!
shapes data imported succesfully!
shapes data imported succesfully!
shapes data imported succesfully!
shapes data imported succesfully!
shapes data imported succesfully!
shapes data imported succesfully!
shapes data imported succesfully!
shapes data imported succesfully!
shapes data imported succesfully!
shapes data imported succesfully!
shapes data imported succesfully!
shapes data imported succesfully!
shapes data imported succesfully!
shapes data imported succesfully!
shapes data imported succesfully!
shapes data imported succesfully!
shapes data imported succesfully!
shapes data imported succesfully!
shapes data imported succesfully!
shapes data imported succesfully!
shapes data imported succesfully!
shapes data imported succesfully!
shapes data imported succesfully!
shapes data imported succesfully!
shapes data imported succesfully!
shapes data imported succesfully!
shapes data imported succesfully!
shapes data imported succesfully!
shapes data imported succesfully!
shapes data imported succesfully!
shapes data imported succesfully!
shapes data imported succesfully!
shapes data imported succesfully!
shapes data imported succesfully!
shapes data imported succesfully!
shapes data imported succesfully!
shapes data imported succesfully!
shapes data imported succesfully!
shapes data imported succesfully!
shapes data imported succesfully!
shapes data imported succesfully!
shapes data imported succesfully!
shapes data imported succesfully!
shapes data imported succesfully!
shapes data imported succesfully!
shapes data imported succesfully!
shapes data imported succesfully!
shapes data imported succesfully!
shapes data imported succesfully!
shapes data imported succesfully!
shapes data imported succesfully!
shapes data imported succesfully!
shapes data imported succesfully!
shapes data imported succesfully!
shapes data imported succesfully!
shapes data imported succesfully!
shapes data imported succesfully!
shapes data imported succesfully!
shapes data imported succesfully!
shapes data imported succesfully!
shapes data imported succesfully!
shapes data imported succesfully!
shapes data imported succesfully!
shapes data imported succesfully!
shapes data imported succesfully!
shapes data imported succesfully!
shapes data imported succesfully!
shapes data imported succesfully!
shapes data imported succesfully!
shapes data imported succesfully!
shapes data imported succesfully!
shapes data imported succesfully!
shapes data imported succesfully!
shapes data imported succesfully!
shapes data imported succesfully!
shapes data imported succesfully!
shapes data imported succesfully!
shapes data imported succesfully!
shapes data imported succesfully!
shapes data imported succesfully!
shapes data imported succesfully!
shapes data imported succesfully!
shapes data imported succesfully!
shapes data imported succesfully!
shapes data imported succesfully!
shapes data imported succesfully!
shapes data imported succesfully!
shapes data imported succesfully!
shapes data imported succesfully!
shapes data imported succesfully!
shapes data imported succesfully!
shapes data imported succesfully!
shapes data imported succesfully!
shapes data imported succesfully!
shapes data imported succesfully!
shapes data imported succesfully!
shapes data imported succesfully!
shapes data imported succesfully!
shapes data imported succesfully!
shapes data imported succesfully!
shapes data imported succesfully!
shapes data imported succesfully!
shapes data imported succesfully!
shapes data imported succesfully!
shapes data imported succesfully!
shapes data imported succesfully!
shapes data imported succesfully!
shapes data imported succesfully!
shapes data imported succesfully!
shapes data imported succesfully!
shapes data imported succesfully!
shapes data imported succesfully!
shapes data imported succesfully!
shapes data imported succesfully!
shapes data imported succesfully!
shapes data imported succesfully!
shapes data imported succesfully!
shapes data imported succesfully!
shapes data imported succesfully!
shapes data imported succesfully!
shapes data imported succesfully!
shapes data imported succesfully!
shapes data imported succesfully!
shapes data imported succesfully!
shapes data imported succesfully!
shapes data imported succesfully!
shapes data imported succesfully!
shapes data imported succesfully!
shapes data imported succesfully!
shapes data imported succesfully!
shapes data imported succesfully!
shapes data imported succesfully!
shapes data imported succesfully!
shapes data imported succesfully!
shapes data imported succesfully!
shapes data imported succesfully!
shapes data imported succesfully!
shapes data imported succesfully!
shapes data imported succesfully!
shapes data imported succesfully!
shapes data imported succesfully!
shapes data imported succesfully!
shapes data imported succesfully!
shapes data imported succesfully!
shapes data imported succesfully!
shapes data imported succesfully!
shapes data imported succesfully!
shapes data imported succesfully!
shapes data imported succesfully!
shapes data imported succesfully!
shapes data imported succesfully!
shapes data imported succesfully!
shapes data imported succesfully!
shapes data imported succesfully!
shapes data imported succesfully!
shapes data imported succesfully!
shapes data imported succesfully!
shapes data imported succesfully!
shapes data imported succesfully!
shapes data imported succesfully!
shapes data imported succesfully!
shapes data imported succesfully!
shapes data imported succesfully!
shapes data imported succesfully!
shapes data imported succesfully!
shapes data imported succesfully!
shapes data imported succesfully!
shapes data imported succesfully!
shapes data imported succesfully!
shapes data imported succesfully!
shapes data imported succesfully!
shapes data imported succesfully!
shapes data imported succesfully!
shapes data imported succesfully!
shapes data imported succesfully!
shapes data imported succesfully!
shapes data imported succesfully!
shapes data imported succesfully!
shapes data imported succesfully!
shapes data imported succesfully!
shapes data imported succesfully!
shapes data imported succesfully!
shapes data imported succesfully!
shapes data imported succesfully!
shapes data imported succesfully!
shapes data imported succesfully!
shapes data imported succesfully!
shapes data imported succesfully!
shapes data imported succesfully!
shapes data imported succesfully!
shapes data imported succesfully!
shapes data imported succesfully!
shapes data imported succesfully!
shapes data imported succesfully!
shapes data imported succesfully!
shapes data imported succesfully!
shapes data imported succesfully!
shapes data imported succesfully!
shapes data imported succesfully!
shapes data imported succesfully!
shapes data imported succesfully!
shapes data imported succesfully!
shapes data imported succesfully!
shapes data imported succesfully!
shapes data imported succesfully!
shapes data imported succesfully!
shapes data imported succesfully!
shapes data imported succesfully!
shapes data imported succesfully!
shapes data imported succesfully!
shapes data imported succesfully!
shapes data imported succesfully!
shapes data imported succesfully!
shapes data imported succesfully!
shapes data imported succesfully!
shapes data imported succesfully!
shapes data imported succesfully!
shapes data imported succesfully!
shapes data imported succesfully!
shapes data imported succesfully!
shapes data imported succesfully!
shapes data imported succesfully!
shapes data imported succesfully!
shapes data imported succesfully!
shapes data imported succesfully!
shapes data imported succesfully!
shapes data imported succesfully!
shapes data imported succesfully!
shapes data imported succesfully!
shapes data imported succesfully!
shapes data imported succesfully!
shapes data imported succesfully!
shapes data imported succesfully!
shapes data imported succesfully!
shapes data imported succesfully!
shapes data imported succesfully!
shapes data imported succesfully!
shapes data imported succesfully!
shapes data imported succesfully!
shapes data imported succesfully!
shapes data imported succesfully!
shapes data imported succesfully!
shapes data imported succesfully!
shapes data imported succesfully!
shapes data imported succesfully!
shapes data imported succesfully!
shapes data imported succesfully!
shapes data imported succesfully!
shapes data imported succesfully!
shapes data imported succesfully!
shapes data imported succesfully!
shapes data imported succesfully!
shapes data imported succesfully!
shapes data imported succesfully!
shapes data imported succesfully!
shapes data imported succesfully!
shapes data imported succesfully!
shapes data imported succesfully!
shapes data imported succesfully!
shapes data imported succesfully!
shapes data imported succesfully!
shapes data imported succesfully!
shapes data imported succesfully!
shapes data imported succesfully!
shapes data imported succesfully!
shapes data imported succesfully!
shapes data imported succesfully!
shapes data imported succesfully!
shapes data imported succesfully!
shapes data imported succesfully!
shapes data imported succesfully!
shapes data imported succesfully!
shapes data imported succesfully!
shapes data imported succesfully!
shapes data imported succesfully!
shapes data imported succesfully!
shapes data imported succesfully!
shapes data imported succesfully!
shapes data imported succesfully!
shapes data imported succesfully!
shapes data imported succesfully!
shapes data imported succesfully!
shapes data imported succesfully!
shapes data imported succesfully!
shapes data imported succesfully!
shapes data imported succesfully!
shapes data imported succesfully!
shapes data imported succesfully!
shapes data imported succesfully!
shapes data imported succesfully!
shapes data imported succesfully!
shapes data imported succesfully!
shapes data imported succesfully!
shapes data imported succesfully!
shapes data imported succesfully!
shapes data imported succesfully!
shapes data imported succesfully!
shapes data imported succesfully!
shapes data imported succesfully!
shapes data imported succesfully!
shapes data imported succesfully!
shapes data imported succesfully!
shapes data imported succesfully!
shapes data imported succesfully!
shapes data imported succesfully!
shapes data imported succesfully!
shapes data imported succesfully!
shapes data imported succesfully!
shapes data imported succesfully!
shapes data imported succesfully!
shapes data imported succesfully!
shapes data imported succesfully!
shapes data imported succesfully!
shapes data imported succesfully!
shapes data imported succesfully!
shapes data imported succesfully!
shapes data imported succesfully!
shapes data imported succesfully!
shapes data imported succesfully!
shapes data imported succesfully!
shapes data imported succesfully!
shapes data imported succesfully!
shapes data imported succesfully!
shapes data imported succesfully!
shapes data imported succesfully!
shapes data imported succesfully!
shapes data imported succesfully!
shapes data imported succesfully!
shapes data imported succesfully!
shapes data imported succesfully!
shapes data imported succesfully!
shapes data imported succesfully!
shapes data imported succesfully!
shapes data imported succesfully!
shapes data imported succesfully!
shapes data imported succesfully!
shapes data imported succesfully!
shapes data imported succesfully!
shapes data imported succesfully!
shapes data imported succesfully!
shapes data imported succesfully!
shapes data imported succesfully!
shapes data imported succesfully!
shapes data imported succesfully!
shapes data imported succesfully!
shapes data imported succesfully!
shapes data imported succesfully!
shapes data imported succesfully!
shapes data imported succesfully!
shapes data imported succesfully!
shapes data imported succesfully!
shapes data imported succesfully!
shapes data imported succesfully!
shapes data imported succesfully!
shapes data imported succesfully!
shapes data imported succesfully!
shapes data imported succesfully!
shapes data imported succesfully!
shapes data imported succesfully!
shapes data imported succesfully!
shapes data imported succesfully!
shapes data imported succesfully!
shapes data imported succesfully!
shapes data imported succesfully!
shapes data imported succesfully!
shapes data imported succesfully!
shapes data imported succesfully!
shapes data imported succesfully!
shapes data imported succesfully!
shapes data imported succesfully!
shapes data imported succesfully!
shapes data imported succesfully!
shapes data imported succesfully!
shapes data imported succesfully!
shapes data imported succesfully!
shapes data imported succesfully!
shapes data imported succesfully!
shapes data imported succesfully!
shapes data imported succesfully!
shapes data imported succesfully!
shapes data imported succesfully!
shapes data imported succesfully!
shapes data imported succesfully!
shapes data imported succesfully!
shapes data imported succesfully!
shapes data imported succesfully!
shapes data imported succesfully!
shapes data imported succesfully!
shapes data imported succesfully!
shapes data imported succesfully!
shapes data imported succesfully!
shapes data imported succesfully!
shapes data imported succesfully!
shapes data imported succesfully!
shapes data imported succesfully!
shapes data imported succesfully!
shapes data imported succesfully!
shapes data imported succesfully!
shapes data imported succesfully!
shapes data imported succesfully!
shapes data imported succesfully!
shapes data imported succesfully!
shapes data imported succesfully!
shapes data imported succesfully!
shapes data imported succesfully!
shapes data imported succesfully!
shapes data imported succesfully!
shapes data imported succesfully!
shapes data imported succesfully!
shapes data imported succesfully!
shapes data imported succesfully!
shapes data imported succesfully!
shapes data imported succesfully!
shapes data imported succesfully!
shapes data imported succesfully!
shapes data imported succesfully!
shapes data imported succesfully!
shapes data imported succesfully!
shapes data imported succesfully!
shapes data imported succesfully!
shapes data imported succesfully!
shapes data imported succesfully!
shapes data imported succesfully!
shapes data imported succesfully!
shapes data imported succesfully!
shapes data imported succesfully!
shapes data imported succesfully!
shapes data imported succesfully!
shapes data imported succesfully!
shapes data imported succesfully!
shapes data imported succesfully!
shapes data imported succesfully!
shapes data imported succesfully!
shapes data imported succesfully!
shapes data imported succesfully!
shapes data imported succesfully!
shapes data imported succesfully!
shapes data imported succesfully!
shapes data imported succesfully!
shapes data imported succesfully!
shapes data imported succesfully!
shapes data imported succesfully!
shapes data imported succesfully!
shapes data imported succesfully!
shapes data imported succesfully!
shapes data imported succesfully!
shapes data imported succesfully!
shapes data imported succesfully!
shapes data imported succesfully!
shapes data imported succesfully!
shapes data imported succesfully!
shapes data imported succesfully!
shapes data imported succesfully!
shapes data imported succesfully!
shapes data imported succesfully!
shapes data imported succesfully!
shapes data imported succesfully!
shapes data imported succesfully!
shapes data imported succesfully!
shapes data imported succesfully!
shapes data imported succesfully!
shapes data imported succesfully!
shapes data imported succesfully!
shapes data imported succesfully!
shapes data imported succesfully!
shapes data imported succesfully!
shapes data imported succesfully!
shapes data imported succesfully!
shapes data imported succesfully!
shapes data imported succesfully!
shapes data imported succesfully!
shapes data imported succesfully!
shapes data imported succesfully!
shapes data imported succesfully!
shapes data imported succesfully!
shapes data imported succesfully!
shapes data imported succesfully!
shapes data imported succesfully!
shapes data imported succesfully!
shapes data imported succesfully!
shapes data imported succesfully!
shapes data imported succesfully!
shapes data imported succesfully!
shapes data imported succesfully!
shapes data imported succesfully!
shapes data imported succesfully!
shapes data imported succesfully!
shapes data imported succesfully!
shapes data imported succesfully!
shapes data imported succesfully!
shapes data imported succesfully!
shapes data imported succesfully!
shapes data imported succesfully!
shapes data imported succesfully!
shapes data imported succesfully!
shapes data imported succesfully!
shapes data imported succesfully!
shapes data imported succesfully!
shapes data imported succesfully!
shapes data imported succesfully!
shapes data imported succesfully!
shapes data imported succesfully!
shapes data imported succesfully!
shapes data imported succesfully!
shapes data imported succesfully!
shapes data imported succesfully!
shapes data imported succesfully!
shapes data imported succesfully!
shapes data imported succesfully!
shapes data imported succesfully!
shapes data imported succesfully!
shapes data imported succesfully!
shapes data imported succesfully!
shapes data imported succesfully!
shapes data imported succesfully!
shapes data imported succesfully!
shapes data imported succesfully!
shapes data imported succesfully!
shapes data imported succesfully!
shapes data imported succesfully!
shapes data imported succesfully!
shapes data imported succesfully!
shapes data imported succesfully!
shapes data imported succesfully!
shapes data imported succesfully!
shapes data imported succesfully!
shapes data imported succesfully!
shapes data imported succesfully!
shapes data imported succesfully!
shapes data imported succesfully!
shapes data imported succesfully!
shapes data imported succesfully!
shapes data imported succesfully!
shapes data imported succesfully!
shapes data imported succesfully!
shapes data imported succesfully!
shapes data imported succesfully!
shapes data imported succesfully!
shapes data imported succesfully!
shapes data imported succesfully!
shapes data imported succesfully!
shapes data imported succesfully!
shapes data imported succesfully!
shapes data imported succesfully!
shapes data imported succesfully!
shapes data imported succesfully!
shapes data imported succesfully!
shapes data imported succesfully!
shapes data imported succesfully!
shapes data imported succesfully!
shapes data imported succesfully!
shapes data imported succesfully!
shapes data imported succesfully!
shapes data imported succesfully!
shapes data imported succesfully!
shapes data imported succesfully!
shapes data imported succesfully!
shapes data imported succesfully!
shapes data imported succesfully!
shapes data imported succesfully!
shapes data imported succesfully!
shapes data imported succesfully!
shapes data imported succesfully!
shapes data imported succesfully!
shapes data imported succesfully!
shapes data imported succesfully!
shapes data imported succesfully!
shapes data imported succesfully!
shapes data imported succesfully!
shapes data imported succesfully!
shapes data imported succesfully!
shapes data imported succesfully!
shapes data imported succesfully!
shapes data imported succesfully!
shapes data imported succesfully!
shapes data imported succesfully!
shapes data imported succesfully!
shapes data imported succesfully!
shapes data imported succesfully!
shapes data imported succesfully!
shapes data imported succesfully!
shapes data imported succesfully!
shapes data imported succesfully!
shapes data imported succesfully!
shapes data imported succesfully!
shapes data imported succesfully!
shapes data imported succesfully!
shapes data imported succesfully!
shapes data imported succesfully!
shapes data imported succesfully!
shapes data imported succesfully!
shapes data imported succesfully!
shapes data imported succesfully!
shapes data imported succesfully!
shapes data imported succesfully!
shapes data imported succesfully!
shapes data imported succesfully!
shapes data imported succesfully!
shapes data imported succesfully!
shapes data imported succesfully!
shapes data imported succesfully!
shapes data imported succesfully!
shapes data imported succesfully!
shapes data imported succesfully!
shapes data imported succesfully!
shapes data imported succesfully!
shapes data imported succesfully!
shapes data imported succesfully!
shapes data imported succesfully!
shapes data imported succesfully!
shapes data imported succesfully!
shapes data imported succesfully!
shapes data imported succesfully!
shapes data imported succesfully!
shapes data imported succesfully!
shapes data imported succesfully!
shapes data imported succesfully!
shapes data imported succesfully!
shapes data imported succesfully!
shapes data imported succesfully!
shapes data imported succesfully!
shapes data imported succesfully!
shapes data imported succesfully!
shapes data imported succesfully!
shapes data imported succesfully!
shapes data imported succesfully!
shapes data imported succesfully!
shapes data imported succesfully!
shapes data imported succesfully!
shapes data imported succesfully!
shapes data imported succesfully!
shapes data imported succesfully!
shapes data imported succesfully!
shapes data imported succesfully!
shapes data imported succesfully!
shapes data imported succesfully!
shapes data imported succesfully!
shapes data imported succesfully!
shapes data imported succesfully!
shapes data imported succesfully!
shapes data imported succesfully!
shapes data imported succesfully!
shapes data imported succesfully!
shapes data imported succesfully!
shapes data imported succesfully!
shapes data imported succesfully!
shapes data imported succesfully!
shapes data imported succesfully!
shapes data imported succesfully!
shapes data imported succesfully!
shapes data imported succesfully!
shapes data imported succesfully!
shapes data imported succesfully!
shapes data imported succesfully!
shapes data imported succesfully!
shapes data imported succesfully!
shapes data imported succesfully!
shapes data imported succesfully!
shapes data imported succesfully!
shapes data imported succesfully!
shapes data imported succesfully!
shapes data imported succesfully!
shapes data imported succesfully!
shapes data imported succesfully!
shapes data imported succesfully!
shapes data imported succesfully!
shapes data imported succesfully!
shapes data imported succesfully!
shapes data imported succesfully!
shapes data imported succesfully!
shapes data imported succesfully!
shapes data imported succesfully!
shapes data imported succesfully!
shapes data imported succesfully!
shapes data imported succesfully!
shapes data imported succesfully!
shapes data imported succesfully!
shapes data imported succesfully!
shapes data imported succesfully!
shapes data imported succesfully!
shapes data imported succesfully!
shapes data imported succesfully!
shapes data imported succesfully!
shapes data imported succesfully!
shapes data imported succesfully!
shapes data imported succesfully!
shapes data imported succesfully!
shapes data imported succesfully!
shapes data imported succesfully!
shapes data imported succesfully!
shapes data imported succesfully!
shapes data imported succesfully!
shapes data imported succesfully!
shapes data imported succesfully!
shapes data imported succesfully!
shapes data imported succesfully!
shapes data imported succesfully!
shapes data imported succesfully!
shapes data imported succesfully!
shapes data imported succesfully!
shapes data imported succesfully!
shapes data imported succesfully!
shapes data imported succesfully!
shapes data imported succesfully!
shapes data imported succesfully!
shapes data imported succesfully!
shapes data imported succesfully!
shapes data imported succesfully!
shapes data imported succesfully!
shapes data imported succesfully!
shapes data imported succesfully!
shapes data imported succesfully!
shapes data imported succesfully!
shapes data imported succesfully!
shapes data imported succesfully!
shapes data imported succesfully!
shapes data imported succesfully!
shapes data imported succesfully!
shapes data imported succesfully!
shapes data imported succesfully!
shapes data imported succesfully!
shapes data imported succesfully!
shapes data imported succesfully!
shapes data imported succesfully!
shapes data imported succesfully!
shapes data imported succesfully!
shapes data imported succesfully!
shapes data imported succesfully!
shapes data imported succesfully!
shapes data imported succesfully!
shapes data imported succesfully!
shapes data imported succesfully!
shapes data imported succesfully!
shapes data imported succesfully!
shapes data imported succesfully!
shapes data imported succesfully!
shapes data imported succesfully!
shapes data imported succesfully!
shapes data imported succesfully!
shapes data imported succesfully!
shapes data imported succesfully!
shapes data imported succesfully!
shapes data imported succesfully!
shapes data imported succesfully!
shapes data imported succesfully!
shapes data imported succesfully!
shapes data imported succesfully!
shapes data imported succesfully!
shapes data imported succesfully!
shapes data imported succesfully!
shapes data imported succesfully!
shapes data imported succesfully!
shapes data imported succesfully!
shapes data imported succesfully!
shapes data imported succesfully!
shapes data imported succesfully!
shapes data imported succesfully!
shapes data imported succesfully!
shapes data imported succesfully!
shapes data imported succesfully!
shapes data imported succesfully!
shapes data imported succesfully!
shapes data imported succesfully!
shapes data imported succesfully!
shapes data imported succesfully!
shapes data imported succesfully!
shapes data imported succesfully!
shapes data imported succesfully!
shapes data imported succesfully!
shapes data imported succesfully!
shapes data imported succesfully!
shapes data imported succesfully!
shapes data imported succesfully!
shapes data imported succesfully!
shapes data imported succesfully!
shapes data imported succesfully!
shapes data imported succesfully!
shapes data imported succesfully!
shapes data imported succesfully!
shapes data imported succesfully!
shapes data imported succesfully!
shapes data imported succesfully!
shapes data imported succesfully!
shapes data imported succesfully!
shapes data imported succesfully!
shapes data imported succesfully!
shapes data imported succesfully!
shapes data imported succesfully!
shapes data imported succesfully!
shapes data imported succesfully!
shapes data imported succesfully!
shapes data imported succesfully!
shapes data imported succesfully!
shapes data imported succesfully!
shapes data imported succesfully!
shapes data imported succesfully!
shapes data imported succesfully!
shapes data imported succesfully!
shapes data imported succesfully!
shapes data imported succesfully!
shapes data imported succesfully!
shapes data imported succesfully!
shapes data imported succesfully!
shapes data imported succesfully!
shapes data imported succesfully!
shapes data imported succesfully!
shapes data imported succesfully!
shapes data imported succesfully!
shapes data imported succesfully!
shapes data imported succesfully!
shapes data imported succesfully!
shapes data imported succesfully!
shapes data imported succesfully!
shapes data imported succesfully!
shapes data imported succesfully!
shapes data imported succesfully!
shapes data imported succesfully!
shapes data imported succesfully!
shapes data imported succesfully!
shapes data imported succesfully!
shapes data imported succesfully!
shapes data imported succesfully!
shapes data imported succesfully!
shapes data imported succesfully!
shapes data imported succesfully!
shapes data imported succesfully!
shapes data imported succesfully!
shapes data imported succesfully!
shapes data imported succesfully!
shapes data imported succesfully!
shapes data imported succesfully!
shapes data imported succesfully!
shapes data imported succesfully!
shapes data imported succesfully!
shapes data imported succesfully!
shapes data imported succesfully!
shapes data imported succesfully!
shapes data imported succesfully!
shapes data imported succesfully!
shapes data imported succesfully!
shapes data imported succesfully!
shapes data imported succesfully!
shapes data imported succesfully!
shapes data imported succesfully!
shapes data imported succesfully!
shapes data imported succesfully!
shapes data imported succesfully!
shapes data imported succesfully!
shapes data imported succesfully!
shapes data imported succesfully!
shapes data imported succesfully!
shapes data imported succesfully!
shapes data imported succesfully!
shapes data imported succesfully!
shapes data imported succesfully!
shapes data imported succesfully!
shapes data imported succesfully!
shapes data imported succesfully!
shapes data imported succesfully!
shapes data imported succesfully!
shapes data imported succesfully!
shapes data imported succesfully!
shapes data imported succesfully!
shapes data imported succesfully!
shapes data imported succesfully!
shapes data imported succesfully!
shapes data imported succesfully!
shapes data imported succesfully!
shapes data imported succesfully!
shapes data imported succesfully!
shapes data imported succesfully!
shapes data imported succesfully!
shapes data imported succesfully!
shapes data imported succesfully!
shapes data imported succesfully!
shapes data imported succesfully!
shapes data imported succesfully!
shapes data imported succesfully!
shapes data imported succesfully!
shapes data imported succesfully!
shapes data imported succesfully!
shapes data imported succesfully!
shapes data imported succesfully!
shapes data imported succesfully!
shapes data imported succesfully!
shapes data imported succesfully!
shapes data imported succesfully!
shapes data imported succesfully!
shapes data imported succesfully!
shapes data imported succesfully!
shapes data imported succesfully!
shapes data imported succesfully!
shapes data imported succesfully!
shapes data imported succesfully!
shapes data imported succesfully!
shapes data imported succesfully!
shapes data imported succesfully!
shapes data imported succesfully!
shapes data imported succesfully!
shapes data imported succesfully!
shapes data imported succesfully!
shapes data imported succesfully!
shapes data imported succesfully!
shapes data imported succesfully!
shapes data imported succesfully!
shapes data imported succesfully!
shapes data imported succesfully!
shapes data imported succesfully!
shapes data imported succesfully!
shapes data imported succesfully!
shapes data imported succesfully!
shapes data imported succesfully!
shapes data imported succesfully!
shapes data imported succesfully!
shapes data imported succesfully!
shapes data imported succesfully!
shapes data imported succesfully!
shapes data imported succesfully!
shapes data imported succesfully!
shapes data imported succesfully!
shapes data imported succesfully!
shapes data imported succesfully!
shapes data imported succesfully!
shapes data imported succesfully!
shapes data imported succesfully!
shapes data imported succesfully!
shapes data imported succesfully!
shapes data imported succesfully!
shapes data imported succesfully!
shapes data imported succesfully!
shapes data imported succesfully!
shapes data imported succesfully!
shapes data imported succesfully!
shapes data imported succesfully!
shapes data imported succesfully!
shapes data imported succesfully!
shapes data imported succesfully!
shapes data imported succesfully!
shapes data imported succesfully!
shapes data imported succesfully!
shapes data imported succesfully!
shapes data imported succesfully!
shapes data imported succesfully!
shapes data imported succesfully!
shapes data imported succesfully!
shapes data imported succesfully!
shapes data imported succesfully!
shapes data imported succesfully!
shapes data imported succesfully!
shapes data imported succesfully!
shapes data imported succesfully!
shapes data imported succesfully!
shapes data imported succesfully!
shapes data imported succesfully!
shapes data imported succesfully!
shapes data imported succesfully!
shapes data imported succesfully!
shapes data imported succesfully!
shapes data imported succesfully!
shapes data imported succesfully!
shapes data imported succesfully!
shapes data imported succesfully!
shapes data imported succesfully!
shapes data imported succesfully!
shapes data imported succesfully!
shapes data imported succesfully!
shapes data imported succesfully!
shapes data imported succesfully!
shapes data imported succesfully!
shapes data imported succesfully!
shapes data imported succesfully!
shapes data imported succesfully!
shapes data imported succesfully!
shapes data imported succesfully!
shapes data imported succesfully!
shapes data imported succesfully!
shapes data imported succesfully!
shapes data imported succesfully!
shapes data imported succesfully!
shapes data imported succesfully!
shapes data imported succesfully!
shapes data imported succesfully!
shapes data imported succesfully!
shapes data imported succesfully!
shapes data imported succesfully!
shapes data imported succesfully!
shapes data imported succesfully!
shapes data imported succesfully!
shapes data imported succesfully!
shapes data imported succesfully!
shapes data imported succesfully!
shapes data imported succesfully!
shapes data imported succesfully!
shapes data imported succesfully!
shapes data imported succesfully!
shapes data imported succesfully!
shapes data imported succesfully!
shapes data imported succesfully!
shapes data imported succesfully!
shapes data imported succesfully!
shapes data imported succesfully!
shapes data imported succesfully!
shapes data imported succesfully!
shapes data imported succesfully!
shapes data imported succesfully!
shapes data imported succesfully!
shapes data imported succesfully!
shapes data imported succesfully!
shapes data imported succesfully!
shapes data imported succesfully!
shapes data imported succesfully!
shapes data imported succesfully!
shapes data imported succesfully!
shapes data imported succesfully!
shapes data imported succesfully!
shapes data imported succesfully!
shapes data imported succesfully!
shapes data imported succesfully!
shapes data imported succesfully!
shapes data imported succesfully!
shapes data imported succesfully!
shapes data imported succesfully!
shapes data imported succesfully!
shapes data imported succesfully!
shapes data imported succesfully!
shapes data imported succesfully!
shapes data imported succesfully!
shapes data imported succesfully!
shapes data imported succesfully!
shapes data imported succesfully!
shapes data imported succesfully!
shapes data imported succesfully!
shapes data imported succesfully!
shapes data imported succesfully!
shapes data imported succesfully!
shapes data imported succesfully!
shapes data imported succesfully!
shapes data imported succesfully!
shapes data imported succesfully!
shapes data imported succesfully!
shapes data imported succesfully!
shapes data imported succesfully!
shapes data imported succesfully!
shapes data imported succesfully!
shapes data imported succesfully!
shapes data imported succesfully!
shapes data imported succesfully!
shapes data imported succesfully!
shapes data imported succesfully!
shapes data imported succesfully!
shapes data imported succesfully!
shapes data imported succesfully!
shapes data imported succesfully!
shapes data imported succesfully!
shapes data imported succesfully!
shapes data imported succesfully!
shapes data imported succesfully!
shapes data imported succesfully!
shapes data imported succesfully!
shapes data imported succesfully!
shapes data imported succesfully!
shapes data imported succesfully!
shapes data imported succesfully!
shapes data imported succesfully!
shapes data imported succesfully!
shapes data imported succesfully!
shapes data imported succesfully!
shapes data imported succesfully!
shapes data imported succesfully!
shapes data imported succesfully!
shapes data imported succesfully!
shapes data imported succesfully!
shapes data imported succesfully!
shapes data imported succesfully!
shapes data imported succesfully!
shapes data imported succesfully!
shapes data imported succesfully!
shapes data imported succesfully!
shapes data imported succesfully!
shapes data imported succesfully!
shapes data imported succesfully!
shapes data imported succesfully!
shapes data imported succesfully!
shapes data imported succesfully!
shapes data imported succesfully!
shapes data imported succesfully!
shapes data imported succesfully!
shapes data imported succesfully!
shapes data imported succesfully!
shapes data imported succesfully!
shapes data imported succesfully!
shapes data imported succesfully!
shapes data imported succesfully!
shapes data imported succesfully!
shapes data imported succesfully!
shapes data imported succesfully!
shapes data imported succesfully!
shapes data imported succesfully!
shapes data imported succesfully!
shapes data imported succesfully!
shapes data imported succesfully!
shapes data imported succesfully!
shapes data imported succesfully!
shapes data imported succesfully!
shapes data imported succesfully!
shapes data imported succesfully!
shapes data imported succesfully!
shapes data imported succesfully!
shapes data imported succesfully!
shapes data imported succesfully!
shapes data imported succesfully!
shapes data imported succesfully!
shapes data imported succesfully!
shapes data imported succesfully!
shapes data imported succesfully!
shapes data imported succesfully!
shapes data imported succesfully!
shapes data imported succesfully!
shapes data imported succesfully!
shapes data imported succesfully!
shapes data imported succesfully!
shapes data imported succesfully!
shapes data imported succesfully!
shapes data imported succesfully!
shapes data imported succesfully!
shapes data imported succesfully!
shapes data imported succesfully!
shapes data imported succesfully!
shapes data imported succesfully!
shapes data imported succesfully!
shapes data imported succesfully!
shapes data imported succesfully!
shapes data imported succesfully!
shapes data imported succesfully!
shapes data imported succesfully!
shapes data imported succesfully!
shapes data imported succesfully!
shapes data imported succesfully!
shapes data imported succesfully!
shapes data imported succesfully!
shapes data imported succesfully!
shapes data imported succesfully!
shapes data imported succesfully!
shapes data imported succesfully!
shapes data imported succesfully!
shapes data imported succesfully!
shapes data imported succesfully!
shapes data imported succesfully!
shapes data imported succesfully!
shapes data imported succesfully!
shapes data imported succesfully!
shapes data imported succesfully!
shapes data imported succesfully!
shapes data imported succesfully!
shapes data imported succesfully!
shapes data imported succesfully!
shapes data imported succesfully!
shapes data imported succesfully!
shapes data imported succesfully!
shapes data imported succesfully!
shapes data imported succesfully!
shapes data imported succesfully!
shapes data imported succesfully!
shapes data imported succesfully!
shapes data imported succesfully!
shapes data imported succesfully!
shapes data imported succesfully!
shapes data imported succesfully!
shapes data imported succesfully!
shapes data imported succesfully!
shapes data imported succesfully!
shapes data imported succesfully!
shapes data imported succesfully!
shapes data imported succesfully!
shapes data imported succesfully!
shapes data imported succesfully!
shapes data imported succesfully!
shapes data imported succesfully!
shapes data imported succesfully!
shapes data imported succesfully!
shapes data imported succesfully!
shapes data imported succesfully!
shapes data imported succesfully!
shapes data imported succesfully!
shapes data imported succesfully!
shapes data imported succesfully!
shapes data imported succesfully!
shapes data imported succesfully!
shapes data imported succesfully!
shapes data imported succesfully!
shapes data imported succesfully!
shapes data imported succesfully!
shapes data imported succesfully!
shapes data imported succesfully!
shapes data imported succesfully!
shapes data imported succesfully!
shapes data imported succesfully!
shapes data imported succesfully!
shapes data imported succesfully!
shapes data imported succesfully!
shapes data imported succesfully!
shapes data imported succesfully!
shapes data imported succesfully!
shapes data imported succesfully!
shapes data imported succesfully!
shapes data imported succesfully!
shapes data imported succesfully!
shapes data imported succesfully!
shapes data imported succesfully!
shapes data imported succesfully!
shapes data imported succesfully!
shapes data imported succesfully!
shapes data imported succesfully!
shapes data imported succesfully!
shapes data imported succesfully!
shapes data imported succesfully!
shapes data imported succesfully!
shapes data imported succesfully!
shapes data imported succesfully!
shapes data imported succesfully!
shapes data imported succesfully!
shapes data imported succesfully!
shapes data imported succesfully!
shapes data imported succesfully!
shapes data imported succesfully!
shapes data imported succesfully!
shapes data imported succesfully!
shapes data imported succesfully!
shapes data imported succesfully!
shapes data imported succesfully!
shapes data imported succesfully!
shapes data imported succesfully!
shapes data imported succesfully!
shapes data imported succesfully!
shapes data imported succesfully!
shapes data imported succesfully!
shapes data imported succesfully!
shapes data imported succesfully!
shapes data imported succesfully!
shapes data imported succesfully!
shapes data imported succesfully!
shapes data imported succesfully!
shapes data imported succesfully!
shapes data imported succesfully!
shapes data imported succesfully!
shapes data imported succesfully!
shapes data imported succesfully!
shapes data imported succesfully!
shapes data imported succesfully!
shapes data imported succesfully!
shapes data imported succesfully!
shapes data imported succesfully!
shapes data imported succesfully!
shapes data imported succesfully!
shapes data imported succesfully!
shapes data imported succesfully!
shapes data imported succesfully!
shapes data imported succesfully!
shapes data imported succesfully!
shapes data imported succesfully!
shapes data imported succesfully!
shapes data imported succesfully!
shapes data imported succesfully!
shapes data imported succesfully!
shapes data imported succesfully!
shapes data imported succesfully!
shapes data imported succesfully!
shapes data imported succesfully!
shapes data imported succesfully!
shapes data imported succesfully!
shapes data imported succesfully!
shapes data imported succesfully!
shapes data imported succesfully!
shapes data imported succesfully!
shapes data imported succesfully!
shapes data imported succesfully!
shapes data imported succesfully!
shapes data imported succesfully!
shapes data imported succesfully!
shapes data imported succesfully!
shapes data imported succesfully!
shapes data imported succesfully!
shapes data imported succesfully!
shapes data imported succesfully!
shapes data imported succesfully!
shapes data imported succesfully!
shapes data imported succesfully!
shapes data imported succesfully!
shapes data imported succesfully!
shapes data imported succesfully!
shapes data imported succesfully!
shapes data imported succesfully!
shapes data imported succesfully!
shapes data imported succesfully!
shapes data imported succesfully!
shapes data imported succesfully!
shapes data imported succesfully!
shapes data imported succesfully!
shapes data imported succesfully!
shapes data imported succesfully!
shapes data imported succesfully!
shapes data imported succesfully!
shapes data imported succesfully!
shapes data imported succesfully!
shapes data imported succesfully!
shapes data imported succesfully!
shapes data imported succesfully!
shapes data imported succesfully!
shapes data imported succesfully!
shapes data imported succesfully!
shapes data imported succesfully!
shapes data imported succesfully!
shapes data imported succesfully!
shapes data imported succesfully!
shapes data imported succesfully!
shapes data imported succesfully!
shapes data imported succesfully!
shapes data imported succesfully!
shapes data imported succesfully!
shapes data imported succesfully!
shapes data imported succesfully!
shapes data imported succesfully!
shapes data imported succesfully!
shapes data imported succesfully!
shapes data imported succesfully!
shapes data imported succesfully!
shapes data imported succesfully!
shapes data imported succesfully!
shapes data imported succesfully!
shapes data imported succesfully!
shapes data imported succesfully!
shapes data imported succesfully!
shapes data imported succesfully!
shapes data imported succesfully!
shapes data imported succesfully!
shapes data imported succesfully!
shapes data imported succesfully!
shapes data imported succesfully!
shapes data imported succesfully!
shapes data imported succesfully!
shapes data imported succesfully!
shapes data imported succesfully!
shapes data imported succesfully!
shapes data imported succesfully!
shapes data imported succesfully!
shapes data imported succesfully!
shapes data imported succesfully!
shapes data imported succesfully!
shapes data imported succesfully!
shapes data imported succesfully!
shapes data imported succesfully!
shapes data imported succesfully!
shapes data imported succesfully!
shapes data imported succesfully!
shapes data imported succesfully!
shapes data imported succesfully!
shapes data imported succesfully!
shapes data imported succesfully!
shapes data imported succesfully!
shapes data imported succesfully!
shapes data imported succesfully!
shapes data imported succesfully!
shapes data imported succesfully!
shapes data imported succesfully!
shapes data imported succesfully!
shapes data imported succesfully!
shapes data imported succesfully!
shapes data imported succesfully!
shapes data imported succesfully!
shapes data imported succesfully!
shapes data imported succesfully!
shapes data imported succesfully!
shapes data imported succesfully!
shapes data imported succesfully!
shapes data imported succesfully!
shapes data imported succesfully!
shapes data imported succesfully!
shapes data imported succesfully!
shapes data imported succesfully!
shapes data imported succesfully!
shapes data imported succesfully!
shapes data imported succesfully!
shapes data imported succesfully!
shapes data imported succesfully!
shapes data imported succesfully!
shapes data imported succesfully!
shapes data imported succesfully!
shapes data imported succesfully!
shapes data imported succesfully!
shapes data imported succesfully!
shapes data imported succesfully!
shapes data imported succesfully!
shapes data imported succesfully!
shapes data imported succesfully!
shapes data imported succesfully!
shapes data imported succesfully!
shapes data imported succesfully!
shapes data imported succesfully!
shapes data imported succesfully!
shapes data imported succesfully!
shapes data imported succesfully!
shapes data imported succesfully!
shapes data imported succesfully!
shapes data imported succesfully!
shapes data imported succesfully!
shapes data imported succesfully!
shapes data imported succesfully!
shapes data imported succesfully!
shapes data imported succesfully!
shapes data imported succesfully!
shapes data imported succesfully!
shapes data imported succesfully!
shapes data imported succesfully!
shapes data imported succesfully!
shapes data imported succesfully!
shapes data imported succesfully!
shapes data imported succesfully!
shapes data imported succesfully!
shapes data imported succesfully!
shapes data imported succesfully!
shapes data imported succesfully!
shapes data imported succesfully!
shapes data imported succesfully!
shapes data imported succesfully!
shapes data imported succesfully!
shapes data imported succesfully!
shapes data imported succesfully!
shapes data imported succesfully!
shapes data imported succesfully!
shapes data imported succesfully!
shapes data imported succesfully!
shapes data imported succesfully!
shapes data imported succesfully!
shapes data imported succesfully!
shapes data imported succesfully!
shapes data imported succesfully!
shapes data imported succesfully!
shapes data imported succesfully!
shapes data imported succesfully!
shapes data imported succesfully!
shapes data imported succesfully!
shapes data imported succesfully!
shapes data imported succesfully!
shapes data imported succesfully!
shapes data imported succesfully!
shapes data imported succesfully!
shapes data imported succesfully!
shapes data imported succesfully!
shapes data imported succesfully!
shapes data imported succesfully!
shapes data imported succesfully!
shapes data imported succesfully!
shapes data imported succesfully!
shapes data imported succesfully!
shapes data imported succesfully!
shapes data imported succesfully!
shapes data imported succesfully!
shapes data imported succesfully!
shapes data imported succesfully!
shapes data imported succesfully!
shapes data imported succesfully!
shapes data imported succesfully!
shapes data imported succesfully!
shapes data imported succesfully!
shapes data imported succesfully!
shapes data imported succesfully!
shapes data imported succesfully!
shapes data imported succesfully!
shapes data imported succesfully!
shapes data imported succesfully!
shapes data imported succesfully!
shapes data imported succesfully!
shapes data imported succesfully!
shapes data imported succesfully!
shapes data imported succesfully!
shapes data imported succesfully!
shapes data imported succesfully!
shapes data imported succesfully!
shapes data imported succesfully!
shapes data imported succesfully!
shapes data imported succesfully!
shapes data imported succesfully!
shapes data imported succesfully!
shapes data imported succesfully!
shapes data imported succesfully!
shapes data imported succesfully!
shapes data imported succesfully!
shapes data imported succesfully!
shapes data imported succesfully!
shapes data imported succesfully!
shapes data imported succesfully!
shapes data imported succesfully!
shapes data imported succesfully!
shapes data imported succesfully!
shapes data imported succesfully!
shapes data imported succesfully!
shapes data imported succesfully!
shapes data imported succesfully!
shapes data imported succesfully!
shapes data imported succesfully!
shapes data imported succesfully!
shapes data imported succesfully!
shapes data imported succesfully!
shapes data imported succesfully!
shapes data imported succesfully!
shapes data imported succesfully!
shapes data imported succesfully!
shapes data imported succesfully!
shapes data imported succesfully!
shapes data imported succesfully!
shapes data imported succesfully!
shapes data imported succesfully!
shapes data imported succesfully!
shapes data imported succesfully!
shapes data imported succesfully!
shapes data imported succesfully!
shapes data imported succesfully!
shapes data imported succesfully!
shapes data imported succesfully!
shapes data imported succesfully!
shapes data imported succesfully!
shapes data imported succesfully!
shapes data imported succesfully!
shapes data imported succesfully!
shapes data imported succesfully!
shapes data imported succesfully!
shapes data imported succesfully!
shapes data imported succesfully!
shapes data imported succesfully!
shapes data imported succesfully!
shapes data imported succesfully!
shapes data imported succesfully!
shapes data imported succesfully!
shapes data imported succesfully!
shapes data imported succesfully!
shapes data imported succesfully!
shapes data imported succesfully!
shapes data imported succesfully!
shapes data imported succesfully!
shapes data imported succesfully!
shapes data imported succesfully!
shapes data imported succesfully!
shapes data imported succesfully!
shapes data imported succesfully!
shapes data imported succesfully!
shapes data imported succesfully!
shapes data imported succesfully!
shapes data imported succesfully!
shapes data imported succesfully!
shapes data imported succesfully!
shapes data imported succesfully!
shapes data imported succesfully!
shapes data imported succesfully!
shapes data imported succesfully!
shapes data imported succesfully!
shapes data imported succesfully!
shapes data imported succesfully!
shapes data imported succesfully!
shapes data imported succesfully!
shapes data imported succesfully!
shapes data imported succesfully!
shapes data imported succesfully!
shapes data imported succesfully!
shapes data imported succesfully!
shapes data imported succesfully!
shapes data imported succesfully!
shapes data imported succesfully!
shapes data imported succesfully!
shapes data imported succesfully!
shapes data imported succesfully!
shapes data imported succesfully!
shapes data imported succesfully!
shapes data imported succesfully!
shapes data imported succesfully!
shapes data imported succesfully!
shapes data imported succesfully!
shapes data imported succesfully!
shapes data imported succesfully!
shapes data imported succesfully!
shapes data imported succesfully!
shapes data imported succesfully!
shapes data imported succesfully!
shapes data imported succesfully!
shapes data imported succesfully!
shapes data imported succesfully!
shapes data imported succesfully!
shapes data imported succesfully!
shapes data imported succesfully!
shapes data imported succesfully!
shapes data imported succesfully!
shapes data imported succesfully!
shapes data imported succesfully!
shapes data imported succesfully!
shapes data imported succesfully!
shapes data imported succesfully!
shapes data imported succesfully!
shapes data imported succesfully!
shapes data imported succesfully!
shapes data imported succesfully!
shapes data imported succesfully!
shapes data imported succesfully!
shapes data imported succesfully!
shapes data imported succesfully!
shapes data imported succesfully!
shapes data imported succesfully!
shapes data imported succesfully!
shapes data imported succesfully!
shapes data imported succesfully!
shapes data imported succesfully!
shapes data imported succesfully!
shapes data imported succesfully!
shapes data imported succesfully!
shapes data imported succesfully!
shapes data imported succesfully!
shapes data imported succesfully!
shapes data imported succesfully!
shapes data imported succesfully!
shapes data imported succesfully!
shapes data imported succesfully!
shapes data imported succesfully!
shapes data imported succesfully!
shapes data imported succesfully!
shapes data imported succesfully!
shapes data imported succesfully!
shapes data imported succesfully!
shapes data imported succesfully!
shapes data imported succesfully!
shapes data imported succesfully!
shapes data imported succesfully!
shapes data imported succesfully!
shapes data imported succesfully!
shapes data imported succesfully!
shapes data imported succesfully!
shapes data imported succesfully!
shapes data imported succesfully!
shapes data imported succesfully!
shapes data imported succesfully!
shapes data imported succesfully!
shapes data imported succesfully!
shapes data imported succesfully!
shapes data imported succesfully!
shapes data imported succesfully!
shapes data imported succesfully!
shapes data imported succesfully!
shapes data imported succesfully!
shapes data imported succesfully!
shapes data imported succesfully!
shapes data imported succesfully!
shapes data imported succesfully!
shapes data imported succesfully!
shapes data imported succesfully!
shapes data imported succesfully!
shapes data imported succesfully!
shapes data imported succesfully!
shapes data imported succesfully!
shapes data imported succesfully!
shapes data imported succesfully!
shapes data imported succesfully!
shapes data imported succesfully!
shapes data imported succesfully!
shapes data imported succesfully!
shapes data imported succesfully!
shapes data imported succesfully!
shapes data imported succesfully!
shapes data imported succesfully!
shapes data imported succesfully!
shapes data imported succesfully!
shapes data imported succesfully!
shapes data imported succesfully!
shapes data imported succesfully!
shapes data imported succesfully!
shapes data imported succesfully!
shapes data imported succesfully!
shapes data imported succesfully!
shapes data imported succesfully!
shapes data imported succesfully!
shapes data imported succesfully!
shapes data imported succesfully!
shapes data imported succesfully!
shapes data imported succesfully!
shapes data imported succesfully!
shapes data imported succesfully!
shapes data imported succesfully!
shapes data imported succesfully!
shapes data imported succesfully!
shapes data imported succesfully!
shapes data imported succesfully!
shapes data imported succesfully!
shapes data imported succesfully!
shapes data imported succesfully!
shapes data imported succesfully!
shapes data imported succesfully!
shapes data imported succesfully!
shapes data imported succesfully!
shapes data imported succesfully!
shapes data imported succesfully!
shapes data imported succesfully!
shapes data imported succesfully!
shapes data imported succesfully!
shapes data imported succesfully!
shapes data imported succesfully!
shapes data imported succesfully!
shapes data imported succesfully!
shapes data imported succesfully!
shapes data imported succesfully!
shapes data imported succesfully!
shapes data imported succesfully!
shapes data imported succesfully!
shapes data imported succesfully!
shapes data imported succesfully!
shapes data imported succesfully!
shapes data imported succesfully!
shapes data imported succesfully!
shapes data imported succesfully!
shapes data imported succesfully!
shapes data imported succesfully!
shapes data imported succesfully!
shapes data imported succesfully!
shapes data imported succesfully!
shapes data imported succesfully!
shapes data imported succesfully!
shapes data imported succesfully!
shapes data imported succesfully!
shapes data imported succesfully!
shapes data imported succesfully!
shapes data imported succesfully!
shapes data imported succesfully!
shapes data imported succesfully!
shapes data imported succesfully!
shapes data imported succesfully!
shapes data imported succesfully!
shapes data imported succesfully!
shapes data imported succesfully!
shapes data imported succesfully!
shapes data imported succesfully!
shapes data imported succesfully!
shapes data imported succesfully!
shapes data imported succesfully!
shapes data imported succesfully!
shapes data imported succesfully!
shapes data imported succesfully!
shapes data imported succesfully!
shapes data imported succesfully!
shapes data imported succesfully!
shapes data imported succesfully!
shapes data imported succesfully!
shapes data imported succesfully!
shapes data imported succesfully!
shapes data imported succesfully!
shapes data imported succesfully!
shapes data imported succesfully!
shapes data imported succesfully!
shapes data imported succesfully!
shapes data imported succesfully!
shapes data imported succesfully!
shapes data imported succesfully!
shapes data imported succesfully!
shapes data imported succesfully!
shapes data imported succesfully!
shapes data imported succesfully!
shapes data imported succesfully!
shapes data imported succesfully!
shapes data imported succesfully!
shapes data imported succesfully!
shapes data imported succesfully!
shapes data imported succesfully!
shapes data imported succesfully!
shapes data imported succesfully!
shapes data imported succesfully!
shapes data imported succesfully!
shapes data imported succesfully!
shapes data imported succesfully!
shapes data imported succesfully!
shapes data imported succesfully!
shapes data imported succesfully!
shapes data imported succesfully!
shapes data imported succesfully!
shapes data imported succesfully!
shapes data imported succesfully!
shapes data imported succesfully!
shapes data imported succesfully!
shapes data imported succesfully!
shapes data imported succesfully!
shapes data imported succesfully!
shapes data imported succesfully!
shapes data imported succesfully!
shapes data imported succesfully!
shapes data imported succesfully!
shapes data imported succesfully!
shapes data imported succesfully!
shapes data imported succesfully!
shapes data imported succesfully!
shapes data imported succesfully!
shapes data imported succesfully!
shapes data imported succesfully!
shapes data imported succesfully!
shapes data imported succesfully!
shapes data imported succesfully!
shapes data imported succesfully!
shapes data imported succesfully!
shapes data imported succesfully!
shapes data imported succesfully!
shapes data imported succesfully!
shapes data imported succesfully!
shapes data imported succesfully!
shapes data imported succesfully!
shapes data imported succesfully!
shapes data imported succesfully!
shapes data imported succesfully!
shapes data imported succesfully!
shapes data imported succesfully!
shapes data imported succesfully!
shapes data imported succesfully!
shapes data imported succesfully!
shapes data imported succesfully!
shapes data imported succesfully!
shapes data imported succesfully!
shapes data imported succesfully!
shapes data imported succesfully!
shapes data imported succesfully!
shapes data imported succesfully!
shapes data imported succesfully!
shapes data imported succesfully!
shapes data imported succesfully!
shapes data imported succesfully!
shapes data imported succesfully!
shapes data imported succesfully!
shapes data imported succesfully!
shapes data imported succesfully!
shapes data imported succesfully!
shapes data imported succesfully!
shapes data imported succesfully!
shapes data imported succesfully!
shapes data imported succesfully!
shapes data imported succesfully!
shapes data imported succesfully!
shapes data imported succesfully!
shapes data imported succesfully!
shapes data imported succesfully!
shapes data imported succesfully!
shapes data imported succesfully!
shapes data imported succesfully!
shapes data imported succesfully!
shapes data imported succesfully!
shapes data imported succesfully!
shapes data imported succesfully!
shapes data imported succesfully!
shapes data imported succesfully!
shapes data imported succesfully!
shapes data imported succesfully!
shapes data imported succesfully!
shapes data imported succesfully!
shapes data imported succesfully!
shapes data imported succesfully!
shapes data imported succesfully!
shapes data imported succesfully!
shapes data imported succesfully!
shapes data imported succesfully!
shapes data imported succesfully!
shapes data imported succesfully!
shapes data imported succesfully!
shapes data imported succesfully!
shapes data imported succesfully!
shapes data imported succesfully!
shapes data imported succesfully!
shapes data imported succesfully!
shapes data imported succesfully!
shapes data imported succesfully!
shapes data imported succesfully!
shapes data imported succesfully!
shapes data imported succesfully!
shapes data imported succesfully!
shapes data imported succesfully!
shapes data imported succesfully!
shapes data imported succesfully!
shapes data imported succesfully!
shapes data imported succesfully!
shapes data imported succesfully!
shapes data imported succesfully!
shapes data imported succesfully!
shapes data imported succesfully!
shapes data imported succesfully!
shapes data imported succesfully!
shapes data imported succesfully!
shapes data imported succesfully!
shapes data imported succesfully!
shapes data imported succesfully!
shapes data imported succesfully!
shapes data imported succesfully!
shapes data imported succesfully!
shapes data imported succesfully!
shapes data imported succesfully!
shapes data imported succesfully!
shapes data imported succesfully!
shapes data imported succesfully!
shapes data imported succesfully!
shapes data imported succesfully!
shapes data imported succesfully!
shapes data imported succesfully!
shapes data imported succesfully!
shapes data imported succesfully!
shapes data imported succesfully!
shapes data imported succesfully!
shapes data imported succesfully!
shapes data imported succesfully!
shapes data imported succesfully!
shapes data imported succesfully!
shapes data imported succesfully!
shapes data imported succesfully!
shapes data imported succesfully!
shapes data imported succesfully!
shapes data imported succesfully!
shapes data imported succesfully!
shapes data imported succesfully!
shapes data imported succesfully!
shapes data imported succesfully!
shapes data imported succesfully!
shapes data imported succesfully!
shapes data imported succesfully!
shapes data imported succesfully!
shapes data imported succesfully!
shapes data imported succesfully!
shapes data imported succesfully!
shapes data imported succesfully!
shapes data imported succesfully!
shapes data imported succesfully!
shapes data imported succesfully!
shapes data imported succesfully!
shapes data imported succesfully!
shapes data imported succesfully!
shapes data imported succesfully!
shapes data imported succesfully!
shapes data imported succesfully!
shapes data imported succesfully!
shapes data imported succesfully!
shapes data imported succesfully!
shapes data imported succesfully!
shapes data imported succesfully!
shapes data imported succesfully!
shapes data imported succesfully!
shapes data imported succesfully!
shapes data imported succesfully!
shapes data imported succesfully!
shapes data imported succesfully!
shapes data imported succesfully!
shapes data imported succesfully!
shapes data imported succesfully!
shapes data imported succesfully!
shapes data imported succesfully!
shapes data imported succesfully!
shapes data imported succesfully!
shapes data imported succesfully!
shapes data imported succesfully!
shapes data imported succesfully!
shapes data imported succesfully!
shapes data imported succesfully!
shapes data imported succesfully!
shapes data imported succesfully!
shapes data imported succesfully!
shapes data imported succesfully!
shapes data imported succesfully!
shapes data imported succesfully!
shapes data imported succesfully!
shapes data imported succesfully!
shapes data imported succesfully!
shapes data imported succesfully!
shapes data imported succesfully!
shapes data imported succesfully!
shapes data imported succesfully!
shapes data imported succesfully!
shapes data imported succesfully!
shapes data imported succesfully!
shapes data imported succesfully!
shapes data imported succesfully!
shapes data imported succesfully!
shapes data imported succesfully!
shapes data imported succesfully!
shapes data imported succesfully!
shapes data imported succesfully!
shapes data imported succesfully!
shapes data imported succesfully!
shapes data imported succesfully!
shapes data imported succesfully!
shapes data imported succesfully!
shapes data imported succesfully!
shapes data imported succesfully!
shapes data imported succesfully!
shapes data imported succesfully!
shapes data imported succesfully!
shapes data imported succesfully!
shapes data imported succesfully!
shapes data imported succesfully!
shapes data imported succesfully!
shapes data imported succesfully!
shapes data imported succesfully!
shapes data imported succesfully!
shapes data imported succesfully!
shapes data imported succesfully!
shapes data imported succesfully!
shapes data imported succesfully!
shapes data imported succesfully!
shapes data imported succesfully!
shapes data imported succesfully!
shapes data imported succesfully!
shapes data imported succesfully!
shapes data imported succesfully!
shapes data imported succesfully!
shapes data imported succesfully!
shapes data imported succesfully!
shapes data imported succesfully!
shapes data imported succesfully!
shapes data imported succesfully!
shapes data imported succesfully!
shapes data imported succesfully!
shapes data imported succesfully!
shapes data imported succesfully!
shapes data imported succesfully!
shapes data imported succesfully!
shapes data imported succesfully!
shapes data imported succesfully!
shapes data imported succesfully!
shapes data imported succesfully!
shapes data imported succesfully!
shapes data imported succesfully!
shapes data imported succesfully!
shapes data imported succesfully!
shapes data imported succesfully!
shapes data imported succesfully!
shapes data imported succesfully!
shapes data imported succesfully!
shapes data imported succesfully!
shapes data imported succesfully!
shapes data imported succesfully!
shapes data imported succesfully!
shapes data imported succesfully!
shapes data imported succesfully!
shapes data imported succesfully!
shapes data imported succesfully!
shapes data imported succesfully!
shapes data imported succesfully!
shapes data imported succesfully!
shapes data imported succesfully!
shapes data imported succesfully!
shapes data imported succesfully!
shapes data imported succesfully!
shapes data imported succesfully!
shapes data imported succesfully!
shapes data imported succesfully!
shapes data imported succesfully!
shapes data imported succesfully!
shapes data imported succesfully!
shapes data imported succesfully!
shapes data imported succesfully!
shapes data imported succesfully!
shapes data imported succesfully!
shapes data imported succesfully!
shapes data imported succesfully!
shapes data imported succesfully!
shapes data imported succesfully!
shapes data imported succesfully!
shapes data imported succesfully!
shapes data imported succesfully!
shapes data imported succesfully!
shapes data imported succesfully!
shapes data imported succesfully!
shapes data imported succesfully!
shapes data imported succesfully!
shapes data imported succesfully!
shapes data imported succesfully!
shapes data imported succesfully!
shapes data imported succesfully!
shapes data imported succesfully!
shapes data imported succesfully!
shapes data imported succesfully!
shapes data imported succesfully!
shapes data imported succesfully!
shapes data imported succesfully!
shapes data imported succesfully!
shapes data imported succesfully!
shapes data imported succesfully!
shapes data imported succesfully!
shapes data imported succesfully!
shapes data imported succesfully!
shapes data imported succesfully!
shapes data imported succesfully!
shapes data imported succesfully!
shapes data imported succesfully!
shapes data imported succesfully!
shapes data imported succesfully!
shapes data imported succesfully!
shapes data imported succesfully!
shapes data imported succesfully!
shapes data imported succesfully!
shapes data imported succesfully!
shapes data imported succesfully!
shapes data imported succesfully!
shapes data imported succesfully!
shapes data imported succesfully!
shapes data imported succesfully!
shapes data imported succesfully!
shapes data imported succesfully!
shapes data imported succesfully!
shapes data imported succesfully!
shapes data imported succesfully!
shapes data imported succesfully!
shapes data imported succesfully!
shapes data imported succesfully!
shapes data imported succesfully!
shapes data imported succesfully!
shapes data imported succesfully!
shapes data imported succesfully!
shapes data imported succesfully!
shapes data imported succesfully!
shapes data imported succesfully!
shapes data imported succesfully!
shapes data imported succesfully!
shapes data imported succesfully!
shapes data imported succesfully!
shapes data imported succesfully!
shapes data imported succesfully!
shapes data imported succesfully!
shapes data imported succesfully!
shapes data imported succesfully!
shapes data imported succesfully!
shapes data imported succesfully!
shapes data imported succesfully!
shapes data imported succesfully!
shapes data imported succesfully!
shapes data imported succesfully!
shapes data imported succesfully!
shapes data imported succesfully!
shapes data imported succesfully!
shapes data imported succesfully!
shapes data imported succesfully!
shapes data imported succesfully!
shapes data imported succesfully!
shapes data imported succesfully!
shapes data imported succesfully!
shapes data imported succesfully!
shapes data imported succesfully!
shapes data imported succesfully!
shapes data imported succesfully!
shapes data imported succesfully!
shapes data imported succesfully!
shapes data imported succesfully!
shapes data imported succesfully!
shapes data imported succesfully!
shapes data imported succesfully!
shapes data imported succesfully!
shapes data imported succesfully!
shapes data imported succesfully!
shapes data imported succesfully!
shapes data imported succesfully!
shapes data imported succesfully!
shapes data imported succesfully!
shapes data imported succesfully!
shapes data imported succesfully!
shapes data imported succesfully!
shapes data imported succesfully!
shapes data imported succesfully!
shapes data imported succesfully!
shapes data imported succesfully!
shapes data imported succesfully!
shapes data imported succesfully!
shapes data imported succesfully!
shapes data imported succesfully!
shapes data imported succesfully!
shapes data imported succesfully!
shapes data imported succesfully!
shapes data imported succesfully!
shapes data imported succesfully!
shapes data imported succesfully!
shapes data imported succesfully!
shapes data imported succesfully!
shapes data imported succesfully!
shapes data imported succesfully!
shapes data imported succesfully!
shapes data imported succesfully!
shapes data imported succesfully!
shapes data imported succesfully!
shapes data imported succesfully!
shapes data imported succesfully!
shapes data imported succesfully!
shapes data imported succesfully!
shapes data imported succesfully!
shapes data imported succesfully!
shapes data imported succesfully!
shapes data imported succesfully!
shapes data imported succesfully!
shapes data imported succesfully!
shapes data imported succesfully!
shapes data imported succesfully!
shapes data imported succesfully!
shapes data imported succesfully!
shapes data imported succesfully!
shapes data imported succesfully!
shapes data imported succesfully!
shapes data imported succesfully!
shapes data imported succesfully!
shapes data imported succesfully!
shapes data imported succesfully!
shapes data imported succesfully!
shapes data imported succesfully!
shapes data imported succesfully!
shapes data imported succesfully!
shapes data imported succesfully!
shapes data imported succesfully!
shapes data imported succesfully!
shapes data imported succesfully!
shapes data imported succesfully!
shapes data imported succesfully!
shapes data imported succesfully!
shapes data imported succesfully!
shapes data imported succesfully!
shapes data imported succesfully!
shapes data imported succesfully!
shapes data imported succesfully!
shapes data imported succesfully!
shapes data imported succesfully!
shapes data imported succesfully!
shapes data imported succesfully!
shapes data imported succesfully!
shapes data imported succesfully!
shapes data imported succesfully!
shapes data imported succesfully!
shapes data imported succesfully!
shapes data imported succesfully!
shapes data imported succesfully!
shapes data imported succesfully!
shapes data imported succesfully!
shapes data imported succesfully!
shapes data imported succesfully!
shapes data imported succesfully!
shapes data imported succesfully!
shapes data imported succesfully!
shapes data imported succesfully!
shapes data imported succesfully!
shapes data imported succesfully!
shapes data imported succesfully!
shapes data imported succesfully!
shapes data imported succesfully!
shapes data imported succesfully!
shapes data imported succesfully!
shapes data imported succesfully!
shapes data imported succesfully!
shapes data imported succesfully!
shapes data imported succesfully!
shapes data imported succesfully!
shapes data imported succesfully!
shapes data imported succesfully!
shapes data imported succesfully!
shapes data imported succesfully!
shapes data imported succesfully!
shapes data imported succesfully!
shapes data imported succesfully!
shapes data imported succesfully!
shapes data imported succesfully!
shapes data imported succesfully!
shapes data imported succesfully!
shapes data imported succesfully!
shapes data imported succesfully!
shapes data imported succesfully!
shapes data imported succesfully!
shapes data imported succesfully!
shapes data imported succesfully!
shapes data imported succesfully!
shapes data imported succesfully!
shapes data imported succesfully!
shapes data imported succesfully!
shapes data imported succesfully!
shapes data imported succesfully!
shapes data imported succesfully!
shapes data imported succesfully!
shapes data imported succesfully!
shapes data imported succesfully!
shapes data imported succesfully!
shapes data imported succesfully!
shapes data imported succesfully!
shapes data imported succesfully!
shapes data imported succesfully!
shapes data imported succesfully!
shapes data imported succesfully!
shapes data imported succesfully!
shapes data imported succesfully!
shapes data imported succesfully!
shapes data imported succesfully!
shapes data imported succesfully!
shapes data imported succesfully!
shapes data imported succesfully!
shapes data imported succesfully!
shapes data imported succesfully!
shapes data imported succesfully!
shapes data imported succesfully!
shapes data imported succesfully!
shapes data imported succesfully!
shapes data imported succesfully!
shapes data imported succesfully!
shapes data imported succesfully!
shapes data imported succesfully!
shapes data imported succesfully!
shapes data imported succesfully!
shapes data imported succesfully!
shapes data imported succesfully!
shapes data imported succesfully!
shapes data imported succesfully!
shapes data imported succesfully!
shapes data imported succesfully!
shapes data imported succesfully!
shapes data imported succesfully!
shapes data imported succesfully!
shapes data imported succesfully!
shapes data imported succesfully!
shapes data imported succesfully!
shapes data imported succesfully!
shapes data imported succesfully!
shapes data imported succesfully!
shapes data imported succesfully!
shapes data imported succesfully!
shapes data imported succesfully!
shapes data imported succesfully!
shapes data imported succesfully!
shapes data imported succesfully!
shapes data imported succesfully!
shapes data imported succesfully!
shapes data imported succesfully!
shapes data imported succesfully!
shapes data imported succesfully!
shapes data imported succesfully!
shapes data imported succesfully!
shapes data imported succesfully!
shapes data imported succesfully!
shapes data imported succesfully!
shapes data imported succesfully!
shapes data imported succesfully!
shapes data imported succesfully!
shapes data imported succesfully!
shapes data imported succesfully!
shapes data imported succesfully!
shapes data imported succesfully!
shapes data imported succesfully!
shapes data imported succesfully!
shapes data imported succesfully!
shapes data imported succesfully!
shapes data imported succesfully!
shapes data imported succesfully!
shapes data imported succesfully!
shapes data imported succesfully!
shapes data imported succesfully!
shapes data imported succesfully!
shapes data imported succesfully!
shapes data imported succesfully!
shapes data imported succesfully!
shapes data imported succesfully!
shapes data imported succesfully!
shapes data imported succesfully!
shapes data imported succesfully!
shapes data imported succesfully!
shapes data imported succesfully!
shapes data imported succesfully!
shapes data imported succesfully!
shapes data imported succesfully!
shapes data imported succesfully!
shapes data imported succesfully!
shapes data imported succesfully!
shapes data imported succesfully!
shapes data imported succesfully!
shapes data imported succesfully!
shapes data imported succesfully!
shapes data imported succesfully!
shapes data imported succesfully!
shapes data imported succesfully!
shapes data imported succesfully!
shapes data imported succesfully!
shapes data imported succesfully!
shapes data imported succesfully!
shapes data imported succesfully!
shapes data imported succesfully!
shapes data imported succesfully!
shapes data imported succesfully!
shapes data imported succesfully!
shapes data imported succesfully!
shapes data imported succesfully!
shapes data imported succesfully!
shapes data imported succesfully!
shapes data imported succesfully!
shapes data imported succesfully!
shapes data imported succesfully!
shapes data imported succesfully!
shapes data imported succesfully!
shapes data imported succesfully!
shapes data imported succesfully!
shapes data imported succesfully!
shapes data imported succesfully!
shapes data imported succesfully!
shapes data imported succesfully!
shapes data imported succesfully!
shapes data imported succesfully!
shapes data imported succesfully!
shapes data imported succesfully!
shapes data imported succesfully!
shapes data imported succesfully!
shapes data imported succesfully!
shapes data imported succesfully!
shapes data imported succesfully!
shapes data imported succesfully!
shapes data imported succesfully!
shapes data imported succesfully!
shapes data imported succesfully!
shapes data imported succesfully!
shapes data imported succesfully!
shapes data imported succesfully!
shapes data imported succesfully!
shapes data imported succesfully!
shapes data imported succesfully!
shapes data imported succesfully!
shapes data imported succesfully!
shapes data imported succesfully!
shapes data imported succesfully!
shapes data imported succesfully!
shapes data imported succesfully!
shapes data imported succesfully!
shapes data imported succesfully!
shapes data imported succesfully!
shapes data imported succesfully!
shapes data imported succesfully!
shapes data imported succesfully!
shapes data imported succesfully!
shapes data imported succesfully!
shapes data imported succesfully!
shapes data imported succesfully!
shapes data imported succesfully!
shapes data imported succesfully!
shapes data imported succesfully!
shapes data imported succesfully!
shapes data imported succesfully!
shapes data imported succesfully!
shapes data imported succesfully!
shapes data imported succesfully!
shapes data imported succesfully!
shapes data imported succesfully!
shapes data imported succesfully!
shapes data imported succesfully!
shapes data imported succesfully!
shapes data imported succesfully!
shapes data imported succesfully!
shapes data imported succesfully!
shapes data imported succesfully!
shapes data imported succesfully!
shapes data imported succesfully!
shapes data imported succesfully!
shapes data imported succesfully!
shapes data imported succesfully!
shapes data imported succesfully!
shapes data imported succesfully!
shapes data imported succesfully!
shapes data imported succesfully!
shapes data imported succesfully!
shapes data imported succesfully!
shapes data imported succesfully!
shapes data imported succesfully!
shapes data imported succesfully!
shapes data imported succesfully!
shapes data imported succesfully!
shapes data imported succesfully!
shapes data imported succesfully!
shapes data imported succesfully!
shapes data imported succesfully!
shapes data imported succesfully!
shapes data imported succesfully!
shapes data imported succesfully!
shapes data imported succesfully!
shapes data imported succesfully!
shapes data imported succesfully!
shapes data imported succesfully!
shapes data imported succesfully!
shapes data imported succesfully!
shapes data imported succesfully!
shapes data imported succesfully!
shapes data imported succesfully!
shapes data imported succesfully!
shapes data imported succesfully!
shapes data imported succesfully!
shapes data imported succesfully!
shapes data imported succesfully!
shapes data imported succesfully!
shapes data imported succesfully!
shapes data imported succesfully!
shapes data imported succesfully!
shapes data imported succesfully!
shapes data imported succesfully!
shapes data imported succesfully!
shapes data imported succesfully!
shapes data imported succesfully!
shapes data imported succesfully!
shapes data imported succesfully!
shapes data imported succesfully!
shapes data imported succesfully!
shapes data imported succesfully!
shapes data imported succesfully!
shapes data imported succesfully!
shapes data imported succesfully!
shapes data imported succesfully!
shapes data imported succesfully!
shapes data imported succesfully!
shapes data imported succesfully!
shapes data imported succesfully!
shapes data imported succesfully!
shapes data imported succesfully!
shapes data imported succesfully!
shapes data imported succesfully!
shapes data imported succesfully!
shapes data imported succesfully!
shapes data imported succesfully!
shapes data imported succesfully!
shapes data imported succesfully!
shapes data imported succesfully!
shapes data imported succesfully!
shapes data imported succesfully!
shapes data imported succesfully!
shapes data imported succesfully!
shapes data imported succesfully!
shapes data imported succesfully!
shapes data imported succesfully!
shapes data imported succesfully!
shapes data imported succesfully!
shapes data imported succesfully!
shapes data imported succesfully!
shapes data imported succesfully!
shapes data imported succesfully!
shapes data imported succesfully!
shapes data imported succesfully!
shapes data imported succesfully!
shapes data imported succesfully!
shapes data imported succesfully!
shapes data imported succesfully!
shapes data imported succesfully!
shapes data imported succesfully!
shapes data imported succesfully!
shapes data imported succesfully!
shapes data imported succesfully!
shapes data imported succesfully!
shapes data imported succesfully!
shapes data imported succesfully!
shapes data imported succesfully!
shapes data imported succesfully!
shapes data imported succesfully!
shapes data imported succesfully!
shapes data imported succesfully!
shapes data imported succesfully!
shapes data imported succesfully!
shapes data imported succesfully!
shapes data imported succesfully!
shapes data imported succesfully!
shapes data imported succesfully!
shapes data imported succesfully!
shapes data imported succesfully!
shapes data imported succesfully!
shapes data imported succesfully!
shapes data imported succesfully!
shapes data imported succesfully!
shapes data imported succesfully!
shapes data imported succesfully!
shapes data imported succesfully!
shapes data imported succesfully!
shapes data imported succesfully!
shapes data imported succesfully!
shapes data imported succesfully!
shapes data imported succesfully!
shapes data imported succesfully!
shapes data imported succesfully!
shapes data imported succesfully!
shapes data imported succesfully!
shapes data imported succesfully!
shapes data imported succesfully!
shapes data imported succesfully!
shapes data imported succesfully!
shapes data imported succesfully!
shapes data imported succesfully!
shapes data imported succesfully!
shapes data imported succesfully!
shapes data imported succesfully!
shapes data imported succesfully!
shapes data imported succesfully!
shapes data imported succesfully!
shapes data imported succesfully!
shapes data imported succesfully!
shapes data imported succesfully!
shapes data imported succesfully!
shapes data imported succesfully!
shapes data imported succesfully!
shapes data imported succesfully!
shapes data imported succesfully!
shapes data imported succesfully!
shapes data imported succesfully!
shapes data imported succesfully!
shapes data imported succesfully!
shapes data imported succesfully!
shapes data imported succesfully!
shapes data imported succesfully!
shapes data imported succesfully!
shapes data imported succesfully!
shapes data imported succesfully!
shapes data imported succesfully!
shapes data imported succesfully!
shapes data imported succesfully!
shapes data imported succesfully!
shapes data imported succesfully!
shapes data imported succesfully!
shapes data imported succesfully!
shapes data imported succesfully!
shapes data imported succesfully!
shapes data imported succesfully!
shapes data imported succesfully!
shapes data imported succesfully!
shapes data imported succesfully!
shapes data imported succesfully!
shapes data imported succesfully!
shapes data imported succesfully!
shapes data imported succesfully!
shapes data imported succesfully!
shapes data imported succesfully!
shapes data imported succesfully!
shapes data imported succesfully!
shapes data imported succesfully!
shapes data imported succesfully!
shapes data imported succesfully!
shapes data imported succesfully!
shapes data imported succesfully!
shapes data imported succesfully!
shapes data imported succesfully!
shapes data imported succesfully!
shapes data imported succesfully!
shapes data imported succesfully!
shapes data imported succesfully!
shapes data imported succesfully!
shapes data imported succesfully!
shapes data imported succesfully!
shapes data imported succesfully!
shapes data imported succesfully!
shapes data imported succesfully!
shapes data imported succesfully!
shapes data imported succesfully!
shapes data imported succesfully!
shapes data imported succesfully!
shapes data imported succesfully!
shapes data imported succesfully!
shapes data imported succesfully!
shapes data imported succesfully!
shapes data imported succesfully!
shapes data imported succesfully!
shapes data imported succesfully!
shapes data imported succesfully!
shapes data imported succesfully!
shapes data imported succesfully!
shapes data imported succesfully!
shapes data imported succesfully!
shapes data imported succesfully!
shapes data imported succesfully!
shapes data imported succesfully!
shapes data imported succesfully!
shapes data imported succesfully!
shapes data imported succesfully!
shapes data imported succesfully!
shapes data imported succesfully!
shapes data imported succesfully!
shapes data imported succesfully!
shapes data imported succesfully!
shapes data imported succesfully!
shapes data imported succesfully!
shapes data imported succesfully!
shapes data imported succesfully!
shapes data imported succesfully!
shapes data imported succesfully!
shapes data imported succesfully!
shapes data imported succesfully!
shapes data imported succesfully!
shapes data imported succesfully!
shapes data imported succesfully!
shapes data imported succesfully!
shapes data imported succesfully!
shapes data imported succesfully!
shapes data imported succesfully!
shapes data imported succesfully!
shapes data imported succesfully!
shapes data imported succesfully!
shapes data imported succesfully!
shapes data imported succesfully!
shapes data imported succesfully!
shapes data imported succesfully!
shapes data imported succesfully!
shapes data imported succesfully!
shapes data imported succesfully!
shapes data imported succesfully!
shapes data imported succesfully!
shapes data imported succesfully!
shapes data imported succesfully!
shapes data imported succesfully!
shapes data imported succesfully!
shapes data imported succesfully!
shapes data imported succesfully!
shapes data imported succesfully!
shapes data imported succesfully!
shapes data imported succesfully!
shapes data imported succesfully!
shapes data imported succesfully!
shapes data imported succesfully!
shapes data imported succesfully!
shapes data imported succesfully!
shapes data imported succesfully!
shapes data imported succesfully!
shapes data imported succesfully!
shapes data imported succesfully!
shapes data imported succesfully!
shapes data imported succesfully!
shapes data imported succesfully!
shapes data imported succesfully!
shapes data imported succesfully!
shapes data imported succesfully!
shapes data imported succesfully!
shapes data imported succesfully!
shapes data imported succesfully!
shapes data imported succesfully!
shapes data imported succesfully!
shapes data imported succesfully!
shapes data imported succesfully!
shapes data imported succesfully!
shapes data imported succesfully!
shapes data imported succesfully!
shapes data imported succesfully!
shapes data imported succesfully!
shapes data imported succesfully!
shapes data imported succesfully!
shapes data imported succesfully!
shapes data imported succesfully!
shapes data imported succesfully!
shapes data imported succesfully!
shapes data imported succesfully!
shapes data imported succesfully!
shapes data imported succesfully!
shapes data imported succesfully!
shapes data imported succesfully!
shapes data imported succesfully!
shapes data imported succesfully!
shapes data imported succesfully!
shapes data imported succesfully!
shapes data imported succesfully!
shapes data imported succesfully!
shapes data imported succesfully!
shapes data imported succesfully!
shapes data imported succesfully!
shapes data imported succesfully!
shapes data imported succesfully!
shapes data imported succesfully!
shapes data imported succesfully!
shapes data imported succesfully!
shapes data imported succesfully!
shapes data imported succesfully!
shapes data imported succesfully!
shapes data imported succesfully!
shapes data imported succesfully!
shapes data imported succesfully!
shapes data imported succesfully!
shapes data imported succesfully!
shapes data imported succesfully!
shapes data imported succesfully!
shapes data imported succesfully!
shapes data imported succesfully!
shapes data imported succesfully!
shapes data imported succesfully!
shapes data imported succesfully!
shapes data imported succesfully!
shapes data imported succesfully!
shapes data imported succesfully!
shapes data imported succesfully!
shapes data imported succesfully!
shapes data imported succesfully!
shapes data imported succesfully!
shapes data imported succesfully!
shapes data imported succesfully!
shapes data imported succesfully!
shapes data imported succesfully!
shapes data imported succesfully!
shapes data imported succesfully!
shapes data imported succesfully!
shapes data imported succesfully!
shapes data imported succesfully!
shapes data imported succesfully!
shapes data imported succesfully!
shapes data imported succesfully!
shapes data imported succesfully!
shapes data imported succesfully!
shapes data imported succesfully!
shapes data imported succesfully!
shapes data imported succesfully!
shapes data imported succesfully!
shapes data imported succesfully!
shapes data imported succesfully!
shapes data imported succesfully!
shapes data imported succesfully!
shapes data imported succesfully!
shapes data imported succesfully!
shapes data imported succesfully!
shapes data imported succesfully!
shapes data imported succesfully!
shapes data imported succesfully!
shapes data imported succesfully!
shapes data imported succesfully!
shapes data imported succesfully!
shapes data imported succesfully!
shapes data imported succesfully!
shapes data imported succesfully!
shapes data imported succesfully!
shapes data imported succesfully!
shapes data imported succesfully!
shapes data imported succesfully!
shapes data imported succesfully!
shapes data imported succesfully!
shapes data imported succesfully!
shapes data imported succesfully!
shapes data imported succesfully!
shapes data imported succesfully!
shapes data imported succesfully!
shapes data imported succesfully!
shapes data imported succesfully!
shapes data imported succesfully!
shapes data imported succesfully!
shapes data imported succesfully!
shapes data imported succesfully!
shapes data imported succesfully!
shapes data imported succesfully!
shapes data imported succesfully!
shapes data imported succesfully!
shapes data imported succesfully!
shapes data imported succesfully!
shapes data imported succesfully!
shapes data imported succesfully!
shapes data imported succesfully!
shapes data imported succesfully!
shapes data imported succesfully!
shapes data imported succesfully!
shapes data imported succesfully!
shapes data imported succesfully!
shapes data imported succesfully!
shapes data imported succesfully!
shapes data imported succesfully!
shapes data imported succesfully!
shapes data imported succesfully!
shapes data imported succesfully!
shapes data imported succesfully!
shapes data imported succesfully!
shapes data imported succesfully!
shapes data imported succesfully!
shapes data imported succesfully!
shapes data imported succesfully!
shapes data imported succesfully!
shapes data imported succesfully!
shapes data imported succesfully!
shapes data imported succesfully!
shapes data imported succesfully!
shapes data imported succesfully!
shapes data imported succesfully!
shapes data imported succesfully!
shapes data imported succesfully!
shapes data imported succesfully!
shapes data imported succesfully!
shapes data imported succesfully!
shapes data imported succesfully!
shapes data imported succesfully!
shapes data imported succesfully!
shapes data imported succesfully!
shapes data imported succesfully!
shapes data imported succesfully!
shapes data imported succesfully!
shapes data imported succesfully!
shapes data imported succesfully!
shapes data imported succesfully!
shapes data imported succesfully!
shapes data imported succesfully!
shapes data imported succesfully!
shapes data imported succesfully!
shapes data imported succesfully!
shapes data imported succesfully!
shapes data imported succesfully!
shapes data imported succesfully!
shapes data imported succesfully!
shapes data imported succesfully!
shapes data imported succesfully!
shapes data imported succesfully!
shapes data imported succesfully!
shapes data imported succesfully!
shapes data imported succesfully!
shapes data imported succesfully!
shapes data imported succesfully!
shapes data imported succesfully!
shapes data imported succesfully!
shapes data imported succesfully!
shapes data imported succesfully!
shapes data imported succesfully!
shapes data imported succesfully!
shapes data imported succesfully!
shapes data imported succesfully!
shapes data imported succesfully!
shapes data imported succesfully!
shapes data imported succesfully!
shapes data imported succesfully!
shapes data imported succesfully!
shapes data imported succesfully!
shapes data imported succesfully!
shapes data imported succesfully!
shapes data imported succesfully!
shapes data imported succesfully!
shapes data imported succesfully!
shapes data imported succesfully!
shapes data imported succesfully!
shapes data imported succesfully!
shapes data imported succesfully!
shapes data imported succesfully!
shapes data imported succesfully!
shapes data imported succesfully!
shapes data imported succesfully!
shapes data imported succesfully!
shapes data imported succesfully!
shapes data imported succesfully!
shapes data imported succesfully!
shapes data imported succesfully!
shapes data imported succesfully!
shapes data imported succesfully!
shapes data imported succesfully!
shapes data imported succesfully!
shapes data imported succesfully!
shapes data imported succesfully!
shapes data imported succesfully!
shapes data imported succesfully!
shapes data imported succesfully!
shapes data imported succesfully!
shapes data imported succesfully!
shapes data imported succesfully!
shapes data imported succesfully!
shapes data imported succesfully!
shapes data imported succesfully!
shapes data imported succesfully!
shapes data imported succesfully!
shapes data imported succesfully!
shapes data imported succesfully!
shapes data imported succesfully!
shapes data imported succesfully!
shapes data imported succesfully!
shapes data imported succesfully!
shapes data imported succesfully!
shapes data imported succesfully!
shapes data imported succesfully!
shapes data imported succesfully!
shapes data imported succesfully!
shapes data imported succesfully!
shapes data imported succesfully!
shapes data imported succesfully!
shapes data imported succesfully!
shapes data imported succesfully!
shapes data imported succesfully!
shapes data imported succesfully!
shapes data imported succesfully!
shapes data imported succesfully!
shapes data imported succesfully!
shapes data imported succesfully!
shapes data imported succesfully!
shapes data imported succesfully!
shapes data imported succesfully!
shapes data imported succesfully!
shapes data imported succesfully!
shapes data imported succesfully!
shapes data imported succesfully!
shapes data imported succesfully!
shapes data imported succesfully!
shapes data imported succesfully!
shapes data imported succesfully!
shapes data imported succesfully!
shapes data imported succesfully!
shapes data imported succesfully!
shapes data imported succesfully!
shapes data imported succesfully!
shapes data imported succesfully!
shapes data imported succesfully!
shapes data imported succesfully!
shapes data imported succesfully!
shapes data imported succesfully!
shapes data imported succesfully!
shapes data imported succesfully!
shapes data imported succesfully!
shapes data imported succesfully!
shapes data imported succesfully!
shapes data imported succesfully!
shapes data imported succesfully!
shapes data imported succesfully!
shapes data imported succesfully!
shapes data imported succesfully!
shapes data imported succesfully!
shapes data imported succesfully!
shapes data imported succesfully!
shapes data imported succesfully!
shapes data imported succesfully!
shapes data imported succesfully!
shapes data imported succesfully!
shapes data imported succesfully!
shapes data imported succesfully!
shapes data imported succesfully!
shapes data imported succesfully!
shapes data imported succesfully!
shapes data imported succesfully!
shapes data imported succesfully!
shapes data imported succesfully!
shapes data imported succesfully!
shapes data imported succesfully!
shapes data imported succesfully!
shapes data imported succesfully!
shapes data imported succesfully!
shapes data imported succesfully!
shapes data imported succesfully!
shapes data imported succesfully!
shapes data imported succesfully!
shapes data imported succesfully!
shapes data imported succesfully!
shapes data imported succesfully!
shapes data imported succesfully!
shapes data imported succesfully!
shapes data imported succesfully!
shapes data imported succesfully!
shapes data imported succesfully!
shapes data imported succesfully!
shapes data imported succesfully!
shapes data imported succesfully!
shapes data imported succesfully!
shapes data imported succesfully!
shapes data imported succesfully!
shapes data imported succesfully!
shapes data imported succesfully!
shapes data imported succesfully!
shapes data imported succesfully!
shapes data imported succesfully!
shapes data imported succesfully!
shapes data imported succesfully!
shapes data imported succesfully!
shapes data imported succesfully!
shapes data imported succesfully!
shapes data imported succesfully!
shapes data imported succesfully!
shapes data imported succesfully!
shapes data imported succesfully!
shapes data imported succesfully!
shapes data imported succesfully!
shapes data imported succesfully!
shapes data imported succesfully!
shapes data imported succesfully!
shapes data imported succesfully!
shapes data imported succesfully!
shapes data imported succesfully!
shapes data imported succesfully!
shapes data imported succesfully!
shapes data imported succesfully!
shapes data imported succesfully!
shapes data imported succesfully!
shapes data imported succesfully!
shapes data imported succesfully!
shapes data imported succesfully!
shapes data imported succesfully!
shapes data imported succesfully!
shapes data imported succesfully!
shapes data imported succesfully!
shapes data imported succesfully!
shapes data imported succesfully!
shapes data imported succesfully!
shapes data imported succesfully!
shapes data imported succesfully!
shapes data imported succesfully!
shapes data imported succesfully!
shapes data imported succesfully!
shapes data imported succesfully!
shapes data imported succesfully!
shapes data imported succesfully!
shapes data imported succesfully!
shapes data imported succesfully!
shapes data imported succesfully!
shapes data imported succesfully!
shapes data imported succesfully!
shapes data imported succesfully!
shapes data imported succesfully!
shapes data imported succesfully!
shapes data imported succesfully!
shapes data imported succesfully!
shapes data imported succesfully!
shapes data imported succesfully!
shapes data imported succesfully!
shapes data imported succesfully!
shapes data imported succesfully!
shapes data imported succesfully!
shapes data imported succesfully!
shapes data imported succesfully!
shapes data imported succesfully!
shapes data imported succesfully!
shapes data imported succesfully!
shapes data imported succesfully!
shapes data imported succesfully!
shapes data imported succesfully!
shapes data imported succesfully!
shapes data imported succesfully!
shapes data imported succesfully!
shapes data imported succesfully!
shapes data imported succesfully!
shapes data imported succesfully!
shapes data imported succesfully!
shapes data imported succesfully!
shapes data imported succesfully!
shapes data imported succesfully!
shapes data imported succesfully!
shapes data imported succesfully!
shapes data imported succesfully!
shapes data imported succesfully!
shapes data imported succesfully!
shapes data imported succesfully!
shapes data imported succesfully!
shapes data imported succesfully!
shapes data imported succesfully!
shapes data imported succesfully!
shapes data imported succesfully!
shapes data imported succesfully!
shapes data imported succesfully!
shapes data imported succesfully!
shapes data imported succesfully!
shapes data imported succesfully!
shapes data imported succesfully!
shapes data imported succesfully!
shapes data imported succesfully!
shapes data imported succesfully!
shapes data imported succesfully!
shapes data imported succesfully!
shapes data imported succesfully!
shapes data imported succesfully!
shapes data imported succesfully!
shapes data imported succesfully!
shapes data imported succesfully!
shapes data imported succesfully!
shapes data imported succesfully!
shapes data imported succesfully!
shapes data imported succesfully!
shapes data imported succesfully!
shapes data imported succesfully!
shapes data imported succesfully!
shapes data imported succesfully!
shapes data imported succesfully!
shapes data imported succesfully!
shapes data imported succesfully!
shapes data imported succesfully!
shapes data imported succesfully!
shapes data imported succesfully!
shapes data imported succesfully!
shapes data imported succesfully!
shapes data imported succesfully!
shapes data imported succesfully!
shapes data imported succesfully!
shapes data imported succesfully!
shapes data imported succesfully!
shapes data imported succesfully!
shapes data imported succesfully!
shapes data imported succesfully!
shapes data imported succesfully!
shapes data imported succesfully!
shapes data imported succesfully!
shapes data imported succesfully!
shapes data imported succesfully!
shapes data imported succesfully!
shapes data imported succesfully!
shapes data imported succesfully!
shapes data imported succesfully!
shapes data imported succesfully!
shapes data imported succesfully!
shapes data imported succesfully!
shapes data imported succesfully!
shapes data imported succesfully!
shapes data imported succesfully!
shapes data imported succesfully!
shapes data imported succesfully!
shapes data imported succesfully!
shapes data imported succesfully!
shapes data imported succesfully!
shapes data imported succesfully!
shapes data imported succesfully!
shapes data imported succesfully!
shapes data imported succesfully!
shapes data imported succesfully!
shapes data imported succesfully!
shapes data imported succesfully!
shapes data imported succesfully!
shapes data imported succesfully!
shapes data imported succesfully!
shapes data imported succesfully!
shapes data imported succesfully!
shapes data imported succesfully!
shapes data imported succesfully!
shapes data imported succesfully!
shapes data imported succesfully!
shapes data imported succesfully!
shapes data imported succesfully!
shapes data imported succesfully!
shapes data imported succesfully!
shapes data imported succesfully!
shapes data imported succesfully!
shapes data imported succesfully!
shapes data imported succesfully!
shapes data imported succesfully!
shapes data imported succesfully!
shapes data imported succesfully!
shapes data imported succesfully!
shapes data imported succesfully!
shapes data imported succesfully!
shapes data imported succesfully!
shapes data imported succesfully!
shapes data imported succesfully!
shapes data imported succesfully!
shapes data imported succesfully!
shapes data imported succesfully!
shapes data imported succesfully!
shapes data imported succesfully!
shapes data imported succesfully!
shapes data imported succesfully!
shapes data imported succesfully!
shapes data imported succesfully!
shapes data imported succesfully!
shapes data imported succesfully!
shapes data imported succesfully!
shapes data imported succesfully!
shapes data imported succesfully!
shapes data imported succesfully!
shapes data imported succesfully!
shapes data imported succesfully!
shapes data imported succesfully!
shapes data imported succesfully!
shapes data imported succesfully!
shapes data imported succesfully!
shapes data imported succesfully!
shapes data imported succesfully!
shapes data imported succesfully!
shapes data imported succesfully!
shapes data imported succesfully!
shapes data imported succesfully!
shapes data imported succesfully!
shapes data imported succesfully!
shapes data imported succesfully!
shapes data imported succesfully!
shapes data imported succesfully!
shapes data imported succesfully!
shapes data imported succesfully!
shapes data imported succesfully!
shapes data imported succesfully!
shapes data imported succesfully!
shapes data imported succesfully!
shapes data imported succesfully!
shapes data imported succesfully!
shapes data imported succesfully!
shapes data imported succesfully!
shapes data imported succesfully!
shapes data imported succesfully!
shapes data imported succesfully!
shapes data imported succesfully!
shapes data imported succesfully!
shapes data imported succesfully!
shapes data imported succesfully!
shapes data imported succesfully!
shapes data imported succesfully!
shapes data imported succesfully!
shapes data imported succesfully!
shapes data imported succesfully!
shapes data imported succesfully!
shapes data imported succesfully!
shapes data imported succesfully!
shapes data imported succesfully!
shapes data imported succesfully!
shapes data imported succesfully!
shapes data imported succesfully!
shapes data imported succesfully!
shapes data imported succesfully!
shapes data imported succesfully!
shapes data imported succesfully!
shapes data imported succesfully!
shapes data imported succesfully!
shapes data imported succesfully!
shapes data imported succesfully!
shapes data imported succesfully!
shapes data imported succesfully!
shapes data imported succesfully!
shapes data imported succesfully!
shapes data imported succesfully!
shapes data imported succesfully!
shapes data imported succesfully!
shapes data imported succesfully!
shapes data imported succesfully!
shapes data imported succesfully!
shapes data imported succesfully!
shapes data imported succesfully!
shapes data imported succesfully!
shapes data imported succesfully!
shapes data imported succesfully!
shapes data imported succesfully!
shapes data imported succesfully!
shapes data imported succesfully!
shapes data imported succesfully!
shapes data imported succesfully!
shapes data imported succesfully!
shapes data imported succesfully!
shapes data imported succesfully!
shapes data imported succesfully!
shapes data imported succesfully!
shapes data imported succesfully!
shapes data imported succesfully!
shapes data imported succesfully!
shapes data imported succesfully!
shapes data imported succesfully!
shapes data imported succesfully!
shapes data imported succesfully!
shapes data imported succesfully!
shapes data imported succesfully!
shapes data imported succesfully!
shapes data imported succesfully!
shapes data imported succesfully!
shapes data imported succesfully!
shapes data imported succesfully!
shapes data imported succesfully!
shapes data imported succesfully!
shapes data imported succesfully!
shapes data imported succesfully!
shapes data imported succesfully!
shapes data imported succesfully!
shapes data imported succesfully!
shapes data imported succesfully!
shapes data imported succesfully!
shapes data imported succesfully!
shapes data imported succesfully!
shapes data imported succesfully!
shapes data imported succesfully!
shapes data imported succesfully!
shapes data imported succesfully!
shapes data imported succesfully!
shapes data imported succesfully!
shapes data imported succesfully!
shapes data imported succesfully!
shapes data imported succesfully!
shapes data imported succesfully!
shapes data imported succesfully!
shapes data imported succesfully!
shapes data imported succesfully!
shapes data imported succesfully!
shapes data imported succesfully!
shapes data imported succesfully!
shapes data imported succesfully!
shapes data imported succesfully!
shapes data imported succesfully!
shapes data imported succesfully!
shapes data imported succesfully!
shapes data imported succesfully!
shapes data imported succesfully!
shapes data imported succesfully!
shapes data imported succesfully!
shapes data imported succesfully!
shapes data imported succesfully!
shapes data imported succesfully!
shapes data imported succesfully!
shapes data imported succesfully!
shapes data imported succesfully!
shapes data imported succesfully!
shapes data imported succesfully!
shapes data imported succesfully!
shapes data imported succesfully!
shapes data imported succesfully!
shapes data imported succesfully!
shapes data imported succesfully!
shapes data imported succesfully!
shapes data imported succesfully!
shapes data imported succesfully!
shapes data imported succesfully!
shapes data imported succesfully!
shapes data imported succesfully!
shapes data imported succesfully!
shapes data imported succesfully!
shapes data imported succesfully!
shapes data imported succesfully!
shapes data imported succesfully!
shapes data imported succesfully!
shapes data imported succesfully!
shapes data imported succesfully!
shapes data imported succesfully!
shapes data imported succesfully!
shapes data imported succesfully!
shapes data imported succesfully!
shapes data imported succesfully!
shapes data imported succesfully!
shapes data imported succesfully!
shapes data imported succesfully!
shapes data imported succesfully!
shapes data imported succesfully!
shapes data imported succesfully!
shapes data imported succesfully!
shapes data imported succesfully!
shapes data imported succesfully!
shapes data imported succesfully!
shapes data imported succesfully!
shapes data imported succesfully!
shapes data imported succesfully!
shapes data imported succesfully!
shapes data imported succesfully!
shapes data imported succesfully!
shapes data imported succesfully!
shapes data imported succesfully!
shapes data imported succesfully!
shapes data imported succesfully!
shapes data imported succesfully!
shapes data imported succesfully!
shapes data imported succesfully!
shapes data imported succesfully!
shapes data imported succesfully!
shapes data imported succesfully!
shapes data imported succesfully!
shapes data imported succesfully!
shapes data imported succesfully!
shapes data imported succesfully!
shapes data imported succesfully!
shapes data imported succesfully!
shapes data imported succesfully!
shapes data imported succesfully!
shapes data imported succesfully!
shapes data imported succesfully!
shapes data imported succesfully!
shapes data imported succesfully!
shapes data imported succesfully!
shapes data imported succesfully!
shapes data imported succesfully!
shapes data imported succesfully!
shapes data imported succesfully!
shapes data imported succesfully!
shapes data imported succesfully!
shapes data imported succesfully!
shapes data imported succesfully!
shapes data imported succesfully!
shapes data imported succesfully!
shapes data imported succesfully!
shapes data imported succesfully!
shapes data imported succesfully!
shapes data imported succesfully!
shapes data imported succesfully!
shapes data imported succesfully!
shapes data imported succesfully!
shapes data imported succesfully!
shapes data imported succesfully!
shapes data imported succesfully!
shapes data imported succesfully!
shapes data imported succesfully!
shapes data imported succesfully!
shapes data imported succesfully!
shapes data imported succesfully!
shapes data imported succesfully!
shapes data imported succesfully!
shapes data imported succesfully!
shapes data imported succesfully!
shapes data imported succesfully!
shapes data imported succesfully!
shapes data imported succesfully!
shapes data imported succesfully!
shapes data imported succesfully!
shapes data imported succesfully!
shapes data imported succesfully!
shapes data imported succesfully!
shapes data imported succesfully!
shapes data imported succesfully!
shapes data imported succesfully!
shapes data imported succesfully!
shapes data imported succesfully!
shapes data imported succesfully!
shapes data imported succesfully!
shapes data imported succesfully!
shapes data imported succesfully!
shapes data imported succesfully!
shapes data imported succesfully!
shapes data imported succesfully!
shapes data imported succesfully!
shapes data imported succesfully!
shapes data imported succesfully!
shapes data imported succesfully!
shapes data imported succesfully!
shapes data imported succesfully!
shapes data imported succesfully!
shapes data imported succesfully!
shapes data imported succesfully!
shapes data imported succesfully!
shapes data imported succesfully!
shapes data imported succesfully!
shapes data imported succesfully!
shapes data imported succesfully!
shapes data imported succesfully!
shapes data imported succesfully!
shapes data imported succesfully!
shapes data imported succesfully!
shapes data imported succesfully!
shapes data imported succesfully!
shapes data imported succesfully!
shapes data imported succesfully!
shapes data imported succesfully!
shapes data imported succesfully!
shapes data imported succesfully!
shapes data imported succesfully!
shapes data imported succesfully!
shapes data imported succesfully!
shapes data imported succesfully!
shapes data imported succesfully!
shapes data imported succesfully!
shapes data imported succesfully!
shapes data imported succesfully!
shapes data imported succesfully!
shapes data imported succesfully!
shapes data imported succesfully!
shapes data imported succesfully!
shapes data imported succesfully!
shapes data imported succesfully!
shapes data imported succesfully!
shapes data imported succesfully!
shapes data imported succesfully!
shapes data imported succesfully!
shapes data imported succesfully!
shapes data imported succesfully!
shapes data imported succesfully!
shapes data imported succesfully!
shapes data imported succesfully!
shapes data imported succesfully!
shapes data imported succesfully!
shapes data imported succesfully!
shapes data imported succesfully!
shapes data imported succesfully!
shapes data imported succesfully!
shapes data imported succesfully!
shapes data imported succesfully!
shapes data imported succesfully!
shapes data imported succesfully!
shapes data imported succesfully!
shapes data imported succesfully!
shapes data imported succesfully!
shapes data imported succesfully!
shapes data imported succesfully!
shapes data imported succesfully!
shapes data imported succesfully!
shapes data imported succesfully!
shapes data imported succesfully!
shapes data imported succesfully!
shapes data imported succesfully!
shapes data imported succesfully!
shapes data imported succesfully!
shapes data imported succesfully!
shapes data imported succesfully!
shapes data imported succesfully!
shapes data imported succesfully!
shapes data imported succesfully!
shapes data imported succesfully!
shapes data imported succesfully!
shapes data imported succesfully!
shapes data imported succesfully!
shapes data imported succesfully!
shapes data imported succesfully!
shapes data imported succesfully!
shapes data imported succesfully!
shapes data imported succesfully!
shapes data imported succesfully!
shapes data imported succesfully!
shapes data imported succesfully!
shapes data imported succesfully!
shapes data imported succesfully!
shapes data imported succesfully!
shapes data imported succesfully!
shapes data imported succesfully!
shapes data imported succesfully!
shapes data imported succesfully!
shapes data imported succesfully!
shapes data imported succesfully!
shapes data imported succesfully!
shapes data imported succesfully!
shapes data imported succesfully!
shapes data imported succesfully!
shapes data imported succesfully!
shapes data imported succesfully!
shapes data imported succesfully!
shapes data imported succesfully!
shapes data imported succesfully!
shapes data imported succesfully!
shapes data imported succesfully!
shapes data imported succesfully!
shapes data imported succesfully!
shapes data imported succesfully!
shapes data imported succesfully!
shapes data imported succesfully!
shapes data imported succesfully!
shapes data imported succesfully!
shapes data imported succesfully!
shapes data imported succesfully!
shapes data imported succesfully!
shapes data imported succesfully!
shapes data imported succesfully!
shapes data imported succesfully!
shapes data imported succesfully!
shapes data imported succesfully!
shapes data imported succesfully!
shapes data imported succesfully!
shapes data imported succesfully!
shapes data imported succesfully!
shapes data imported succesfully!
shapes data imported succesfully!
shapes data imported succesfully!
shapes data imported succesfully!
shapes data imported succesfully!
shapes data imported succesfully!
shapes data imported succesfully!
shapes data imported succesfully!
shapes data imported succesfully!
shapes data imported succesfully!
shapes data imported succesfully!
shapes data imported succesfully!
shapes data imported succesfully!
shapes data imported succesfully!
shapes data imported succesfully!
shapes data imported succesfully!
shapes data imported succesfully!
shapes data imported succesfully!
shapes data imported succesfully!
shapes data imported succesfully!
shapes data imported succesfully!
shapes data imported succesfully!
shapes data imported succesfully!
shapes data imported succesfully!
shapes data imported succesfully!
shapes data imported succesfully!
shapes data imported succesfully!
shapes data imported succesfully!
shapes data imported succesfully!
shapes data imported succesfully!
shapes data imported succesfully!
shapes data imported succesfully!
shapes data imported succesfully!
shapes data imported succesfully!
shapes data imported succesfully!
shapes data imported succesfully!
shapes data imported succesfully!
shapes data imported succesfully!
shapes data imported succesfully!
shapes data imported succesfully!
shapes data imported succesfully!
shapes data imported succesfully!
shapes data imported succesfully!
shapes data imported succesfully!
shapes data imported succesfully!
shapes data imported succesfully!
shapes data imported succesfully!
shapes data imported succesfully!
shapes data imported succesfully!
shapes data imported succesfully!
shapes data imported succesfully!
shapes data imported succesfully!
shapes data imported succesfully!
shapes data imported succesfully!
shapes data imported succesfully!
shapes data imported succesfully!
shapes data imported succesfully!
shapes data imported succesfully!
shapes data imported succesfully!
shapes data imported succesfully!
shapes data imported succesfully!
shapes data imported succesfully!
shapes data imported succesfully!
shapes data imported succesfully!
shapes data imported succesfully!
shapes data imported succesfully!
shapes data imported succesfully!
shapes data imported succesfully!
shapes data imported succesfully!
shapes data imported succesfully!
shapes data imported succesfully!
shapes data imported succesfully!
shapes data imported succesfully!
shapes data imported succesfully!
shapes data imported succesfully!
shapes data imported succesfully!
shapes data imported succesfully!
shapes data imported succesfully!
shapes data imported succesfully!
shapes data imported succesfully!
shapes data imported succesfully!
shapes data imported succesfully!
shapes data imported succesfully!
shapes data imported succesfully!
shapes data imported succesfully!
shapes data imported succesfully!
shapes data imported succesfully!
shapes data imported succesfully!
shapes data imported succesfully!
shapes data imported succesfully!
shapes data imported succesfully!
shapes data imported succesfully!
shapes data imported succesfully!
shapes data imported succesfully!
shapes data imported succesfully!
shapes data imported succesfully!
shapes data imported succesfully!
shapes data imported succesfully!
shapes data imported succesfully!
shapes data imported succesfully!
shapes data imported succesfully!
shapes data imported succesfully!
shapes data imported succesfully!
shapes data imported succesfully!
shapes data imported succesfully!
shapes data imported succesfully!
shapes data imported succesfully!
shapes data imported succesfully!
shapes data imported succesfully!
shapes data imported succesfully!
shapes data imported succesfully!
shapes data imported succesfully!
shapes data imported succesfully!
shapes data imported succesfully!
shapes data imported succesfully!
shapes data imported succesfully!
shapes data imported succesfully!
shapes data imported succesfully!
shapes data imported succesfully!
shapes data imported succesfully!
shapes data imported succesfully!
shapes data imported succesfully!
shapes data imported succesfully!
shapes data imported succesfully!
shapes data imported succesfully!
shapes data imported succesfully!
shapes data imported succesfully!
shapes data imported succesfully!
shapes data imported succesfully!
shapes data imported succesfully!
shapes data imported succesfully!
shapes data imported succesfully!
shapes data imported succesfully!
shapes data imported succesfully!
shapes data imported succesfully!
shapes data imported succesfully!
shapes data imported succesfully!
shapes data imported succesfully!
shapes data imported succesfully!
shapes data imported succesfully!
shapes data imported succesfully!
shapes data imported succesfully!
shapes data imported succesfully!
shapes data imported succesfully!
shapes data imported succesfully!
shapes data imported succesfully!
shapes data imported succesfully!
shapes data imported succesfully!
shapes data imported succesfully!
shapes data imported succesfully!
shapes data imported succesfully!
shapes data imported succesfully!
shapes data imported succesfully!
shapes data imported succesfully!
shapes data imported succesfully!
shapes data imported succesfully!
shapes data imported succesfully!
shapes data imported succesfully!
shapes data imported succesfully!
shapes data imported succesfully!
shapes data imported succesfully!
shapes data imported succesfully!
shapes data imported succesfully!
shapes data imported succesfully!
shapes data imported succesfully!
shapes data imported succesfully!
shapes data imported succesfully!
shapes data imported succesfully!
shapes data imported succesfully!
shapes data imported succesfully!
shapes data imported succesfully!
shapes data imported succesfully!
shapes data imported succesfully!
shapes data imported succesfully!
shapes data imported succesfully!
shapes data imported succesfully!
shapes data imported succesfully!
shapes data imported succesfully!
shapes data imported succesfully!
shapes data imported succesfully!
shapes data imported succesfully!
shapes data imported succesfully!
shapes data imported succesfully!
shapes data imported succesfully!
shapes data imported succesfully!
shapes data imported succesfully!
shapes data imported succesfully!
shapes data imported succesfully!
shapes data imported succesfully!
shapes data imported succesfully!
shapes data imported succesfully!
shapes data imported succesfully!
shapes data imported succesfully!
shapes data imported succesfully!
shapes data imported succesfully!
shapes data imported succesfully!
shapes data imported succesfully!
shapes data imported succesfully!
shapes data imported succesfully!
shapes data imported succesfully!
shapes data imported succesfully!
shapes data imported succesfully!
shapes data imported succesfully!
shapes data imported succesfully!
shapes data imported succesfully!
shapes data imported succesfully!
shapes data imported succesfully!
shapes data imported succesfully!
shapes data imported succesfully!
shapes data imported succesfully!
shapes data imported succesfully!
shapes data imported succesfully!
shapes data imported succesfully!
shapes data imported succesfully!
shapes data imported succesfully!
shapes data imported succesfully!
shapes data imported succesfully!
shapes data imported succesfully!
shapes data imported succesfully!
shapes data imported succesfully!
shapes data imported succesfully!
shapes data imported succesfully!
shapes data imported succesfully!
shapes data imported succesfully!
shapes data imported succesfully!
shapes data imported succesfully!
shapes data imported succesfully!
shapes data imported succesfully!
shapes data imported succesfully!
shapes data imported succesfully!
shapes data imported succesfully!
shapes data imported succesfully!
shapes data imported succesfully!
shapes data imported succesfully!
shapes data imported succesfully!
shapes data imported succesfully!
shapes data imported succesfully!
shapes data imported succesfully!
shapes data imported succesfully!
shapes data imported succesfully!
shapes data imported succesfully!
shapes data imported succesfully!
shapes data imported succesfully!
shapes data imported succesfully!
shapes data imported succesfully!
shapes data imported succesfully!
shapes data imported succesfully!
shapes data imported succesfully!
shapes data imported succesfully!
shapes data imported succesfully!
shapes data imported succesfully!
shapes data imported succesfully!
shapes data imported succesfully!
shapes data imported succesfully!
shapes data imported succesfully!
shapes data imported succesfully!
shapes data imported succesfully!
shapes data imported succesfully!
shapes data imported succesfully!
shapes data imported succesfully!
shapes data imported succesfully!
shapes data imported succesfully!
shapes data imported succesfully!
shapes data imported succesfully!
shapes data imported succesfully!
shapes data imported succesfully!
shapes data imported succesfully!
shapes data imported succesfully!
shapes data imported succesfully!
shapes data imported succesfully!
shapes data imported succesfully!
shapes data imported succesfully!
shapes data imported succesfully!
shapes data imported succesfully!
shapes data imported succesfully!
shapes data imported succesfully!
shapes data imported succesfully!
shapes data imported succesfully!
shapes data imported succesfully!
shapes data imported succesfully!
shapes data imported succesfully!
shapes data imported succesfully!
shapes data imported succesfully!
shapes data imported succesfully!
shapes data imported succesfully!
shapes data imported succesfully!
shapes data imported succesfully!
shapes data imported succesfully!
shapes data imported succesfully!
shapes data imported succesfully!
shapes data imported succesfully!
shapes data imported succesfully!
shapes data imported succesfully!
shapes data imported succesfully!
shapes data imported succesfully!
shapes data imported succesfully!
shapes data imported succesfully!
shapes data imported succesfully!
shapes data imported succesfully!
shapes data imported succesfully!
shapes data imported succesfully!
shapes data imported succesfully!
shapes data imported succesfully!
shapes data imported succesfully!
shapes data imported succesfully!
shapes data imported succesfully!
shapes data imported succesfully!
shapes data imported succesfully!
shapes data imported succesfully!
shapes data imported succesfully!
shapes data imported succesfully!
shapes data imported succesfully!
shapes data imported succesfully!
shapes data imported succesfully!
shapes data imported succesfully!
shapes data imported succesfully!
shapes data imported succesfully!
shapes data imported succesfully!
shapes data imported succesfully!
shapes data imported succesfully!
shapes data imported succesfully!
shapes data imported succesfully!
shapes data imported succesfully!
shapes data imported succesfully!
shapes data imported succesfully!
shapes data imported succesfully!
shapes data imported succesfully!
shapes data imported succesfully!
shapes data imported succesfully!
shapes data imported succesfully!
shapes data imported succesfully!
shapes data imported succesfully!
shapes data imported succesfully!
shapes data imported succesfully!
shapes data imported succesfully!
shapes data imported succesfully!
shapes data imported succesfully!
shapes data imported succesfully!
shapes data imported succesfully!
shapes data imported succesfully!
shapes data imported succesfully!
shapes data imported succesfully!
shapes data imported succesfully!
shapes data imported succesfully!
shapes data imported succesfully!
shapes data imported succesfully!
shapes data imported succesfully!
shapes data imported succesfully!
shapes data imported succesfully!
shapes data imported succesfully!
shapes data imported succesfully!
shapes data imported succesfully!
shapes data imported succesfully!
shapes data imported succesfully!
shapes data imported succesfully!
shapes data imported succesfully!
shapes data imported succesfully!
shapes data imported succesfully!
shapes data imported succesfully!
shapes data imported succesfully!
shapes data imported succesfully!
shapes data imported succesfully!
shapes data imported succesfully!
shapes data imported succesfully!
shapes data imported succesfully!
shapes data imported succesfully!
shapes data imported succesfully!
shapes data imported succesfully!
shapes data imported succesfully!
shapes data imported succesfully!
shapes data imported succesfully!
shapes data imported succesfully!
shapes data imported succesfully!
shapes data imported succesfully!
shapes data imported succesfully!
shapes data imported succesfully!
shapes data imported succesfully!
shapes data imported succesfully!
shapes data imported succesfully!
shapes data imported succesfully!
shapes data imported succesfully!
shapes data imported succesfully!
shapes data imported succesfully!
shapes data imported succesfully!
shapes data imported succesfully!
shapes data imported succesfully!
shapes data imported succesfully!
shapes data imported succesfully!
shapes data imported succesfully!
shapes data imported succesfully!
shapes data imported succesfully!
shapes data imported succesfully!
shapes data imported succesfully!
shapes data imported succesfully!
shapes data imported succesfully!
shapes data imported succesfully!
shapes data imported succesfully!
shapes data imported succesfully!
shapes data imported succesfully!
shapes data imported succesfully!
shapes data imported succesfully!
shapes data imported succesfully!
shapes data imported succesfully!
shapes data imported succesfully!
shapes data imported succesfully!
shapes data imported succesfully!
shapes data imported succesfully!
shapes data imported succesfully!
shapes data imported succesfully!
shapes data imported succesfully!
shapes data imported succesfully!
shapes data imported succesfully!
shapes data imported succesfully!
shapes data imported succesfully!
shapes data imported succesfully!
shapes data imported succesfully!
shapes data imported succesfully!
shapes data imported succesfully!
shapes data imported succesfully!
shapes data imported succesfully!
shapes data imported succesfully!
shapes data imported succesfully!
shapes data imported succesfully!
shapes data imported succesfully!
shapes data imported succesfully!
shapes data imported succesfully!
shapes data imported succesfully!
shapes data imported succesfully!
shapes data imported succesfully!
shapes data imported succesfully!
shapes data imported succesfully!
shapes data imported succesfully!
shapes data imported succesfully!
shapes data imported succesfully!
shapes data imported succesfully!
shapes data imported succesfully!
shapes data imported succesfully!
shapes data imported succesfully!
shapes data imported succesfully!
shapes data imported succesfully!
shapes data imported succesfully!
shapes data imported succesfully!
shapes data imported succesfully!
shapes data imported succesfully!
shapes data imported succesfully!
shapes data imported succesfully!
shapes data imported succesfully!
shapes data imported succesfully!
shapes data imported succesfully!
shapes data imported succesfully!
shapes data imported succesfully!
shapes data imported succesfully!
shapes data imported succesfully!
shapes data imported succesfully!
shapes data imported succesfully!
shapes data imported succesfully!
shapes data imported succesfully!
shapes data imported succesfully!
shapes data imported succesfully!
shapes data imported succesfully!
shapes data imported succesfully!
shapes data imported succesfully!
shapes data imported succesfully!
shapes data imported succesfully!
shapes data imported succesfully!
shapes data imported succesfully!
shapes data imported succesfully!
shapes data imported succesfully!
shapes data imported succesfully!
shapes data imported succesfully!
shapes data imported succesfully!
shapes data imported succesfully!
shapes data imported succesfully!
shapes data imported succesfully!
shapes data imported succesfully!
shapes data imported succesfully!
shapes data imported succesfully!
shapes data imported succesfully!
shapes data imported succesfully!
shapes data imported succesfully!
shapes data imported succesfully!
shapes data imported succesfully!
shapes data imported succesfully!
shapes data imported succesfully!
shapes data imported succesfully!
shapes data imported succesfully!
shapes data imported succesfully!
shapes data imported succesfully!
shapes data imported succesfully!
shapes data imported succesfully!
shapes data imported succesfully!
shapes data imported succesfully!
shapes data imported succesfully!
shapes data imported succesfully!
shapes data imported succesfully!
shapes data imported succesfully!
shapes data imported succesfully!
shapes data imported succesfully!
shapes data imported succesfully!
shapes data imported succesfully!
shapes data imported succesfully!
shapes data imported succesfully!
shapes data imported succesfully!
shapes data imported succesfully!
shapes data imported succesfully!
shapes data imported succesfully!
shapes data imported succesfully!
shapes data imported succesfully!
shapes data imported succesfully!
shapes data imported succesfully!
shapes data imported succesfully!
shapes data imported succesfully!
shapes data imported succesfully!
shapes data imported succesfully!
shapes data imported succesfully!
shapes data imported succesfully!
shapes data imported succesfully!
shapes data imported succesfully!
shapes data imported succesfully!
shapes data imported succesfully!
shapes data imported succesfully!
shapes data imported succesfully!
shapes data imported succesfully!
shapes data imported succesfully!
shapes data imported succesfully!
shapes data imported succesfully!
shapes data imported succesfully!
shapes data imported succesfully!
shapes data imported succesfully!
shapes data imported succesfully!
shapes data imported succesfully!
shapes data imported succesfully!
shapes data imported succesfully!
shapes data imported succesfully!
shapes data imported succesfully!
shapes data imported succesfully!
shapes data imported succesfully!
shapes data imported succesfully!
shapes data imported succesfully!
shapes data imported succesfully!
shapes data imported succesfully!
shapes data imported succesfully!
shapes data imported succesfully!
shapes data imported succesfully!
shapes data imported succesfully!
shapes data imported succesfully!
shapes data imported succesfully!
shapes data imported succesfully!
shapes data imported succesfully!
shapes data imported succesfully!
shapes data imported succesfully!
shapes data imported succesfully!
shapes data imported succesfully!
shapes data imported succesfully!
shapes data imported succesfully!
shapes data imported succesfully!
shapes data imported succesfully!
shapes data imported succesfully!
shapes data imported succesfully!
shapes data imported succesfully!
shapes data imported succesfully!
shapes data imported succesfully!
shapes data imported succesfully!
shapes data imported succesfully!
shapes data imported succesfully!
shapes data imported succesfully!
shapes data imported succesfully!
shapes data imported succesfully!
shapes data imported succesfully!
shapes data imported succesfully!
shapes data imported succesfully!
shapes data imported succesfully!
shapes data imported succesfully!
shapes data imported succesfully!
shapes data imported succesfully!
shapes data imported succesfully!
shapes data imported succesfully!
shapes data imported succesfully!
shapes data imported succesfully!
shapes data imported succesfully!
shapes data imported succesfully!
shapes data imported succesfully!
shapes data imported succesfully!
shapes data imported succesfully!
shapes data imported succesfully!
shapes data imported succesfully!
shapes data imported succesfully!
shapes data imported succesfully!
shapes data imported succesfully!
shapes data imported succesfully!
shapes data imported succesfully!
shapes data imported succesfully!
shapes data imported succesfully!
shapes data imported succesfully!
shapes data imported succesfully!
shapes data imported succesfully!
shapes data imported succesfully!
shapes data imported succesfully!
shapes data imported succesfully!
shapes data imported succesfully!
shapes data imported succesfully!
shapes data imported succesfully!
shapes data imported succesfully!
shapes data imported succesfully!
shapes data imported succesfully!
shapes data imported succesfully!
shapes data imported succesfully!
shapes data imported succesfully!
shapes data imported succesfully!
shapes data imported succesfully!
shapes data imported succesfully!
shapes data imported succesfully!
shapes data imported succesfully!
shapes data imported succesfully!
shapes data imported succesfully!
shapes data imported succesfully!
shapes data imported succesfully!
shapes data imported succesfully!
shapes data imported succesfully!
shapes data imported succesfully!
shapes data imported succesfully!
shapes data imported succesfully!
shapes data imported succesfully!
shapes data imported succesfully!
shapes data imported succesfully!
shapes data imported succesfully!
shapes data imported succesfully!
shapes data imported succesfully!
shapes data imported succesfully!
shapes data imported succesfully!
shapes data imported succesfully!
shapes data imported succesfully!
shapes data imported succesfully!
shapes data imported succesfully!
shapes data imported succesfully!
shapes data imported succesfully!
shapes data imported succesfully!
shapes data imported succesfully!
shapes data imported succesfully!
shapes data imported succesfully!
shapes data imported succesfully!
shapes data imported succesfully!
shapes data imported succesfully!
shapes data imported succesfully!
shapes data imported succesfully!
shapes data imported succesfully!
shapes data imported succesfully!
shapes data imported succesfully!
shapes data imported succesfully!
shapes data imported succesfully!
shapes data imported succesfully!
shapes data imported succesfully!
shapes data imported succesfully!
shapes data imported succesfully!
shapes data imported succesfully!
shapes data imported succesfully!
shapes data imported succesfully!
shapes data imported succesfully!
shapes data imported succesfully!
shapes data imported succesfully!
shapes data imported succesfully!
shapes data imported succesfully!
shapes data imported succesfully!
shapes data imported succesfully!
shapes data imported succesfully!
shapes data imported succesfully!
shapes data imported succesfully!
shapes data imported succesfully!
shapes data imported succesfully!
shapes data imported succesfully!
shapes data imported succesfully!
shapes data imported succesfully!
shapes data imported succesfully!
shapes data imported succesfully!
shapes data imported succesfully!
shapes data imported succesfully!
shapes data imported succesfully!
shapes data imported succesfully!
shapes data imported succesfully!
shapes data imported succesfully!
shapes data imported succesfully!
shapes data imported succesfully!
shapes data imported succesfully!
shapes data imported succesfully!
shapes data imported succesfully!
shapes data imported succesfully!
shapes data imported succesfully!
shapes data imported succesfully!
shapes data imported succesfully!
shapes data imported succesfully!
shapes data imported succesfully!
shapes data imported succesfully!
shapes data imported succesfully!
shapes data imported succesfully!
shapes data imported succesfully!
shapes data imported succesfully!
shapes data imported succesfully!
shapes data imported succesfully!
shapes data imported succesfully!
shapes data imported succesfully!
shapes data imported succesfully!
shapes data imported succesfully!
shapes data imported succesfully!
shapes data imported succesfully!
shapes data imported succesfully!
shapes data imported succesfully!
shapes data imported succesfully!
shapes data imported succesfully!
shapes data imported succesfully!
shapes data imported succesfully!
shapes data imported succesfully!
shapes data imported succesfully!
shapes data imported succesfully!
shapes data imported succesfully!
shapes data imported succesfully!
shapes data imported succesfully!
shapes data imported succesfully!
shapes data imported succesfully!
shapes data imported succesfully!
shapes data imported succesfully!
shapes data imported succesfully!
shapes data imported succesfully!
shapes data imported succesfully!
shapes data imported succesfully!
shapes data imported succesfully!
shapes data imported succesfully!
shapes data imported succesfully!
shapes data imported succesfully!
shapes data imported succesfully!
shapes data imported succesfully!
shapes data imported succesfully!
shapes data imported succesfully!
shapes data imported succesfully!
shapes data imported succesfully!
shapes data imported succesfully!
shapes data imported succesfully!
shapes data imported succesfully!
shapes data imported succesfully!
shapes data imported succesfully!
shapes data imported succesfully!
shapes data imported succesfully!
shapes data imported succesfully!
shapes data imported succesfully!
shapes data imported succesfully!
shapes data imported succesfully!
shapes data imported succesfully!
shapes data imported succesfully!
shapes data imported succesfully!
shapes data imported succesfully!
shapes data imported succesfully!
shapes data imported succesfully!
shapes data imported succesfully!
shapes data imported succesfully!
shapes data imported succesfully!
shapes data imported succesfully!
shapes data imported succesfully!
shapes data imported succesfully!
shapes data imported succesfully!
shapes data imported succesfully!
shapes data imported succesfully!
shapes data imported succesfully!
shapes data imported succesfully!
shapes data imported succesfully!
shapes data imported succesfully!
shapes data imported succesfully!
shapes data imported succesfully!
shapes data imported succesfully!
shapes data imported succesfully!
shapes data imported succesfully!
shapes data imported succesfully!
shapes data imported succesfully!
shapes data imported succesfully!
shapes data imported succesfully!
shapes data imported succesfully!
shapes data imported succesfully!
shapes data imported succesfully!
shapes data imported succesfully!
shapes data imported succesfully!
shapes data imported succesfully!
shapes data imported succesfully!
shapes data imported succesfully!
shapes data imported succesfully!
shapes data imported succesfully!
shapes data imported succesfully!
shapes data imported succesfully!
shapes data imported succesfully!
shapes data imported succesfully!
shapes data imported succesfully!
shapes data imported succesfully!
shapes data imported succesfully!
shapes data imported succesfully!
shapes data imported succesfully!
shapes data imported succesfully!
shapes data imported succesfully!
shapes data imported succesfully!
shapes data imported succesfully!
shapes data imported succesfully!
shapes data imported succesfully!
shapes data imported succesfully!
shapes data imported succesfully!
shapes data imported succesfully!
shapes data imported succesfully!
shapes data imported succesfully!
shapes data imported succesfully!
shapes data imported succesfully!
shapes data imported succesfully!
shapes data imported succesfully!
shapes data imported succesfully!
shapes data imported succesfully!
shapes data imported succesfully!
shapes data imported succesfully!
shapes data imported succesfully!
shapes data imported succesfully!
shapes data imported succesfully!
shapes data imported succesfully!
shapes data imported succesfully!
shapes data imported succesfully!
shapes data imported succesfully!
shapes data imported succesfully!
shapes data imported succesfully!
shapes data imported succesfully!
shapes data imported succesfully!
shapes data imported succesfully!
shapes data imported succesfully!
shapes data imported succesfully!
shapes data imported succesfully!
shapes data imported succesfully!
shapes data imported succesfully!
shapes data imported succesfully!
shapes data imported succesfully!
shapes data imported succesfully!
shapes data imported succesfully!
shapes data imported succesfully!
shapes data imported succesfully!
shapes data imported succesfully!
shapes data imported succesfully!
shapes data imported succesfully!
shapes data imported succesfully!
shapes data imported succesfully!
shapes data imported succesfully!
shapes data imported succesfully!
shapes data imported succesfully!
shapes data imported succesfully!
shapes data imported succesfully!
shapes data imported succesfully!
shapes data imported succesfully!
shapes data imported succesfully!
shapes data imported succesfully!
shapes data imported succesfully!
shapes data imported succesfully!
shapes data imported succesfully!
shapes data imported succesfully!
shapes data imported succesfully!
shapes data imported succesfully!
shapes data imported succesfully!
shapes data imported succesfully!
shapes data imported succesfully!
shapes data imported succesfully!
shapes data imported succesfully!
shapes data imported succesfully!
shapes data imported succesfully!
shapes data imported succesfully!
shapes data imported succesfully!
shapes data imported succesfully!
shapes data imported succesfully!
shapes data imported succesfully!
shapes data imported succesfully!
shapes data imported succesfully!
shapes data imported succesfully!
shapes data imported succesfully!
shapes data imported succesfully!
shapes data imported succesfully!
shapes data imported succesfully!
shapes data imported succesfully!
shapes data imported succesfully!
shapes data imported succesfully!
shapes data imported succesfully!
shapes data imported succesfully!
shapes data imported succesfully!
shapes data imported succesfully!
shapes data imported succesfully!
shapes data imported succesfully!
shapes data imported succesfully!
shapes data imported succesfully!
shapes data imported succesfully!
shapes data imported succesfully!
shapes data imported succesfully!
shapes data imported succesfully!
shapes data imported succesfully!
shapes data imported succesfully!
shapes data imported succesfully!
shapes data imported succesfully!
shapes data imported succesfully!
shapes data imported succesfully!
shapes data imported succesfully!
shapes data imported succesfully!
shapes data imported succesfully!
shapes data imported succesfully!
shapes data imported succesfully!
shapes data imported succesfully!
shapes data imported succesfully!
shapes data imported succesfully!
shapes data imported succesfully!
shapes data imported succesfully!
shapes data imported succesfully!
shapes data imported succesfully!
shapes data imported succesfully!
shapes data imported succesfully!
shapes data imported succesfully!
shapes data imported succesfully!
shapes data imported succesfully!
shapes data imported succesfully!
shapes data imported succesfully!
shapes data imported succesfully!
shapes data imported succesfully!
shapes data imported succesfully!
shapes data imported succesfully!
shapes data imported succesfully!
shapes data imported succesfully!
shapes data imported succesfully!
shapes data imported succesfully!
shapes data imported succesfully!
shapes data imported succesfully!
shapes data imported succesfully!
shapes data imported succesfully!
shapes data imported succesfully!
shapes data imported succesfully!
shapes data imported succesfully!
shapes data imported succesfully!
shapes data imported succesfully!
shapes data imported succesfully!
shapes data imported succesfully!
shapes data imported succesfully!
shapes data imported succesfully!
shapes data imported succesfully!
shapes data imported succesfully!
shapes data imported succesfully!
shapes data imported succesfully!
shapes data imported succesfully!
shapes data imported succesfully!
shapes data imported succesfully!
shapes data imported succesfully!
shapes data imported succesfully!
shapes data imported succesfully!
shapes data imported succesfully!
shapes data imported succesfully!
shapes data imported succesfully!
shapes data imported succesfully!
shapes data imported succesfully!
shapes data imported succesfully!
shapes data imported succesfully!
shapes data imported succesfully!
shapes data imported succesfully!
shapes data imported succesfully!
shapes data imported succesfully!
shapes data imported succesfully!
shapes data imported succesfully!
shapes data imported succesfully!
shapes data imported succesfully!
shapes data imported succesfully!
shapes data imported succesfully!
shapes data imported succesfully!
shapes data imported succesfully!
shapes data imported succesfully!
shapes data imported succesfully!
shapes data imported succesfully!
shapes data imported succesfully!
shapes data imported succesfully!
shapes data imported succesfully!
shapes data imported succesfully!
shapes data imported succesfully!
shapes data imported succesfully!
shapes data imported succesfully!
shapes data imported succesfully!
shapes data imported succesfully!
shapes data imported succesfully!
shapes data imported succesfully!
shapes data imported succesfully!
shapes data imported succesfully!
shapes data imported succesfully!
shapes data imported succesfully!
shapes data imported succesfully!
shapes data imported succesfully!
shapes data imported succesfully!
shapes data imported succesfully!
shapes data imported succesfully!
shapes data imported succesfully!
shapes data imported succesfully!
shapes data imported succesfully!
shapes data imported succesfully!
shapes data imported succesfully!
shapes data imported succesfully!
shapes data imported succesfully!
shapes data imported succesfully!
shapes data imported succesfully!
shapes data imported succesfully!
shapes data imported succesfully!
shapes data imported succesfully!
shapes data imported succesfully!
shapes data imported succesfully!
shapes data imported succesfully!
shapes data imported succesfully!
shapes data imported succesfully!
shapes data imported succesfully!
shapes data imported succesfully!
shapes data imported succesfully!
shapes data imported succesfully!
shapes data imported succesfully!
shapes data imported succesfully!
shapes data imported succesfully!
shapes data imported succesfully!
shapes data imported succesfully!
shapes data imported succesfully!
shapes data imported succesfully!
shapes data imported succesfully!
shapes data imported succesfully!
shapes data imported succesfully!
shapes data imported succesfully!
shapes data imported succesfully!
shapes data imported succesfully!
shapes data imported succesfully!
shapes data imported succesfully!
shapes data imported succesfully!
shapes data imported succesfully!
shapes data imported succesfully!
shapes data imported succesfully!
shapes data imported succesfully!
shapes data imported succesfully!
shapes data imported succesfully!
shapes data imported succesfully!
shapes data imported succesfully!
shapes data imported succesfully!
shapes data imported succesfully!
shapes data imported succesfully!
shapes data imported succesfully!
shapes data imported succesfully!
shapes data imported succesfully!
shapes data imported succesfully!
shapes data imported succesfully!
shapes data imported succesfully!
shapes data imported succesfully!
shapes data imported succesfully!
shapes data imported succesfully!
shapes data imported succesfully!
shapes data imported succesfully!
shapes data imported succesfully!
shapes data imported succesfully!
shapes data imported succesfully!
shapes data imported succesfully!
shapes data imported succesfully!
shapes data imported succesfully!
shapes data imported succesfully!
shapes data imported succesfully!
shapes data imported succesfully!
shapes data imported succesfully!
shapes data imported succesfully!
shapes data imported succesfully!
shapes data imported succesfully!
shapes data imported succesfully!
shapes data imported succesfully!
shapes data imported succesfully!
shapes data imported succesfully!
shapes data imported succesfully!
shapes data imported succesfully!
shapes data imported succesfully!
shapes data imported succesfully!
shapes data imported succesfully!
shapes data imported succesfully!
shapes data imported succesfully!
shapes data imported succesfully!
shapes data imported succesfully!
shapes data imported succesfully!
shapes data imported succesfully!
shapes data imported succesfully!
shapes data imported succesfully!
shapes data imported succesfully!
shapes data imported succesfully!
shapes data imported succesfully!
shapes data imported succesfully!
shapes data imported succesfully!
shapes data imported succesfully!
shapes data imported succesfully!
shapes data imported succesfully!
shapes data imported succesfully!
shapes data imported succesfully!
shapes data imported succesfully!
shapes data imported succesfully!
shapes data imported succesfully!
shapes data imported succesfully!
shapes data imported succesfully!
shapes data imported succesfully!
shapes data imported succesfully!
shapes data imported succesfully!
shapes data imported succesfully!
shapes data imported succesfully!
shapes data imported succesfully!
shapes data imported succesfully!
shapes data imported succesfully!
shapes data imported succesfully!
shapes data imported succesfully!
shapes data imported succesfully!
shapes data imported succesfully!
shapes data imported succesfully!
shapes data imported succesfully!
shapes data imported succesfully!
shapes data imported succesfully!
shapes data imported succesfully!
shapes data imported succesfully!
shapes data imported succesfully!
shapes data imported succesfully!
shapes data imported succesfully!
shapes data imported succesfully!
shapes data imported succesfully!
shapes data imported succesfully!
shapes data imported succesfully!
shapes data imported succesfully!
shapes data imported succesfully!
shapes data imported succesfully!
shapes data imported succesfully!
shapes data imported succesfully!
shapes data imported succesfully!
shapes data imported succesfully!
shapes data imported succesfully!
shapes data imported succesfully!
shapes data imported succesfully!
shapes data imported succesfully!
shapes data imported succesfully!
shapes data imported succesfully!
shapes data imported succesfully!
shapes data imported succesfully!
shapes data imported succesfully!
shapes data imported succesfully!
shapes data imported succesfully!
shapes data imported succesfully!
shapes data imported succesfully!
shapes data imported succesfully!
shapes data imported succesfully!
shapes data imported succesfully!
shapes data imported succesfully!
shapes data imported succesfully!
shapes data imported succesfully!
shapes data imported succesfully!
shapes data imported succesfully!
shapes data imported succesfully!
shapes data imported succesfully!
shapes data imported succesfully!
shapes data imported succesfully!
shapes data imported succesfully!
shapes data imported succesfully!
shapes data imported succesfully!
shapes data imported succesfully!
shapes data imported succesfully!
shapes data imported succesfully!
shapes data imported succesfully!
shapes data imported succesfully!
shapes data imported succesfully!
shapes data imported succesfully!
shapes data imported succesfully!
shapes data imported succesfully!
shapes data imported succesfully!
shapes data imported succesfully!
shapes data imported succesfully!
shapes data imported succesfully!
shapes data imported succesfully!
shapes data imported succesfully!
shapes data imported succesfully!
shapes data imported succesfully!
shapes data imported succesfully!
shapes data imported succesfully!
shapes data imported succesfully!
shapes data imported succesfully!
shapes data imported succesfully!
shapes data imported succesfully!
shapes data imported succesfully!
shapes data imported succesfully!
shapes data imported succesfully!
shapes data imported succesfully!
shapes data imported succesfully!
shapes data imported succesfully!
shapes data imported succesfully!
shapes data imported succesfully!
shapes data imported succesfully!
shapes data imported succesfully!
shapes data imported succesfully!
shapes data imported succesfully!
shapes data imported succesfully!
shapes data imported succesfully!
shapes data imported succesfully!
shapes data imported succesfully!
shapes data imported succesfully!
shapes data imported succesfully!
shapes data imported succesfully!
shapes data imported succesfully!
shapes data imported succesfully!
shapes data imported succesfully!
shapes data imported succesfully!
shapes data imported succesfully!
shapes data imported succesfully!
shapes data imported succesfully!
shapes data imported succesfully!
shapes data imported succesfully!
shapes data imported succesfully!
shapes data imported succesfully!
shapes data imported succesfully!
shapes data imported succesfully!
shapes data imported succesfully!
shapes data imported succesfully!
shapes data imported succesfully!
shapes data imported succesfully!
shapes data imported succesfully!
shapes data imported succesfully!
shapes data imported succesfully!
shapes data imported succesfully!
shapes data imported succesfully!
shapes data imported succesfully!
shapes data imported succesfully!
shapes data imported succesfully!
shapes data imported succesfully!
shapes data imported succesfully!
shapes data imported succesfully!
shapes data imported succesfully!
shapes data imported succesfully!
shapes data imported succesfully!
shapes data imported succesfully!
shapes data imported succesfully!
shapes data imported succesfully!
shapes data imported succesfully!
shapes data imported succesfully!
shapes data imported succesfully!
shapes data imported succesfully!
shapes data imported succesfully!
shapes data imported succesfully!
shapes data imported succesfully!
shapes data imported succesfully!
shapes data imported succesfully!
shapes data imported succesfully!
shapes data imported succesfully!
shapes data imported succesfully!
shapes data imported succesfully!
shapes data imported succesfully!
shapes data imported succesfully!
shapes data imported succesfully!
shapes data imported succesfully!
shapes data imported succesfully!
shapes data imported succesfully!
shapes data imported succesfully!
shapes data imported succesfully!
shapes data imported succesfully!
shapes data imported succesfully!
shapes data imported succesfully!
shapes data imported succesfully!
shapes data imported succesfully!
shapes data imported succesfully!
shapes data imported succesfully!
shapes data imported succesfully!
shapes data imported succesfully!
shapes data imported succesfully!
shapes data imported succesfully!
shapes data imported succesfully!
shapes data imported succesfully!
shapes data imported succesfully!
shapes data imported succesfully!
shapes data imported succesfully!
shapes data imported succesfully!
shapes data imported succesfully!
shapes data imported succesfully!
shapes data imported succesfully!
shapes data imported succesfully!
shapes data imported succesfully!
shapes data imported succesfully!
shapes data imported succesfully!
shapes data imported succesfully!
shapes data imported succesfully!
shapes data imported succesfully!
shapes data imported succesfully!
shapes data imported succesfully!
shapes data imported succesfully!
shapes data imported succesfully!
shapes data imported succesfully!
shapes data imported succesfully!
shapes data imported succesfully!
shapes data imported succesfully!
shapes data imported succesfully!
shapes data imported succesfully!
shapes data imported succesfully!
shapes data imported succesfully!
shapes data imported succesfully!
shapes data imported succesfully!
shapes data imported succesfully!
shapes data imported succesfully!
shapes data imported succesfully!
shapes data imported succesfully!
shapes data imported succesfully!
shapes data imported succesfully!
shapes data imported succesfully!
shapes data imported succesfully!
shapes data imported succesfully!
shapes data imported succesfully!
shapes data imported succesfully!
shapes data imported succesfully!
shapes data imported succesfully!
shapes data imported succesfully!
shapes data imported succesfully!
shapes data imported succesfully!
shapes data imported succesfully!
shapes data imported succesfully!
shapes data imported succesfully!
shapes data imported succesfully!
shapes data imported succesfully!
shapes data imported succesfully!
shapes data imported succesfully!
shapes data imported succesfully!
shapes data imported succesfully!
shapes data imported succesfully!
shapes data imported succesfully!
shapes data imported succesfully!
shapes data imported succesfully!
shapes data imported succesfully!
shapes data imported succesfully!
shapes data imported succesfully!
shapes data imported succesfully!
shapes data imported succesfully!
shapes data imported succesfully!
shapes data imported succesfully!
shapes data imported succesfully!
shapes data imported succesfully!
shapes data imported succesfully!
shapes data imported succesfully!
shapes data imported succesfully!
shapes data imported succesfully!
shapes data imported succesfully!
shapes data imported succesfully!
shapes data imported succesfully!
shapes data imported succesfully!
shapes data imported succesfully!
shapes data imported succesfully!
shapes data imported succesfully!
shapes data imported succesfully!
shapes data imported succesfully!
shapes data imported succesfully!
shapes data imported succesfully!
shapes data imported succesfully!
shapes data imported succesfully!
shapes data imported succesfully!
shapes data imported succesfully!
shapes data imported succesfully!
shapes data imported succesfully!
shapes data imported succesfully!
shapes data imported succesfully!
shapes data imported succesfully!
shapes data imported succesfully!
shapes data imported succesfully!
shapes data imported succesfully!
shapes data imported succesfully!
shapes data imported succesfully!
shapes data imported succesfully!
shapes data imported succesfully!
shapes data imported succesfully!
shapes data imported succesfully!
shapes data imported succesfully!
shapes data imported succesfully!
shapes data imported succesfully!
shapes data imported succesfully!
shapes data imported succesfully!
shapes data imported succesfully!
shapes data imported succesfully!
shapes data imported succesfully!
shapes data imported succesfully!
shapes data imported succesfully!
shapes data imported succesfully!
shapes data imported succesfully!
shapes data imported succesfully!
shapes data imported succesfully!
shapes data imported succesfully!
shapes data imported succesfully!
shapes data imported succesfully!
shapes data imported succesfully!
shapes data imported succesfully!
shapes data imported succesfully!
shapes data imported succesfully!
shapes data imported succesfully!
shapes data imported succesfully!
shapes data imported succesfully!
shapes data imported succesfully!
shapes data imported succesfully!
shapes data imported succesfully!
shapes data imported succesfully!
shapes data imported succesfully!
shapes data imported succesfully!
shapes data imported succesfully!
shapes data imported succesfully!
shapes data imported succesfully!
shapes data imported succesfully!
shapes data imported succesfully!
shapes data imported succesfully!
shapes data imported succesfully!
shapes data imported succesfully!
shapes data imported succesfully!
shapes data imported succesfully!
shapes data imported succesfully!
shapes data imported succesfully!
shapes data imported succesfully!
shapes data imported succesfully!
shapes data imported succesfully!
shapes data imported succesfully!
shapes data imported succesfully!
shapes data imported succesfully!
shapes data imported succesfully!
shapes data imported succesfully!
shapes data imported succesfully!
shapes data imported succesfully!
shapes data imported succesfully!
shapes data imported succesfully!
shapes data imported succesfully!
shapes data imported succesfully!
shapes data imported succesfully!
shapes data imported succesfully!
shapes data imported succesfully!
shapes data imported succesfully!
shapes data imported succesfully!
shapes data imported succesfully!
shapes data imported succesfully!
shapes data imported succesfully!
shapes data imported succesfully!
shapes data imported succesfully!
shapes data imported succesfully!
shapes data imported succesfully!
shapes data imported succesfully!
shapes data imported succesfully!
shapes data imported succesfully!
shapes data imported succesfully!
shapes data imported succesfully!
shapes data imported succesfully!
shapes data imported succesfully!
shapes data imported succesfully!
shapes data imported succesfully!
shapes data imported succesfully!
shapes data imported succesfully!
shapes data imported succesfully!
shapes data imported succesfully!
shapes data imported succesfully!
shapes data imported succesfully!
shapes data imported succesfully!
shapes data imported succesfully!
shapes data imported succesfully!
shapes data imported succesfully!
shapes data imported succesfully!
shapes data imported succesfully!
shapes data imported succesfully!
shapes data imported succesfully!
shapes data imported succesfully!
shapes data imported succesfully!
shapes data imported succesfully!
shapes data imported succesfully!
shapes data imported succesfully!
shapes data imported succesfully!
shapes data imported succesfully!
shapes data imported succesfully!
shapes data imported succesfully!
shapes data imported succesfully!
shapes data imported succesfully!
shapes data imported succesfully!
shapes data imported succesfully!
shapes data imported succesfully!
shapes data imported succesfully!
shapes data imported succesfully!
shapes data imported succesfully!
shapes data imported succesfully!
shapes data imported succesfully!
shapes data imported succesfully!
shapes data imported succesfully!
shapes data imported succesfully!
shapes data imported succesfully!
shapes data imported succesfully!
shapes data imported succesfully!
shapes data imported succesfully!
shapes data imported succesfully!
shapes data imported succesfully!
shapes data imported succesfully!
shapes data imported succesfully!
shapes data imported succesfully!
shapes data imported succesfully!
shapes data imported succesfully!
shapes data imported succesfully!
shapes data imported succesfully!
shapes data imported succesfully!
shapes data imported succesfully!
shapes data imported succesfully!
shapes data imported succesfully!
shapes data imported succesfully!
shapes data imported succesfully!
shapes data imported succesfully!
shapes data imported succesfully!
shapes data imported succesfully!
shapes data imported succesfully!
shapes data imported succesfully!
shapes data imported succesfully!
shapes data imported succesfully!
shapes data imported succesfully!
shapes data imported succesfully!
shapes data imported succesfully!
shapes data imported succesfully!
shapes data imported succesfully!
shapes data imported succesfully!
shapes data imported succesfully!
shapes data imported succesfully!
shapes data imported succesfully!
shapes data imported succesfully!
shapes data imported succesfully!
shapes data imported succesfully!
shapes data imported succesfully!
shapes data imported succesfully!
shapes data imported succesfully!
shapes data imported succesfully!
shapes data imported succesfully!
shapes data imported succesfully!
shapes data imported succesfully!
shapes data imported succesfully!
shapes data imported succesfully!
shapes data imported succesfully!
shapes data imported succesfully!
shapes data imported succesfully!
shapes data imported succesfully!
shapes data imported succesfully!
shapes data imported succesfully!
shapes data imported succesfully!
shapes data imported succesfully!
shapes data imported succesfully!
shapes data imported succesfully!
shapes data imported succesfully!
shapes data imported succesfully!
shapes data imported succesfully!
shapes data imported succesfully!
shapes data imported succesfully!
shapes data imported succesfully!
shapes data imported succesfully!
shapes data imported succesfully!
shapes data imported succesfully!
shapes data imported succesfully!
shapes data imported succesfully!
shapes data imported succesfully!
shapes data imported succesfully!
shapes data imported succesfully!
shapes data imported succesfully!
shapes data imported succesfully!
shapes data imported succesfully!
shapes data imported succesfully!
shapes data imported succesfully!
shapes data imported succesfully!
shapes data imported succesfully!
shapes data imported succesfully!
shapes data imported succesfully!
shapes data imported succesfully!
shapes data imported succesfully!
shapes data imported succesfully!
shapes data imported succesfully!
shapes data imported succesfully!
shapes data imported succesfully!
shapes data imported succesfully!
shapes data imported succesfully!
shapes data imported succesfully!
shapes data imported succesfully!
shapes data imported succesfully!
shapes data imported succesfully!
shapes data imported succesfully!
shapes data imported succesfully!
shapes data imported succesfully!
shapes data imported succesfully!
shapes data imported succesfully!
shapes data imported succesfully!
shapes data imported succesfully!
shapes data imported succesfully!
shapes data imported succesfully!
shapes data imported succesfully!
shapes data imported succesfully!
shapes data imported succesfully!
shapes data imported succesfully!
shapes data imported succesfully!
shapes data imported succesfully!
shapes data imported succesfully!
shapes data imported succesfully!
shapes data imported succesfully!
shapes data imported succesfully!
shapes data imported succesfully!
shapes data imported succesfully!
shapes data imported succesfully!
shapes data imported succesfully!
shapes data imported succesfully!
shapes data imported succesfully!
shapes data imported succesfully!
shapes data imported succesfully!
shapes data imported succesfully!
shapes data imported succesfully!
shapes data imported succesfully!
shapes data imported succesfully!
shapes data imported succesfully!
shapes data imported succesfully!
shapes data imported succesfully!
shapes data imported succesfully!
shapes data imported succesfully!
shapes data imported succesfully!
shapes data imported succesfully!
shapes data imported succesfully!
shapes data imported succesfully!
shapes data imported succesfully!
shapes data imported succesfully!
shapes data imported succesfully!
shapes data imported succesfully!
shapes data imported succesfully!
shapes data imported succesfully!
shapes data imported succesfully!
shapes data imported succesfully!
shapes data imported succesfully!
shapes data imported succesfully!
shapes data imported succesfully!
shapes data imported succesfully!
shapes data imported succesfully!
shapes data imported succesfully!
shapes data imported succesfully!
shapes data imported succesfully!
shapes data imported succesfully!
shapes data imported succesfully!
shapes data imported succesfully!
shapes data imported succesfully!
shapes data imported succesfully!
shapes data imported succesfully!
shapes data imported succesfully!
shapes data imported succesfully!
shapes data imported succesfully!
shapes data imported succesfully!
shapes data imported succesfully!
shapes data imported succesfully!
shapes data imported succesfully!
shapes data imported succesfully!
shapes data imported succesfully!
shapes data imported succesfully!
shapes data imported succesfully!
shapes data imported succesfully!
shapes data imported succesfully!
shapes data imported succesfully!
shapes data imported succesfully!
shapes data imported succesfully!
shapes data imported succesfully!
shapes data imported succesfully!
shapes data imported succesfully!
shapes data imported succesfully!
shapes data imported succesfully!
shapes data imported succesfully!
shapes data imported succesfully!
shapes data imported succesfully!
shapes data imported succesfully!
shapes data imported succesfully!
shapes data imported succesfully!
shapes data imported succesfully!
shapes data imported succesfully!
shapes data imported succesfully!
shapes data imported succesfully!
shapes data imported succesfully!
shapes data imported succesfully!
shapes data imported succesfully!
shapes data imported succesfully!
shapes data imported succesfully!
shapes data imported succesfully!
shapes data imported succesfully!
shapes data imported succesfully!
shapes data imported succesfully!
shapes data imported succesfully!
shapes data imported succesfully!
shapes data imported succesfully!
shapes data imported succesfully!
shapes data imported succesfully!
shapes data imported succesfully!
shapes data imported succesfully!
shapes data imported succesfully!
shapes data imported succesfully!
shapes data imported succesfully!
shapes data imported succesfully!
shapes data imported succesfully!
shapes data imported succesfully!
shapes data imported succesfully!
shapes data imported succesfully!
shapes data imported succesfully!
shapes data imported succesfully!
shapes data imported succesfully!
shapes data imported succesfully!
shapes data imported succesfully!
shapes data imported succesfully!
shapes data imported succesfully!
shapes data imported succesfully!
shapes data imported succesfully!
shapes data imported succesfully!
shapes data imported succesfully!
shapes data imported succesfully!
shapes data imported succesfully!
shapes data imported succesfully!
shapes data imported succesfully!
shapes data imported succesfully!
shapes data imported succesfully!
shapes data imported succesfully!
shapes data imported succesfully!
shapes data imported succesfully!
shapes data imported succesfully!
shapes data imported succesfully!
shapes data imported succesfully!
shapes data imported succesfully!
shapes data imported succesfully!
shapes data imported succesfully!
shapes data imported succesfully!
shapes data imported succesfully!
shapes data imported succesfully!
shapes data imported succesfully!
shapes data imported succesfully!
shapes data imported succesfully!
shapes data imported succesfully!
shapes data imported succesfully!
shapes data imported succesfully!
shapes data imported succesfully!
shapes data imported succesfully!
shapes data imported succesfully!
shapes data imported succesfully!
shapes data imported succesfully!
shapes data imported succesfully!
shapes data imported succesfully!
shapes data imported succesfully!
shapes data imported succesfully!
shapes data imported succesfully!
shapes data imported succesfully!
shapes data imported succesfully!
shapes data imported succesfully!
shapes data imported succesfully!
shapes data imported succesfully!
shapes data imported succesfully!
shapes data imported succesfully!
shapes data imported succesfully!
shapes data imported succesfully!
shapes data imported succesfully!
shapes data imported succesfully!
shapes data imported succesfully!
shapes data imported succesfully!
shapes data imported succesfully!
shapes data imported succesfully!
shapes data imported succesfully!
shapes data imported succesfully!
shapes data imported succesfully!
shapes data imported succesfully!
shapes data imported succesfully!
shapes data imported succesfully!
shapes data imported succesfully!
shapes data imported succesfully!
shapes data imported succesfully!
shapes data imported succesfully!
shapes data imported succesfully!
shapes data imported succesfully!
shapes data imported succesfully!
shapes data imported succesfully!
shapes data imported succesfully!
shapes data imported succesfully!
shapes data imported succesfully!
shapes data imported succesfully!
shapes data imported succesfully!
shapes data imported succesfully!
shapes data imported succesfully!
shapes data imported succesfully!
shapes data imported succesfully!
shapes data imported succesfully!
shapes data imported succesfully!
shapes data imported succesfully!
shapes data imported succesfully!
shapes data imported succesfully!
shapes data imported succesfully!
shapes data imported succesfully!
shapes data imported succesfully!
shapes data imported succesfully!
shapes data imported succesfully!
shapes data imported succesfully!
shapes data imported succesfully!
shapes data imported succesfully!
shapes data imported succesfully!
shapes data imported succesfully!
shapes data imported succesfully!
shapes data imported succesfully!
shapes data imported succesfully!
shapes data imported succesfully!
shapes data imported succesfully!
shapes data imported succesfully!
shapes data imported succesfully!
shapes data imported succesfully!
shapes data imported succesfully!
shapes data imported succesfully!
shapes data imported succesfully!
shapes data imported succesfully!
shapes data imported succesfully!
shapes data imported succesfully!
shapes data imported succesfully!
shapes data imported succesfully!
shapes data imported succesfully!
shapes data imported succesfully!
shapes data imported succesfully!
shapes data imported succesfully!
shapes data imported succesfully!
shapes data imported succesfully!
shapes data imported succesfully!
shapes data imported succesfully!
shapes data imported succesfully!
shapes data imported succesfully!
shapes data imported succesfully!
shapes data imported succesfully!
shapes data imported succesfully!
shapes data imported succesfully!
shapes data imported succesfully!
shapes data imported succesfully!
shapes data imported succesfully!
shapes data imported succesfully!
shapes data imported succesfully!
shapes data imported succesfully!
shapes data imported succesfully!
shapes data imported succesfully!
shapes data imported succesfully!
shapes data imported succesfully!
shapes data imported succesfully!
shapes data imported succesfully!
shapes data imported succesfully!
shapes data imported succesfully!
shapes data imported succesfully!
shapes data imported succesfully!
shapes data imported succesfully!
shapes data imported succesfully!
shapes data imported succesfully!
shapes data imported succesfully!
shapes data imported succesfully!
shapes data imported succesfully!
shapes data imported succesfully!
shapes data imported succesfully!
shapes data imported succesfully!
shapes data imported succesfully!
shapes data imported succesfully!
shapes data imported succesfully!
shapes data imported succesfully!
shapes data imported succesfully!
shapes data imported succesfully!
shapes data imported succesfully!
shapes data imported succesfully!
shapes data imported succesfully!
shapes data imported succesfully!
shapes data imported succesfully!
shapes data imported succesfully!
shapes data imported succesfully!
shapes data imported succesfully!
shapes data imported succesfully!
shapes data imported succesfully!
shapes data imported succesfully!
shapes data imported succesfully!
shapes data imported succesfully!
shapes data imported succesfully!
shapes data imported succesfully!
shapes data imported succesfully!
shapes data imported succesfully!
shapes data imported succesfully!
shapes data imported succesfully!
shapes data imported succesfully!
shapes data imported succesfully!
shapes data imported succesfully!
shapes data imported succesfully!
shapes data imported succesfully!
shapes data imported succesfully!
shapes data imported succesfully!
shapes data imported succesfully!
shapes data imported succesfully!
shapes data imported succesfully!
shapes data imported succesfully!
shapes data imported succesfully!
shapes data imported succesfully!
shapes data imported succesfully!
shapes data imported succesfully!
shapes data imported succesfully!
shapes data imported succesfully!
shapes data imported succesfully!
shapes data imported succesfully!
shapes data imported succesfully!
shapes data imported succesfully!
shapes data imported succesfully!
shapes data imported succesfully!
shapes data imported succesfully!
shapes data imported succesfully!
shapes data imported succesfully!
shapes data imported succesfully!
shapes data imported succesfully!
shapes data imported succesfully!
shapes data imported succesfully!
shapes data imported succesfully!
shapes data imported succesfully!
shapes data imported succesfully!
shapes data imported succesfully!
shapes data imported succesfully!
shapes data imported succesfully!
shapes data imported succesfully!
shapes data imported succesfully!
shapes data imported succesfully!
shapes data imported succesfully!
shapes data imported succesfully!
shapes data imported succesfully!
shapes data imported succesfully!
shapes data imported succesfully!
shapes data imported succesfully!
shapes data imported succesfully!
shapes data imported succesfully!
shapes data imported succesfully!
shapes data imported succesfully!
shapes data imported succesfully!
shapes data imported succesfully!
shapes data imported succesfully!
shapes data imported succesfully!
shapes data imported succesfully!
shapes data imported succesfully!
shapes data imported succesfully!
shapes data imported succesfully!
shapes data imported succesfully!
shapes data imported succesfully!
shapes data imported succesfully!
shapes data imported succesfully!
shapes data imported succesfully!
shapes data imported succesfully!
shapes data imported succesfully!
shapes data imported succesfully!
shapes data imported succesfully!
shapes data imported succesfully!
shapes data imported succesfully!
shapes data imported succesfully!
shapes data imported succesfully!
shapes data imported succesfully!
shapes data imported succesfully!
shapes data imported succesfully!
shapes data imported succesfully!
shapes data imported succesfully!
shapes data imported succesfully!
shapes data imported succesfully!
shapes data imported succesfully!
shapes data imported succesfully!
shapes data imported succesfully!
shapes data imported succesfully!
shapes data imported succesfully!
shapes data imported succesfully!
shapes data imported succesfully!
shapes data imported succesfully!
shapes data imported succesfully!
shapes data imported succesfully!
shapes data imported succesfully!
shapes data imported succesfully!
shapes data imported succesfully!
shapes data imported succesfully!
shapes data imported succesfully!
shapes data imported succesfully!
shapes data imported succesfully!
shapes data imported succesfully!
shapes data imported succesfully!
shapes data imported succesfully!
shapes data imported succesfully!
shapes data imported succesfully!
shapes data imported succesfully!
shapes data imported succesfully!
shapes data imported succesfully!
shapes data imported succesfully!
shapes data imported succesfully!
shapes data imported succesfully!
shapes data imported succesfully!
shapes data imported succesfully!
shapes data imported succesfully!
shapes data imported succesfully!
shapes data imported succesfully!
shapes data imported succesfully!
shapes data imported succesfully!
shapes data imported succesfully!
shapes data imported succesfully!
shapes data imported succesfully!
shapes data imported succesfully!
shapes data imported succesfully!
shapes data imported succesfully!
shapes data imported succesfully!
shapes data imported succesfully!
shapes data imported succesfully!
shapes data imported succesfully!
shapes data imported succesfully!
shapes data imported succesfully!
shapes data imported succesfully!
shapes data imported succesfully!
shapes data imported succesfully!
shapes data imported succesfully!
shapes data imported succesfully!
shapes data imported succesfully!
shapes data imported succesfully!
shapes data imported succesfully!
shapes data imported succesfully!
shapes data imported succesfully!
shapes data imported succesfully!
shapes data imported succesfully!
shapes data imported succesfully!
shapes data imported succesfully!
shapes data imported succesfully!
shapes data imported succesfully!
shapes data imported succesfully!
shapes data imported succesfully!
shapes data imported succesfully!
shapes data imported succesfully!
shapes data imported succesfully!
shapes data imported succesfully!
shapes data imported succesfully!
shapes data imported succesfully!
shapes data imported succesfully!
shapes data imported succesfully!
shapes data imported succesfully!
shapes data imported succesfully!
shapes data imported succesfully!
shapes data imported succesfully!
shapes data imported succesfully!
shapes data imported succesfully!
shapes data imported succesfully!
shapes data imported succesfully!
shapes data imported succesfully!
shapes data imported succesfully!
shapes data imported succesfully!
shapes data imported succesfully!
shapes data imported succesfully!
shapes data imported succesfully!
shapes data imported succesfully!
shapes data imported succesfully!
shapes data imported succesfully!
shapes data imported succesfully!
shapes data imported succesfully!
shapes data imported succesfully!
shapes data imported succesfully!
shapes data imported succesfully!
shapes data imported succesfully!
shapes data imported succesfully!
shapes data imported succesfully!
shapes data imported succesfully!
shapes data imported succesfully!
shapes data imported succesfully!
shapes data imported succesfully!
shapes data imported succesfully!
shapes data imported succesfully!
shapes data imported succesfully!
shapes data imported succesfully!
shapes data imported succesfully!
shapes data imported succesfully!
shapes data imported succesfully!
shapes data imported succesfully!
shapes data imported succesfully!
shapes data imported succesfully!
shapes data imported succesfully!
shapes data imported succesfully!
shapes data imported succesfully!
shapes data imported succesfully!
shapes data imported succesfully!
shapes data imported succesfully!
shapes data imported succesfully!
shapes data imported succesfully!
shapes data imported succesfully!
shapes data imported succesfully!
shapes data imported succesfully!
shapes data imported succesfully!
shapes data imported succesfully!
shapes data imported succesfully!
shapes data imported succesfully!
shapes data imported succesfully!
shapes data imported succesfully!
shapes data imported succesfully!
shapes data imported succesfully!
shapes data imported succesfully!
shapes data imported succesfully!
shapes data imported succesfully!
shapes data imported succesfully!
shapes data imported succesfully!
shapes data imported succesfully!
shapes data imported succesfully!
shapes data imported succesfully!
shapes data imported succesfully!
shapes data imported succesfully!
shapes data imported succesfully!
shapes data imported succesfully!
shapes data imported succesfully!
shapes data imported succesfully!
shapes data imported succesfully!
shapes data imported succesfully!
shapes data imported succesfully!
shapes data imported succesfully!
shapes data imported succesfully!
shapes data imported succesfully!
shapes data imported succesfully!
shapes data imported succesfully!
shapes data imported succesfully!
shapes data imported succesfully!
shapes data imported succesfully!
shapes data imported succesfully!
shapes data imported succesfully!
shapes data imported succesfully!
shapes data imported succesfully!
shapes data imported succesfully!
shapes data imported succesfully!
shapes data imported succesfully!
shapes data imported succesfully!
shapes data imported succesfully!
shapes data imported succesfully!
shapes data imported succesfully!
shapes data imported succesfully!
shapes data imported succesfully!
shapes data imported succesfully!
shapes data imported succesfully!
shapes data imported succesfully!
shapes data imported succesfully!
shapes data imported succesfully!
shapes data imported succesfully!
shapes data imported succesfully!
shapes data imported succesfully!
shapes data imported succesfully!
shapes data imported succesfully!
shapes data imported succesfully!
shapes data imported succesfully!
shapes data imported succesfully!
shapes data imported succesfully!
shapes data imported succesfully!
shapes data imported succesfully!
shapes data imported succesfully!
shapes data imported succesfully!
shapes data imported succesfully!
shapes data imported succesfully!
shapes data imported succesfully!
shapes data imported succesfully!
shapes data imported succesfully!
shapes data imported succesfully!
shapes data imported succesfully!
shapes data imported succesfully!
shapes data imported succesfully!
shapes data imported succesfully!
shapes data imported succesfully!
shapes data imported succesfully!
shapes data imported succesfully!
shapes data imported succesfully!
shapes data imported succesfully!
shapes data imported succesfully!
shapes data imported succesfully!
shapes data imported succesfully!
shapes data imported succesfully!
shapes data imported succesfully!
shapes data imported succesfully!
shapes data imported succesfully!
shapes data imported succesfully!
shapes data imported succesfully!
shapes data imported succesfully!
shapes data imported succesfully!
shapes data imported succesfully!
shapes data imported succesfully!
shapes data imported succesfully!
shapes data imported succesfully!
shapes data imported succesfully!
shapes data imported succesfully!
shapes data imported succesfully!
shapes data imported succesfully!
shapes data imported succesfully!
shapes data imported succesfully!
shapes data imported succesfully!
shapes data imported succesfully!
shapes data imported succesfully!
shapes data imported succesfully!
shapes data imported succesfully!
shapes data imported succesfully!
shapes data imported succesfully!
shapes data imported succesfully!
shapes data imported succesfully!
shapes data imported succesfully!
shapes data imported succesfully!
shapes data imported succesfully!
shapes data imported succesfully!
shapes data imported succesfully!
shapes data imported succesfully!
shapes data imported succesfully!
shapes data imported succesfully!
shapes data imported succesfully!
shapes data imported succesfully!
shapes data imported succesfully!
shapes data imported succesfully!
shapes data imported succesfully!
shapes data imported succesfully!
shapes data imported succesfully!
shapes data imported succesfully!
shapes data imported succesfully!
shapes data imported succesfully!
shapes data imported succesfully!
shapes data imported succesfully!
shapes data imported succesfully!
shapes data imported succesfully!
shapes data imported succesfully!
shapes data imported succesfully!
shapes data imported succesfully!
shapes data imported succesfully!
shapes data imported succesfully!
shapes data imported succesfully!
shapes data imported succesfully!
shapes data imported succesfully!
shapes data imported succesfully!
shapes data imported succesfully!
shapes data imported succesfully!
shapes data imported succesfully!
shapes data imported succesfully!
shapes data imported succesfully!
shapes data imported succesfully!
shapes data imported succesfully!
shapes data imported succesfully!
shapes data imported succesfully!
shapes data imported succesfully!
shapes data imported succesfully!
shapes data imported succesfully!
shapes data imported succesfully!
shapes data imported succesfully!
shapes data imported succesfully!
shapes data imported succesfully!
shapes data imported succesfully!
shapes data imported succesfully!
shapes data imported succesfully!
shapes data imported succesfully!
shapes data imported succesfully!
shapes data imported succesfully!
shapes data imported succesfully!
shapes data imported succesfully!
shapes data imported succesfully!
shapes data imported succesfully!
shapes data imported succesfully!
shapes data imported succesfully!
shapes data imported succesfully!
shapes data imported succesfully!
shapes data imported succesfully!
shapes data imported succesfully!
shapes data imported succesfully!
shapes data imported succesfully!
shapes data imported succesfully!
shapes data imported succesfully!
shapes data imported succesfully!
shapes data imported succesfully!
shapes data imported succesfully!
shapes data imported succesfully!
shapes data imported succesfully!
shapes data imported succesfully!
shapes data imported succesfully!
shapes data imported succesfully!
shapes data imported succesfully!
shapes data imported succesfully!
shapes data imported succesfully!
shapes data imported succesfully!
shapes data imported succesfully!
shapes data imported succesfully!
shapes data imported succesfully!
shapes data imported succesfully!
shapes data imported succesfully!
shapes data imported succesfully!
shapes data imported succesfully!
shapes data imported succesfully!
shapes data imported succesfully!
shapes data imported succesfully!
shapes data imported succesfully!
shapes data imported succesfully!
shapes data imported succesfully!
shapes data imported succesfully!
shapes data imported succesfully!
shapes data imported succesfully!
shapes data imported succesfully!
shapes data imported succesfully!
shapes data imported succesfully!
shapes data imported succesfully!
shapes data imported succesfully!
shapes data imported succesfully!
shapes data imported succesfully!
shapes data imported succesfully!
shapes data imported succesfully!
shapes data imported succesfully!
shapes data imported succesfully!
shapes data imported succesfully!
shapes data imported succesfully!
shapes data imported succesfully!
shapes data imported succesfully!
shapes data imported succesfully!
shapes data imported succesfully!
shapes data imported succesfully!
shapes data imported succesfully!
shapes data imported succesfully!
shapes data imported succesfully!
shapes data imported succesfully!
shapes data imported succesfully!
shapes data imported succesfully!
shapes data imported succesfully!
shapes data imported succesfully!
shapes data imported succesfully!
shapes data imported succesfully!
shapes data imported succesfully!
shapes data imported succesfully!
shapes data imported succesfully!
shapes data imported succesfully!
shapes data imported succesfully!
shapes data imported succesfully!
shapes data imported succesfully!
shapes data imported succesfully!
shapes data imported succesfully!
shapes data imported succesfully!
shapes data imported succesfully!
shapes data imported succesfully!
shapes data imported succesfully!
shapes data imported succesfully!
shapes data imported succesfully!
shapes data imported succesfully!
shapes data imported succesfully!
shapes data imported succesfully!
shapes data imported succesfully!
shapes data imported succesfully!
shapes data imported succesfully!
shapes data imported succesfully!
shapes data imported succesfully!
shapes data imported succesfully!
shapes data imported succesfully!
shapes data imported succesfully!
shapes data imported succesfully!
shapes data imported succesfully!
shapes data imported succesfully!
shapes data imported succesfully!
shapes data imported succesfully!
shapes data imported succesfully!
shapes data imported succesfully!
shapes data imported succesfully!
shapes data imported succesfully!
shapes data imported succesfully!
shapes data imported succesfully!
shapes data imported succesfully!
shapes data imported succesfully!
shapes data imported succesfully!
shapes data imported succesfully!
shapes data imported succesfully!
shapes data imported succesfully!
shapes data imported succesfully!
shapes data imported succesfully!
shapes data imported succesfully!
shapes data imported succesfully!
shapes data imported succesfully!
shapes data imported succesfully!
shapes data imported succesfully!
shapes data imported succesfully!
shapes data imported succesfully!
shapes data imported succesfully!
shapes data imported succesfully!
shapes data imported succesfully!
shapes data imported succesfully!
shapes data imported succesfully!
shapes data imported succesfully!
shapes data imported succesfully!
shapes data imported succesfully!
shapes data imported succesfully!
shapes data imported succesfully!
shapes data imported succesfully!
shapes data imported succesfully!
shapes data imported succesfully!
shapes data imported succesfully!
shapes data imported succesfully!
shapes data imported succesfully!
shapes data imported succesfully!
shapes data imported succesfully!
shapes data imported succesfully!
shapes data imported succesfully!
shapes data imported succesfully!
shapes data imported succesfully!
shapes data imported succesfully!
shapes data imported succesfully!
shapes data imported succesfully!
shapes data imported succesfully!
shapes data imported succesfully!
shapes data imported succesfully!
shapes data imported succesfully!
shapes data imported succesfully!
shapes data imported succesfully!
shapes data imported succesfully!
shapes data imported succesfully!
shapes data imported succesfully!
shapes data imported succesfully!
shapes data imported succesfully!
shapes data imported succesfully!
shapes data imported succesfully!
shapes data imported succesfully!
shapes data imported succesfully!
shapes data imported succesfully!
shapes data imported succesfully!
shapes data imported succesfully!
shapes data imported succesfully!
shapes data imported succesfully!
shapes data imported succesfully!
shapes data imported succesfully!
shapes data imported succesfully!
shapes data imported succesfully!
shapes data imported succesfully!
shapes data imported succesfully!
shapes data imported succesfully!
shapes data imported succesfully!
shapes data imported succesfully!
shapes data imported succesfully!
shapes data imported succesfully!
shapes data imported succesfully!
shapes data imported succesfully!
shapes data imported succesfully!
shapes data imported succesfully!
shapes data imported succesfully!
shapes data imported succesfully!
shapes data imported succesfully!
shapes data imported succesfully!
shapes data imported succesfully!
shapes data imported succesfully!
shapes data imported succesfully!
shapes data imported succesfully!
shapes data imported succesfully!
shapes data imported succesfully!
shapes data imported succesfully!
shapes data imported succesfully!
shapes data imported succesfully!
shapes data imported succesfully!
shapes data imported succesfully!
shapes data imported succesfully!
shapes data imported succesfully!
shapes data imported succesfully!
shapes data imported succesfully!
shapes data imported succesfully!
shapes data imported succesfully!
shapes data imported succesfully!
shapes data imported succesfully!
shapes data imported succesfully!
shapes data imported succesfully!
shapes data imported succesfully!
shapes data imported succesfully!
shapes data imported succesfully!
shapes data imported succesfully!
shapes data imported succesfully!
shapes data imported succesfully!
shapes data imported succesfully!
shapes data imported succesfully!
shapes data imported succesfully!
shapes data imported succesfully!
shapes data imported succesfully!
shapes data imported succesfully!
shapes data imported succesfully!
shapes data imported succesfully!
shapes data imported succesfully!
shapes data imported succesfully!
shapes data imported succesfully!
shapes data imported succesfully!
shapes data imported succesfully!
shapes data imported succesfully!
shapes data imported succesfully!
shapes data imported succesfully!
shapes data imported succesfully!
shapes data imported succesfully!
shapes data imported succesfully!
shapes data imported succesfully!
shapes data imported succesfully!
shapes data imported succesfully!
shapes data imported succesfully!
shapes data imported succesfully!
shapes data imported succesfully!
shapes data imported succesfully!
shapes data imported succesfully!
shapes data imported succesfully!
shapes data imported succesfully!
shapes data imported succesfully!
shapes data imported succesfully!
shapes data imported succesfully!
shapes data imported succesfully!
shapes data imported succesfully!
shapes data imported succesfully!
shapes data imported succesfully!
shapes data imported succesfully!
shapes data imported succesfully!
shapes data imported succesfully!
shapes data imported succesfully!
shapes data imported succesfully!
shapes data imported succesfully!
shapes data imported succesfully!
shapes data imported succesfully!
shapes data imported succesfully!
shapes data imported succesfully!
shapes data imported succesfully!
shapes data imported succesfully!
shapes data imported succesfully!
shapes data imported succesfully!
shapes data imported succesfully!
shapes data imported succesfully!
shapes data imported succesfully!
shapes data imported succesfully!
shapes data imported succesfully!
shapes data imported succesfully!
shapes data imported succesfully!
shapes data imported succesfully!
shapes data imported succesfully!
shapes data imported succesfully!
shapes data imported succesfully!
shapes data imported succesfully!
shapes data imported succesfully!
shapes data imported succesfully!
shapes data imported succesfully!
shapes data imported succesfully!
shapes data imported succesfully!
shapes data imported succesfully!
shapes data imported succesfully!
shapes data imported succesfully!
shapes data imported succesfully!
shapes data imported succesfully!
shapes data imported succesfully!
shapes data imported succesfully!
shapes data imported succesfully!
shapes data imported succesfully!
shapes data imported succesfully!
shapes data imported succesfully!
shapes data imported succesfully!
shapes data imported succesfully!
shapes data imported succesfully!
shapes data imported succesfully!
shapes data imported succesfully!
shapes data imported succesfully!
shapes data imported succesfully!
shapes data imported succesfully!
shapes data imported succesfully!
shapes data imported succesfully!
shapes data imported succesfully!
shapes data imported succesfully!
shapes data imported succesfully!
shapes data imported succesfully!
shapes data imported succesfully!
shapes data imported succesfully!
shapes data imported succesfully!
shapes data imported succesfully!
shapes data imported succesfully!
shapes data imported succesfully!
shapes data imported succesfully!
shapes data imported succesfully!
shapes data imported succesfully!
shapes data imported succesfully!
shapes data imported succesfully!
shapes data imported succesfully!
shapes data imported succesfully!
shapes data imported succesfully!
shapes data imported succesfully!
shapes data imported succesfully!
shapes data imported succesfully!
shapes data imported succesfully!
shapes data imported succesfully!
shapes data imported succesfully!
shapes data imported succesfully!
shapes data imported succesfully!
shapes data imported succesfully!
shapes data imported succesfully!
shapes data imported succesfully!
shapes data imported succesfully!
shapes data imported succesfully!
shapes data imported succesfully!
shapes data imported succesfully!
shapes data imported succesfully!
shapes data imported succesfully!
shapes data imported succesfully!
shapes data imported succesfully!
shapes data imported succesfully!
shapes data imported succesfully!
shapes data imported succesfully!
shapes data imported succesfully!
shapes data imported succesfully!
shapes data imported succesfully!
shapes data imported succesfully!
shapes data imported succesfully!
shapes data imported succesfully!
shapes data imported succesfully!
shapes data imported succesfully!
shapes data imported succesfully!
shapes data imported succesfully!
shapes data imported succesfully!
shapes data imported succesfully!
shapes data imported succesfully!
shapes data imported succesfully!
shapes data imported succesfully!
shapes data imported succesfully!
shapes data imported succesfully!
shapes data imported succesfully!
shapes data imported succesfully!
shapes data imported succesfully!
shapes data imported succesfully!
shapes data imported succesfully!
shapes data imported succesfully!
shapes data imported succesfully!
shapes data imported succesfully!
shapes data imported succesfully!
shapes data imported succesfully!
shapes data imported succesfully!
shapes data imported succesfully!
shapes data imported succesfully!
shapes data imported succesfully!
shapes data imported succesfully!
shapes data imported succesfully!
shapes data imported succesfully!
shapes data imported succesfully!
shapes data imported succesfully!
shapes data imported succesfully!
shapes data imported succesfully!
shapes data imported succesfully!
shapes data imported succesfully!
shapes data imported succesfully!
shapes data imported succesfully!
shapes data imported succesfully!
shapes data imported succesfully!
shapes data imported succesfully!
shapes data imported succesfully!
shapes data imported succesfully!
shapes data imported succesfully!
shapes data imported succesfully!
shapes data imported succesfully!
shapes data imported succesfully!
shapes data imported succesfully!
shapes data imported succesfully!
shapes data imported succesfully!
shapes data imported succesfully!
shapes data imported succesfully!
shapes data imported succesfully!
shapes data imported succesfully!
shapes data imported succesfully!
shapes data imported succesfully!
shapes data imported succesfully!
shapes data imported succesfully!
shapes data imported succesfully!
shapes data imported succesfully!
shapes data imported succesfully!
shapes data imported succesfully!
shapes data imported succesfully!
shapes data imported succesfully!
shapes data imported succesfully!
shapes data imported succesfully!
shapes data imported succesfully!
shapes data imported succesfully!
shapes data imported succesfully!
shapes data imported succesfully!
shapes data imported succesfully!
shapes data imported succesfully!
shapes data imported succesfully!
shapes data imported succesfully!
shapes data imported succesfully!
shapes data imported succesfully!
shapes data imported succesfully!
shapes data imported succesfully!
shapes data imported succesfully!
shapes data imported succesfully!
shapes data imported succesfully!
shapes data imported succesfully!
shapes data imported succesfully!
shapes data imported succesfully!
shapes data imported succesfully!
shapes data imported succesfully!
shapes data imported succesfully!
shapes data imported succesfully!
shapes data imported succesfully!
shapes data imported succesfully!
shapes data imported succesfully!
shapes data imported succesfully!
shapes data imported succesfully!
shapes data imported succesfully!
shapes data imported succesfully!
shapes data imported succesfully!
shapes data imported succesfully!
shapes data imported succesfully!
shapes data imported succesfully!
shapes data imported succesfully!
shapes data imported succesfully!
shapes data imported succesfully!
shapes data imported succesfully!
shapes data imported succesfully!
shapes data imported succesfully!
shapes data imported succesfully!
shapes data imported succesfully!
shapes data imported succesfully!
shapes data imported succesfully!
shapes data imported succesfully!
shapes data imported succesfully!
shapes data imported succesfully!
shapes data imported succesfully!
shapes data imported succesfully!
shapes data imported succesfully!
shapes data imported succesfully!
shapes data imported succesfully!
shapes data imported succesfully!
shapes data imported succesfully!
shapes data imported succesfully!
shapes data imported succesfully!
shapes data imported succesfully!
shapes data imported succesfully!
shapes data imported succesfully!
shapes data imported succesfully!
shapes data imported succesfully!
shapes data imported succesfully!
shapes data imported succesfully!
shapes data imported succesfully!
shapes data imported succesfully!
shapes data imported succesfully!
shapes data imported succesfully!
shapes data imported succesfully!
shapes data imported succesfully!
shapes data imported succesfully!
shapes data imported succesfully!
shapes data imported succesfully!
shapes data imported succesfully!
shapes data imported succesfully!
shapes data imported succesfully!
shapes data imported succesfully!
shapes data imported succesfully!
shapes data imported succesfully!
shapes data imported succesfully!
shapes data imported succesfully!
shapes data imported succesfully!
shapes data imported succesfully!
shapes data imported succesfully!
shapes data imported succesfully!
shapes data imported succesfully!
shapes data imported succesfully!
shapes data imported succesfully!
shapes data imported succesfully!
shapes data imported succesfully!
shapes data imported succesfully!
shapes data imported succesfully!
shapes data imported succesfully!
shapes data imported succesfully!
shapes data imported succesfully!
shapes data imported succesfully!
shapes data imported succesfully!
shapes data imported succesfully!
shapes data imported succesfully!
shapes data imported succesfully!
shapes data imported succesfully!
shapes data imported succesfully!
shapes data imported succesfully!
shapes data imported succesfully!
shapes data imported succesfully!
shapes data imported succesfully!
shapes data imported succesfully!
shapes data imported succesfully!
shapes data imported succesfully!
shapes data imported succesfully!
shapes data imported succesfully!
shapes data imported succesfully!
shapes data imported succesfully!
shapes data imported succesfully!
shapes data imported succesfully!
shapes data imported succesfully!
shapes data imported succesfully!
shapes data imported succesfully!
shapes data imported succesfully!
shapes data imported succesfully!
shapes data imported succesfully!
shapes data imported succesfully!
shapes data imported succesfully!
shapes data imported succesfully!
shapes data imported succesfully!
shapes data imported succesfully!
shapes data imported succesfully!
shapes data imported succesfully!
shapes data imported succesfully!
shapes data imported succesfully!
shapes data imported succesfully!
shapes data imported succesfully!
shapes data imported succesfully!
shapes data imported succesfully!
shapes data imported succesfully!
shapes data imported succesfully!
shapes data imported succesfully!
shapes data imported succesfully!
shapes data imported succesfully!
shapes data imported succesfully!
shapes data imported succesfully!
shapes data imported succesfully!
shapes data imported succesfully!
shapes data imported succesfully!
shapes data imported succesfully!
shapes data imported succesfully!
shapes data imported succesfully!
shapes data imported succesfully!
shapes data imported succesfully!
shapes data imported succesfully!
shapes data imported succesfully!
shapes data imported succesfully!
shapes data imported succesfully!
shapes data imported succesfully!
shapes data imported succesfully!
shapes data imported succesfully!
shapes data imported succesfully!
shapes data imported succesfully!
shapes data imported succesfully!
shapes data imported succesfully!
shapes data imported succesfully!
shapes data imported succesfully!
shapes data imported succesfully!
shapes data imported succesfully!
shapes data imported succesfully!
shapes data imported succesfully!
shapes data imported succesfully!
shapes data imported succesfully!
shapes data imported succesfully!
shapes data imported succesfully!
shapes data imported succesfully!
shapes data imported succesfully!
shapes data imported succesfully!
shapes data imported succesfully!
shapes data imported succesfully!
shapes data imported succesfully!
shapes data imported succesfully!
shapes data imported succesfully!
shapes data imported succesfully!
shapes data imported succesfully!
shapes data imported succesfully!
shapes data imported succesfully!
shapes data imported succesfully!
shapes data imported succesfully!
shapes data imported succesfully!
shapes data imported succesfully!
shapes data imported succesfully!
shapes data imported succesfully!
shapes data imported succesfully!
shapes data imported succesfully!
shapes data imported succesfully!
shapes data imported succesfully!
shapes data imported succesfully!
shapes data imported succesfully!
shapes data imported succesfully!
shapes data imported succesfully!
shapes data imported succesfully!
shapes data imported succesfully!
shapes data imported succesfully!
shapes data imported succesfully!
shapes data imported succesfully!
shapes data imported succesfully!
shapes data imported succesfully!
shapes data imported succesfully!
shapes data imported succesfully!
shapes data imported succesfully!
shapes data imported succesfully!
shapes data imported succesfully!
shapes data imported succesfully!
shapes data imported succesfully!
shapes data imported succesfully!
shapes data imported succesfully!
shapes data imported succesfully!
shapes data imported succesfully!
shapes data imported succesfully!
shapes data imported succesfully!
shapes data imported succesfully!
shapes data imported succesfully!
shapes data imported succesfully!
shapes data imported succesfully!
shapes data imported succesfully!
shapes data imported succesfully!
shapes data imported succesfully!
shapes data imported succesfully!
shapes data imported succesfully!
shapes data imported succesfully!
shapes data imported succesfully!
shapes data imported succesfully!
shapes data imported succesfully!
shapes data imported succesfully!
shapes data imported succesfully!
shapes data imported succesfully!
shapes data imported succesfully!
shapes data imported succesfully!
shapes data imported succesfully!
shapes data imported succesfully!
shapes data imported succesfully!
shapes data imported succesfully!
shapes data imported succesfully!
shapes data imported succesfully!
shapes data imported succesfully!
shapes data imported succesfully!
shapes data imported succesfully!
shapes data imported succesfully!
shapes data imported succesfully!
shapes data imported succesfully!
shapes data imported succesfully!
shapes data imported succesfully!
shapes data imported succesfully!
shapes data imported succesfully!
shapes data imported succesfully!
shapes data imported succesfully!
shapes data imported succesfully!
shapes data imported succesfully!
shapes data imported succesfully!
shapes data imported succesfully!
shapes data imported succesfully!
shapes data imported succesfully!
shapes data imported succesfully!
shapes data imported succesfully!
shapes data imported succesfully!
shapes data imported succesfully!
shapes data imported succesfully!
shapes data imported succesfully!
shapes data imported succesfully!
shapes data imported succesfully!
shapes data imported succesfully!
shapes data imported succesfully!
shapes data imported succesfully!
shapes data imported succesfully!
shapes data imported succesfully!
shapes data imported succesfully!
shapes data imported succesfully!
shapes data imported succesfully!
shapes data imported succesfully!
shapes data imported succesfully!
shapes data imported succesfully!
shapes data imported succesfully!
shapes data imported succesfully!
shapes data imported succesfully!
shapes data imported succesfully!
shapes data imported succesfully!
shapes data imported succesfully!
shapes data imported succesfully!
shapes data imported succesfully!
shapes data imported succesfully!
shapes data imported succesfully!
shapes data imported succesfully!
shapes data imported succesfully!
shapes data imported succesfully!
shapes data imported succesfully!
shapes data imported succesfully!
shapes data imported succesfully!
shapes data imported succesfully!
shapes data imported succesfully!
shapes data imported succesfully!
shapes data imported succesfully!
shapes data imported succesfully!
shapes data imported succesfully!
shapes data imported succesfully!
shapes data imported succesfully!
shapes data imported succesfully!
shapes data imported succesfully!
shapes data imported succesfully!
shapes data imported succesfully!
shapes data imported succesfully!
shapes data imported succesfully!
shapes data imported succesfully!
shapes data imported succesfully!
shapes data imported succesfully!
shapes data imported succesfully!
shapes data imported succesfully!
shapes data imported succesfully!
shapes data imported succesfully!
shapes data imported succesfully!
shapes data imported succesfully!
shapes data imported succesfully!
shapes data imported succesfully!
shapes data imported succesfully!
shapes data imported succesfully!
shapes data imported succesfully!
shapes data imported succesfully!
shapes data imported succesfully!
shapes data imported succesfully!
shapes data imported succesfully!
shapes data imported succesfully!
shapes data imported succesfully!
shapes data imported succesfully!
shapes data imported succesfully!
shapes data imported succesfully!
shapes data imported succesfully!
shapes data imported succesfully!
shapes data imported succesfully!
shapes data imported succesfully!
shapes data imported succesfully!
shapes data imported succesfully!
shapes data imported succesfully!
shapes data imported succesfully!
shapes data imported succesfully!
shapes data imported succesfully!
shapes data imported succesfully!
shapes data imported succesfully!
shapes data imported succesfully!
shapes data imported succesfully!
shapes data imported succesfully!
shapes data imported succesfully!
shapes data imported succesfully!
shapes data imported succesfully!
shapes data imported succesfully!
shapes data imported succesfully!
shapes data imported succesfully!
shapes data imported succesfully!
shapes data imported succesfully!
shapes data imported succesfully!
shapes data imported succesfully!
shapes data imported succesfully!
shapes data imported succesfully!
shapes data imported succesfully!
shapes data imported succesfully!
shapes data imported succesfully!
shapes data imported succesfully!
shapes data imported succesfully!
shapes data imported succesfully!
shapes data imported succesfully!
shapes data imported succesfully!
shapes data imported succesfully!
shapes data imported succesfully!
shapes data imported succesfully!
shapes data imported succesfully!
shapes data imported succesfully!
shapes data imported succesfully!
shapes data imported succesfully!
shapes data imported succesfully!
shapes data imported succesfully!
shapes data imported succesfully!
shapes data imported succesfully!
shapes data imported succesfully!
shapes data imported succesfully!
shapes data imported succesfully!
shapes data imported succesfully!
shapes data imported succesfully!
shapes data imported succesfully!
shapes data imported succesfully!
shapes data imported succesfully!
shapes data imported succesfully!
shapes data imported succesfully!
shapes data imported succesfully!
shapes data imported succesfully!
shapes data imported succesfully!
shapes data imported succesfully!
shapes data imported succesfully!
shapes data imported succesfully!
shapes data imported succesfully!
shapes data imported succesfully!
shapes data imported succesfully!
shapes data imported succesfully!
shapes data imported succesfully!
shapes data imported succesfully!
shapes data imported succesfully!
shapes data imported succesfully!
shapes data imported succesfully!
shapes data imported succesfully!
shapes data imported succesfully!
shapes data imported succesfully!
shapes data imported succesfully!
shapes data imported succesfully!
shapes data imported succesfully!
shapes data imported succesfully!
shapes data imported succesfully!
shapes data imported succesfully!
shapes data imported succesfully!
shapes data imported succesfully!
shapes data imported succesfully!
shapes data imported succesfully!
shapes data imported succesfully!
shapes data imported succesfully!
shapes data imported succesfully!
shapes data imported succesfully!
shapes data imported succesfully!
shapes data imported succesfully!
shapes data imported succesfully!
shapes data imported succesfully!
shapes data imported succesfully!
shapes data imported succesfully!
shapes data imported succesfully!
shapes data imported succesfully!
shapes data imported succesfully!
shapes data imported succesfully!
shapes data imported succesfully!
shapes data imported succesfully!
shapes data imported succesfully!
shapes data imported succesfully!
shapes data imported succesfully!
shapes data imported succesfully!
shapes data imported succesfully!
shapes data imported succesfully!
shapes data imported succesfully!
shapes data imported succesfully!
shapes data imported succesfully!
shapes data imported succesfully!
shapes data imported succesfully!
shapes data imported succesfully!
shapes data imported succesfully!
shapes data imported succesfully!
shapes data imported succesfully!
shapes data imported succesfully!
shapes data imported succesfully!
shapes data imported succesfully!
shapes data imported succesfully!
shapes data imported succesfully!
shapes data imported succesfully!
shapes data imported succesfully!
shapes data imported succesfully!
shapes data imported succesfully!
shapes data imported succesfully!
shapes data imported succesfully!
shapes data imported succesfully!
shapes data imported succesfully!
shapes data imported succesfully!
shapes data imported succesfully!
shapes data imported succesfully!
shapes data imported succesfully!
shapes data imported succesfully!
shapes data imported succesfully!
shapes data imported succesfully!
shapes data imported succesfully!
shapes data imported succesfully!
shapes data imported succesfully!
shapes data imported succesfully!
shapes data imported succesfully!
shapes data imported succesfully!
shapes data imported succesfully!
shapes data imported succesfully!
shapes data imported succesfully!
shapes data imported succesfully!
shapes data imported succesfully!
shapes data imported succesfully!
shapes data imported succesfully!
shapes data imported succesfully!
shapes data imported succesfully!
shapes data imported succesfully!
shapes data imported succesfully!
shapes data imported succesfully!
shapes data imported succesfully!
shapes data imported succesfully!
shapes data imported succesfully!
shapes data imported succesfully!
shapes data imported succesfully!
shapes data imported succesfully!
shapes data imported succesfully!
shapes data imported succesfully!
shapes data imported succesfully!
shapes data imported succesfully!
shapes data imported succesfully!
shapes data imported succesfully!
shapes data imported succesfully!
shapes data imported succesfully!
shapes data imported succesfully!
shapes data imported succesfully!
shapes data imported succesfully!
shapes data imported succesfully!
shapes data imported succesfully!
shapes data imported succesfully!
shapes data imported succesfully!
shapes data imported succesfully!
shapes data imported succesfully!
shapes data imported succesfully!
shapes data imported succesfully!
shapes data imported succesfully!
shapes data imported succesfully!
shapes data imported succesfully!
shapes data imported succesfully!
shapes data imported succesfully!
shapes data imported succesfully!
shapes data imported succesfully!
shapes data imported succesfully!
shapes data imported succesfully!
shapes data imported succesfully!
shapes data imported succesfully!
shapes data imported succesfully!
shapes data imported succesfully!
shapes data imported succesfully!
shapes data imported succesfully!
shapes data imported succesfully!
shapes data imported succesfully!
shapes data imported succesfully!
shapes data imported succesfully!
shapes data imported succesfully!
shapes data imported succesfully!
shapes data imported succesfully!
shapes data imported succesfully!
shapes data imported succesfully!
shapes data imported succesfully!
shapes data imported succesfully!
shapes data imported succesfully!
shapes data imported succesfully!
shapes data imported succesfully!
shapes data imported succesfully!
shapes data imported succesfully!
shapes data imported succesfully!
shapes data imported succesfully!
shapes data imported succesfully!
shapes data imported succesfully!
shapes data imported succesfully!
shapes data imported succesfully!
shapes data imported succesfully!
shapes data imported succesfully!
shapes data imported succesfully!
shapes data imported succesfully!
shapes data imported succesfully!
shapes data imported succesfully!
shapes data imported succesfully!
shapes data imported succesfully!
shapes data imported succesfully!
shapes data imported succesfully!
shapes data imported succesfully!
shapes data imported succesfully!
shapes data imported succesfully!
shapes data imported succesfully!
shapes data imported succesfully!
shapes data imported succesfully!
shapes data imported succesfully!
shapes data imported succesfully!
shapes data imported succesfully!
shapes data imported succesfully!
shapes data imported succesfully!
shapes data imported succesfully!
shapes data imported succesfully!
shapes data imported succesfully!
shapes data imported succesfully!
shapes data imported succesfully!
shapes data imported succesfully!
shapes data imported succesfully!
shapes data imported succesfully!
shapes data imported succesfully!
shapes data imported succesfully!
shapes data imported succesfully!
shapes data imported succesfully!
shapes data imported succesfully!
shapes data imported succesfully!
shapes data imported succesfully!
shapes data imported succesfully!
shapes data imported succesfully!
shapes data imported succesfully!
shapes data imported succesfully!
shapes data imported succesfully!
shapes data imported succesfully!
shapes data imported succesfully!
shapes data imported succesfully!
shapes data imported succesfully!
shapes data imported succesfully!
shapes data imported succesfully!
shapes data imported succesfully!
shapes data imported succesfully!
shapes data imported succesfully!
shapes data imported succesfully!
shapes data imported succesfully!
shapes data imported succesfully!
shapes data imported succesfully!
shapes data imported succesfully!
shapes data imported succesfully!
shapes data imported succesfully!
shapes data imported succesfully!
shapes data imported succesfully!
shapes data imported succesfully!
shapes data imported succesfully!
shapes data imported succesfully!
shapes data imported succesfully!
shapes data imported succesfully!
shapes data imported succesfully!
shapes data imported succesfully!
shapes data imported succesfully!
shapes data imported succesfully!
shapes data imported succesfully!
shapes data imported succesfully!
shapes data imported succesfully!
shapes data imported succesfully!
shapes data imported succesfully!
shapes data imported succesfully!
shapes data imported succesfully!
shapes data imported succesfully!
shapes data imported succesfully!
shapes data imported succesfully!
shapes data imported succesfully!
shapes data imported succesfully!
shapes data imported succesfully!
shapes data imported succesfully!
shapes data imported succesfully!
shapes data imported succesfully!
shapes data imported succesfully!
shapes data imported succesfully!
shapes data imported succesfully!
shapes data imported succesfully!
shapes data imported succesfully!
shapes data imported succesfully!
shapes data imported succesfully!
shapes data imported succesfully!
shapes data imported succesfully!
shapes data imported succesfully!
shapes data imported succesfully!
shapes data imported succesfully!
shapes data imported succesfully!
shapes data imported succesfully!
shapes data imported succesfully!
shapes data imported succesfully!
shapes data imported succesfully!
shapes data imported succesfully!
shapes data imported succesfully!
shapes data imported succesfully!
shapes data imported succesfully!
shapes data imported succesfully!
shapes data imported succesfully!
shapes data imported succesfully!
shapes data imported succesfully!
shapes data imported succesfully!
shapes data imported succesfully!
shapes data imported succesfully!
shapes data imported succesfully!
shapes data imported succesfully!
shapes data imported succesfully!
shapes data imported succesfully!
shapes data imported succesfully!
shapes data imported succesfully!
shapes data imported succesfully!
shapes data imported succesfully!
shapes data imported succesfully!
shapes data imported succesfully!
shapes data imported succesfully!
shapes data imported succesfully!
shapes data imported succesfully!
shapes data imported succesfully!
shapes data imported succesfully!
shapes data imported succesfully!
shapes data imported succesfully!
shapes data imported succesfully!
shapes data imported succesfully!
shapes data imported succesfully!
shapes data imported succesfully!
shapes data imported succesfully!
shapes data imported succesfully!
shapes data imported succesfully!
shapes data imported succesfully!
shapes data imported succesfully!
shapes data imported succesfully!
shapes data imported succesfully!
shapes data imported succesfully!
shapes data imported succesfully!
shapes data imported succesfully!
shapes data imported succesfully!
shapes data imported succesfully!
shapes data imported succesfully!
shapes data imported succesfully!
shapes data imported succesfully!
shapes data imported succesfully!
shapes data imported succesfully!
shapes data imported succesfully!
shapes data imported succesfully!
shapes data imported succesfully!
shapes data imported succesfully!
shapes data imported succesfully!
shapes data imported succesfully!
shapes data imported succesfully!
shapes data imported succesfully!
shapes data imported succesfully!
shapes data imported succesfully!
shapes data imported succesfully!
shapes data imported succesfully!
shapes data imported succesfully!
shapes data imported succesfully!
shapes data imported succesfully!
shapes data imported succesfully!
shapes data imported succesfully!
shapes data imported succesfully!
shapes data imported succesfully!
shapes data imported succesfully!
shapes data imported succesfully!
shapes data imported succesfully!
shapes data imported succesfully!
shapes data imported succesfully!
shapes data imported succesfully!
shapes data imported succesfully!
shapes data imported succesfully!
shapes data imported succesfully!
shapes data imported succesfully!
shapes data imported succesfully!
shapes data imported succesfully!
shapes data imported succesfully!
shapes data imported succesfully!
shapes data imported succesfully!
shapes data imported succesfully!
shapes data imported succesfully!
shapes data imported succesfully!
shapes data imported succesfully!
shapes data imported succesfully!
shapes data imported succesfully!
shapes data imported succesfully!
shapes data imported succesfully!
shapes data imported succesfully!
shapes data imported succesfully!
shapes data imported succesfully!
shapes data imported succesfully!
shapes data imported succesfully!
shapes data imported succesfully!
shapes data imported succesfully!
shapes data imported succesfully!
shapes data imported succesfully!
shapes data imported succesfully!
shapes data imported succesfully!
shapes data imported succesfully!
shapes data imported succesfully!
shapes data imported succesfully!
shapes data imported succesfully!
shapes data imported succesfully!
shapes data imported succesfully!
shapes data imported succesfully!
shapes data imported succesfully!
shapes data imported succesfully!
shapes data imported succesfully!
shapes data imported succesfully!
shapes data imported succesfully!
shapes data imported succesfully!
shapes data imported succesfully!
shapes data imported succesfully!
shapes data imported succesfully!
shapes data imported succesfully!
shapes data imported succesfully!
shapes data imported succesfully!
shapes data imported succesfully!
shapes data imported succesfully!
shapes data imported succesfully!
shapes data imported succesfully!
shapes data imported succesfully!
shapes data imported succesfully!
shapes data imported succesfully!
shapes data imported succesfully!
shapes data imported succesfully!
shapes data imported succesfully!
shapes data imported succesfully!
shapes data imported succesfully!
shapes data imported succesfully!
shapes data imported succesfully!
shapes data imported succesfully!
shapes data imported succesfully!
shapes data imported succesfully!
shapes data imported succesfully!
shapes data imported succesfully!
shapes data imported succesfully!
shapes data imported succesfully!
shapes data imported succesfully!
shapes data imported succesfully!
shapes data imported succesfully!
shapes data imported succesfully!
shapes data imported succesfully!
shapes data imported succesfully!
shapes data imported succesfully!
shapes data imported succesfully!
shapes data imported succesfully!
shapes data imported succesfully!
shapes data imported succesfully!
shapes data imported succesfully!
shapes data imported succesfully!
shapes data imported succesfully!
shapes data imported succesfully!
shapes data imported succesfully!
shapes data imported succesfully!
shapes data imported succesfully!
shapes data imported succesfully!
shapes data imported succesfully!
shapes data imported succesfully!
shapes data imported succesfully!
shapes data imported succesfully!
shapes data imported succesfully!
shapes data imported succesfully!
shapes data imported succesfully!
shapes data imported succesfully!
shapes data imported succesfully!
shapes data imported succesfully!
shapes data imported succesfully!
shapes data imported succesfully!
shapes data imported succesfully!
shapes data imported succesfully!
shapes data imported succesfully!
shapes data imported succesfully!
shapes data imported succesfully!
shapes data imported succesfully!
shapes data imported succesfully!
shapes data imported succesfully!
shapes data imported succesfully!
shapes data imported succesfully!
shapes data imported succesfully!
shapes data imported succesfully!
shapes data imported succesfully!
shapes data imported succesfully!
shapes data imported succesfully!
shapes data imported succesfully!
shapes data imported succesfully!
shapes data imported succesfully!
shapes data imported succesfully!
shapes data imported succesfully!
shapes data imported succesfully!
shapes data imported succesfully!
shapes data imported succesfully!
shapes data imported succesfully!
shapes data imported succesfully!
shapes data imported succesfully!
shapes data imported succesfully!
shapes data imported succesfully!
shapes data imported succesfully!
shapes data imported succesfully!
shapes data imported succesfully!
shapes data imported succesfully!
shapes data imported succesfully!
shapes data imported succesfully!
shapes data imported succesfully!
shapes data imported succesfully!
shapes data imported succesfully!
shapes data imported succesfully!
shapes data imported succesfully!
shapes data imported succesfully!
shapes data imported succesfully!
shapes data imported succesfully!
shapes data imported succesfully!
shapes data imported succesfully!
shapes data imported succesfully!
shapes data imported succesfully!
shapes data imported succesfully!
shapes data imported succesfully!
shapes data imported succesfully!
shapes data imported succesfully!
shapes data imported succesfully!
shapes data imported succesfully!
shapes data imported succesfully!
shapes data imported succesfully!
shapes data imported succesfully!
shapes data imported succesfully!
shapes data imported succesfully!
shapes data imported succesfully!
shapes data imported succesfully!
shapes data imported succesfully!
shapes data imported succesfully!
shapes data imported succesfully!
shapes data imported succesfully!
shapes data imported succesfully!
shapes data imported succesfully!
shapes data imported succesfully!
shapes data imported succesfully!
shapes data imported succesfully!
shapes data imported succesfully!
shapes data imported succesfully!
shapes data imported succesfully!
shapes data imported succesfully!
shapes data imported succesfully!
shapes data imported succesfully!
shapes data imported succesfully!
shapes data imported succesfully!
shapes data imported succesfully!
shapes data imported succesfully!
shapes data imported succesfully!
shapes data imported succesfully!
shapes data imported succesfully!
shapes data imported succesfully!
shapes data imported succesfully!
shapes data imported succesfully!
shapes data imported succesfully!
shapes data imported succesfully!
shapes data imported succesfully!
shapes data imported succesfully!
shapes data imported succesfully!
shapes data imported succesfully!
shapes data imported succesfully!
shapes data imported succesfully!
shapes data imported succesfully!
shapes data imported succesfully!
shapes data imported succesfully!
shapes data imported succesfully!
shapes data imported succesfully!
shapes data imported succesfully!
shapes data imported succesfully!
shapes data imported succesfully!
shapes data imported succesfully!
shapes data imported succesfully!
shapes data imported succesfully!
shapes data imported succesfully!
shapes data imported succesfully!
shapes data imported succesfully!
shapes data imported succesfully!
shapes data imported succesfully!
shapes data imported succesfully!
shapes data imported succesfully!
shapes data imported succesfully!
shapes data imported succesfully!
shapes data imported succesfully!
shapes data imported succesfully!
shapes data imported succesfully!
shapes data imported succesfully!
shapes data imported succesfully!
shapes data imported succesfully!
shapes data imported succesfully!
shapes data imported succesfully!
shapes data imported succesfully!
shapes data imported succesfully!
shapes data imported succesfully!
shapes data imported succesfully!
shapes data imported succesfully!
shapes data imported succesfully!
shapes data imported succesfully!
shapes data imported succesfully!
shapes data imported succesfully!
shapes data imported succesfully!
shapes data imported succesfully!
shapes data imported succesfully!
shapes data imported succesfully!
shapes data imported succesfully!
shapes data imported succesfully!
shapes data imported succesfully!
shapes data imported succesfully!
shapes data imported succesfully!
shapes data imported succesfully!
shapes data imported succesfully!
shapes data imported succesfully!
shapes data imported succesfully!
shapes data imported succesfully!
shapes data imported succesfully!
shapes data imported succesfully!
shapes data imported succesfully!
shapes data imported succesfully!
shapes data imported succesfully!
shapes data imported succesfully!
shapes data imported succesfully!
shapes data imported succesfully!
shapes data imported succesfully!
shapes data imported succesfully!
shapes data imported succesfully!
shapes data imported succesfully!
shapes data imported succesfully!
shapes data imported succesfully!
shapes data imported succesfully!
shapes data imported succesfully!
shapes data imported succesfully!
shapes data imported succesfully!
shapes data imported succesfully!
shapes data imported succesfully!
shapes data imported succesfully!
shapes data imported succesfully!
shapes data imported succesfully!
shapes data imported succesfully!
shapes data imported succesfully!
shapes data imported succesfully!
shapes data imported succesfully!
shapes data imported succesfully!
shapes data imported succesfully!
shapes data imported succesfully!
shapes data imported succesfully!
shapes data imported succesfully!
shapes data imported succesfully!
shapes data imported succesfully!
shapes data imported succesfully!
shapes data imported succesfully!
shapes data imported succesfully!
shapes data imported succesfully!
shapes data imported succesfully!
shapes data imported succesfully!
shapes data imported succesfully!
shapes data imported succesfully!
shapes data imported succesfully!
shapes data imported succesfully!
shapes data imported succesfully!
shapes data imported succesfully!
shapes data imported succesfully!
shapes data imported succesfully!
shapes data imported succesfully!
shapes data imported succesfully!
shapes data imported succesfully!
shapes data imported succesfully!
shapes data imported succesfully!
shapes data imported succesfully!
shapes data imported succesfully!
shapes data imported succesfully!
shapes data imported succesfully!
shapes data imported succesfully!
shapes data imported succesfully!
shapes data imported succesfully!
shapes data imported succesfully!
shapes data imported succesfully!
shapes data imported succesfully!
shapes data imported succesfully!
shapes data imported succesfully!
shapes data imported succesfully!
shapes data imported succesfully!
shapes data imported succesfully!
shapes data imported succesfully!
shapes data imported succesfully!
shapes data imported succesfully!
shapes data imported succesfully!
shapes data imported succesfully!
shapes data imported succesfully!
shapes data imported succesfully!
shapes data imported succesfully!
shapes data imported succesfully!
shapes data imported succesfully!
shapes data imported succesfully!
shapes data imported succesfully!
shapes data imported succesfully!
shapes data imported succesfully!
shapes data imported succesfully!
shapes data imported succesfully!
shapes data imported succesfully!
shapes data imported succesfully!
shapes data imported succesfully!
shapes data imported succesfully!
shapes data imported succesfully!
shapes data imported succesfully!
shapes data imported succesfully!
shapes data imported succesfully!
shapes data imported succesfully!
shapes data imported succesfully!
shapes data imported succesfully!
shapes data imported succesfully!
shapes data imported succesfully!
shapes data imported succesfully!
shapes data imported succesfully!
shapes data imported succesfully!
shapes data imported succesfully!
shapes data imported succesfully!
shapes data imported succesfully!
shapes data imported succesfully!
shapes data imported succesfully!
shapes data imported succesfully!
shapes data imported succesfully!
shapes data imported succesfully!
shapes data imported succesfully!
shapes data imported succesfully!
shapes data imported succesfully!
shapes data imported succesfully!
shapes data imported succesfully!
shapes data imported succesfully!
shapes data imported succesfully!
shapes data imported succesfully!
shapes data imported succesfully!
shapes data imported succesfully!
shapes data imported succesfully!
shapes data imported succesfully!
shapes data imported succesfully!
shapes data imported succesfully!
shapes data imported succesfully!
shapes data imported succesfully!
shapes data imported succesfully!
shapes data imported succesfully!
shapes data imported succesfully!
shapes data imported succesfully!
shapes data imported succesfully!
shapes data imported succesfully!
shapes data imported succesfully!
shapes data imported succesfully!
shapes data imported succesfully!
shapes data imported succesfully!
shapes data imported succesfully!
shapes data imported succesfully!
shapes data imported succesfully!
shapes data imported succesfully!
shapes data imported succesfully!
shapes data imported succesfully!
shapes data imported succesfully!
shapes data imported succesfully!
shapes data imported succesfully!
shapes data imported succesfully!
shapes data imported succesfully!
shapes data imported succesfully!
shapes data imported succesfully!
shapes data imported succesfully!
shapes data imported succesfully!
shapes data imported succesfully!
shapes data imported succesfully!
shapes data imported succesfully!
shapes data imported succesfully!
shapes data imported succesfully!
shapes data imported succesfully!
shapes data imported succesfully!
shapes data imported succesfully!
shapes data imported succesfully!
shapes data imported succesfully!
shapes data imported succesfully!
shapes data imported succesfully!
shapes data imported succesfully!
shapes data imported succesfully!
shapes data imported succesfully!
shapes data imported succesfully!
shapes data imported succesfully!
shapes data imported succesfully!
shapes data imported succesfully!
shapes data imported succesfully!
shapes data imported succesfully!
shapes data imported succesfully!
shapes data imported succesfully!
shapes data imported succesfully!
shapes data imported succesfully!
shapes data imported succesfully!
shapes data imported succesfully!
shapes data imported succesfully!
shapes data imported succesfully!
shapes data imported succesfully!
shapes data imported succesfully!
shapes data imported succesfully!
shapes data imported succesfully!
shapes data imported succesfully!
shapes data imported succesfully!
shapes data imported succesfully!
shapes data imported succesfully!
shapes data imported succesfully!
shapes data imported succesfully!
shapes data imported succesfully!
shapes data imported succesfully!
shapes data imported succesfully!
shapes data imported succesfully!
shapes data imported succesfully!
shapes data imported succesfully!
shapes data imported succesfully!
shapes data imported succesfully!
shapes data imported succesfully!
shapes data imported succesfully!
shapes data imported succesfully!
shapes data imported succesfully!
shapes data imported succesfully!
shapes data imported succesfully!
shapes data imported succesfully!
shapes data imported succesfully!
shapes data imported succesfully!
shapes data imported succesfully!
shapes data imported succesfully!
shapes data imported succesfully!
shapes data imported succesfully!
shapes data imported succesfully!
shapes data imported succesfully!
shapes data imported succesfully!
shapes data imported succesfully!
shapes data imported succesfully!
shapes data imported succesfully!
shapes data imported succesfully!
shapes data imported succesfully!
shapes data imported succesfully!
shapes data imported succesfully!
shapes data imported succesfully!
shapes data imported succesfully!
shapes data imported succesfully!
shapes data imported succesfully!
shapes data imported succesfully!
shapes data imported succesfully!
shapes data imported succesfully!
shapes data imported succesfully!
shapes data imported succesfully!
shapes data imported succesfully!
shapes data imported succesfully!
shapes data imported succesfully!
shapes data imported succesfully!
shapes data imported succesfully!
shapes data imported succesfully!
shapes data imported succesfully!
shapes data imported succesfully!
shapes data imported succesfully!
shapes data imported succesfully!
shapes data imported succesfully!
shapes data imported succesfully!
shapes data imported succesfully!
shapes data imported succesfully!
shapes data imported succesfully!
shapes data imported succesfully!
shapes data imported succesfully!
shapes data imported succesfully!
shapes data imported succesfully!
shapes data imported succesfully!
shapes data imported succesfully!
shapes data imported succesfully!
shapes data imported succesfully!
shapes data imported succesfully!
shapes data imported succesfully!
shapes data imported succesfully!
shapes data imported succesfully!
shapes data imported succesfully!
shapes data imported succesfully!
shapes data imported succesfully!
shapes data imported succesfully!
shapes data imported succesfully!
shapes data imported succesfully!
shapes data imported succesfully!
shapes data imported succesfully!
shapes data imported succesfully!
shapes data imported succesfully!
shapes data imported succesfully!
shapes data imported succesfully!
shapes data imported succesfully!
shapes data imported succesfully!
shapes data imported succesfully!
shapes data imported succesfully!
shapes data imported succesfully!
shapes data imported succesfully!
shapes data imported succesfully!
shapes data imported succesfully!
shapes data imported succesfully!
shapes data imported succesfully!
shapes data imported succesfully!
shapes data imported succesfully!
shapes data imported succesfully!
shapes data imported succesfully!
shapes data imported succesfully!
shapes data imported succesfully!
shapes data imported succesfully!
shapes data imported succesfully!
shapes data imported succesfully!
shapes data imported succesfully!
shapes data imported succesfully!
shapes data imported succesfully!
shapes data imported succesfully!
shapes data imported succesfully!
shapes data imported succesfully!
shapes data imported succesfully!
shapes data imported succesfully!
shapes data imported succesfully!
shapes data imported succesfully!
shapes data imported succesfully!
shapes data imported succesfully!
shapes data imported succesfully!
shapes data imported succesfully!
shapes data imported succesfully!
shapes data imported succesfully!
shapes data imported succesfully!
shapes data imported succesfully!
shapes data imported succesfully!
shapes data imported succesfully!
shapes data imported succesfully!
shapes data imported succesfully!
shapes data imported succesfully!
shapes data imported succesfully!
shapes data imported succesfully!
shapes data imported succesfully!
shapes data imported succesfully!
shapes data imported succesfully!
shapes data imported succesfully!
shapes data imported succesfully!
shapes data imported succesfully!
shapes data imported succesfully!
shapes data imported succesfully!
shapes data imported succesfully!
shapes data imported succesfully!
shapes data imported succesfully!
shapes data imported succesfully!
shapes data imported succesfully!
shapes data imported succesfully!
shapes data imported succesfully!
shapes data imported succesfully!
shapes data imported succesfully!
shapes data imported succesfully!
shapes data imported succesfully!
shapes data imported succesfully!
shapes data imported succesfully!
shapes data imported succesfully!
shapes data imported succesfully!
shapes data imported succesfully!
shapes data imported succesfully!
shapes data imported succesfully!
shapes data imported succesfully!
shapes data imported succesfully!
shapes data imported succesfully!
shapes data imported succesfully!
shapes data imported succesfully!
shapes data imported succesfully!
shapes data imported succesfully!
shapes data imported succesfully!
shapes data imported succesfully!
shapes data imported succesfully!
shapes data imported succesfully!
shapes data imported succesfully!
shapes data imported succesfully!
shapes data imported succesfully!
shapes data imported succesfully!
shapes data imported succesfully!
shapes data imported succesfully!
shapes data imported succesfully!
shapes data imported succesfully!
shapes data imported succesfully!
shapes data imported succesfully!
shapes data imported succesfully!
shapes data imported succesfully!
shapes data imported succesfully!
shapes data imported succesfully!
shapes data imported succesfully!
shapes data imported succesfully!
shapes data imported succesfully!
shapes data imported succesfully!
shapes data imported succesfully!
shapes data imported succesfully!
shapes data imported succesfully!
shapes data imported succesfully!
shapes data imported succesfully!
shapes data imported succesfully!
shapes data imported succesfully!
shapes data imported succesfully!
shapes data imported succesfully!
shapes data imported succesfully!
shapes data imported succesfully!
shapes data imported succesfully!
shapes data imported succesfully!
shapes data imported succesfully!
shapes data imported succesfully!
shapes data imported succesfully!
shapes data imported succesfully!
shapes data imported succesfully!
shapes data imported succesfully!
shapes data imported succesfully!
shapes data imported succesfully!
shapes data imported succesfully!
shapes data imported succesfully!
shapes data imported succesfully!
shapes data imported succesfully!
shapes data imported succesfully!
shapes data imported succesfully!
shapes data imported succesfully!
shapes data imported succesfully!
shapes data imported succesfully!
shapes data imported succesfully!
shapes data imported succesfully!
shapes data imported succesfully!
shapes data imported succesfully!
shapes data imported succesfully!
shapes data imported succesfully!
shapes data imported succesfully!
shapes data imported succesfully!
shapes data imported succesfully!
shapes data imported succesfully!
shapes data imported succesfully!
shapes data imported succesfully!
shapes data imported succesfully!
shapes data imported succesfully!
shapes data imported succesfully!
shapes data imported succesfully!
shapes data imported succesfully!
shapes data imported succesfully!
shapes data imported succesfully!
shapes data imported succesfully!
shapes data imported succesfully!
shapes data imported succesfully!
shapes data imported succesfully!
shapes data imported succesfully!
shapes data imported succesfully!
shapes data imported succesfully!
shapes data imported succesfully!
shapes data imported succesfully!
shapes data imported succesfully!
shapes data imported succesfully!
shapes data imported succesfully!
shapes data imported succesfully!
shapes data imported succesfully!
shapes data imported succesfully!
shapes data imported succesfully!
shapes data imported succesfully!
shapes data imported succesfully!
shapes data imported succesfully!
shapes data imported succesfully!
shapes data imported succesfully!
shapes data imported succesfully!
shapes data imported succesfully!
shapes data imported succesfully!
shapes data imported succesfully!
shapes data imported succesfully!
shapes data imported succesfully!
shapes data imported succesfully!
shapes data imported succesfully!
shapes data imported succesfully!
shapes data imported succesfully!
shapes data imported succesfully!
shapes data imported succesfully!
shapes data imported succesfully!
shapes data imported succesfully!
shapes data imported succesfully!
shapes data imported succesfully!
shapes data imported succesfully!
shapes data imported succesfully!
shapes data imported succesfully!
shapes data imported succesfully!
shapes data imported succesfully!
shapes data imported succesfully!
shapes data imported succesfully!
shapes data imported succesfully!
shapes data imported succesfully!
shapes data imported succesfully!
shapes data imported succesfully!
shapes data imported succesfully!
shapes data imported succesfully!
shapes data imported succesfully!
shapes data imported succesfully!
shapes data imported succesfully!
shapes data imported succesfully!
shapes data imported succesfully!
shapes data imported succesfully!
shapes data imported succesfully!
shapes data imported succesfully!
shapes data imported succesfully!
shapes data imported succesfully!
shapes data imported succesfully!
shapes data imported succesfully!
shapes data imported succesfully!
shapes data imported succesfully!
shapes data imported succesfully!
shapes data imported succesfully!
shapes data imported succesfully!
shapes data imported succesfully!
shapes data imported succesfully!
shapes data imported succesfully!
shapes data imported succesfully!
shapes data imported succesfully!
shapes data imported succesfully!
shapes data imported succesfully!
shapes data imported succesfully!
shapes data imported succesfully!
shapes data imported succesfully!
shapes data imported succesfully!
shapes data imported succesfully!
shapes data imported succesfully!
shapes data imported succesfully!
shapes data imported succesfully!
shapes data imported succesfully!
shapes data imported succesfully!
shapes data imported succesfully!
shapes data imported succesfully!
shapes data imported succesfully!
shapes data imported succesfully!
shapes data imported succesfully!
shapes data imported succesfully!
shapes data imported succesfully!
shapes data imported succesfully!
shapes data imported succesfully!
shapes data imported succesfully!
shapes data imported succesfully!
shapes data imported succesfully!
shapes data imported succesfully!
shapes data imported succesfully!
shapes data imported succesfully!
shapes data imported succesfully!
shapes data imported succesfully!
shapes data imported succesfully!
shapes data imported succesfully!
shapes data imported succesfully!
shapes data imported succesfully!
shapes data imported succesfully!
shapes data imported succesfully!
shapes data imported succesfully!
shapes data imported succesfully!
shapes data imported succesfully!
shapes data imported succesfully!
shapes data imported succesfully!
shapes data imported succesfully!
shapes data imported succesfully!
shapes data imported succesfully!
shapes data imported succesfully!
shapes data imported succesfully!
shapes data imported succesfully!
shapes data imported succesfully!
shapes data imported succesfully!
shapes data imported succesfully!
shapes data imported succesfully!
shapes data imported succesfully!
shapes data imported succesfully!
shapes data imported succesfully!
shapes data imported succesfully!
shapes data imported succesfully!
shapes data imported succesfully!
shapes data imported succesfully!
shapes data imported succesfully!
shapes data imported succesfully!
shapes data imported succesfully!
shapes data imported succesfully!
shapes data imported succesfully!
shapes data imported succesfully!
shapes data imported succesfully!
shapes data imported succesfully!
shapes data imported succesfully!
shapes data imported succesfully!
shapes data imported succesfully!
shapes data imported succesfully!
shapes data imported succesfully!
shapes data imported succesfully!
shapes data imported succesfully!
shapes data imported succesfully!
shapes data imported succesfully!
shapes data imported succesfully!
shapes data imported succesfully!
shapes data imported succesfully!
shapes data imported succesfully!
shapes data imported succesfully!
shapes data imported succesfully!
shapes data imported succesfully!
shapes data imported succesfully!
shapes data imported succesfully!
shapes data imported succesfully!
shapes data imported succesfully!
shapes data imported succesfully!
shapes data imported succesfully!
shapes data imported succesfully!
shapes data imported succesfully!
shapes data imported succesfully!
shapes data imported succesfully!
shapes data imported succesfully!
shapes data imported succesfully!
shapes data imported succesfully!
shapes data imported succesfully!
shapes data imported succesfully!
shapes data imported succesfully!
shapes data imported succesfully!
shapes data imported succesfully!
shapes data imported succesfully!
shapes data imported succesfully!
shapes data imported succesfully!
shapes data imported succesfully!
shapes data imported succesfully!
shapes data imported succesfully!
shapes data imported succesfully!
shapes data imported succesfully!
shapes data imported succesfully!
shapes data imported succesfully!
shapes data imported succesfully!
shapes data imported succesfully!
shapes data imported succesfully!
shapes data imported succesfully!
shapes data imported succesfully!
shapes data imported succesfully!
shapes data imported succesfully!
shapes data imported succesfully!
shapes data imported succesfully!
shapes data imported succesfully!
shapes data imported succesfully!
shapes data imported succesfully!
shapes data imported succesfully!
shapes data imported succesfully!
shapes data imported succesfully!
shapes data imported succesfully!
shapes data imported succesfully!
shapes data imported succesfully!
shapes data imported succesfully!
shapes data imported succesfully!
shapes data imported succesfully!
shapes data imported succesfully!
shapes data imported succesfully!
shapes data imported succesfully!
shapes data imported succesfully!
shapes data imported succesfully!
shapes data imported succesfully!
shapes data imported succesfully!
shapes data imported succesfully!
shapes data imported succesfully!
shapes data imported succesfully!
shapes data imported succesfully!
shapes data imported succesfully!
shapes data imported succesfully!
shapes data imported succesfully!
shapes data imported succesfully!
shapes data imported succesfully!
shapes data imported succesfully!
shapes data imported succesfully!
shapes data imported succesfully!
shapes data imported succesfully!
shapes data imported succesfully!
shapes data imported succesfully!
shapes data imported succesfully!
shapes data imported succesfully!
shapes data imported succesfully!
shapes data imported succesfully!
shapes data imported succesfully!
shapes data imported succesfully!
shapes data imported succesfully!
shapes data imported succesfully!
shapes data imported succesfully!
shapes data imported succesfully!
shapes data imported succesfully!
shapes data imported succesfully!
shapes data imported succesfully!
shapes data imported succesfully!
shapes data imported succesfully!
shapes data imported succesfully!
shapes data imported succesfully!
shapes data imported succesfully!
shapes data imported succesfully!
shapes data imported succesfully!
shapes data imported succesfully!
shapes data imported succesfully!
shapes data imported succesfully!
shapes data imported succesfully!
shapes data imported succesfully!
shapes data imported succesfully!
shapes data imported succesfully!
shapes data imported succesfully!
shapes data imported succesfully!
shapes data imported succesfully!
shapes data imported succesfully!
shapes data imported succesfully!
shapes data imported succesfully!
shapes data imported succesfully!
shapes data imported succesfully!
shapes data imported succesfully!
shapes data imported succesfully!
shapes data imported succesfully!
shapes data imported succesfully!
shapes data imported succesfully!
shapes data imported succesfully!
shapes data imported succesfully!
shapes data imported succesfully!
shapes data imported succesfully!
shapes data imported succesfully!
shapes data imported succesfully!
shapes data imported succesfully!
shapes data imported succesfully!
shapes data imported succesfully!
shapes data imported succesfully!
shapes data imported succesfully!
shapes data imported succesfully!
shapes data imported succesfully!
shapes data imported succesfully!
shapes data imported succesfully!
shapes data imported succesfully!
shapes data imported succesfully!
shapes data imported succesfully!
shapes data imported succesfully!
shapes data imported succesfully!
shapes data imported succesfully!
shapes data imported succesfully!
shapes data imported succesfully!
shapes data imported succesfully!
shapes data imported succesfully!
shapes data imported succesfully!
shapes data imported succesfully!
shapes data imported succesfully!
shapes data imported succesfully!
shapes data imported succesfully!
shapes data imported succesfully!
shapes data imported succesfully!
shapes data imported succesfully!
shapes data imported succesfully!
shapes data imported succesfully!
shapes data imported succesfully!
shapes data imported succesfully!
shapes data imported succesfully!
shapes data imported succesfully!
shapes data imported succesfully!
shapes data imported succesfully!
shapes data imported succesfully!
shapes data imported succesfully!
shapes data imported succesfully!
shapes data imported succesfully!
shapes data imported succesfully!
shapes data imported succesfully!
shapes data imported succesfully!
shapes data imported succesfully!
shapes data imported succesfully!
shapes data imported succesfully!
shapes data imported succesfully!
shapes data imported succesfully!
shapes data imported succesfully!
shapes data imported succesfully!
shapes data imported succesfully!
shapes data imported succesfully!
shapes data imported succesfully!
shapes data imported succesfully!
shapes data imported succesfully!
shapes data imported succesfully!
shapes data imported succesfully!
shapes data imported succesfully!
shapes data imported succesfully!
shapes data imported succesfully!
shapes data imported succesfully!
shapes data imported succesfully!
shapes data imported succesfully!
shapes data imported succesfully!
shapes data imported succesfully!
shapes data imported succesfully!
shapes data imported succesfully!
shapes data imported succesfully!
shapes data imported succesfully!
shapes data imported succesfully!
shapes data imported succesfully!
shapes data imported succesfully!
shapes data imported succesfully!
shapes data imported succesfully!
shapes data imported succesfully!
shapes data imported succesfully!
shapes data imported succesfully!
shapes data imported succesfully!
shapes data imported succesfully!
shapes data imported succesfully!
shapes data imported succesfully!
shapes data imported succesfully!
shapes data imported succesfully!
shapes data imported succesfully!
shapes data imported succesfully!
shapes data imported succesfully!
shapes data imported succesfully!
shapes data imported succesfully!
shapes data imported succesfully!
shapes data imported succesfully!
shapes data imported succesfully!
shapes data imported succesfully!
shapes data imported succesfully!
shapes data imported succesfully!
shapes data imported succesfully!
shapes data imported succesfully!
shapes data imported succesfully!
shapes data imported succesfully!
shapes data imported succesfully!
shapes data imported succesfully!
shapes data imported succesfully!
shapes data imported succesfully!
shapes data imported succesfully!
shapes data imported succesfully!
shapes data imported succesfully!
shapes data imported succesfully!
shapes data imported succesfully!
shapes data imported succesfully!
shapes data imported succesfully!
shapes data imported succesfully!
shapes data imported succesfully!
shapes data imported succesfully!
shapes data imported succesfully!
shapes data imported succesfully!
shapes data imported succesfully!
shapes data imported succesfully!
shapes data imported succesfully!
shapes data imported succesfully!
shapes data imported succesfully!
shapes data imported succesfully!
shapes data imported succesfully!
shapes data imported succesfully!
shapes data imported succesfully!
shapes data imported succesfully!
shapes data imported succesfully!
shapes data imported succesfully!
shapes data imported succesfully!
shapes data imported succesfully!
shapes data imported succesfully!
shapes data imported succesfully!
shapes data imported succesfully!
shapes data imported succesfully!
shapes data imported succesfully!
shapes data imported succesfully!
shapes data imported succesfully!
shapes data imported succesfully!
shapes data imported succesfully!
shapes data imported succesfully!
shapes data imported succesfully!
shapes data imported succesfully!
shapes data imported succesfully!
shapes data imported succesfully!
shapes data imported succesfully!
shapes data imported succesfully!
shapes data imported succesfully!
shapes data imported succesfully!
shapes data imported succesfully!
shapes data imported succesfully!
shapes data imported succesfully!
shapes data imported succesfully!
shapes data imported succesfully!
shapes data imported succesfully!
shapes data imported succesfully!
shapes data imported succesfully!
shapes data imported succesfully!
shapes data imported succesfully!
shapes data imported succesfully!
shapes data imported succesfully!
shapes data imported succesfully!
shapes data imported succesfully!
shapes data imported succesfully!
shapes data imported succesfully!
shapes data imported succesfully!
shapes data imported succesfully!
shapes data imported succesfully!
shapes data imported succesfully!
shapes data imported succesfully!
shapes data imported succesfully!
shapes data imported succesfully!
shapes data imported succesfully!
shapes data imported succesfully!
shapes data imported succesfully!
shapes data imported succesfully!
shapes data imported succesfully!
shapes data imported succesfully!
shapes data imported succesfully!
shapes data imported succesfully!
shapes data imported succesfully!
shapes data imported succesfully!
shapes data imported succesfully!
shapes data imported succesfully!
shapes data imported succesfully!
shapes data imported succesfully!
shapes data imported succesfully!
shapes data imported succesfully!
shapes data imported succesfully!
shapes data imported succesfully!
shapes data imported succesfully!
shapes data imported succesfully!
shapes data imported succesfully!
shapes data imported succesfully!
shapes data imported succesfully!
shapes data imported succesfully!
shapes data imported succesfully!
shapes data imported succesfully!
shapes data imported succesfully!
shapes data imported succesfully!
shapes data imported succesfully!
shapes data imported succesfully!
shapes data imported succesfully!
shapes data imported succesfully!
shapes data imported succesfully!
shapes data imported succesfully!
shapes data imported succesfully!
shapes data imported succesfully!
shapes data imported succesfully!
shapes data imported succesfully!
shapes data imported succesfully!
shapes data imported succesfully!
shapes data imported succesfully!
shapes data imported succesfully!
shapes data imported succesfully!
shapes data imported succesfully!
shapes data imported succesfully!
shapes data imported succesfully!
shapes data imported succesfully!
shapes data imported succesfully!
shapes data imported succesfully!
shapes data imported succesfully!
shapes data imported succesfully!
shapes data imported succesfully!
shapes data imported succesfully!
shapes data imported succesfully!
shapes data imported succesfully!
shapes data imported succesfully!
shapes data imported succesfully!
shapes data imported succesfully!
shapes data imported succesfully!
shapes data imported succesfully!
shapes data imported succesfully!
shapes data imported succesfully!
shapes data imported succesfully!
shapes data imported succesfully!
shapes data imported succesfully!
shapes data imported succesfully!
shapes data imported succesfully!
shapes data imported succesfully!
shapes data imported succesfully!
shapes data imported succesfully!
shapes data imported succesfully!
shapes data imported succesfully!
shapes data imported succesfully!
shapes data imported succesfully!
shapes data imported succesfully!
shapes data imported succesfully!
shapes data imported succesfully!
shapes data imported succesfully!
shapes data imported succesfully!
shapes data imported succesfully!
shapes data imported succesfully!
shapes data imported succesfully!
shapes data imported succesfully!
shapes data imported succesfully!
shapes data imported succesfully!
shapes data imported succesfully!
shapes data imported succesfully!
shapes data imported succesfully!
shapes data imported succesfully!
shapes data imported succesfully!
shapes data imported succesfully!
shapes data imported succesfully!
shapes data imported succesfully!
shapes data imported succesfully!
shapes data imported succesfully!
shapes data imported succesfully!
shapes data imported succesfully!
shapes data imported succesfully!
shapes data imported succesfully!
shapes data imported succesfully!
shapes data imported succesfully!
shapes data imported succesfully!
shapes data imported succesfully!
shapes data imported succesfully!
shapes data imported succesfully!
shapes data imported succesfully!
shapes data imported succesfully!
shapes data imported succesfully!
shapes data imported succesfully!
shapes data imported succesfully!
shapes data imported succesfully!
shapes data imported succesfully!
shapes data imported succesfully!
shapes data imported succesfully!
shapes data imported succesfully!
shapes data imported succesfully!
shapes data imported succesfully!
shapes data imported succesfully!
shapes data imported succesfully!
shapes data imported succesfully!
shapes data imported succesfully!
shapes data imported succesfully!
shapes data imported succesfully!
shapes data imported succesfully!
shapes data imported succesfully!
shapes data imported succesfully!
shapes data imported succesfully!
shapes data imported succesfully!
shapes data imported succesfully!
shapes data imported succesfully!
shapes data imported succesfully!
shapes data imported succesfully!
shapes data imported succesfully!
shapes data imported succesfully!
shapes data imported succesfully!
shapes data imported succesfully!
shapes data imported succesfully!
shapes data imported succesfully!
shapes data imported succesfully!
shapes data imported succesfully!
shapes data imported succesfully!
shapes data imported succesfully!
shapes data imported succesfully!
shapes data imported succesfully!
shapes data imported succesfully!
shapes data imported succesfully!
shapes data imported succesfully!
shapes data imported succesfully!
shapes data imported succesfully!
shapes data imported succesfully!
shapes data imported succesfully!
shapes data imported succesfully!
shapes data imported succesfully!
shapes data imported succesfully!
shapes data imported succesfully!
shapes data imported succesfully!
shapes data imported succesfully!
shapes data imported succesfully!
shapes data imported succesfully!
shapes data imported succesfully!
shapes data imported succesfully!
shapes data imported succesfully!
shapes data imported succesfully!
shapes data imported succesfully!
shapes data imported succesfully!
shapes data imported succesfully!
shapes data imported succesfully!
shapes data imported succesfully!
shapes data imported succesfully!
shapes data imported succesfully!
shapes data imported succesfully!
shapes data imported succesfully!
shapes data imported succesfully!
shapes data imported succesfully!
shapes data imported succesfully!
shapes data imported succesfully!
shapes data imported succesfully!
shapes data imported succesfully!
shapes data imported succesfully!
shapes data imported succesfully!
shapes data imported succesfully!
shapes data imported succesfully!
shapes data imported succesfully!
shapes data imported succesfully!
shapes data imported succesfully!
shapes data imported succesfully!
shapes data imported succesfully!
shapes data imported succesfully!
shapes data imported succesfully!
shapes data imported succesfully!
shapes data imported succesfully!
shapes data imported succesfully!
shapes data imported succesfully!
shapes data imported succesfully!
shapes data imported succesfully!
shapes data imported succesfully!
shapes data imported succesfully!
shapes data imported succesfully!
shapes data imported succesfully!
shapes data imported succesfully!
shapes data imported succesfully!
shapes data imported succesfully!
shapes data imported succesfully!
shapes data imported succesfully!
shapes data imported succesfully!
shapes data imported succesfully!
shapes data imported succesfully!
shapes data imported succesfully!
shapes data imported succesfully!
shapes data imported succesfully!
shapes data imported succesfully!
shapes data imported succesfully!
shapes data imported succesfully!
shapes data imported succesfully!
shapes data imported succesfully!
shapes data imported succesfully!
shapes data imported succesfully!
shapes data imported succesfully!
shapes data imported succesfully!
shapes data imported succesfully!
shapes data imported succesfully!
shapes data imported succesfully!
shapes data imported succesfully!
shapes data imported succesfully!
shapes data imported succesfully!
shapes data imported succesfully!
shapes data imported succesfully!
shapes data imported succesfully!
shapes data imported succesfully!
shapes data imported succesfully!
shapes data imported succesfully!
shapes data imported succesfully!
shapes data imported succesfully!
shapes data imported succesfully!
shapes data imported succesfully!
shapes data imported succesfully!
shapes data imported succesfully!
shapes data imported succesfully!
shapes data imported succesfully!
shapes data imported succesfully!
shapes data imported succesfully!
shapes data imported succesfully!
shapes data imported succesfully!
shapes data imported succesfully!
shapes data imported succesfully!
shapes data imported succesfully!
shapes data imported succesfully!
shapes data imported succesfully!
shapes data imported succesfully!
shapes data imported succesfully!
shapes data imported succesfully!
shapes data imported succesfully!
shapes data imported succesfully!
shapes data imported succesfully!
shapes data imported succesfully!
shapes data imported succesfully!
shapes data imported succesfully!
shapes data imported succesfully!
shapes data imported succesfully!
shapes data imported succesfully!
shapes data imported succesfully!
shapes data imported succesfully!
shapes data imported succesfully!
shapes data imported succesfully!
shapes data imported succesfully!
shapes data imported succesfully!
shapes data imported succesfully!
shapes data imported succesfully!
shapes data imported succesfully!
shapes data imported succesfully!
shapes data imported succesfully!
shapes data imported succesfully!
shapes data imported succesfully!
shapes data imported succesfully!
shapes data imported succesfully!
shapes data imported succesfully!
shapes data imported succesfully!
shapes data imported succesfully!
shapes data imported succesfully!
shapes data imported succesfully!
shapes data imported succesfully!
shapes data imported succesfully!
shapes data imported succesfully!
shapes data imported succesfully!
shapes data imported succesfully!
shapes data imported succesfully!
shapes data imported succesfully!
shapes data imported succesfully!
shapes data imported succesfully!
shapes data imported succesfully!
shapes data imported succesfully!
shapes data imported succesfully!
shapes data imported succesfully!
shapes data imported succesfully!
shapes data imported succesfully!
shapes data imported succesfully!
shapes data imported succesfully!
shapes data imported succesfully!
shapes data imported succesfully!
shapes data imported succesfully!
shapes data imported succesfully!
shapes data imported succesfully!
shapes data imported succesfully!
shapes data imported succesfully!
shapes data imported succesfully!
shapes data imported succesfully!
shapes data imported succesfully!
shapes data imported succesfully!
shapes data imported succesfully!
shapes data imported succesfully!
shapes data imported succesfully!
shapes data imported succesfully!
shapes data imported succesfully!
shapes data imported succesfully!
shapes data imported succesfully!
shapes data imported succesfully!
shapes data imported succesfully!
shapes data imported succesfully!
shapes data imported succesfully!
shapes data imported succesfully!
shapes data imported succesfully!
shapes data imported succesfully!
shapes data imported succesfully!
shapes data imported succesfully!
shapes data imported succesfully!
shapes data imported succesfully!
shapes data imported succesfully!
shapes data imported succesfully!
shapes data imported succesfully!
shapes data imported succesfully!
shapes data imported succesfully!
shapes data imported succesfully!
shapes data imported succesfully!
shapes data imported succesfully!
shapes data imported succesfully!
shapes data imported succesfully!
shapes data imported succesfully!
shapes data imported succesfully!
shapes data imported succesfully!
shapes data imported succesfully!
shapes data imported succesfully!
shapes data imported succesfully!
shapes data imported succesfully!
shapes data imported succesfully!
shapes data imported succesfully!
shapes data imported succesfully!
shapes data imported succesfully!
shapes data imported succesfully!
shapes data imported succesfully!
shapes data imported succesfully!
shapes data imported succesfully!
shapes data imported succesfully!
shapes data imported succesfully!
shapes data imported succesfully!
shapes data imported succesfully!
shapes data imported succesfully!
shapes data imported succesfully!
shapes data imported succesfully!
shapes data imported succesfully!
shapes data imported succesfully!
shapes data imported succesfully!
shapes data imported succesfully!
shapes data imported succesfully!
shapes data imported succesfully!
shapes data imported succesfully!
shapes data imported succesfully!
shapes data imported succesfully!
shapes data imported succesfully!
shapes data imported succesfully!
shapes data imported succesfully!
shapes data imported succesfully!
shapes data imported succesfully!
shapes data imported succesfully!
shapes data imported succesfully!
shapes data imported succesfully!
shapes data imported succesfully!
shapes data imported succesfully!
shapes data imported succesfully!
shapes data imported succesfully!
shapes data imported succesfully!
shapes data imported succesfully!
shapes data imported succesfully!
shapes data imported succesfully!
shapes data imported succesfully!
shapes data imported succesfully!
shapes data imported succesfully!
shapes data imported succesfully!
shapes data imported succesfully!
shapes data imported succesfully!
shapes data imported succesfully!
shapes data imported succesfully!
shapes data imported succesfully!
shapes data imported succesfully!
shapes data imported succesfully!
shapes data imported succesfully!
shapes data imported succesfully!
shapes data imported succesfully!
shapes data imported succesfully!
shapes data imported succesfully!
shapes data imported succesfully!
shapes data imported succesfully!
shapes data imported succesfully!
shapes data imported succesfully!
shapes data imported succesfully!
shapes data imported succesfully!
shapes data imported succesfully!
shapes data imported succesfully!
shapes data imported succesfully!
shapes data imported succesfully!
shapes data imported succesfully!
shapes data imported succesfully!
shapes data imported succesfully!
shapes data imported succesfully!
shapes data imported succesfully!
shapes data imported succesfully!
shapes data imported succesfully!
shapes data imported succesfully!
shapes data imported succesfully!
shapes data imported succesfully!
shapes data imported succesfully!
shapes data imported succesfully!
shapes data imported succesfully!
shapes data imported succesfully!
shapes data imported succesfully!
shapes data imported succesfully!
shapes data imported succesfully!
shapes data imported succesfully!
shapes data imported succesfully!
shapes data imported succesfully!
shapes data imported succesfully!
shapes data imported succesfully!
shapes data imported succesfully!
shapes data imported succesfully!
shapes data imported succesfully!
shapes data imported succesfully!
shapes data imported succesfully!
shapes data imported succesfully!
shapes data imported succesfully!
shapes data imported succesfully!
shapes data imported succesfully!
shapes data imported succesfully!
shapes data imported succesfully!
shapes data imported succesfully!
shapes data imported succesfully!
shapes data imported succesfully!
shapes data imported succesfully!
shapes data imported succesfully!
shapes data imported succesfully!
shapes data imported succesfully!
shapes data imported succesfully!
shapes data imported succesfully!
shapes data imported succesfully!
shapes data imported succesfully!
shapes data imported succesfully!
shapes data imported succesfully!
shapes data imported succesfully!
shapes data imported succesfully!
shapes data imported succesfully!
shapes data imported succesfully!
shapes data imported succesfully!
shapes data imported succesfully!
shapes data imported succesfully!
shapes data imported succesfully!
shapes data imported succesfully!
shapes data imported succesfully!
shapes data imported succesfully!
shapes data imported succesfully!
shapes data imported succesfully!
shapes data imported succesfully!
shapes data imported succesfully!
shapes data imported succesfully!
shapes data imported succesfully!
shapes data imported succesfully!
shapes data imported succesfully!
shapes data imported succesfully!
shapes data imported succesfully!
shapes data imported succesfully!
shapes data imported succesfully!
shapes data imported succesfully!
shapes data imported succesfully!
shapes data imported succesfully!
shapes data imported succesfully!
shapes data imported succesfully!
shapes data imported succesfully!
shapes data imported succesfully!
shapes data imported succesfully!
shapes data imported succesfully!
shapes data imported succesfully!
shapes data imported succesfully!
shapes data imported succesfully!
shapes data imported succesfully!
shapes data imported succesfully!
shapes data imported succesfully!
shapes data imported succesfully!
shapes data imported succesfully!
shapes data imported succesfully!
shapes data imported succesfully!
shapes data imported succesfully!
shapes data imported succesfully!
shapes data imported succesfully!
shapes data imported succesfully!
shapes data imported succesfully!
shapes data imported succesfully!
shapes data imported succesfully!
shapes data imported succesfully!
shapes data imported succesfully!
shapes data imported succesfully!
shapes data imported succesfully!
shapes data imported succesfully!
shapes data imported succesfully!
shapes data imported succesfully!
shapes data imported succesfully!
shapes data imported succesfully!
shapes data imported succesfully!
shapes data imported succesfully!
shapes data imported succesfully!
shapes data imported succesfully!
shapes data imported succesfully!
shapes data imported succesfully!
shapes data imported succesfully!
shapes data imported succesfully!
shapes data imported succesfully!
shapes data imported succesfully!
shapes data imported succesfully!
shapes data imported succesfully!
shapes data imported succesfully!
shapes data imported succesfully!
shapes data imported succesfully!
shapes data imported succesfully!
shapes data imported succesfully!
shapes data imported succesfully!
shapes data imported succesfully!
shapes data imported succesfully!
shapes data imported succesfully!
shapes data imported succesfully!
shapes data imported succesfully!
shapes data imported succesfully!
shapes data imported succesfully!
shapes data imported succesfully!
shapes data imported succesfully!
shapes data imported succesfully!
shapes data imported succesfully!
shapes data imported succesfully!
shapes data imported succesfully!
shapes data imported succesfully!
shapes data imported succesfully!
shapes data imported succesfully!
shapes data imported succesfully!
shapes data imported succesfully!
shapes data imported succesfully!
shapes data imported succesfully!
shapes data imported succesfully!
shapes data imported succesfully!
shapes data imported succesfully!
shapes data imported succesfully!
shapes data imported succesfully!
shapes data imported succesfully!
shapes data imported succesfully!
shapes data imported succesfully!
shapes data imported succesfully!
shapes data imported succesfully!
shapes data imported succesfully!
shapes data imported succesfully!
shapes data imported succesfully!
shapes data imported succesfully!
shapes data imported succesfully!
shapes data imported succesfully!
shapes data imported succesfully!
shapes data imported succesfully!
shapes data imported succesfully!
shapes data imported succesfully!
shapes data imported succesfully!
shapes data imported succesfully!
shapes data imported succesfully!
shapes data imported succesfully!
shapes data imported succesfully!
shapes data imported succesfully!
shapes data imported succesfully!
shapes data imported succesfully!
shapes data imported succesfully!
shapes data imported succesfully!
shapes data imported succesfully!
shapes data imported succesfully!
shapes data imported succesfully!
shapes data imported succesfully!
shapes data imported succesfully!
shapes data imported succesfully!
shapes data imported succesfully!
shapes data imported succesfully!
shapes data imported succesfully!
shapes data imported succesfully!
shapes data imported succesfully!
shapes data imported succesfully!
shapes data imported succesfully!
shapes data imported succesfully!
shapes data imported succesfully!
shapes data imported succesfully!
shapes data imported succesfully!
shapes data imported succesfully!
shapes data imported succesfully!
shapes data imported succesfully!
shapes data imported succesfully!
shapes data imported succesfully!
shapes data imported succesfully!
shapes data imported succesfully!
shapes data imported succesfully!
shapes data imported succesfully!
shapes data imported succesfully!
shapes data imported succesfully!
shapes data imported succesfully!
shapes data imported succesfully!
shapes data imported succesfully!
shapes data imported succesfully!
shapes data imported succesfully!
shapes data imported succesfully!
shapes data imported succesfully!
shapes data imported succesfully!
shapes data imported succesfully!
shapes data imported succesfully!
shapes data imported succesfully!
shapes data imported succesfully!
shapes data imported succesfully!
shapes data imported succesfully!
shapes data imported succesfully!
shapes data imported succesfully!
shapes data imported succesfully!
shapes data imported succesfully!
shapes data imported succesfully!
shapes data imported succesfully!
shapes data imported succesfully!
shapes data imported succesfully!
shapes data imported succesfully!
shapes data imported succesfully!
shapes data imported succesfully!
shapes data imported succesfully!
shapes data imported succesfully!
shapes data imported succesfully!
shapes data imported succesfully!
shapes data imported succesfully!
shapes data imported succesfully!
shapes data imported succesfully!
shapes data imported succesfully!
shapes data imported succesfully!
shapes data imported succesfully!
shapes data imported succesfully!
shapes data imported succesfully!
shapes data imported succesfully!
shapes data imported succesfully!
shapes data imported succesfully!
shapes data imported succesfully!
shapes data imported succesfully!
shapes data imported succesfully!
shapes data imported succesfully!
shapes data imported succesfully!
shapes data imported succesfully!
shapes data imported succesfully!
shapes data imported succesfully!
shapes data imported succesfully!
shapes data imported succesfully!
shapes data imported succesfully!
shapes data imported succesfully!
shapes data imported succesfully!
shapes data imported succesfully!
shapes data imported succesfully!
shapes data imported succesfully!
shapes data imported succesfully!
shapes data imported succesfully!
shapes data imported succesfully!
shapes data imported succesfully!
shapes data imported succesfully!
shapes data imported succesfully!
shapes data imported succesfully!
shapes data imported succesfully!
shapes data imported succesfully!
shapes data imported succesfully!
shapes data imported succesfully!
shapes data imported succesfully!
shapes data imported succesfully!
shapes data imported succesfully!
shapes data imported succesfully!
shapes data imported succesfully!
shapes data imported succesfully!
shapes data imported succesfully!
shapes data imported succesfully!
shapes data imported succesfully!
shapes data imported succesfully!
shapes data imported succesfully!
shapes data imported succesfully!
shapes data imported succesfully!
shapes data imported succesfully!
shapes data imported succesfully!
shapes data imported succesfully!
shapes data imported succesfully!
shapes data imported succesfully!
shapes data imported succesfully!
shapes data imported succesfully!
shapes data imported succesfully!
shapes data imported succesfully!
shapes data imported succesfully!
shapes data imported succesfully!
shapes data imported succesfully!
shapes data imported succesfully!
shapes data imported succesfully!
shapes data imported succesfully!
shapes data imported succesfully!
shapes data imported succesfully!
shapes data imported succesfully!
shapes data imported succesfully!
shapes data imported succesfully!
shapes data imported succesfully!
shapes data imported succesfully!
shapes data imported succesfully!
shapes data imported succesfully!
shapes data imported succesfully!
shapes data imported succesfully!
shapes data imported succesfully!
shapes data imported succesfully!
shapes data imported succesfully!
shapes data imported succesfully!
shapes data imported succesfully!
shapes data imported succesfully!
shapes data imported succesfully!
shapes data imported succesfully!
shapes data imported succesfully!
shapes data imported succesfully!
shapes data imported succesfully!
shapes data imported succesfully!
shapes data imported succesfully!
shapes data imported succesfully!
shapes data imported succesfully!
shapes data imported succesfully!
shapes data imported succesfully!
shapes data imported succesfully!
shapes data imported succesfully!
shapes data imported succesfully!
shapes data imported succesfully!
shapes data imported succesfully!
shapes data imported succesfully!
shapes data imported succesfully!
shapes data imported succesfully!
shapes data imported succesfully!
shapes data imported succesfully!
shapes data imported succesfully!
shapes data imported succesfully!
shapes data imported succesfully!
shapes data imported succesfully!
shapes data imported succesfully!
shapes data imported succesfully!
shapes data imported succesfully!
shapes data imported succesfully!
shapes data imported succesfully!
shapes data imported succesfully!
shapes data imported succesfully!
shapes data imported succesfully!
shapes data imported succesfully!
shapes data imported succesfully!
shapes data imported succesfully!
shapes data imported succesfully!
shapes data imported succesfully!
shapes data imported succesfully!
shapes data imported succesfully!
shapes data imported succesfully!
shapes data imported succesfully!
shapes data imported succesfully!
shapes data imported succesfully!
shapes data imported succesfully!
shapes data imported succesfully!
shapes data imported succesfully!
shapes data imported succesfully!
shapes data imported succesfully!
shapes data imported succesfully!
shapes data imported succesfully!
shapes data imported succesfully!
shapes data imported succesfully!
shapes data imported succesfully!
shapes data imported succesfully!
shapes data imported succesfully!
shapes data imported succesfully!
shapes data imported succesfully!
shapes data imported succesfully!
shapes data imported succesfully!
shapes data imported succesfully!
shapes data imported succesfully!
shapes data imported succesfully!
shapes data imported succesfully!
shapes data imported succesfully!
shapes data imported succesfully!
shapes data imported succesfully!
shapes data imported succesfully!
shapes data imported succesfully!
shapes data imported succesfully!
shapes data imported succesfully!
shapes data imported succesfully!
shapes data imported succesfully!
shapes data imported succesfully!
shapes data imported succesfully!
shapes data imported succesfully!
shapes data imported succesfully!
shapes data imported succesfully!
shapes data imported succesfully!
shapes data imported succesfully!
shapes data imported succesfully!
shapes data imported succesfully!
shapes data imported succesfully!
shapes data imported succesfully!
shapes data imported succesfully!
shapes data imported succesfully!
shapes data imported succesfully!
shapes data imported succesfully!
shapes data imported succesfully!
shapes data imported succesfully!
shapes data imported succesfully!
shapes data imported succesfully!
shapes data imported succesfully!
shapes data imported succesfully!
shapes data imported succesfully!
shapes data imported succesfully!
shapes data imported succesfully!
shapes data imported succesfully!
shapes data imported succesfully!
shapes data imported succesfully!
shapes data imported succesfully!
shapes data imported succesfully!
shapes data imported succesfully!
shapes data imported succesfully!
shapes data imported succesfully!
shapes data imported succesfully!
shapes data imported succesfully!
shapes data imported succesfully!
shapes data imported succesfully!
shapes data imported succesfully!
shapes data imported succesfully!
shapes data imported succesfully!
shapes data imported succesfully!
shapes data imported succesfully!
shapes data imported succesfully!
shapes data imported succesfully!
shapes data imported succesfully!
shapes data imported succesfully!
shapes data imported succesfully!
shapes data imported succesfully!
shapes data imported succesfully!
shapes data imported succesfully!
shapes data imported succesfully!
shapes data imported succesfully!
shapes data imported succesfully!
shapes data imported succesfully!
shapes data imported succesfully!
shapes data imported succesfully!
shapes data imported succesfully!
shapes data imported succesfully!
shapes data imported succesfully!
shapes data imported succesfully!
shapes data imported succesfully!
shapes data imported succesfully!
shapes data imported succesfully!
shapes data imported succesfully!
shapes data imported succesfully!
shapes data imported succesfully!
shapes data imported succesfully!
shapes data imported succesfully!
shapes data imported succesfully!
shapes data imported succesfully!
shapes data imported succesfully!
shapes data imported succesfully!
shapes data imported succesfully!
shapes data imported succesfully!
shapes data imported succesfully!
shapes data imported succesfully!
shapes data imported succesfully!
shapes data imported succesfully!
shapes data imported succesfully!
shapes data imported succesfully!
shapes data imported succesfully!
shapes data imported succesfully!
shapes data imported succesfully!
shapes data imported succesfully!
shapes data imported succesfully!
shapes data imported succesfully!
shapes data imported succesfully!
shapes data imported succesfully!
shapes data imported succesfully!
shapes data imported succesfully!
shapes data imported succesfully!
shapes data imported succesfully!
shapes data imported succesfully!
shapes data imported succesfully!
shapes data imported succesfully!
shapes data imported succesfully!
shapes data imported succesfully!
shapes data imported succesfully!
shapes data imported succesfully!
shapes data imported succesfully!
shapes data imported succesfully!
shapes data imported succesfully!
shapes data imported succesfully!
shapes data imported succesfully!
shapes data imported succesfully!
shapes data imported succesfully!
shapes data imported succesfully!
shapes data imported succesfully!
shapes data imported succesfully!
shapes data imported succesfully!
shapes data imported succesfully!
shapes data imported succesfully!
shapes data imported succesfully!
shapes data imported succesfully!
shapes data imported succesfully!
shapes data imported succesfully!
shapes data imported succesfully!
shapes data imported succesfully!
shapes data imported succesfully!
shapes data imported succesfully!
shapes data imported succesfully!
shapes data imported succesfully!
shapes data imported succesfully!
shapes data imported succesfully!
shapes data imported succesfully!
shapes data imported succesfully!
shapes data imported succesfully!
shapes data imported succesfully!
shapes data imported succesfully!
shapes data imported succesfully!
shapes data imported succesfully!
shapes data imported succesfully!
shapes data imported succesfully!
shapes data imported succesfully!
shapes data imported succesfully!
shapes data imported succesfully!
shapes data imported succesfully!
shapes data imported succesfully!
shapes data imported succesfully!
shapes data imported succesfully!
shapes data imported succesfully!
shapes data imported succesfully!
shapes data imported succesfully!
shapes data imported succesfully!
shapes data imported succesfully!
shapes data imported succesfully!
shapes data imported succesfully!
shapes data imported succesfully!
shapes data imported succesfully!
shapes data imported succesfully!
shapes data imported succesfully!
shapes data imported succesfully!
shapes data imported succesfully!
shapes data imported succesfully!
shapes data imported succesfully!
shapes data imported succesfully!
shapes data imported succesfully!
shapes data imported succesfully!
shapes data imported succesfully!
shapes data imported succesfully!
shapes data imported succesfully!
shapes data imported succesfully!
shapes data imported succesfully!
shapes data imported succesfully!
shapes data imported succesfully!
shapes data imported succesfully!
shapes data imported succesfully!
shapes data imported succesfully!
shapes data imported succesfully!
shapes data imported succesfully!
shapes data imported succesfully!
shapes data imported succesfully!
shapes data imported succesfully!
shapes data imported succesfully!
shapes data imported succesfully!
shapes data imported succesfully!
shapes data imported succesfully!
shapes data imported succesfully!
shapes data imported succesfully!
shapes data imported succesfully!
shapes data imported succesfully!
shapes data imported succesfully!
shapes data imported succesfully!
shapes data imported succesfully!
shapes data imported succesfully!
shapes data imported succesfully!
shapes data imported succesfully!
shapes data imported succesfully!
shapes data imported succesfully!
shapes data imported succesfully!
shapes data imported succesfully!
shapes data imported succesfully!
shapes data imported succesfully!
shapes data imported succesfully!
shapes data imported succesfully!
shapes data imported succesfully!
shapes data imported succesfully!
shapes data imported succesfully!
shapes data imported succesfully!
shapes data imported succesfully!
shapes data imported succesfully!
shapes data imported succesfully!
shapes data imported succesfully!
shapes data imported succesfully!
shapes data imported succesfully!
shapes data imported succesfully!
shapes data imported succesfully!
shapes data imported succesfully!
shapes data imported succesfully!
shapes data imported succesfully!
shapes data imported succesfully!
shapes data imported succesfully!
shapes data imported succesfully!
shapes data imported succesfully!
shapes data imported succesfully!
shapes data imported succesfully!
shapes data imported succesfully!
shapes data imported succesfully!
shapes data imported succesfully!
shapes data imported succesfully!
shapes data imported succesfully!
shapes data imported succesfully!
shapes data imported succesfully!
shapes data imported succesfully!
shapes data imported succesfully!
shapes data imported succesfully!
shapes data imported succesfully!
shapes data imported succesfully!
shapes data imported succesfully!
shapes data imported succesfully!
shapes data imported succesfully!
shapes data imported succesfully!
shapes data imported succesfully!
shapes data imported succesfully!
shapes data imported succesfully!
shapes data imported succesfully!
shapes data imported succesfully!
shapes data imported succesfully!
shapes data imported succesfully!
shapes data imported succesfully!
shapes data imported succesfully!
shapes data imported succesfully!
shapes data imported succesfully!
shapes data imported succesfully!
shapes data imported succesfully!
shapes data imported succesfully!
shapes data imported succesfully!
shapes data imported succesfully!
shapes data imported succesfully!
shapes data imported succesfully!
shapes data imported succesfully!
shapes data imported succesfully!
shapes data imported succesfully!
shapes data imported succesfully!
shapes data imported succesfully!
shapes data imported succesfully!
shapes data imported succesfully!
shapes data imported succesfully!
shapes data imported succesfully!
shapes data imported succesfully!
shapes data imported succesfully!
shapes data imported succesfully!
shapes data imported succesfully!
shapes data imported succesfully!
shapes data imported succesfully!
shapes data imported succesfully!
shapes data imported succesfully!
shapes data imported succesfully!
shapes data imported succesfully!
shapes data imported succesfully!
shapes data imported succesfully!
shapes data imported succesfully!
shapes data imported succesfully!
shapes data imported succesfully!
shapes data imported succesfully!
shapes data imported succesfully!
shapes data imported succesfully!
shapes data imported succesfully!
shapes data imported succesfully!
shapes data imported succesfully!
shapes data imported succesfully!
shapes data imported succesfully!
shapes data imported succesfully!
shapes data imported succesfully!
shapes data imported succesfully!
shapes data imported succesfully!
shapes data imported succesfully!
shapes data imported succesfully!
shapes data imported succesfully!
shapes data imported succesfully!
shapes data imported succesfully!
shapes data imported succesfully!
shapes data imported succesfully!
shapes data imported succesfully!
shapes data imported succesfully!
shapes data imported succesfully!
shapes data imported succesfully!
shapes data imported succesfully!
shapes data imported succesfully!
shapes data imported succesfully!
shapes data imported succesfully!
shapes data imported succesfully!
shapes data imported succesfully!
shapes data imported succesfully!
shapes data imported succesfully!
shapes data imported succesfully!
shapes data imported succesfully!
shapes data imported succesfully!
shapes data imported succesfully!
shapes data imported succesfully!
shapes data imported succesfully!
shapes data imported succesfully!
shapes data imported succesfully!
shapes data imported succesfully!
shapes data imported succesfully!
shapes data imported succesfully!
shapes data imported succesfully!
shapes data imported succesfully!
shapes data imported succesfully!
shapes data imported succesfully!
shapes data imported succesfully!
shapes data imported succesfully!
shapes data imported succesfully!
shapes data imported succesfully!
shapes data imported succesfully!
shapes data imported succesfully!
shapes data imported succesfully!
shapes data imported succesfully!
shapes data imported succesfully!
shapes data imported succesfully!
shapes data imported succesfully!
shapes data imported succesfully!
shapes data imported succesfully!
shapes data imported succesfully!
shapes data imported succesfully!
shapes data imported succesfully!
shapes data imported succesfully!
shapes data imported succesfully!
shapes data imported succesfully!
shapes data imported succesfully!
shapes data imported succesfully!
shapes data imported succesfully!
shapes data imported succesfully!
shapes data imported succesfully!
shapes data imported succesfully!
shapes data imported succesfully!
shapes data imported succesfully!
shapes data imported succesfully!
shapes data imported succesfully!
shapes data imported succesfully!
shapes data imported succesfully!
shapes data imported succesfully!
shapes data imported succesfully!
shapes data imported succesfully!
shapes data imported succesfully!
shapes data imported succesfully!
shapes data imported succesfully!
shapes data imported succesfully!
shapes data imported succesfully!
shapes data imported succesfully!
shapes data imported succesfully!
shapes data imported succesfully!
shapes data imported succesfully!
shapes data imported succesfully!
shapes data imported succesfully!
shapes data imported succesfully!
shapes data imported succesfully!
shapes data imported succesfully!
shapes data imported succesfully!
shapes data imported succesfully!
shapes data imported succesfully!
shapes data imported succesfully!
shapes data imported succesfully!
shapes data imported succesfully!
shapes data imported succesfully!
shapes data imported succesfully!
shapes data imported succesfully!
shapes data imported succesfully!
shapes data imported succesfully!
shapes data imported succesfully!
shapes data imported succesfully!
shapes data imported succesfully!
shapes data imported succesfully!
shapes data imported succesfully!
shapes data imported succesfully!
shapes data imported succesfully!
shapes data imported succesfully!
shapes data imported succesfully!
shapes data imported succesfully!
shapes data imported succesfully!
shapes data imported succesfully!
shapes data imported succesfully!
shapes data imported succesfully!
shapes data imported succesfully!
shapes data imported succesfully!
shapes data imported succesfully!
shapes data imported succesfully!
shapes data imported succesfully!
shapes data imported succesfully!
shapes data imported succesfully!
shapes data imported succesfully!
shapes data imported succesfully!
shapes data imported succesfully!
shapes data imported succesfully!
shapes data imported succesfully!
shapes data imported succesfully!
shapes data imported succesfully!
shapes data imported succesfully!
shapes data imported succesfully!
shapes data imported succesfully!
shapes data imported succesfully!
shapes data imported succesfully!
shapes data imported succesfully!
shapes data imported succesfully!
shapes data imported succesfully!
shapes data imported succesfully!
shapes data imported succesfully!
shapes data imported succesfully!
shapes data imported succesfully!
shapes data imported succesfully!
shapes data imported succesfully!
shapes data imported succesfully!
shapes data imported succesfully!
shapes data imported succesfully!
shapes data imported succesfully!
shapes data imported succesfully!
shapes data imported succesfully!
shapes data imported succesfully!
shapes data imported succesfully!
shapes data imported succesfully!
shapes data imported succesfully!
shapes data imported succesfully!
shapes data imported succesfully!
shapes data imported succesfully!
shapes data imported succesfully!
shapes data imported succesfully!
shapes data imported succesfully!
shapes data imported succesfully!
shapes data imported succesfully!
shapes data imported succesfully!
shapes data imported succesfully!
shapes data imported succesfully!
shapes data imported succesfully!
shapes data imported succesfully!
shapes data imported succesfully!
shapes data imported succesfully!
shapes data imported succesfully!
shapes data imported succesfully!
shapes data imported succesfully!
shapes data imported succesfully!
shapes data imported succesfully!
shapes data imported succesfully!
shapes data imported succesfully!
shapes data imported succesfully!
shapes data imported succesfully!
shapes data imported succesfully!
shapes data imported succesfully!
shapes data imported succesfully!
shapes data imported succesfully!
shapes data imported succesfully!
shapes data imported succesfully!
shapes data imported succesfully!
shapes data imported succesfully!
shapes data imported succesfully!
shapes data imported succesfully!
shapes data imported succesfully!
shapes data imported succesfully!
shapes data imported succesfully!
shapes data imported succesfully!
shapes data imported succesfully!
shapes data imported succesfully!
shapes data imported succesfully!
shapes data imported succesfully!
shapes data imported succesfully!
shapes data imported succesfully!
shapes data imported succesfully!
shapes data imported succesfully!
shapes data imported succesfully!
shapes data imported succesfully!
shapes data imported succesfully!
shapes data imported succesfully!
shapes data imported succesfully!
shapes data imported succesfully!
shapes data imported succesfully!
shapes data imported succesfully!
shapes data imported succesfully!
shapes data imported succesfully!
shapes data imported succesfully!
shapes data imported succesfully!
shapes data imported succesfully!
shapes data imported succesfully!
shapes data imported succesfully!
shapes data imported succesfully!
shapes data imported succesfully!
shapes data imported succesfully!
shapes data imported succesfully!
shapes data imported succesfully!
shapes data imported succesfully!
shapes data imported succesfully!
shapes data imported succesfully!
shapes data imported succesfully!
shapes data imported succesfully!
shapes data imported succesfully!
shapes data imported succesfully!
shapes data imported succesfully!
shapes data imported succesfully!
shapes data imported succesfully!
shapes data imported succesfully!
shapes data imported succesfully!
shapes data imported succesfully!
shapes data imported succesfully!
shapes data imported succesfully!
shapes data imported succesfully!
shapes data imported succesfully!
shapes data imported succesfully!
shapes data imported succesfully!
shapes data imported succesfully!
shapes data imported succesfully!
shapes data imported succesfully!
shapes data imported succesfully!
shapes data imported succesfully!
shapes data imported succesfully!
shapes data imported succesfully!
shapes data imported succesfully!
shapes data imported succesfully!
shapes data imported succesfully!
shapes data imported succesfully!
shapes data imported succesfully!
shapes data imported succesfully!
shapes data imported succesfully!
shapes data imported succesfully!
shapes data imported succesfully!
shapes data imported succesfully!
shapes data imported succesfully!
shapes data imported succesfully!
shapes data imported succesfully!
shapes data imported succesfully!
shapes data imported succesfully!
shapes data imported succesfully!
shapes data imported succesfully!
shapes data imported succesfully!
shapes data imported succesfully!
shapes data imported succesfully!
shapes data imported succesfully!
shapes data imported succesfully!
shapes data imported succesfully!
shapes data imported succesfully!
shapes data imported succesfully!
shapes data imported succesfully!
shapes data imported succesfully!
shapes data imported succesfully!
shapes data imported succesfully!
shapes data imported succesfully!
shapes data imported succesfully!
shapes data imported succesfully!
shapes data imported succesfully!
shapes data imported succesfully!
shapes data imported succesfully!
shapes data imported succesfully!
shapes data imported succesfully!
shapes data imported succesfully!
shapes data imported succesfully!
shapes data imported succesfully!
shapes data imported succesfully!
shapes data imported succesfully!
shapes data imported succesfully!
shapes data imported succesfully!
shapes data imported succesfully!
shapes data imported succesfully!
shapes data imported succesfully!
shapes data imported succesfully!
shapes data imported succesfully!
shapes data imported succesfully!
shapes data imported succesfully!
shapes data imported succesfully!
shapes data imported succesfully!
shapes data imported succesfully!
shapes data imported succesfully!
shapes data imported succesfully!
shapes data imported succesfully!
shapes data imported succesfully!
shapes data imported succesfully!
shapes data imported succesfully!
shapes data imported succesfully!
shapes data imported succesfully!
shapes data imported succesfully!
shapes data imported succesfully!
shapes data imported succesfully!
shapes data imported succesfully!
shapes data imported succesfully!
shapes data imported succesfully!
shapes data imported succesfully!
shapes data imported succesfully!
shapes data imported succesfully!
shapes data imported succesfully!
shapes data imported succesfully!
shapes data imported succesfully!
shapes data imported succesfully!
shapes data imported succesfully!
shapes data imported succesfully!
shapes data imported succesfully!
shapes data imported succesfully!
shapes data imported succesfully!
shapes data imported succesfully!
shapes data imported succesfully!
shapes data imported succesfully!
shapes data imported succesfully!
shapes data imported succesfully!
shapes data imported succesfully!
shapes data imported succesfully!
shapes data imported succesfully!
shapes data imported succesfully!
shapes data imported succesfully!
shapes data imported succesfully!
shapes data imported succesfully!
shapes data imported succesfully!
shapes data imported succesfully!
shapes data imported succesfully!
shapes data imported succesfully!
shapes data imported succesfully!
shapes data imported succesfully!
shapes data imported succesfully!
shapes data imported succesfully!
shapes data imported succesfully!
shapes data imported succesfully!
shapes data imported succesfully!
shapes data imported succesfully!
shapes data imported succesfully!
shapes data imported succesfully!
shapes data imported succesfully!
shapes data imported succesfully!
shapes data imported succesfully!
shapes data imported succesfully!
shapes data imported succesfully!
shapes data imported succesfully!
shapes data imported succesfully!
shapes data imported succesfully!
shapes data imported succesfully!
shapes data imported succesfully!
shapes data imported succesfully!
shapes data imported succesfully!
shapes data imported succesfully!
shapes data imported succesfully!
shapes data imported succesfully!
shapes data imported succesfully!
shapes data imported succesfully!
shapes data imported succesfully!
shapes data imported succesfully!
shapes data imported succesfully!
shapes data imported succesfully!
shapes data imported succesfully!
shapes data imported succesfully!
shapes data imported succesfully!
shapes data imported succesfully!
shapes data imported succesfully!
shapes data imported succesfully!
shapes data imported succesfully!
shapes data imported succesfully!
shapes data imported succesfully!
shapes data imported succesfully!
shapes data imported succesfully!
shapes data imported succesfully!
shapes data imported succesfully!
shapes data imported succesfully!
shapes data imported succesfully!
shapes data imported succesfully!
shapes data imported succesfully!
shapes data imported succesfully!
shapes data imported succesfully!
shapes data imported succesfully!
shapes data imported succesfully!
shapes data imported succesfully!
shapes data imported succesfully!
shapes data imported succesfully!
shapes data imported succesfully!
shapes data imported succesfully!
shapes data imported succesfully!
shapes data imported succesfully!
shapes data imported succesfully!
shapes data imported succesfully!
shapes data imported succesfully!
shapes data imported succesfully!
shapes data imported succesfully!
shapes data imported succesfully!
shapes data imported succesfully!
shapes data imported succesfully!
shapes data imported succesfully!
shapes data imported succesfully!
shapes data imported succesfully!
shapes data imported succesfully!
shapes data imported succesfully!
shapes data imported succesfully!
shapes data imported succesfully!
shapes data imported succesfully!
shapes data imported succesfully!
shapes data imported succesfully!
shapes data imported succesfully!
shapes data imported succesfully!
shapes data imported succesfully!
shapes data imported succesfully!
shapes data imported succesfully!
shapes data imported succesfully!
shapes data imported succesfully!
shapes data imported succesfully!
shapes data imported succesfully!
shapes data imported succesfully!
shapes data imported succesfully!
shapes data imported succesfully!
shapes data imported succesfully!
shapes data imported succesfully!
shapes data imported succesfully!
shapes data imported succesfully!
shapes data imported succesfully!
shapes data imported succesfully!
shapes data imported succesfully!
shapes data imported succesfully!
shapes data imported succesfully!
shapes data imported succesfully!
shapes data imported succesfully!
shapes data imported succesfully!
shapes data imported succesfully!
shapes data imported succesfully!
shapes data imported succesfully!
shapes data imported succesfully!
shapes data imported succesfully!
shapes data imported succesfully!
shapes data imported succesfully!
shapes data imported succesfully!
shapes data imported succesfully!
shapes data imported succesfully!
shapes data imported succesfully!
shapes data imported succesfully!
shapes data imported succesfully!
shapes data imported succesfully!
shapes data imported succesfully!
shapes data imported succesfully!
shapes data imported succesfully!
shapes data imported succesfully!
shapes data imported succesfully!
shapes data imported succesfully!
shapes data imported succesfully!
shapes data imported succesfully!
shapes data imported succesfully!
shapes data imported succesfully!
shapes data imported succesfully!
shapes data imported succesfully!
shapes data imported succesfully!
shapes data imported succesfully!
shapes data imported succesfully!
shapes data imported succesfully!
shapes data imported succesfully!
shapes data imported succesfully!
shapes data imported succesfully!
shapes data imported succesfully!
shapes data imported succesfully!
shapes data imported succesfully!
shapes data imported succesfully!
shapes data imported succesfully!
shapes data imported succesfully!
shapes data imported succesfully!
shapes data imported succesfully!
shapes data imported succesfully!
shapes data imported succesfully!
shapes data imported succesfully!
shapes data imported succesfully!
shapes data imported succesfully!
shapes data imported succesfully!
shapes data imported succesfully!
shapes data imported succesfully!
shapes data imported succesfully!
shapes data imported succesfully!
shapes data imported succesfully!
shapes data imported succesfully!
shapes data imported succesfully!
shapes data imported succesfully!
shapes data imported succesfully!
shapes data imported succesfully!
shapes data imported succesfully!
shapes data imported succesfully!
shapes data imported succesfully!
shapes data imported succesfully!
shapes data imported succesfully!
shapes data imported succesfully!
shapes data imported succesfully!
shapes data imported succesfully!
shapes data imported succesfully!
shapes data imported succesfully!
shapes data imported succesfully!
shapes data imported succesfully!
shapes data imported succesfully!
shapes data imported succesfully!
shapes data imported succesfully!
shapes data imported succesfully!
shapes data imported succesfully!
shapes data imported succesfully!
shapes data imported succesfully!
shapes data imported succesfully!
shapes data imported succesfully!
shapes data imported succesfully!
shapes data imported succesfully!
shapes data imported succesfully!
shapes data imported succesfully!
shapes data imported succesfully!
shapes data imported succesfully!
shapes data imported succesfully!
shapes data imported succesfully!
shapes data imported succesfully!
shapes data imported succesfully!
shapes data imported succesfully!
shapes data imported succesfully!
shapes data imported succesfully!
shapes data imported succesfully!
shapes data imported succesfully!
shapes data imported succesfully!
shapes data imported succesfully!
shapes data imported succesfully!
shapes data imported succesfully!
shapes data imported succesfully!
shapes data imported succesfully!
shapes data imported succesfully!
shapes data imported succesfully!
shapes data imported succesfully!
shapes data imported succesfully!
shapes data imported succesfully!
shapes data imported succesfully!
shapes data imported succesfully!
shapes data imported succesfully!
shapes data imported succesfully!
shapes data imported succesfully!
shapes data imported succesfully!
shapes data imported succesfully!
shapes data imported succesfully!
shapes data imported succesfully!
shapes data imported succesfully!
shapes data imported succesfully!
shapes data imported succesfully!
shapes data imported succesfully!
shapes data imported succesfully!
shapes data imported succesfully!
shapes data imported succesfully!
shapes data imported succesfully!
shapes data imported succesfully!
shapes data imported succesfully!
shapes data imported succesfully!
shapes data imported succesfully!
shapes data imported succesfully!
shapes data imported succesfully!
shapes data imported succesfully!
shapes data imported succesfully!
shapes data imported succesfully!
shapes data imported succesfully!
shapes data imported succesfully!
shapes data imported succesfully!
shapes data imported succesfully!
shapes data imported succesfully!
shapes data imported succesfully!
shapes data imported succesfully!
shapes data imported succesfully!
shapes data imported succesfully!
shapes data imported succesfully!
shapes data imported succesfully!
shapes data imported succesfully!
shapes data imported succesfully!
shapes data imported succesfully!
shapes data imported succesfully!
shapes data imported succesfully!
shapes data imported succesfully!
shapes data imported succesfully!
shapes data imported succesfully!
shapes data imported succesfully!
shapes data imported succesfully!
shapes data imported succesfully!
shapes data imported succesfully!
shapes data imported succesfully!
shapes data imported succesfully!
shapes data imported succesfully!
shapes data imported succesfully!
shapes data imported succesfully!
shapes data imported succesfully!
shapes data imported succesfully!
shapes data imported succesfully!
shapes data imported succesfully!
shapes data imported succesfully!
shapes data imported succesfully!
shapes data imported succesfully!
shapes data imported succesfully!
shapes data imported succesfully!
shapes data imported succesfully!
shapes data imported succesfully!
shapes data imported succesfully!
shapes data imported succesfully!
shapes data imported succesfully!
shapes data imported succesfully!
shapes data imported succesfully!
shapes data imported succesfully!
shapes data imported succesfully!
shapes data imported succesfully!
shapes data imported succesfully!
shapes data imported succesfully!
shapes data imported succesfully!
shapes data imported succesfully!
shapes data imported succesfully!
shapes data imported succesfully!
shapes data imported succesfully!
shapes data imported succesfully!
shapes data imported succesfully!
shapes data imported succesfully!
shapes data imported succesfully!
shapes data imported succesfully!
shapes data imported succesfully!
shapes data imported succesfully!
shapes data imported succesfully!
shapes data imported succesfully!
shapes data imported succesfully!
shapes data imported succesfully!
shapes data imported succesfully!
shapes data imported succesfully!
shapes data imported succesfully!
shapes data imported succesfully!
shapes data imported succesfully!
shapes data imported succesfully!
shapes data imported succesfully!
shapes data imported succesfully!
shapes data imported succesfully!
shapes data imported succesfully!
shapes data imported succesfully!
shapes data imported succesfully!
shapes data imported succesfully!
shapes data imported succesfully!
shapes data imported succesfully!
shapes data imported succesfully!
shapes data imported succesfully!
shapes data imported succesfully!
shapes data imported succesfully!
shapes data imported succesfully!
shapes data imported succesfully!
shapes data imported succesfully!
shapes data imported succesfully!
shapes data imported succesfully!
shapes data imported succesfully!
shapes data imported succesfully!
shapes data imported succesfully!
shapes data imported succesfully!
shapes data imported succesfully!
shapes data imported succesfully!
shapes data imported succesfully!
shapes data imported succesfully!
shapes data imported succesfully!
shapes data imported succesfully!
shapes data imported succesfully!
shapes data imported succesfully!
shapes data imported succesfully!
shapes data imported succesfully!
shapes data imported succesfully!
shapes data imported succesfully!
shapes data imported succesfully!
shapes data imported succesfully!
shapes data imported succesfully!
shapes data imported succesfully!
shapes data imported succesfully!
shapes data imported succesfully!
shapes data imported succesfully!
shapes data imported succesfully!
shapes data imported succesfully!
shapes data imported succesfully!
shapes data imported succesfully!
shapes data imported succesfully!
shapes data imported succesfully!
shapes data imported succesfully!
shapes data imported succesfully!
shapes data imported succesfully!
shapes data imported succesfully!
shapes data imported succesfully!
shapes data imported succesfully!
shapes data imported succesfully!
shapes data imported succesfully!
shapes data imported succesfully!
shapes data imported succesfully!
shapes data imported succesfully!
shapes data imported succesfully!
shapes data imported succesfully!
shapes data imported succesfully!
shapes data imported succesfully!
shapes data imported succesfully!
shapes data imported succesfully!
shapes data imported succesfully!
shapes data imported succesfully!
shapes data imported succesfully!
shapes data imported succesfully!
shapes data imported succesfully!
shapes data imported succesfully!
shapes data imported succesfully!
shapes data imported succesfully!
shapes data imported succesfully!
shapes data imported succesfully!
shapes data imported succesfully!
shapes data imported succesfully!
shapes data imported succesfully!
shapes data imported succesfully!
shapes data imported succesfully!
shapes data imported succesfully!
shapes data imported succesfully!
shapes data imported succesfully!
shapes data imported succesfully!
shapes data imported succesfully!
shapes data imported succesfully!
shapes data imported succesfully!
shapes data imported succesfully!
shapes data imported succesfully!
shapes data imported succesfully!
shapes data imported succesfully!
shapes data imported succesfully!
shapes data imported succesfully!
shapes data imported succesfully!
shapes data imported succesfully!
shapes data imported succesfully!
shapes data imported succesfully!
shapes data imported succesfully!
shapes data imported succesfully!
shapes data imported succesfully!
shapes data imported succesfully!
shapes data imported succesfully!
shapes data imported succesfully!
shapes data imported succesfully!
shapes data imported succesfully!
shapes data imported succesfully!
shapes data imported succesfully!
shapes data imported succesfully!
shapes data imported succesfully!
shapes data imported succesfully!
shapes data imported succesfully!
shapes data imported succesfully!
shapes data imported succesfully!
shapes data imported succesfully!
shapes data imported succesfully!
shapes data imported succesfully!
shapes data imported succesfully!
shapes data imported succesfully!
shapes data imported succesfully!
shapes data imported succesfully!
shapes data imported succesfully!
shapes data imported succesfully!
shapes data imported succesfully!
shapes data imported succesfully!
shapes data imported succesfully!
shapes data imported succesfully!
shapes data imported succesfully!
shapes data imported succesfully!
shapes data imported succesfully!
shapes data imported succesfully!
shapes data imported succesfully!
shapes data imported succesfully!
shapes data imported succesfully!
shapes data imported succesfully!
shapes data imported succesfully!
shapes data imported succesfully!
shapes data imported succesfully!
shapes data imported succesfully!
shapes data imported succesfully!
shapes data imported succesfully!
shapes data imported succesfully!
shapes data imported succesfully!
shapes data imported succesfully!
shapes data imported succesfully!
shapes data imported succesfully!
shapes data imported succesfully!
shapes data imported succesfully!
shapes data imported succesfully!
shapes data imported succesfully!
shapes data imported succesfully!
shapes data imported succesfully!
shapes data imported succesfully!
shapes data imported succesfully!
shapes data imported succesfully!
shapes data imported succesfully!
shapes data imported succesfully!
shapes data imported succesfully!
shapes data imported succesfully!
shapes data imported succesfully!
shapes data imported succesfully!
shapes data imported succesfully!
shapes data imported succesfully!
shapes data imported succesfully!
shapes data imported succesfully!
shapes data imported succesfully!
shapes data imported succesfully!
shapes data imported succesfully!
shapes data imported succesfully!
shapes data imported succesfully!
shapes data imported succesfully!
shapes data imported succesfully!
shapes data imported succesfully!
shapes data imported succesfully!
shapes data imported succesfully!
shapes data imported succesfully!
shapes data imported succesfully!
shapes data imported succesfully!
shapes data imported succesfully!
shapes data imported succesfully!
shapes data imported succesfully!
shapes data imported succesfully!
shapes data imported succesfully!
shapes data imported succesfully!
shapes data imported succesfully!
shapes data imported succesfully!
shapes data imported succesfully!
shapes data imported succesfully!
shapes data imported succesfully!
shapes data imported succesfully!
shapes data imported succesfully!
shapes data imported succesfully!
shapes data imported succesfully!
shapes data imported succesfully!
shapes data imported succesfully!
shapes data imported succesfully!
shapes data imported succesfully!
shapes data imported succesfully!
shapes data imported succesfully!
shapes data imported succesfully!
shapes data imported succesfully!
shapes data imported succesfully!
shapes data imported succesfully!
shapes data imported succesfully!
shapes data imported succesfully!
shapes data imported succesfully!
shapes data imported succesfully!
shapes data imported succesfully!
shapes data imported succesfully!
shapes data imported succesfully!
shapes data imported succesfully!
shapes data imported succesfully!
shapes data imported succesfully!
shapes data imported succesfully!
shapes data imported succesfully!
shapes data imported succesfully!
shapes data imported succesfully!
shapes data imported succesfully!
shapes data imported succesfully!
shapes data imported succesfully!
shapes data imported succesfully!
shapes data imported succesfully!
shapes data imported succesfully!
shapes data imported succesfully!
shapes data imported succesfully!
shapes data imported succesfully!
shapes data imported succesfully!
shapes data imported succesfully!
shapes data imported succesfully!
shapes data imported succesfully!
shapes data imported succesfully!
shapes data imported succesfully!
shapes data imported succesfully!
shapes data imported succesfully!
shapes data imported succesfully!
shapes data imported succesfully!
shapes data imported succesfully!
shapes data imported succesfully!
shapes data imported succesfully!
shapes data imported succesfully!
shapes data imported succesfully!
shapes data imported succesfully!
shapes data imported succesfully!
shapes data imported succesfully!
shapes data imported succesfully!
shapes data imported succesfully!
shapes data imported succesfully!
shapes data imported succesfully!
shapes data imported succesfully!
shapes data imported succesfully!
shapes data imported succesfully!
shapes data imported succesfully!
shapes data imported succesfully!
shapes data imported succesfully!
shapes data imported succesfully!
shapes data imported succesfully!
shapes data imported succesfully!
shapes data imported succesfully!
shapes data imported succesfully!
shapes data imported succesfully!
shapes data imported succesfully!
shapes data imported succesfully!
shapes data imported succesfully!
shapes data imported succesfully!
shapes data imported succesfully!
shapes data imported succesfully!
shapes data imported succesfully!
shapes data imported succesfully!
shapes data imported succesfully!
shapes data imported succesfully!
shapes data imported succesfully!
shapes data imported succesfully!
shapes data imported succesfully!
shapes data imported succesfully!
shapes data imported succesfully!
shapes data imported succesfully!
shapes data imported succesfully!
shapes data imported succesfully!
shapes data imported succesfully!
shapes data imported succesfully!
shapes data imported succesfully!
shapes data imported succesfully!
shapes data imported succesfully!
shapes data imported succesfully!
shapes data imported succesfully!
shapes data imported succesfully!
shapes data imported succesfully!
shapes data imported succesfully!
shapes data imported succesfully!
shapes data imported succesfully!
shapes data imported succesfully!
shapes data imported succesfully!
shapes data imported succesfully!
shapes data imported succesfully!
shapes data imported succesfully!
shapes data imported succesfully!
shapes data imported succesfully!
shapes data imported succesfully!
shapes data imported succesfully!
shapes data imported succesfully!
shapes data imported succesfully!
shapes data imported succesfully!
shapes data imported succesfully!
shapes data imported succesfully!
shapes data imported succesfully!
shapes data imported succesfully!
shapes data imported succesfully!
shapes data imported succesfully!
shapes data imported succesfully!
shapes data imported succesfully!
shapes data imported succesfully!
shapes data imported succesfully!
shapes data imported succesfully!
shapes data imported succesfully!
shapes data imported succesfully!
shapes data imported succesfully!
shapes data imported succesfully!
shapes data imported succesfully!
shapes data imported succesfully!
shapes data imported succesfully!
shapes data imported succesfully!
shapes data imported succesfully!
shapes data imported succesfully!
shapes data imported succesfully!
shapes data imported succesfully!
shapes data imported succesfully!
shapes data imported succesfully!
shapes data imported succesfully!
shapes data imported succesfully!
shapes data imported succesfully!
shapes data imported succesfully!
shapes data imported succesfully!
shapes data imported succesfully!
shapes data imported succesfully!
shapes data imported succesfully!
shapes data imported succesfully!
shapes data imported succesfully!
shapes data imported succesfully!
shapes data imported succesfully!
shapes data imported succesfully!
shapes data imported succesfully!
shapes data imported succesfully!
shapes data imported succesfully!
shapes data imported succesfully!
shapes data imported succesfully!
shapes data imported succesfully!
shapes data imported succesfully!
shapes data imported succesfully!
shapes data imported succesfully!
shapes data imported succesfully!
shapes data imported succesfully!
shapes data imported succesfully!
shapes data imported succesfully!
shapes data imported succesfully!
shapes data imported succesfully!
shapes data imported succesfully!
shapes data imported succesfully!
shapes data imported succesfully!
shapes data imported succesfully!
shapes data imported succesfully!
shapes data imported succesfully!
shapes data imported succesfully!
shapes data imported succesfully!
shapes data imported succesfully!
shapes data imported succesfully!
shapes data imported succesfully!
shapes data imported succesfully!
shapes data imported succesfully!
shapes data imported succesfully!
shapes data imported succesfully!
shapes data imported succesfully!
shapes data imported succesfully!
shapes data imported succesfully!
shapes data imported succesfully!
shapes data imported succesfully!
shapes data imported succesfully!
shapes data imported succesfully!
shapes data imported succesfully!
shapes data imported succesfully!
shapes data imported succesfully!
shapes data imported succesfully!
shapes data imported succesfully!
shapes data imported succesfully!
shapes data imported succesfully!
shapes data imported succesfully!
shapes data imported succesfully!
shapes data imported succesfully!
shapes data imported succesfully!
shapes data imported succesfully!
shapes data imported succesfully!
shapes data imported succesfully!
shapes data imported succesfully!
shapes data imported succesfully!
shapes data imported succesfully!
shapes data imported succesfully!
shapes data imported succesfully!
shapes data imported succesfully!
shapes data imported succesfully!
shapes data imported succesfully!
shapes data imported succesfully!
shapes data imported succesfully!
shapes data imported succesfully!
shapes data imported succesfully!
shapes data imported succesfully!
shapes data imported succesfully!
shapes data imported succesfully!
shapes data imported succesfully!
shapes data imported succesfully!
shapes data imported succesfully!
shapes data imported succesfully!
shapes data imported succesfully!
shapes data imported succesfully!
shapes data imported succesfully!
shapes data imported succesfully!
shapes data imported succesfully!
shapes data imported succesfully!
shapes data imported succesfully!
shapes data imported succesfully!
shapes data imported succesfully!
shapes data imported succesfully!
shapes data imported succesfully!
shapes data imported succesfully!
shapes data imported succesfully!
shapes data imported succesfully!
shapes data imported succesfully!
shapes data imported succesfully!
shapes data imported succesfully!
shapes data imported succesfully!
shapes data imported succesfully!
shapes data imported succesfully!
shapes data imported succesfully!
shapes data imported succesfully!
shapes data imported succesfully!
shapes data imported succesfully!
shapes data imported succesfully!
shapes data imported succesfully!
shapes data imported succesfully!
shapes data imported succesfully!
shapes data imported succesfully!
shapes data imported succesfully!
shapes data imported succesfully!
shapes data imported succesfully!
shapes data imported succesfully!
shapes data imported succesfully!
shapes data imported succesfully!
shapes data imported succesfully!
shapes data imported succesfully!
shapes data imported succesfully!
shapes data imported succesfully!
shapes data imported succesfully!
shapes data imported succesfully!
shapes data imported succesfully!
shapes data imported succesfully!
shapes data imported succesfully!
shapes data imported succesfully!
shapes data imported succesfully!
shapes data imported succesfully!
shapes data imported succesfully!
shapes data imported succesfully!
shapes data imported succesfully!
shapes data imported succesfully!
shapes data imported succesfully!
shapes data imported succesfully!
shapes data imported succesfully!
shapes data imported succesfully!
shapes data imported succesfully!
shapes data imported succesfully!
shapes data imported succesfully!
shapes data imported succesfully!
shapes data imported succesfully!
shapes data imported succesfully!
shapes data imported succesfully!
shapes data imported succesfully!
shapes data imported succesfully!
shapes data imported succesfully!
shapes data imported succesfully!
shapes data imported succesfully!
shapes data imported succesfully!
shapes data imported succesfully!
shapes data imported succesfully!
shapes data imported succesfully!
shapes data imported succesfully!
shapes data imported succesfully!
shapes data imported succesfully!
shapes data imported succesfully!
shapes data imported succesfully!
shapes data imported succesfully!
shapes data imported succesfully!
shapes data imported succesfully!
shapes data imported succesfully!
shapes data imported succesfully!
shapes data imported succesfully!
shapes data imported succesfully!
shapes data imported succesfully!
shapes data imported succesfully!
shapes data imported succesfully!
shapes data imported succesfully!
shapes data imported succesfully!
shapes data imported succesfully!
shapes data imported succesfully!
shapes data imported succesfully!
shapes data imported succesfully!
shapes data imported succesfully!
shapes data imported succesfully!
shapes data imported succesfully!
shapes data imported succesfully!
shapes data imported succesfully!
shapes data imported succesfully!
shapes data imported succesfully!
shapes data imported succesfully!
shapes data imported succesfully!
shapes data imported succesfully!
shapes data imported succesfully!
shapes data imported succesfully!
shapes data imported succesfully!
shapes data imported succesfully!
shapes data imported succesfully!
shapes data imported succesfully!
shapes data imported succesfully!
shapes data imported succesfully!
shapes data imported succesfully!
shapes data imported succesfully!
shapes data imported succesfully!
shapes data imported succesfully!
shapes data imported succesfully!
shapes data imported succesfully!
shapes data imported succesfully!
shapes data imported succesfully!
shapes data imported succesfully!
shapes data imported succesfully!
shapes data imported succesfully!
shapes data imported succesfully!
shapes data imported succesfully!
shapes data imported succesfully!
shapes data imported succesfully!
shapes data imported succesfully!
shapes data imported succesfully!
shapes data imported succesfully!
shapes data imported succesfully!
shapes data imported succesfully!
shapes data imported succesfully!
shapes data imported succesfully!
shapes data imported succesfully!
shapes data imported succesfully!
shapes data imported succesfully!
shapes data imported succesfully!
shapes data imported succesfully!
shapes data imported succesfully!
shapes data imported succesfully!
shapes data imported succesfully!
shapes data imported succesfully!
shapes data imported succesfully!
shapes data imported succesfully!
shapes data imported succesfully!
shapes data imported succesfully!
shapes data imported succesfully!
shapes data imported succesfully!
shapes data imported succesfully!
shapes data imported succesfully!
shapes data imported succesfully!
shapes data imported succesfully!
shapes data imported succesfully!
shapes data imported succesfully!
shapes data imported succesfully!
shapes data imported succesfully!
shapes data imported succesfully!
shapes data imported succesfully!
shapes data imported succesfully!
shapes data imported succesfully!
shapes data imported succesfully!
shapes data imported succesfully!
shapes data imported succesfully!
shapes data imported succesfully!
shapes data imported succesfully!
shapes data imported succesfully!
shapes data imported succesfully!
shapes data imported succesfully!
shapes data imported succesfully!
shapes data imported succesfully!
shapes data imported succesfully!
shapes data imported succesfully!
shapes data imported succesfully!
shapes data imported succesfully!
shapes data imported succesfully!
shapes data imported succesfully!
shapes data imported succesfully!
shapes data imported succesfully!
shapes data imported succesfully!
shapes data imported succesfully!
shapes data imported succesfully!
shapes data imported succesfully!
shapes data imported succesfully!
shapes data imported succesfully!
shapes data imported succesfully!
shapes data imported succesfully!
shapes data imported succesfully!
shapes data imported succesfully!
shapes data imported succesfully!
shapes data imported succesfully!
shapes data imported succesfully!
shapes data imported succesfully!
shapes data imported succesfully!
shapes data imported succesfully!
shapes data imported succesfully!
shapes data imported succesfully!
shapes data imported succesfully!
shapes data imported succesfully!
shapes data imported succesfully!
shapes data imported succesfully!
shapes data imported succesfully!
shapes data imported succesfully!
shapes data imported succesfully!
shapes data imported succesfully!
shapes data imported succesfully!
shapes data imported succesfully!
shapes data imported succesfully!
shapes data imported succesfully!
shapes data imported succesfully!
shapes data imported succesfully!
shapes data imported succesfully!
shapes data imported succesfully!
shapes data imported succesfully!
shapes data imported succesfully!
shapes data imported succesfully!
shapes data imported succesfully!
shapes data imported succesfully!
shapes data imported succesfully!
shapes data imported succesfully!
shapes data imported succesfully!
shapes data imported succesfully!
shapes data imported succesfully!
shapes data imported succesfully!
shapes data imported succesfully!
shapes data imported succesfully!
shapes data imported succesfully!
shapes data imported succesfully!
shapes data imported succesfully!
shapes data imported succesfully!
shapes data imported succesfully!
shapes data imported succesfully!
shapes data imported succesfully!
shapes data imported succesfully!
shapes data imported succesfully!
shapes data imported succesfully!
shapes data imported succesfully!
shapes data imported succesfully!
shapes data imported succesfully!
shapes data imported succesfully!
shapes data imported succesfully!
shapes data imported succesfully!
shapes data imported succesfully!
shapes data imported succesfully!
shapes data imported succesfully!
shapes data imported succesfully!
shapes data imported succesfully!
shapes data imported succesfully!
shapes data imported succesfully!
shapes data imported succesfully!
shapes data imported succesfully!
shapes data imported succesfully!
shapes data imported succesfully!
shapes data imported succesfully!
shapes data imported succesfully!
shapes data imported succesfully!
shapes data imported succesfully!
shapes data imported succesfully!
shapes data imported succesfully!
shapes data imported succesfully!
shapes data imported succesfully!
shapes data imported succesfully!
shapes data imported succesfully!
shapes data imported succesfully!
shapes data imported succesfully!
shapes data imported succesfully!
shapes data imported succesfully!
shapes data imported succesfully!
shapes data imported succesfully!
shapes data imported succesfully!
shapes data imported succesfully!
shapes data imported succesfully!
shapes data imported succesfully!
shapes data imported succesfully!
shapes data imported succesfully!
shapes data imported succesfully!
shapes data imported succesfully!
shapes data imported succesfully!
shapes data imported succesfully!
shapes data imported succesfully!
shapes data imported succesfully!
shapes data imported succesfully!
shapes data imported succesfully!
shapes data imported succesfully!
shapes data imported succesfully!
shapes data imported succesfully!
shapes data imported succesfully!
shapes data imported succesfully!
shapes data imported succesfully!
shapes data imported succesfully!
shapes data imported succesfully!
shapes data imported succesfully!
shapes data imported succesfully!
shapes data imported succesfully!
shapes data imported succesfully!
shapes data imported succesfully!
shapes data imported succesfully!
shapes data imported succesfully!
shapes data imported succesfully!
shapes data imported succesfully!
shapes data imported succesfully!
shapes data imported succesfully!
shapes data imported succesfully!
shapes data imported succesfully!
shapes data imported succesfully!
shapes data imported succesfully!
shapes data imported succesfully!
shapes data imported succesfully!
shapes data imported succesfully!
shapes data imported succesfully!
shapes data imported succesfully!
shapes data imported succesfully!
shapes data imported succesfully!
shapes data imported succesfully!
shapes data imported succesfully!
shapes data imported succesfully!
shapes data imported succesfully!
shapes data imported succesfully!
shapes data imported succesfully!
shapes data imported succesfully!
shapes data imported succesfully!
shapes data imported succesfully!
shapes data imported succesfully!
shapes data imported succesfully!
shapes data imported succesfully!
shapes data imported succesfully!
shapes data imported succesfully!
shapes data imported succesfully!
shapes data imported succesfully!
shapes data imported succesfully!
shapes data imported succesfully!
shapes data imported succesfully!
shapes data imported succesfully!
shapes data imported succesfully!
shapes data imported succesfully!
shapes data imported succesfully!
shapes data imported succesfully!
shapes data imported succesfully!
shapes data imported succesfully!
shapes data imported succesfully!
shapes data imported succesfully!
shapes data imported succesfully!
shapes data imported succesfully!
shapes data imported succesfully!
shapes data imported succesfully!
shapes data imported succesfully!
shapes data imported succesfully!
shapes data imported succesfully!
shapes data imported succesfully!
shapes data imported succesfully!
shapes data imported succesfully!
shapes data imported succesfully!
shapes data imported succesfully!
shapes data imported succesfully!
shapes data imported succesfully!
shapes data imported succesfully!
shapes data imported succesfully!
shapes data imported succesfully!
shapes data imported succesfully!
shapes data imported succesfully!
shapes data imported succesfully!
shapes data imported succesfully!
shapes data imported succesfully!
shapes data imported succesfully!
shapes data imported succesfully!
shapes data imported succesfully!
shapes data imported succesfully!
shapes data imported succesfully!
shapes data imported succesfully!
shapes data imported succesfully!
shapes data imported succesfully!
shapes data imported succesfully!
shapes data imported succesfully!
shapes data imported succesfully!
shapes data imported succesfully!
shapes data imported succesfully!
shapes data imported succesfully!
shapes data imported succesfully!
shapes data imported succesfully!
shapes data imported succesfully!
shapes data imported succesfully!
shapes data imported succesfully!
shapes data imported succesfully!
shapes data imported succesfully!
shapes data imported succesfully!
shapes data imported succesfully!
shapes data imported succesfully!
shapes data imported succesfully!
shapes data imported succesfully!
shapes data imported succesfully!
shapes data imported succesfully!
shapes data imported succesfully!
shapes data imported succesfully!
shapes data imported succesfully!
shapes data imported succesfully!
shapes data imported succesfully!
shapes data imported succesfully!
shapes data imported succesfully!
shapes data imported succesfully!
shapes data imported succesfully!
shapes data imported succesfully!
shapes data imported succesfully!
shapes data imported succesfully!
shapes data imported succesfully!
shapes data imported succesfully!
shapes data imported succesfully!
shapes data imported succesfully!
shapes data imported succesfully!
shapes data imported succesfully!
shapes data imported succesfully!
shapes data imported succesfully!
shapes data imported succesfully!
shapes data imported succesfully!
shapes data imported succesfully!
shapes data imported succesfully!
shapes data imported succesfully!
shapes data imported succesfully!
shapes data imported succesfully!
shapes data imported succesfully!
shapes data imported succesfully!
shapes data imported succesfully!
shapes data imported succesfully!
shapes data imported succesfully!
shapes data imported succesfully!
shapes data imported succesfully!
shapes data imported succesfully!
shapes data imported succesfully!
shapes data imported succesfully!
shapes data imported succesfully!
shapes data imported succesfully!
shapes data imported succesfully!
shapes data imported succesfully!
shapes data imported succesfully!
shapes data imported succesfully!
shapes data imported succesfully!
shapes data imported succesfully!
shapes data imported succesfully!
shapes data imported succesfully!
shapes data imported succesfully!
shapes data imported succesfully!
shapes data imported succesfully!
shapes data imported succesfully!
shapes data imported succesfully!
shapes data imported succesfully!
shapes data imported succesfully!
shapes data imported succesfully!
shapes data imported succesfully!
shapes data imported succesfully!
shapes data imported succesfully!
shapes data imported succesfully!
shapes data imported succesfully!
shapes data imported succesfully!
shapes data imported succesfully!
shapes data imported succesfully!
shapes data imported succesfully!
shapes data imported succesfully!
shapes data imported succesfully!
shapes data imported succesfully!
shapes data imported succesfully!
shapes data imported succesfully!
shapes data imported succesfully!
shapes data imported succesfully!
shapes data imported succesfully!
shapes data imported succesfully!
shapes data imported succesfully!
shapes data imported succesfully!
shapes data imported succesfully!
shapes data imported succesfully!
shapes data imported succesfully!
shapes data imported succesfully!
shapes data imported succesfully!
shapes data imported succesfully!
shapes data imported succesfully!
shapes data imported succesfully!
shapes data imported succesfully!
shapes data imported succesfully!
shapes data imported succesfully!
shapes data imported succesfully!
shapes data imported succesfully!
shapes data imported succesfully!
shapes data imported succesfully!
shapes data imported succesfully!
shapes data imported succesfully!
shapes data imported succesfully!
shapes data imported succesfully!
shapes data imported succesfully!
shapes data imported succesfully!
shapes data imported succesfully!
shapes data imported succesfully!
shapes data imported succesfully!
shapes data imported succesfully!
shapes data imported succesfully!
shapes data imported succesfully!
shapes data imported succesfully!
shapes data imported succesfully!
shapes data imported succesfully!
shapes data imported succesfully!
shapes data imported succesfully!
shapes data imported succesfully!
shapes data imported succesfully!
shapes data imported succesfully!
shapes data imported succesfully!
shapes data imported succesfully!
shapes data imported succesfully!
shapes data imported succesfully!
shapes data imported succesfully!
shapes data imported succesfully!
shapes data imported succesfully!
shapes data imported succesfully!
shapes data imported succesfully!
shapes data imported succesfully!
shapes data imported succesfully!
shapes data imported succesfully!
shapes data imported succesfully!
shapes data imported succesfully!
shapes data imported succesfully!
shapes data imported succesfully!
shapes data imported succesfully!
shapes data imported succesfully!
shapes data imported succesfully!
shapes data imported succesfully!
shapes data imported succesfully!
shapes data imported succesfully!
shapes data imported succesfully!
shapes data imported succesfully!
shapes data imported succesfully!
shapes data imported succesfully!
shapes data imported succesfully!
shapes data imported succesfully!
shapes data imported succesfully!
shapes data imported succesfully!
shapes data imported succesfully!
shapes data imported succesfully!
shapes data imported succesfully!
shapes data imported succesfully!
shapes data imported succesfully!
shapes data imported succesfully!
shapes data imported succesfully!
shapes data imported succesfully!
shapes data imported succesfully!
shapes data imported succesfully!
shapes data imported succesfully!
shapes data imported succesfully!
shapes data imported succesfully!
shapes data imported succesfully!
shapes data imported succesfully!
shapes data imported succesfully!
shapes data imported succesfully!
shapes data imported succesfully!
shapes data imported succesfully!
shapes data imported succesfully!
shapes data imported succesfully!
shapes data imported succesfully!
shapes data imported succesfully!
shapes data imported succesfully!
shapes data imported succesfully!
shapes data imported succesfully!
shapes data imported succesfully!
shapes data imported succesfully!
shapes data imported succesfully!
shapes data imported succesfully!
shapes data imported succesfully!
shapes data imported succesfully!
shapes data imported succesfully!
shapes data imported succesfully!
shapes data imported succesfully!
shapes data imported succesfully!
shapes data imported succesfully!
shapes data imported succesfully!
shapes data imported succesfully!
shapes data imported succesfully!
shapes data imported succesfully!
shapes data imported succesfully!
shapes data imported succesfully!
shapes data imported succesfully!
shapes data imported succesfully!
shapes data imported succesfully!
shapes data imported succesfully!
shapes data imported succesfully!
shapes data imported succesfully!
shapes data imported succesfully!
shapes data imported succesfully!
shapes data imported succesfully!
shapes data imported succesfully!
shapes data imported succesfully!
shapes data imported succesfully!
shapes data imported succesfully!
shapes data imported succesfully!
shapes data imported succesfully!
shapes data imported succesfully!
shapes data imported succesfully!
shapes data imported succesfully!
shapes data imported succesfully!
shapes data imported succesfully!
shapes data imported succesfully!
shapes data imported succesfully!
shapes data imported succesfully!
shapes data imported succesfully!
shapes data imported succesfully!
shapes data imported succesfully!
shapes data imported succesfully!
shapes data imported succesfully!
shapes data imported succesfully!
shapes data imported succesfully!
shapes data imported succesfully!
shapes data imported succesfully!
shapes data imported succesfully!
shapes data imported succesfully!
shapes data imported succesfully!
shapes data imported succesfully!
shapes data imported succesfully!
shapes data imported succesfully!
shapes data imported succesfully!
shapes data imported succesfully!
shapes data imported succesfully!
shapes data imported succesfully!
shapes data imported succesfully!
shapes data imported succesfully!
shapes data imported succesfully!
shapes data imported succesfully!
shapes data imported succesfully!
shapes data imported succesfully!
shapes data imported succesfully!
shapes data imported succesfully!
shapes data imported succesfully!
shapes data imported succesfully!
shapes data imported succesfully!
shapes data imported succesfully!
shapes data imported succesfully!
shapes data imported succesfully!
shapes data imported succesfully!
shapes data imported succesfully!
shapes data imported succesfully!
shapes data imported succesfully!
shapes data imported succesfully!
shapes data imported succesfully!
shapes data imported succesfully!
shapes data imported succesfully!
shapes data imported succesfully!
shapes data imported succesfully!
shapes data imported succesfully!
shapes data imported succesfully!
shapes data imported succesfully!
shapes data imported succesfully!
shapes data imported succesfully!
shapes data imported succesfully!
shapes data imported succesfully!
shapes data imported succesfully!
shapes data imported succesfully!
shapes data imported succesfully!
shapes data imported succesfully!
shapes data imported succesfully!
shapes data imported succesfully!
shapes data imported succesfully!
shapes data imported succesfully!
shapes data imported succesfully!
shapes data imported succesfully!
shapes data imported succesfully!
shapes data imported succesfully!
shapes data imported succesfully!
shapes data imported succesfully!
shapes data imported succesfully!
shapes data imported succesfully!
shapes data imported succesfully!
shapes data imported succesfully!
shapes data imported succesfully!
shapes data imported succesfully!
shapes data imported succesfully!
shapes data imported succesfully!
shapes data imported succesfully!
shapes data imported succesfully!
shapes data imported succesfully!
shapes data imported succesfully!
shapes data imported succesfully!
shapes data imported succesfully!
shapes data imported succesfully!
shapes data imported succesfully!
shapes data imported succesfully!
shapes data imported succesfully!
shapes data imported succesfully!
shapes data imported succesfully!
shapes data imported succesfully!
shapes data imported succesfully!
shapes data imported succesfully!
shapes data imported succesfully!
shapes data imported succesfully!
shapes data imported succesfully!
shapes data imported succesfully!
shapes data imported succesfully!
shapes data imported succesfully!
shapes data imported succesfully!
shapes data imported succesfully!
shapes data imported succesfully!
shapes data imported succesfully!
shapes data imported succesfully!
shapes data imported succesfully!
shapes data imported succesfully!
shapes data imported succesfully!
shapes data imported succesfully!
shapes data imported succesfully!
shapes data imported succesfully!
shapes data imported succesfully!
shapes data imported succesfully!
shapes data imported succesfully!
shapes data imported succesfully!
shapes data imported succesfully!
shapes data imported succesfully!
shapes data imported succesfully!
shapes data imported succesfully!
shapes data imported succesfully!
shapes data imported succesfully!
shapes data imported succesfully!
shapes data imported succesfully!
shapes data imported succesfully!
shapes data imported succesfully!
shapes data imported succesfully!
shapes data imported succesfully!
shapes data imported succesfully!
shapes data imported succesfully!
shapes data imported succesfully!
shapes data imported succesfully!
shapes data imported succesfully!
shapes data imported succesfully!
shapes data imported succesfully!
shapes data imported succesfully!
shapes data imported succesfully!
shapes data imported succesfully!
shapes data imported succesfully!
shapes data imported succesfully!
shapes data imported succesfully!
shapes data imported succesfully!
shapes data imported succesfully!
shapes data imported succesfully!
shapes data imported succesfully!
shapes data imported succesfully!
shapes data imported succesfully!
shapes data imported succesfully!
shapes data imported succesfully!
shapes data imported succesfully!
shapes data imported succesfully!
shapes data imported succesfully!
shapes data imported succesfully!
shapes data imported succesfully!
shapes data imported succesfully!
shapes data imported succesfully!
shapes data imported succesfully!
shapes data imported succesfully!
shapes data imported succesfully!
shapes data imported succesfully!
shapes data imported succesfully!
shapes data imported succesfully!
shapes data imported succesfully!
shapes data imported succesfully!
shapes data imported succesfully!
shapes data imported succesfully!
shapes data imported succesfully!
shapes data imported succesfully!
shapes data imported succesfully!
shapes data imported succesfully!
shapes data imported succesfully!
shapes data imported succesfully!
shapes data imported succesfully!
shapes data imported succesfully!
shapes data imported succesfully!
shapes data imported succesfully!
shapes data imported succesfully!
shapes data imported succesfully!
shapes data imported succesfully!
shapes data imported succesfully!
shapes data imported succesfully!
shapes data imported succesfully!
shapes data imported succesfully!
shapes data imported succesfully!
shapes data imported succesfully!
shapes data imported succesfully!
shapes data imported succesfully!
shapes data imported succesfully!
shapes data imported succesfully!
shapes data imported succesfully!
shapes data imported succesfully!
shapes data imported succesfully!
shapes data imported succesfully!
shapes data imported succesfully!
shapes data imported succesfully!
shapes data imported succesfully!
shapes data imported succesfully!
shapes data imported succesfully!
shapes data imported succesfully!
shapes data imported succesfully!
shapes data imported succesfully!
shapes data imported succesfully!
shapes data imported succesfully!
shapes data imported succesfully!
shapes data imported succesfully!
shapes data imported succesfully!
shapes data imported succesfully!
shapes data imported succesfully!
shapes data imported succesfully!
shapes data imported succesfully!
shapes data imported succesfully!
shapes data imported succesfully!
shapes data imported succesfully!
shapes data imported succesfully!
shapes data imported succesfully!
shapes data imported succesfully!
shapes data imported succesfully!
shapes data imported succesfully!
shapes data imported succesfully!
shapes data imported succesfully!
shapes data imported succesfully!
shapes data imported succesfully!
shapes data imported succesfully!
shapes data imported succesfully!
shapes data imported succesfully!
shapes data imported succesfully!
shapes data imported succesfully!
shapes data imported succesfully!
shapes data imported succesfully!
shapes data imported succesfully!
shapes data imported succesfully!
shapes data imported succesfully!
shapes data imported succesfully!
shapes data imported succesfully!
shapes data imported succesfully!
shapes data imported succesfully!
shapes data imported succesfully!
shapes data imported succesfully!
shapes data imported succesfully!
shapes data imported succesfully!
shapes data imported succesfully!
shapes data imported succesfully!
shapes data imported succesfully!
shapes data imported succesfully!
shapes data imported succesfully!
shapes data imported succesfully!
shapes data imported succesfully!
shapes data imported succesfully!
shapes data imported succesfully!
shapes data imported succesfully!
shapes data imported succesfully!
shapes data imported succesfully!
shapes data imported succesfully!
shapes data imported succesfully!
shapes data imported succesfully!
shapes data imported succesfully!
shapes data imported succesfully!
shapes data imported succesfully!
shapes data imported succesfully!
shapes data imported succesfully!
shapes data imported succesfully!
shapes data imported succesfully!
shapes data imported succesfully!
shapes data imported succesfully!
shapes data imported succesfully!
shapes data imported succesfully!
shapes data imported succesfully!
shapes data imported succesfully!
shapes data imported succesfully!
shapes data imported succesfully!
shapes data imported succesfully!
shapes data imported succesfully!
shapes data imported succesfully!
shapes data imported succesfully!
shapes data imported succesfully!
shapes data imported succesfully!
shapes data imported succesfully!
shapes data imported succesfully!
shapes data imported succesfully!
shapes data imported succesfully!
shapes data imported succesfully!
shapes data imported succesfully!
shapes data imported succesfully!
shapes data imported succesfully!
shapes data imported succesfully!
shapes data imported succesfully!
shapes data imported succesfully!
shapes data imported succesfully!
shapes data imported succesfully!
shapes data imported succesfully!
shapes data imported succesfully!
shapes data imported succesfully!
shapes data imported succesfully!
shapes data imported succesfully!
shapes data imported succesfully!
shapes data imported succesfully!
shapes data imported succesfully!
shapes data imported succesfully!
shapes data imported succesfully!
shapes data imported succesfully!
shapes data imported succesfully!
shapes data imported succesfully!
shapes data imported succesfully!
shapes data imported succesfully!
shapes data imported succesfully!
shapes data imported succesfully!
shapes data imported succesfully!
shapes data imported succesfully!
shapes data imported succesfully!
shapes data imported succesfully!
shapes data imported succesfully!
shapes data imported succesfully!
shapes data imported succesfully!
shapes data imported succesfully!
shapes data imported succesfully!
shapes data imported succesfully!
shapes data imported succesfully!
shapes data imported succesfully!
shapes data imported succesfully!
shapes data imported succesfully!
shapes data imported succesfully!
shapes data imported succesfully!
shapes data imported succesfully!
shapes data imported succesfully!
shapes data imported succesfully!
shapes data imported succesfully!
shapes data imported succesfully!
shapes data imported succesfully!
shapes data imported succesfully!
shapes data imported succesfully!
shapes data imported succesfully!
shapes data imported succesfully!
shapes data imported succesfully!
shapes data imported succesfully!
shapes data imported succesfully!
shapes data imported succesfully!
shapes data imported succesfully!
shapes data imported succesfully!
shapes data imported succesfully!
shapes data imported succesfully!
shapes data imported succesfully!
shapes data imported succesfully!
shapes data imported succesfully!
shapes data imported succesfully!
shapes data imported succesfully!
shapes data imported succesfully!
shapes data imported succesfully!
shapes data imported succesfully!
shapes data imported succesfully!
shapes data imported succesfully!
shapes data imported succesfully!
shapes data imported succesfully!
shapes data imported succesfully!
shapes data imported succesfully!
shapes data imported succesfully!
shapes data imported succesfully!
shapes data imported succesfully!
shapes data imported succesfully!
shapes data imported succesfully!
shapes data imported succesfully!
shapes data imported succesfully!
shapes data imported succesfully!
shapes data imported succesfully!
shapes data imported succesfully!
shapes data imported succesfully!
shapes data imported succesfully!
shapes data imported succesfully!
shapes data imported succesfully!
shapes data imported succesfully!
shapes data imported succesfully!
shapes data imported succesfully!
shapes data imported succesfully!
shapes data imported succesfully!
shapes data imported succesfully!
shapes data imported succesfully!
shapes data imported succesfully!
shapes data imported succesfully!
shapes data imported succesfully!
shapes data imported succesfully!
shapes data imported succesfully!
shapes data imported succesfully!
shapes data imported succesfully!
shapes data imported succesfully!
shapes data imported succesfully!
shapes data imported succesfully!
shapes data imported succesfully!
shapes data imported succesfully!
shapes data imported succesfully!
shapes data imported succesfully!
shapes data imported succesfully!
shapes data imported succesfully!
shapes data imported succesfully!
shapes data imported succesfully!
shapes data imported succesfully!
shapes data imported succesfully!
shapes data imported succesfully!
shapes data imported succesfully!
shapes data imported succesfully!
shapes data imported succesfully!
shapes data imported succesfully!
shapes data imported succesfully!
shapes data imported succesfully!
shapes data imported succesfully!
shapes data imported succesfully!
shapes data imported succesfully!
shapes data imported succesfully!
shapes data imported succesfully!
shapes data imported succesfully!
shapes data imported succesfully!
shapes data imported succesfully!
shapes data imported succesfully!
shapes data imported succesfully!
shapes data imported succesfully!
shapes data imported succesfully!
shapes data imported succesfully!
shapes data imported succesfully!
shapes data imported succesfully!
shapes data imported succesfully!
shapes data imported succesfully!
shapes data imported succesfully!
shapes data imported succesfully!
shapes data imported succesfully!
shapes data imported succesfully!
shapes data imported succesfully!
shapes data imported succesfully!
shapes data imported succesfully!
shapes data imported succesfully!
shapes data imported succesfully!
shapes data imported succesfully!
shapes data imported succesfully!
shapes data imported succesfully!
shapes data imported succesfully!
shapes data imported succesfully!
shapes data imported succesfully!
shapes data imported succesfully!
shapes data imported succesfully!
shapes data imported succesfully!
shapes data imported succesfully!
shapes data imported succesfully!
shapes data imported succesfully!
shapes data imported succesfully!
shapes data imported succesfully!
shapes data imported succesfully!
shapes data imported succesfully!
shapes data imported succesfully!
shapes data imported succesfully!
shapes data imported succesfully!
shapes data imported succesfully!
shapes data imported succesfully!
shapes data imported succesfully!
shapes data imported succesfully!
shapes data imported succesfully!
shapes data imported succesfully!
shapes data imported succesfully!
shapes data imported succesfully!
shapes data imported succesfully!
shapes data imported succesfully!
shapes data imported succesfully!
shapes data imported succesfully!
shapes data imported succesfully!
shapes data imported succesfully!
shapes data imported succesfully!
shapes data imported succesfully!
shapes data imported succesfully!
shapes data imported succesfully!
shapes data imported succesfully!
shapes data imported succesfully!
shapes data imported succesfully!
shapes data imported succesfully!
shapes data imported succesfully!
shapes data imported succesfully!
shapes data imported succesfully!
shapes data imported succesfully!
shapes data imported succesfully!
shapes data imported succesfully!
shapes data imported succesfully!
shapes data imported succesfully!
shapes data imported succesfully!
shapes data imported succesfully!
shapes data imported succesfully!
shapes data imported succesfully!
shapes data imported succesfully!
shapes data imported succesfully!
shapes data imported succesfully!
shapes data imported succesfully!
shapes data imported succesfully!
shapes data imported succesfully!
shapes data imported succesfully!
shapes data imported succesfully!
shapes data imported succesfully!
shapes data imported succesfully!
shapes data imported succesfully!
shapes data imported succesfully!
shapes data imported succesfully!
shapes data imported succesfully!
shapes data imported succesfully!
shapes data imported succesfully!
shapes data imported succesfully!
shapes data imported succesfully!
shapes data imported succesfully!
shapes data imported succesfully!
shapes data imported succesfully!
shapes data imported succesfully!
shapes data imported succesfully!
shapes data imported succesfully!
shapes data imported succesfully!
shapes data imported succesfully!
shapes data imported succesfully!
shapes data imported succesfully!
shapes data imported succesfully!
shapes data imported succesfully!
shapes data imported succesfully!
shapes data imported succesfully!
shapes data imported succesfully!
shapes data imported succesfully!
shapes data imported succesfully!
shapes data imported succesfully!
shapes data imported succesfully!
shapes data imported succesfully!
shapes data imported succesfully!
shapes data imported succesfully!
shapes data imported succesfully!
shapes data imported succesfully!
shapes data imported succesfully!
shapes data imported succesfully!
shapes data imported succesfully!
shapes data imported succesfully!
shapes data imported succesfully!
shapes data imported succesfully!
shapes data imported succesfully!
shapes data imported succesfully!
shapes data imported succesfully!
shapes data imported succesfully!
shapes data imported succesfully!
shapes data imported succesfully!
shapes data imported succesfully!
shapes data imported succesfully!
shapes data imported succesfully!
shapes data imported succesfully!
shapes data imported succesfully!
shapes data imported succesfully!
shapes data imported succesfully!
shapes data imported succesfully!
shapes data imported succesfully!
shapes data imported succesfully!
shapes data imported succesfully!
shapes data imported succesfully!
shapes data imported succesfully!
shapes data imported succesfully!
shapes data imported succesfully!
shapes data imported succesfully!
shapes data imported succesfully!
shapes data imported succesfully!
shapes data imported succesfully!
shapes data imported succesfully!
shapes data imported succesfully!
shapes data imported succesfully!
shapes data imported succesfully!
shapes data imported succesfully!
shapes data imported succesfully!
shapes data imported succesfully!
shapes data imported succesfully!
shapes data imported succesfully!
shapes data imported succesfully!
shapes data imported succesfully!
shapes data imported succesfully!
shapes data imported succesfully!
shapes data imported succesfully!
shapes data imported succesfully!
shapes data imported succesfully!
shapes data imported succesfully!
shapes data imported succesfully!
shapes data imported succesfully!
shapes data imported succesfully!
shapes data imported succesfully!
shapes data imported succesfully!
shapes data imported succesfully!
shapes data imported succesfully!
shapes data imported succesfully!
shapes data imported succesfully!
shapes data imported succesfully!
shapes data imported succesfully!
shapes data imported succesfully!
shapes data imported succesfully!
shapes data imported succesfully!
shapes data imported succesfully!
shapes data imported succesfully!
shapes data imported succesfully!
shapes data imported succesfully!
shapes data imported succesfully!
shapes data imported succesfully!
shapes data imported succesfully!
shapes data imported succesfully!
shapes data imported succesfully!
shapes data imported succesfully!
shapes data imported succesfully!
shapes data imported succesfully!
shapes data imported succesfully!
shapes data imported succesfully!
shapes data imported succesfully!
shapes data imported succesfully!
shapes data imported succesfully!
shapes data imported succesfully!
shapes data imported succesfully!
shapes data imported succesfully!
shapes data imported succesfully!
shapes data imported succesfully!
shapes data imported succesfully!
shapes data imported succesfully!
shapes data imported succesfully!
shapes data imported succesfully!
shapes data imported succesfully!
shapes data imported succesfully!
shapes data imported succesfully!
shapes data imported succesfully!
shapes data imported succesfully!
shapes data imported succesfully!
shapes data imported succesfully!
shapes data imported succesfully!
shapes data imported succesfully!
shapes data imported succesfully!
shapes data imported succesfully!
shapes data imported succesfully!
shapes data imported succesfully!
shapes data imported succesfully!
shapes data imported succesfully!
shapes data imported succesfully!
shapes data imported succesfully!
shapes data imported succesfully!
shapes data imported succesfully!
shapes data imported succesfully!
shapes data imported succesfully!
shapes data imported succesfully!
shapes data imported succesfully!
shapes data imported succesfully!
shapes data imported succesfully!
shapes data imported succesfully!
shapes data imported succesfully!
shapes data imported succesfully!
shapes data imported succesfully!
shapes data imported succesfully!
shapes data imported succesfully!
shapes data imported succesfully!
shapes data imported succesfully!
shapes data imported succesfully!
shapes data imported succesfully!
shapes data imported succesfully!
shapes data imported succesfully!
shapes data imported succesfully!
shapes data imported succesfully!
shapes data imported succesfully!
shapes data imported succesfully!
shapes data imported succesfully!
shapes data imported succesfully!
shapes data imported succesfully!
shapes data imported succesfully!
shapes data imported succesfully!
shapes data imported succesfully!
shapes data imported succesfully!
shapes data imported succesfully!
shapes data imported succesfully!
shapes data imported succesfully!
shapes data imported succesfully!
shapes data imported succesfully!
shapes data imported succesfully!
shapes data imported succesfully!
shapes data imported succesfully!
shapes data imported succesfully!
shapes data imported succesfully!
shapes data imported succesfully!
shapes data imported succesfully!
shapes data imported succesfully!
shapes data imported succesfully!
shapes data imported succesfully!
shapes data imported succesfully!
shapes data imported succesfully!
shapes data imported succesfully!
shapes data imported succesfully!
shapes data imported succesfully!
shapes data imported succesfully!
shapes data imported succesfully!
shapes data imported succesfully!
shapes data imported succesfully!
shapes data imported succesfully!
shapes data imported succesfully!
shapes data imported succesfully!
shapes data imported succesfully!
shapes data imported succesfully!
shapes data imported succesfully!
shapes data imported succesfully!
shapes data imported succesfully!
shapes data imported succesfully!
shapes data imported succesfully!
shapes data imported succesfully!
shapes data imported succesfully!
shapes data imported succesfully!
shapes data imported succesfully!
shapes data imported succesfully!
shapes data imported succesfully!
shapes data imported succesfully!
shapes data imported succesfully!
shapes data imported succesfully!
shapes data imported succesfully!
shapes data imported succesfully!
shapes data imported succesfully!
shapes data imported succesfully!
shapes data imported succesfully!
shapes data imported succesfully!
shapes data imported succesfully!
shapes data imported succesfully!
shapes data imported succesfully!
shapes data imported succesfully!
shapes data imported succesfully!
shapes data imported succesfully!
shapes data imported succesfully!
shapes data imported succesfully!
shapes data imported succesfully!
shapes data imported succesfully!
shapes data imported succesfully!
shapes data imported succesfully!
shapes data imported succesfully!
shapes data imported succesfully!
shapes data imported succesfully!
shapes data imported succesfully!
shapes data imported succesfully!
shapes data imported succesfully!
shapes data imported succesfully!
shapes data imported succesfully!
shapes data imported succesfully!
shapes data imported succesfully!
shapes data imported succesfully!
shapes data imported succesfully!
shapes data imported succesfully!
shapes data imported succesfully!
shapes data imported succesfully!
shapes data imported succesfully!
shapes data imported succesfully!
shapes data imported succesfully!
shapes data imported succesfully!
shapes data imported succesfully!
shapes data imported succesfully!
shapes data imported succesfully!
shapes data imported succesfully!
shapes data imported succesfully!
shapes data imported succesfully!
shapes data imported succesfully!
shapes data imported succesfully!
shapes data imported succesfully!
shapes data imported succesfully!
shapes data imported succesfully!
shapes data imported succesfully!
shapes data imported succesfully!
shapes data imported succesfully!
shapes data imported succesfully!
shapes data imported succesfully!
shapes data imported succesfully!
shapes data imported succesfully!
shapes data imported succesfully!
shapes data imported succesfully!
shapes data imported succesfully!
shapes data imported succesfully!
shapes data imported succesfully!
shapes data imported succesfully!
shapes data imported succesfully!
shapes data imported succesfully!
shapes data imported succesfully!
shapes data imported succesfully!
shapes data imported succesfully!
shapes data imported succesfully!
shapes data imported succesfully!
shapes data imported succesfully!
shapes data imported succesfully!
shapes data imported succesfully!
shapes data imported succesfully!
shapes data imported succesfully!
shapes data imported succesfully!
shapes data imported succesfully!
shapes data imported succesfully!
shapes data imported succesfully!
shapes data imported succesfully!
shapes data imported succesfully!
shapes data imported succesfully!
shapes data imported succesfully!
shapes data imported succesfully!
shapes data imported succesfully!
shapes data imported succesfully!
shapes data imported succesfully!
shapes data imported succesfully!
shapes data imported succesfully!
shapes data imported succesfully!
shapes data imported succesfully!
shapes data imported succesfully!
shapes data imported succesfully!
shapes data imported succesfully!
shapes data imported succesfully!
shapes data imported succesfully!
shapes data imported succesfully!
shapes data imported succesfully!
shapes data imported succesfully!
shapes data imported succesfully!
shapes data imported succesfully!
shapes data imported succesfully!
shapes data imported succesfully!
shapes data imported succesfully!
shapes data imported succesfully!
shapes data imported succesfully!
shapes data imported succesfully!
shapes data imported succesfully!
shapes data imported succesfully!
shapes data imported succesfully!
shapes data imported succesfully!
shapes data imported succesfully!
shapes data imported succesfully!
shapes data imported succesfully!
shapes data imported succesfully!
shapes data imported succesfully!
shapes data imported succesfully!
shapes data imported succesfully!
shapes data imported succesfully!
shapes data imported succesfully!
shapes data imported succesfully!
shapes data imported succesfully!
shapes data imported succesfully!
shapes data imported succesfully!
shapes data imported succesfully!
shapes data imported succesfully!
shapes data imported succesfully!
shapes data imported succesfully!
shapes data imported succesfully!
shapes data imported succesfully!
shapes data imported succesfully!
shapes data imported succesfully!
shapes data imported succesfully!
shapes data imported succesfully!
shapes data imported succesfully!
shapes data imported succesfully!
shapes data imported succesfully!
shapes data imported succesfully!
shapes data imported succesfully!
shapes data imported succesfully!
shapes data imported succesfully!
shapes data imported succesfully!
shapes data imported succesfully!
shapes data imported succesfully!
shapes data imported succesfully!
shapes data imported succesfully!
shapes data imported succesfully!
shapes data imported succesfully!
shapes data imported succesfully!
shapes data imported succesfully!
shapes data imported succesfully!
shapes data imported succesfully!
shapes data imported succesfully!
shapes data imported succesfully!
shapes data imported succesfully!
shapes data imported succesfully!
shapes data imported succesfully!
shapes data imported succesfully!
shapes data imported succesfully!
shapes data imported succesfully!
shapes data imported succesfully!
shapes data imported succesfully!
shapes data imported succesfully!
shapes data imported succesfully!
shapes data imported succesfully!
shapes data imported succesfully!
shapes data imported succesfully!
shapes data imported succesfully!
shapes data imported succesfully!
shapes data imported succesfully!
shapes data imported succesfully!
shapes data imported succesfully!
shapes data imported succesfully!
shapes data imported succesfully!
shapes data imported succesfully!
shapes data imported succesfully!
shapes data imported succesfully!
shapes data imported succesfully!
shapes data imported succesfully!
shapes data imported succesfully!
shapes data imported succesfully!
shapes data imported succesfully!
shapes data imported succesfully!
shapes data imported succesfully!
shapes data imported succesfully!
shapes data imported succesfully!
shapes data imported succesfully!
shapes data imported succesfully!
shapes data imported succesfully!
shapes data imported succesfully!
shapes data imported succesfully!
shapes data imported succesfully!
shapes data imported succesfully!
shapes data imported succesfully!
shapes data imported succesfully!
shapes data imported succesfully!
shapes data imported succesfully!
shapes data imported succesfully!
shapes data imported succesfully!
shapes data imported succesfully!
shapes data imported succesfully!
shapes data imported succesfully!
shapes data imported succesfully!
shapes data imported succesfully!
shapes data imported succesfully!
shapes data imported succesfully!
shapes data imported succesfully!
shapes data imported succesfully!
shapes data imported succesfully!
shapes data imported succesfully!
shapes data imported succesfully!
shapes data imported succesfully!
shapes data imported succesfully!
shapes data imported succesfully!
shapes data imported succesfully!
shapes data imported succesfully!
shapes data imported succesfully!
shapes data imported succesfully!
shapes data imported succesfully!
shapes data imported succesfully!
shapes data imported succesfully!
shapes data imported succesfully!
shapes data imported succesfully!
shapes data imported succesfully!
shapes data imported succesfully!
shapes data imported succesfully!
shapes data imported succesfully!
shapes data imported succesfully!
shapes data imported succesfully!
shapes data imported succesfully!
shapes data imported succesfully!
shapes data imported succesfully!
shapes data imported succesfully!
shapes data imported succesfully!
shapes data imported succesfully!
shapes data imported succesfully!
shapes data imported succesfully!
shapes data imported succesfully!
shapes data imported succesfully!
shapes data imported succesfully!
shapes data imported succesfully!
shapes data imported succesfully!
shapes data imported succesfully!
shapes data imported succesfully!
shapes data imported succesfully!
shapes data imported succesfully!
shapes data imported succesfully!
shapes data imported succesfully!
shapes data imported succesfully!
shapes data imported succesfully!
shapes data imported succesfully!
shapes data imported succesfully!
shapes data imported succesfully!
shapes data imported succesfully!
shapes data imported succesfully!
shapes data imported succesfully!
shapes data imported succesfully!
shapes data imported succesfully!
shapes data imported succesfully!
shapes data imported succesfully!
shapes data imported succesfully!
shapes data imported succesfully!
shapes data imported succesfully!
shapes data imported succesfully!
shapes data imported succesfully!
shapes data imported succesfully!
shapes data imported succesfully!
shapes data imported succesfully!
shapes data imported succesfully!
shapes data imported succesfully!
shapes data imported succesfully!
shapes data imported succesfully!
shapes data imported succesfully!
shapes data imported succesfully!
shapes data imported succesfully!
shapes data imported succesfully!
shapes data imported succesfully!
shapes data imported succesfully!
shapes data imported succesfully!
shapes data imported succesfully!
shapes data imported succesfully!
shapes data imported succesfully!
shapes data imported succesfully!
shapes data imported succesfully!
shapes data imported succesfully!
shapes data imported succesfully!
shapes data imported succesfully!
shapes data imported succesfully!
shapes data imported succesfully!
shapes data imported succesfully!
shapes data imported succesfully!
shapes data imported succesfully!
shapes data imported succesfully!
shapes data imported succesfully!
shapes data imported succesfully!
shapes data imported succesfully!
shapes data imported succesfully!
shapes data imported succesfully!
shapes data imported succesfully!
shapes data imported succesfully!
shapes data imported succesfully!
shapes data imported succesfully!
shapes data imported succesfully!
shapes data imported succesfully!
shapes data imported succesfully!
shapes data imported succesfully!
shapes data imported succesfully!
shapes data imported succesfully!
shapes data imported succesfully!
shapes data imported succesfully!
shapes data imported succesfully!
shapes data imported succesfully!
shapes data imported succesfully!
shapes data imported succesfully!
shapes data imported succesfully!
shapes data imported succesfully!
shapes data imported succesfully!
shapes data imported succesfully!
shapes data imported succesfully!
shapes data imported succesfully!
shapes data imported succesfully!
shapes data imported succesfully!
shapes data imported succesfully!
shapes data imported succesfully!
shapes data imported succesfully!
shapes data imported succesfully!
shapes data imported succesfully!
shapes data imported succesfully!
shapes data imported succesfully!
shapes data imported succesfully!
shapes data imported succesfully!
shapes data imported succesfully!
shapes data imported succesfully!
shapes data imported succesfully!
shapes data imported succesfully!
shapes data imported succesfully!
shapes data imported succesfully!
shapes data imported succesfully!
shapes data imported succesfully!
shapes data imported succesfully!
shapes data imported succesfully!
shapes data imported succesfully!
shapes data imported succesfully!
shapes data imported succesfully!
shapes data imported succesfully!
shapes data imported succesfully!
shapes data imported succesfully!
shapes data imported succesfully!
shapes data imported succesfully!
shapes data imported succesfully!
shapes data imported succesfully!
shapes data imported succesfully!
shapes data imported succesfully!
shapes data imported succesfully!
shapes data imported succesfully!
shapes data imported succesfully!
shapes data imported succesfully!
shapes data imported succesfully!
shapes data imported succesfully!
shapes data imported succesfully!
shapes data imported succesfully!
shapes data imported succesfully!
shapes data imported succesfully!
shapes data imported succesfully!
shapes data imported succesfully!
shapes data imported succesfully!
shapes data imported succesfully!
shapes data imported succesfully!
shapes data imported succesfully!
shapes data imported succesfully!
shapes data imported succesfully!
shapes data imported succesfully!
shapes data imported succesfully!
shapes data imported succesfully!
shapes data imported succesfully!
shapes data imported succesfully!
shapes data imported succesfully!
shapes data imported succesfully!
shapes data imported succesfully!
shapes data imported succesfully!
shapes data imported succesfully!
shapes data imported succesfully!
shapes data imported succesfully!
shapes data imported succesfully!
shapes data imported succesfully!
shapes data imported succesfully!
shapes data imported succesfully!
shapes data imported succesfully!
shapes data imported succesfully!
shapes data imported succesfully!
shapes data imported succesfully!
shapes data imported succesfully!
shapes data imported succesfully!
shapes data imported succesfully!
shapes data imported succesfully!
shapes data imported succesfully!
shapes data imported succesfully!
shapes data imported succesfully!
shapes data imported succesfully!
shapes data imported succesfully!
shapes data imported succesfully!
shapes data imported succesfully!
shapes data imported succesfully!
shapes data imported succesfully!
shapes data imported succesfully!
shapes data imported succesfully!
shapes data imported succesfully!
shapes data imported succesfully!
shapes data imported succesfully!
shapes data imported succesfully!
shapes data imported succesfully!
shapes data imported succesfully!
shapes data imported succesfully!
shapes data imported succesfully!
shapes data imported succesfully!
shapes data imported succesfully!
shapes data imported succesfully!
shapes data imported succesfully!
shapes data imported succesfully!
shapes data imported succesfully!
shapes data imported succesfully!
shapes data imported succesfully!
shapes data imported succesfully!
shapes data imported succesfully!
shapes data imported succesfully!
shapes data imported succesfully!
shapes data imported succesfully!
shapes data imported succesfully!
shapes data imported succesfully!
shapes data imported succesfully!
shapes data imported succesfully!
shapes data imported succesfully!
shapes data imported succesfully!
shapes data imported succesfully!
shapes data imported succesfully!
shapes data imported succesfully!
shapes data imported succesfully!
shapes data imported succesfully!
shapes data imported succesfully!
shapes data imported succesfully!
shapes data imported succesfully!
shapes data imported succesfully!
shapes data imported succesfully!
shapes data imported succesfully!
shapes data imported succesfully!
shapes data imported succesfully!
shapes data imported succesfully!
shapes data imported succesfully!
shapes data imported succesfully!
shapes data imported succesfully!
shapes data imported succesfully!
shapes data imported succesfully!
shapes data imported succesfully!
shapes data imported succesfully!
shapes data imported succesfully!
shapes data imported succesfully!
shapes data imported succesfully!
shapes data imported succesfully!
shapes data imported succesfully!
shapes data imported succesfully!
shapes data imported succesfully!
shapes data imported succesfully!
shapes data imported succesfully!
shapes data imported succesfully!
shapes data imported succesfully!
shapes data imported succesfully!
shapes data imported succesfully!
shapes data imported succesfully!
shapes data imported succesfully!
shapes data imported succesfully!
shapes data imported succesfully!
shapes data imported succesfully!
shapes data imported succesfully!
shapes data imported succesfully!
shapes data imported succesfully!
shapes data imported succesfully!
shapes data imported succesfully!
shapes data imported succesfully!
shapes data imported succesfully!
shapes data imported succesfully!
shapes data imported succesfully!
shapes data imported succesfully!
shapes data imported succesfully!
shapes data imported succesfully!
shapes data imported succesfully!
shapes data imported succesfully!
shapes data imported succesfully!
shapes data imported succesfully!
shapes data imported succesfully!
shapes data imported succesfully!
shapes data imported succesfully!
shapes data imported succesfully!
shapes data imported succesfully!
shapes data imported succesfully!
shapes data imported succesfully!
shapes data imported succesfully!
shapes data imported succesfully!
shapes data imported succesfully!
shapes data imported succesfully!
shapes data imported succesfully!
shapes data imported succesfully!
shapes data imported succesfully!
shapes data imported succesfully!
shapes data imported succesfully!
shapes data imported succesfully!
shapes data imported succesfully!
shapes data imported succesfully!
shapes data imported succesfully!
shapes data imported succesfully!
shapes data imported succesfully!
shapes data imported succesfully!
shapes data imported succesfully!
shapes data imported succesfully!
shapes data imported succesfully!
shapes data imported succesfully!
shapes data imported succesfully!
shapes data imported succesfully!
shapes data imported succesfully!
shapes data imported succesfully!
shapes data imported succesfully!
shapes data imported succesfully!
shapes data imported succesfully!
shapes data imported succesfully!
shapes data imported succesfully!
shapes data imported succesfully!
shapes data imported succesfully!
shapes data imported succesfully!
shapes data imported succesfully!
shapes data imported succesfully!
shapes data imported succesfully!
shapes data imported succesfully!
shapes data imported succesfully!
shapes data imported succesfully!
shapes data imported succesfully!
shapes data imported succesfully!
shapes data imported succesfully!
shapes data imported succesfully!
shapes data imported succesfully!
shapes data imported succesfully!
shapes data imported succesfully!
shapes data imported succesfully!
shapes data imported succesfully!
shapes data imported succesfully!
shapes data imported succesfully!
shapes data imported succesfully!
shapes data imported succesfully!
shapes data imported succesfully!
shapes data imported succesfully!
shapes data imported succesfully!
shapes data imported succesfully!
shapes data imported succesfully!
shapes data imported succesfully!
shapes data imported succesfully!
shapes data imported succesfully!
shapes data imported succesfully!
shapes data imported succesfully!
shapes data imported succesfully!
shapes data imported succesfully!
shapes data imported succesfully!
shapes data imported succesfully!
shapes data imported succesfully!
shapes data imported succesfully!
shapes data imported succesfully!
shapes data imported succesfully!
shapes data imported succesfully!
shapes data imported succesfully!
shapes data imported succesfully!
shapes data imported succesfully!
shapes data imported succesfully!
shapes data imported succesfully!
shapes data imported succesfully!
shapes data imported succesfully!
shapes data imported succesfully!
shapes data imported succesfully!
shapes data imported succesfully!
shapes data imported succesfully!
shapes data imported succesfully!
shapes data imported succesfully!
shapes data imported succesfully!
shapes data imported succesfully!
shapes data imported succesfully!
shapes data imported succesfully!
shapes data imported succesfully!
shapes data imported succesfully!
shapes data imported succesfully!
shapes data imported succesfully!
shapes data imported succesfully!
shapes data imported succesfully!
shapes data imported succesfully!
shapes data imported succesfully!
shapes data imported succesfully!
shapes data imported succesfully!
shapes data imported succesfully!
shapes data imported succesfully!
shapes data imported succesfully!
shapes data imported succesfully!
shapes data imported succesfully!
shapes data imported succesfully!
shapes data imported succesfully!
shapes data imported succesfully!
shapes data imported succesfully!
shapes data imported succesfully!
shapes data imported succesfully!
shapes data imported succesfully!
shapes data imported succesfully!
shapes data imported succesfully!
shapes data imported succesfully!
shapes data imported succesfully!
shapes data imported succesfully!
shapes data imported succesfully!
shapes data imported succesfully!
shapes data imported succesfully!
shapes data imported succesfully!
shapes data imported succesfully!
shapes data imported succesfully!
shapes data imported succesfully!
shapes data imported succesfully!
shapes data imported succesfully!
shapes data imported succesfully!
shapes data imported succesfully!
shapes data imported succesfully!
shapes data imported succesfully!
shapes data imported succesfully!
shapes data imported succesfully!
shapes data imported succesfully!
shapes data imported succesfully!
shapes data imported succesfully!
shapes data imported succesfully!
shapes data imported succesfully!
shapes data imported succesfully!
shapes data imported succesfully!
shapes data imported succesfully!
shapes data imported succesfully!
shapes data imported succesfully!
shapes data imported succesfully!
shapes data imported succesfully!
shapes data imported succesfully!
shapes data imported succesfully!
shapes data imported succesfully!
shapes data imported succesfully!
shapes data imported succesfully!
shapes data imported succesfully!
shapes data imported succesfully!
shapes data imported succesfully!
shapes data imported succesfully!
shapes data imported succesfully!
shapes data imported succesfully!
shapes data imported succesfully!
shapes data imported succesfully!
shapes data imported succesfully!
shapes data imported succesfully!
shapes data imported succesfully!
shapes data imported succesfully!
shapes data imported succesfully!
shapes data imported succesfully!
shapes data imported succesfully!
shapes data imported succesfully!
shapes data imported succesfully!
shapes data imported succesfully!
shapes data imported succesfully!
shapes data imported succesfully!
shapes data imported succesfully!
shapes data imported succesfully!
shapes data imported succesfully!
shapes data imported succesfully!
shapes data imported succesfully!
shapes data imported succesfully!
shapes data imported succesfully!
shapes data imported succesfully!
shapes data imported succesfully!
shapes data imported succesfully!
shapes data imported succesfully!
shapes data imported succesfully!
shapes data imported succesfully!
shapes data imported succesfully!
shapes data imported succesfully!
shapes data imported succesfully!
shapes data imported succesfully!
shapes data imported succesfully!
shapes data imported succesfully!
shapes data imported succesfully!
shapes data imported succesfully!
shapes data imported succesfully!
shapes data imported succesfully!
shapes data imported succesfully!
shapes data imported succesfully!
shapes data imported succesfully!
shapes data imported succesfully!
shapes data imported succesfully!
shapes data imported succesfully!
shapes data imported succesfully!
shapes data imported succesfully!
shapes data imported succesfully!
shapes data imported succesfully!
shapes data imported succesfully!
shapes data imported succesfully!
shapes data imported succesfully!
shapes data imported succesfully!
shapes data imported succesfully!
shapes data imported succesfully!
shapes data imported succesfully!
shapes data imported succesfully!
shapes data imported succesfully!
shapes data imported succesfully!
shapes data imported succesfully!
shapes data imported succesfully!
shapes data imported succesfully!
shapes data imported succesfully!
shapes data imported succesfully!
shapes data imported succesfully!
shapes data imported succesfully!
shapes data imported succesfully!
shapes data imported succesfully!
shapes data imported succesfully!
shapes data imported succesfully!
shapes data imported succesfully!
shapes data imported succesfully!
shapes data imported succesfully!
shapes data imported succesfully!
shapes data imported succesfully!
shapes data imported succesfully!
shapes data imported succesfully!
shapes data imported succesfully!
shapes data imported succesfully!
shapes data imported succesfully!
shapes data imported succesfully!
shapes data imported succesfully!
shapes data imported succesfully!
shapes data imported succesfully!
shapes data imported succesfully!
shapes data imported succesfully!
shapes data imported succesfully!
shapes data imported succesfully!
shapes data imported succesfully!
shapes data imported succesfully!
shapes data imported succesfully!
shapes data imported succesfully!
shapes data imported succesfully!
shapes data imported succesfully!
shapes data imported succesfully!
shapes data imported succesfully!
shapes data imported succesfully!
shapes data imported succesfully!
shapes data imported succesfully!
shapes data imported succesfully!
shapes data imported succesfully!
shapes data imported succesfully!
shapes data imported succesfully!
shapes data imported succesfully!
shapes data imported succesfully!
shapes data imported succesfully!
shapes data imported succesfully!
shapes data imported succesfully!
shapes data imported succesfully!
shapes data imported succesfully!
shapes data imported succesfully!
shapes data imported succesfully!
shapes data imported succesfully!
shapes data imported succesfully!
shapes data imported succesfully!
shapes data imported succesfully!
shapes data imported succesfully!
shapes data imported succesfully!
shapes data imported succesfully!
shapes data imported succesfully!
shapes data imported succesfully!
shapes data imported succesfully!
shapes data imported succesfully!
shapes data imported succesfully!
shapes data imported succesfully!
shapes data imported succesfully!
shapes data imported succesfully!
shapes data imported succesfully!
shapes data imported succesfully!
shapes data imported succesfully!
shapes data imported succesfully!
shapes data imported succesfully!
shapes data imported succesfully!
shapes data imported succesfully!
shapes data imported succesfully!
shapes data imported succesfully!
shapes data imported succesfully!
shapes data imported succesfully!
shapes data imported succesfully!
shapes data imported succesfully!
shapes data imported succesfully!
shapes data imported succesfully!
shapes data imported succesfully!
shapes data imported succesfully!
shapes data imported succesfully!
shapes data imported succesfully!
shapes data imported succesfully!
shapes data imported succesfully!
shapes data imported succesfully!
shapes data imported succesfully!
shapes data imported succesfully!
shapes data imported succesfully!
shapes data imported succesfully!
shapes data imported succesfully!
shapes data imported succesfully!
shapes data imported succesfully!
shapes data imported succesfully!
shapes data imported succesfully!
shapes data imported succesfully!
shapes data imported succesfully!
shapes data imported succesfully!
shapes data imported succesfully!
shapes data imported succesfully!
shapes data imported succesfully!
shapes data imported succesfully!
shapes data imported succesfully!
shapes data imported succesfully!
shapes data imported succesfully!
shapes data imported succesfully!
shapes data imported succesfully!
shapes data imported succesfully!
shapes data imported succesfully!
shapes data imported succesfully!
shapes data imported succesfully!
shapes data imported succesfully!
shapes data imported succesfully!
shapes data imported succesfully!
shapes data imported succesfully!
shapes data imported succesfully!
shapes data imported succesfully!
shapes data imported succesfully!
shapes data imported succesfully!
shapes data imported succesfully!
shapes data imported succesfully!
shapes data imported succesfully!
shapes data imported succesfully!
shapes data imported succesfully!
shapes data imported succesfully!
shapes data imported succesfully!
shapes data imported succesfully!
shapes data imported succesfully!
shapes data imported succesfully!
shapes data imported succesfully!
shapes data imported succesfully!
shapes data imported succesfully!
shapes data imported succesfully!
shapes data imported succesfully!
shapes data imported succesfully!
shapes data imported succesfully!
shapes data imported succesfully!
shapes data imported succesfully!
shapes data imported succesfully!
shapes data imported succesfully!
shapes data imported succesfully!
shapes data imported succesfully!
shapes data imported succesfully!
shapes data imported succesfully!
shapes data imported succesfully!
shapes data imported succesfully!
shapes data imported succesfully!
shapes data imported succesfully!
shapes data imported succesfully!
shapes data imported succesfully!
shapes data imported succesfully!
shapes data imported succesfully!
shapes data imported succesfully!
shapes data imported succesfully!
shapes data imported succesfully!
shapes data imported succesfully!
shapes data imported succesfully!
shapes data imported succesfully!
shapes data imported succesfully!
shapes data imported succesfully!
shapes data imported succesfully!
shapes data imported succesfully!
shapes data imported succesfully!
shapes data imported succesfully!
shapes data imported succesfully!
shapes data imported succesfully!
shapes data imported succesfully!
shapes data imported succesfully!
shapes data imported succesfully!
shapes data imported succesfully!
shapes data imported succesfully!
shapes data imported succesfully!
shapes data imported succesfully!
shapes data imported succesfully!
shapes data imported succesfully!
shapes data imported succesfully!
shapes data imported succesfully!
shapes data imported succesfully!
shapes data imported succesfully!
shapes data imported succesfully!
shapes data imported succesfully!
shapes data imported succesfully!
shapes data imported succesfully!
shapes data imported succesfully!
shapes data imported succesfully!
shapes data imported succesfully!
shapes data imported succesfully!
shapes data imported succesfully!
shapes data imported succesfully!
shapes data imported succesfully!
shapes data imported succesfully!
shapes data imported succesfully!
shapes data imported succesfully!
shapes data imported succesfully!
shapes data imported succesfully!
shapes data imported succesfully!
shapes data imported succesfully!
shapes data imported succesfully!
shapes data imported succesfully!
shapes data imported succesfully!
shapes data imported succesfully!
shapes data imported succesfully!
shapes data imported succesfully!
shapes data imported succesfully!
shapes data imported succesfully!
shapes data imported succesfully!
shapes data imported succesfully!
shapes data imported succesfully!
shapes data imported succesfully!
shapes data imported succesfully!
shapes data imported succesfully!
shapes data imported succesfully!
shapes data imported succesfully!
shapes data imported succesfully!
shapes data imported succesfully!
shapes data imported succesfully!
shapes data imported succesfully!
shapes data imported succesfully!
shapes data imported succesfully!
shapes data imported succesfully!
shapes data imported succesfully!
shapes data imported succesfully!
shapes data imported succesfully!
shapes data imported succesfully!
shapes data imported succesfully!
shapes data imported succesfully!
shapes data imported succesfully!
shapes data imported succesfully!
shapes data imported succesfully!
shapes data imported succesfully!
shapes data imported succesfully!
shapes data imported succesfully!
shapes data imported succesfully!
shapes data imported succesfully!
shapes data imported succesfully!
shapes data imported succesfully!
shapes data imported succesfully!
shapes data imported succesfully!
shapes data imported succesfully!
shapes data imported succesfully!
shapes data imported succesfully!
shapes data imported succesfully!
shapes data imported succesfully!
shapes data imported succesfully!
shapes data imported succesfully!
shapes data imported succesfully!
shapes data imported succesfully!
shapes data imported succesfully!
shapes data imported succesfully!
shapes data imported succesfully!
shapes data imported succesfully!
shapes data imported succesfully!
shapes data imported succesfully!
shapes data imported succesfully!
shapes data imported succesfully!
shapes data imported succesfully!
shapes data imported succesfully!
shapes data imported succesfully!
shapes data imported succesfully!
shapes data imported succesfully!
shapes data imported succesfully!
shapes data imported succesfully!
shapes data imported succesfully!
shapes data imported succesfully!
shapes data imported succesfully!
shapes data imported succesfully!
shapes data imported succesfully!
shapes data imported succesfully!
shapes data imported succesfully!
shapes data imported succesfully!
shapes data imported succesfully!
shapes data imported succesfully!
shapes data imported succesfully!
shapes data imported succesfully!
shapes data imported succesfully!
shapes data imported succesfully!
shapes data imported succesfully!
shapes data imported succesfully!
shapes data imported succesfully!
shapes data imported succesfully!
shapes data imported succesfully!
shapes data imported succesfully!
shapes data imported succesfully!
shapes data imported succesfully!
shapes data imported succesfully!
shapes data imported succesfully!
shapes data imported succesfully!
shapes data imported succesfully!
shapes data imported succesfully!
shapes data imported succesfully!
shapes data imported succesfully!
shapes data imported succesfully!
shapes data imported succesfully!
shapes data imported succesfully!
shapes data imported succesfully!
shapes data imported succesfully!
shapes data imported succesfully!
shapes data imported succesfully!
shapes data imported succesfully!
shapes data imported succesfully!
shapes data imported succesfully!
shapes data imported succesfully!
shapes data imported succesfully!
shapes data imported succesfully!
shapes data imported succesfully!
shapes data imported succesfully!
shapes data imported succesfully!
shapes data imported succesfully!
shapes data imported succesfully!
shapes data imported succesfully!
shapes data imported succesfully!
shapes data imported succesfully!
shapes data imported succesfully!
shapes data imported succesfully!
shapes data imported succesfully!
shapes data imported succesfully!
shapes data imported succesfully!
shapes data imported succesfully!
shapes data imported succesfully!
shapes data imported succesfully!
shapes data imported succesfully!
shapes data imported succesfully!
shapes data imported succesfully!
shapes data imported succesfully!
shapes data imported succesfully!
shapes data imported succesfully!
shapes data imported succesfully!
shapes data imported succesfully!
shapes data imported succesfully!
shapes data imported succesfully!
shapes data imported succesfully!
shapes data imported succesfully!
shapes data imported succesfully!
shapes data imported succesfully!
shapes data imported succesfully!
shapes data imported succesfully!
shapes data imported succesfully!
shapes data imported succesfully!
shapes data imported succesfully!
shapes data imported succesfully!
shapes data imported succesfully!
shapes data imported succesfully!
shapes data imported succesfully!
shapes data imported succesfully!
shapes data imported succesfully!
shapes data imported succesfully!
shapes data imported succesfully!
shapes data imported succesfully!
shapes data imported succesfully!
shapes data imported succesfully!
shapes data imported succesfully!
shapes data imported succesfully!
shapes data imported succesfully!
shapes data imported succesfully!
shapes data imported succesfully!
shapes data imported succesfully!
shapes data imported succesfully!
shapes data imported succesfully!
shapes data imported succesfully!
shapes data imported succesfully!
shapes data imported succesfully!
shapes data imported succesfully!
shapes data imported succesfully!
shapes data imported succesfully!
shapes data imported succesfully!
shapes data imported succesfully!
shapes data imported succesfully!
shapes data imported succesfully!
shapes data imported succesfully!
shapes data imported succesfully!
shapes data imported succesfully!
shapes data imported succesfully!
shapes data imported succesfully!
shapes data imported succesfully!
shapes data imported succesfully!
shapes data imported succesfully!
shapes data imported succesfully!
shapes data imported succesfully!
shapes data imported succesfully!
shapes data imported succesfully!
shapes data imported succesfully!
shapes data imported succesfully!
shapes data imported succesfully!
shapes data imported succesfully!
shapes data imported succesfully!
shapes data imported succesfully!
shapes data imported succesfully!
shapes data imported succesfully!
shapes data imported succesfully!
shapes data imported succesfully!
shapes data imported succesfully!
shapes data imported succesfully!
shapes data imported succesfully!
shapes data imported succesfully!
shapes data imported succesfully!
shapes data imported succesfully!
shapes data imported succesfully!
shapes data imported succesfully!
shapes data imported succesfully!
shapes data imported succesfully!
shapes data imported succesfully!
shapes data imported succesfully!
shapes data imported succesfully!
shapes data imported succesfully!
shapes data imported succesfully!
shapes data imported succesfully!
shapes data imported succesfully!
shapes data imported succesfully!
shapes data imported succesfully!
shapes data imported succesfully!
shapes data imported succesfully!
shapes data imported succesfully!
shapes data imported succesfully!
shapes data imported succesfully!
shapes data imported succesfully!
shapes data imported succesfully!
shapes data imported succesfully!
shapes data imported succesfully!
shapes data imported succesfully!
shapes data imported succesfully!
shapes data imported succesfully!
shapes data imported succesfully!
shapes data imported succesfully!
shapes data imported succesfully!
shapes data imported succesfully!
shapes data imported succesfully!
shapes data imported succesfully!
shapes data imported succesfully!
shapes data imported succesfully!
shapes data imported succesfully!
shapes data imported succesfully!
shapes data imported succesfully!
shapes data imported succesfully!
shapes data imported succesfully!
shapes data imported succesfully!
shapes data imported succesfully!
shapes data imported succesfully!
shapes data imported succesfully!
shapes data imported succesfully!
shapes data imported succesfully!
shapes data imported succesfully!
shapes data imported succesfully!
shapes data imported succesfully!
shapes data imported succesfully!
shapes data imported succesfully!
shapes data imported succesfully!
shapes data imported succesfully!
shapes data imported succesfully!
shapes data imported succesfully!
shapes data imported succesfully!
shapes data imported succesfully!
shapes data imported succesfully!
shapes data imported succesfully!
shapes data imported succesfully!
shapes data imported succesfully!
shapes data imported succesfully!
shapes data imported succesfully!
shapes data imported succesfully!
shapes data imported succesfully!
shapes data imported succesfully!
shapes data imported succesfully!
shapes data imported succesfully!
shapes data imported succesfully!
shapes data imported succesfully!
shapes data imported succesfully!
shapes data imported succesfully!
shapes data imported succesfully!
shapes data imported succesfully!
shapes data imported succesfully!
shapes data imported succesfully!
shapes data imported succesfully!
shapes data imported succesfully!
shapes data imported succesfully!
shapes data imported succesfully!
shapes data imported succesfully!
shapes data imported succesfully!
shapes data imported succesfully!
shapes data imported succesfully!
shapes data imported succesfully!
shapes data imported succesfully!
shapes data imported succesfully!
shapes data imported succesfully!
shapes data imported succesfully!
shapes data imported succesfully!
shapes data imported succesfully!
shapes data imported succesfully!
shapes data imported succesfully!
shapes data imported succesfully!
shapes data imported succesfully!
shapes data imported succesfully!
shapes data imported succesfully!
shapes data imported succesfully!
shapes data imported succesfully!
shapes data imported succesfully!
shapes data imported succesfully!
shapes data imported succesfully!
shapes data imported succesfully!
shapes data imported succesfully!
shapes data imported succesfully!
shapes data imported succesfully!
shapes data imported succesfully!
shapes data imported succesfully!
shapes data imported succesfully!
shapes data imported succesfully!
shapes data imported succesfully!
shapes data imported succesfully!
shapes data imported succesfully!
shapes data imported succesfully!
shapes data imported succesfully!
shapes data imported succesfully!
shapes data imported succesfully!
shapes data imported succesfully!
shapes data imported succesfully!
shapes data imported succesfully!
shapes data imported succesfully!
shapes data imported succesfully!
shapes data imported succesfully!
shapes data imported succesfully!
shapes data imported succesfully!
shapes data imported succesfully!
shapes data imported succesfully!
shapes data imported succesfully!
shapes data imported succesfully!
shapes data imported succesfully!
shapes data imported succesfully!
shapes data imported succesfully!
shapes data imported succesfully!
shapes data imported succesfully!
shapes data imported succesfully!
shapes data imported succesfully!
shapes data imported succesfully!
shapes data imported succesfully!
shapes data imported succesfully!
shapes data imported succesfully!
shapes data imported succesfully!
shapes data imported succesfully!
shapes data imported succesfully!
shapes data imported succesfully!
shapes data imported succesfully!
shapes data imported succesfully!
shapes data imported succesfully!
shapes data imported succesfully!
shapes data imported succesfully!
shapes data imported succesfully!
shapes data imported succesfully!
shapes data imported succesfully!
shapes data imported succesfully!
shapes data imported succesfully!
shapes data imported succesfully!
shapes data imported succesfully!
shapes data imported succesfully!
shapes data imported succesfully!
shapes data imported succesfully!
shapes data imported succesfully!
shapes data imported succesfully!
shapes data imported succesfully!
shapes data imported succesfully!
shapes data imported succesfully!
shapes data imported succesfully!
shapes data imported succesfully!
shapes data imported succesfully!
shapes data imported succesfully!
shapes data imported succesfully!
shapes data imported succesfully!
shapes data imported succesfully!
shapes data imported succesfully!
shapes data imported succesfully!
shapes data imported succesfully!
shapes data imported succesfully!
shapes data imported succesfully!
shapes data imported succesfully!
shapes data imported succesfully!
shapes data imported succesfully!
shapes data imported succesfully!
shapes data imported succesfully!
shapes data imported succesfully!
shapes data imported succesfully!
shapes data imported succesfully!
shapes data imported succesfully!
shapes data imported succesfully!
shapes data imported succesfully!
shapes data imported succesfully!
shapes data imported succesfully!
shapes data imported succesfully!
shapes data imported succesfully!
shapes data imported succesfully!
shapes data imported succesfully!
shapes data imported succesfully!
shapes data imported succesfully!
shapes data imported succesfully!
shapes data imported succesfully!
shapes data imported succesfully!
shapes data imported succesfully!
shapes data imported succesfully!
shapes data imported succesfully!
shapes data imported succesfully!
shapes data imported succesfully!
shapes data imported succesfully!
shapes data imported succesfully!
shapes data imported succesfully!
shapes data imported succesfully!
shapes data imported succesfully!
shapes data imported succesfully!
shapes data imported succesfully!
shapes data imported succesfully!
shapes data imported succesfully!
shapes data imported succesfully!
shapes data imported succesfully!
shapes data imported succesfully!
shapes data imported succesfully!
shapes data imported succesfully!
shapes data imported succesfully!
shapes data imported succesfully!
shapes data imported succesfully!
shapes data imported succesfully!
shapes data imported succesfully!
shapes data imported succesfully!
shapes data imported succesfully!
shapes data imported succesfully!
shapes data imported succesfully!
shapes data imported succesfully!
shapes data imported succesfully!
shapes data imported succesfully!
shapes data imported succesfully!
shapes data imported succesfully!
shapes data imported succesfully!
shapes data imported succesfully!
shapes data imported succesfully!
shapes data imported succesfully!
shapes data imported succesfully!
shapes data imported succesfully!
shapes data imported succesfully!
shapes data imported succesfully!
shapes data imported succesfully!
shapes data imported succesfully!
shapes data imported succesfully!
shapes data imported succesfully!
shapes data imported succesfully!
shapes data imported succesfully!
shapes data imported succesfully!
shapes data imported succesfully!
shapes data imported succesfully!
shapes data imported succesfully!
shapes data imported succesfully!
shapes data imported succesfully!
shapes data imported succesfully!
shapes data imported succesfully!
shapes data imported succesfully!
shapes data imported succesfully!
shapes data imported succesfully!
shapes data imported succesfully!
shapes data imported succesfully!
shapes data imported succesfully!
shapes data imported succesfully!
shapes data imported succesfully!
shapes data imported succesfully!
shapes data imported succesfully!
shapes data imported succesfully!
shapes data imported succesfully!
shapes data imported succesfully!
shapes data imported succesfully!
shapes data imported succesfully!
shapes data imported succesfully!
shapes data imported succesfully!
shapes data imported succesfully!
shapes data imported succesfully!
shapes data imported succesfully!
shapes data imported succesfully!
shapes data imported succesfully!
shapes data imported succesfully!
shapes data imported succesfully!
shapes data imported succesfully!
shapes data imported succesfully!
shapes data imported succesfully!
shapes data imported succesfully!
shapes data imported succesfully!
shapes data imported succesfully!
shapes data imported succesfully!
shapes data imported succesfully!
shapes data imported succesfully!
shapes data imported succesfully!
shapes data imported succesfully!
shapes data imported succesfully!
shapes data imported succesfully!
shapes data imported succesfully!
shapes data imported succesfully!
shapes data imported succesfully!
shapes data imported succesfully!
shapes data imported succesfully!
shapes data imported succesfully!
shapes data imported succesfully!
shapes data imported succesfully!
shapes data imported succesfully!
shapes data imported succesfully!
shapes data imported succesfully!
shapes data imported succesfully!
shapes data imported succesfully!
shapes data imported succesfully!
shapes data imported succesfully!
shapes data imported succesfully!
shapes data imported succesfully!
shapes data imported succesfully!
shapes data imported succesfully!
shapes data imported succesfully!
shapes data imported succesfully!
shapes data imported succesfully!
shapes data imported succesfully!
shapes data imported succesfully!
shapes data imported succesfully!
shapes data imported succesfully!
shapes data imported succesfully!
shapes data imported succesfully!
shapes data imported succesfully!
shapes data imported succesfully!
shapes data imported succesfully!
shapes data imported succesfully!
shapes data imported succesfully!
shapes data imported succesfully!
shapes data imported succesfully!
shapes data imported succesfully!
shapes data imported succesfully!
shapes data imported succesfully!
shapes data imported succesfully!
shapes data imported succesfully!
shapes data imported succesfully!
shapes data imported succesfully!
shapes data imported succesfully!
shapes data imported succesfully!
shapes data imported succesfully!
shapes data imported succesfully!
shapes data imported succesfully!
shapes data imported succesfully!
shapes data imported succesfully!
shapes data imported succesfully!
shapes data imported succesfully!
shapes data imported succesfully!
shapes data imported succesfully!
shapes data imported succesfully!
shapes data imported succesfully!
shapes data imported succesfully!
shapes data imported succesfully!
shapes data imported succesfully!
shapes data imported succesfully!
shapes data imported succesfully!
shapes data imported succesfully!
shapes data imported succesfully!
shapes data imported succesfully!
shapes data imported succesfully!
shapes data imported succesfully!
shapes data imported succesfully!
shapes data imported succesfully!
shapes data imported succesfully!
shapes data imported succesfully!
shapes data imported succesfully!
shapes data imported succesfully!
shapes data imported succesfully!
shapes data imported succesfully!
shapes data imported succesfully!
shapes data imported succesfully!
shapes data imported succesfully!
shapes data imported succesfully!
shapes data imported succesfully!
shapes data imported succesfully!
shapes data imported succesfully!
shapes data imported succesfully!
shapes data imported succesfully!
shapes data imported succesfully!
shapes data imported succesfully!
shapes data imported succesfully!
shapes data imported succesfully!
shapes data imported succesfully!
shapes data imported succesfully!
shapes data imported succesfully!
shapes data imported succesfully!
shapes data imported succesfully!
shapes data imported succesfully!
shapes data imported succesfully!
shapes data imported succesfully!
shapes data imported succesfully!
shapes data imported succesfully!
shapes data imported succesfully!
shapes data imported succesfully!
shapes data imported succesfully!
shapes data imported succesfully!
shapes data imported succesfully!
shapes data imported succesfully!
shapes data imported succesfully!
shapes data imported succesfully!
shapes data imported succesfully!
shapes data imported succesfully!
shapes data imported succesfully!
shapes data imported succesfully!
shapes data imported succesfully!
shapes data imported succesfully!
shapes data imported succesfully!
shapes data imported succesfully!
shapes data imported succesfully!
shapes data imported succesfully!
shapes data imported succesfully!
shapes data imported succesfully!
shapes data imported succesfully!
shapes data imported succesfully!
shapes data imported succesfully!
shapes data imported succesfully!
shapes data imported succesfully!
shapes data imported succesfully!
shapes data imported succesfully!
shapes data imported succesfully!
shapes data imported succesfully!
shapes data imported succesfully!
shapes data imported succesfully!
shapes data imported succesfully!
shapes data imported succesfully!
shapes data imported succesfully!
shapes data imported succesfully!
shapes data imported succesfully!
shapes data imported succesfully!
shapes data imported succesfully!
shapes data imported succesfully!
shapes data imported succesfully!
shapes data imported succesfully!
shapes data imported succesfully!
shapes data imported succesfully!
shapes data imported succesfully!
shapes data imported succesfully!
shapes data imported succesfully!
shapes data imported succesfully!
shapes data imported succesfully!
shapes data imported succesfully!
shapes data imported succesfully!
shapes data imported succesfully!
shapes data imported succesfully!
shapes data imported succesfully!
shapes data imported succesfully!
shapes data imported succesfully!
shapes data imported succesfully!
shapes data imported succesfully!
shapes data imported succesfully!
shapes data imported succesfully!
shapes data imported succesfully!
shapes data imported succesfully!
shapes data imported succesfully!
shapes data imported succesfully!
shapes data imported succesfully!
shapes data imported succesfully!
shapes data imported succesfully!
shapes data imported succesfully!
shapes data imported succesfully!
shapes data imported succesfully!
shapes data imported succesfully!
shapes data imported succesfully!
shapes data imported succesfully!
shapes data imported succesfully!
shapes data imported succesfully!
shapes data imported succesfully!
shapes data imported succesfully!
shapes data imported succesfully!
shapes data imported succesfully!
shapes data imported succesfully!
shapes data imported succesfully!
shapes data imported succesfully!
shapes data imported succesfully!
shapes data imported succesfully!
shapes data imported succesfully!
shapes data imported succesfully!
shapes data imported succesfully!
shapes data imported succesfully!
shapes data imported succesfully!
shapes data imported succesfully!
shapes data imported succesfully!
shapes data imported succesfully!
shapes data imported succesfully!
shapes data imported succesfully!
shapes data imported succesfully!
shapes data imported succesfully!
shapes data imported succesfully!
shapes data imported succesfully!
shapes data imported succesfully!
shapes data imported succesfully!
shapes data imported succesfully!
shapes data imported succesfully!
shapes data imported succesfully!
shapes data imported succesfully!
shapes data imported succesfully!
shapes data imported succesfully!
shapes data imported succesfully!
shapes data imported succesfully!
shapes data imported succesfully!
shapes data imported succesfully!
shapes data imported succesfully!
shapes data imported succesfully!
shapes data imported succesfully!
shapes data imported succesfully!
shapes data imported succesfully!
shapes data imported succesfully!
shapes data imported succesfully!
shapes data imported succesfully!
shapes data imported succesfully!
shapes data imported succesfully!
shapes data imported succesfully!
shapes data imported succesfully!
shapes data imported succesfully!
shapes data imported succesfully!
shapes data imported succesfully!
shapes data imported succesfully!
shapes data imported succesfully!
shapes data imported succesfully!
shapes data imported succesfully!
shapes data imported succesfully!
shapes data imported succesfully!
shapes data imported succesfully!
shapes data imported succesfully!
shapes data imported succesfully!
shapes data imported succesfully!
shapes data imported succesfully!
shapes data imported succesfully!
shapes data imported succesfully!
shapes data imported succesfully!
shapes data imported succesfully!
shapes data imported succesfully!
shapes data imported succesfully!
shapes data imported succesfully!
shapes data imported succesfully!
shapes data imported succesfully!
shapes data imported succesfully!
shapes data imported succesfully!
shapes data imported succesfully!
shapes data imported succesfully!
shapes data imported succesfully!
shapes data imported succesfully!
shapes data imported succesfully!
shapes data imported succesfully!
shapes data imported succesfully!
shapes data imported succesfully!
shapes data imported succesfully!
shapes data imported succesfully!
shapes data imported succesfully!
shapes data imported succesfully!
shapes data imported succesfully!
shapes data imported succesfully!
shapes data imported succesfully!
shapes data imported succesfully!
shapes data imported succesfully!
shapes data imported succesfully!
shapes data imported succesfully!
shapes data imported succesfully!
shapes data imported succesfully!
shapes data imported succesfully!
shapes data imported succesfully!
shapes data imported succesfully!
shapes data imported succesfully!
shapes data imported succesfully!
shapes data imported succesfully!
shapes data imported succesfully!
shapes data imported succesfully!
shapes data imported succesfully!
shapes data imported succesfully!
shapes data imported succesfully!
shapes data imported succesfully!
shapes data imported succesfully!
shapes data imported succesfully!
shapes data imported succesfully!
shapes data imported succesfully!
shapes data imported succesfully!
shapes data imported succesfully!
shapes data imported succesfully!
shapes data imported succesfully!
shapes data imported succesfully!
shapes data imported succesfully!
shapes data imported succesfully!
shapes data imported succesfully!
shapes data imported succesfully!
shapes data imported succesfully!
shapes data imported succesfully!
shapes data imported succesfully!
shapes data imported succesfully!
shapes data imported succesfully!
shapes data imported succesfully!
shapes data imported succesfully!
shapes data imported succesfully!
shapes data imported succesfully!
shapes data imported succesfully!
shapes data imported succesfully!
shapes data imported succesfully!
shapes data imported succesfully!
shapes data imported succesfully!
shapes data imported succesfully!
shapes data imported succesfully!
shapes data imported succesfully!
shapes data imported succesfully!
shapes data imported succesfully!
shapes data imported succesfully!
shapes data imported succesfully!
shapes data imported succesfully!
shapes data imported succesfully!
shapes data imported succesfully!
shapes data imported succesfully!
shapes data imported succesfully!
shapes data imported succesfully!
shapes data imported succesfully!
shapes data imported succesfully!
shapes data imported succesfully!
shapes data imported succesfully!
shapes data imported succesfully!
shapes data imported succesfully!
shapes data imported succesfully!
shapes data imported succesfully!
shapes data imported succesfully!
shapes data imported succesfully!
shapes data imported succesfully!
shapes data imported succesfully!
shapes data imported succesfully!
shapes data imported succesfully!
shapes data imported succesfully!
shapes data imported succesfully!
shapes data imported succesfully!
shapes data imported succesfully!
shapes data imported succesfully!
shapes data imported succesfully!
shapes data imported succesfully!
shapes data imported succesfully!
shapes data imported succesfully!
shapes data imported succesfully!
shapes data imported succesfully!
shapes data imported succesfully!
shapes data imported succesfully!
shapes data imported succesfully!
shapes data imported succesfully!
shapes data imported succesfully!
shapes data imported succesfully!
shapes data imported succesfully!
shapes data imported succesfully!
shapes data imported succesfully!
shapes data imported succesfully!
shapes data imported succesfully!
shapes data imported succesfully!
shapes data imported succesfully!
shapes data imported succesfully!
shapes data imported succesfully!
shapes data imported succesfully!
shapes data imported succesfully!
shapes data imported succesfully!
shapes data imported succesfully!
shapes data imported succesfully!
shapes data imported succesfully!
shapes data imported succesfully!
shapes data imported succesfully!
shapes data imported succesfully!
shapes data imported succesfully!
shapes data imported succesfully!
shapes data imported succesfully!
shapes data imported succesfully!
shapes data imported succesfully!
shapes data imported succesfully!
shapes data imported succesfully!
shapes data imported succesfully!
shapes data imported succesfully!
shapes data imported succesfully!
shapes data imported succesfully!
shapes data imported succesfully!
shapes data imported succesfully!
shapes data imported succesfully!
shapes data imported succesfully!
shapes data imported succesfully!
shapes data imported succesfully!
shapes data imported succesfully!
shapes data imported succesfully!
shapes data imported succesfully!
shapes data imported succesfully!
shapes data imported succesfully!
shapes data imported succesfully!
shapes data imported succesfully!
shapes data imported succesfully!
shapes data imported succesfully!
shapes data imported succesfully!
shapes data imported succesfully!
shapes data imported succesfully!
shapes data imported succesfully!
shapes data imported succesfully!
shapes data imported succesfully!
shapes data imported succesfully!
shapes data imported succesfully!
shapes data imported succesfully!
shapes data imported succesfully!
shapes data imported succesfully!
shapes data imported succesfully!
shapes data imported succesfully!
shapes data imported succesfully!
shapes data imported succesfully!
shapes data imported succesfully!
shapes data imported succesfully!
shapes data imported succesfully!
shapes data imported succesfully!
shapes data imported succesfully!
shapes data imported succesfully!
shapes data imported succesfully!
shapes data imported succesfully!
shapes data imported succesfully!
shapes data imported succesfully!
shapes data imported succesfully!
shapes data imported succesfully!
shapes data imported succesfully!
shapes data imported succesfully!
shapes data imported succesfully!
shapes data imported succesfully!
shapes data imported succesfully!
shapes data imported succesfully!
shapes data imported succesfully!
shapes data imported succesfully!
shapes data imported succesfully!
shapes data imported succesfully!
shapes data imported succesfully!
shapes data imported succesfully!
shapes data imported succesfully!
shapes data imported succesfully!
shapes data imported succesfully!
shapes data imported succesfully!
shapes data imported succesfully!
shapes data imported succesfully!
shapes data imported succesfully!
shapes data imported succesfully!
shapes data imported succesfully!
shapes data imported succesfully!
shapes data imported succesfully!
shapes data imported succesfully!
shapes data imported succesfully!
shapes data imported succesfully!
shapes data imported succesfully!
shapes data imported succesfully!
shapes data imported succesfully!
shapes data imported succesfully!
shapes data imported succesfully!
shapes data imported succesfully!
shapes data imported succesfully!
shapes data imported succesfully!
shapes data imported succesfully!
shapes data imported succesfully!
shapes data imported succesfully!
shapes data imported succesfully!
shapes data imported succesfully!
shapes data imported succesfully!
shapes data imported succesfully!
shapes data imported succesfully!
shapes data imported succesfully!
shapes data imported succesfully!
shapes data imported succesfully!
shapes data imported succesfully!
shapes data imported succesfully!
shapes data imported succesfully!
shapes data imported succesfully!
shapes data imported succesfully!
shapes data imported succesfully!
shapes data imported succesfully!
shapes data imported succesfully!
shapes data imported succesfully!
shapes data imported succesfully!
shapes data imported succesfully!
shapes data imported succesfully!
shapes data imported succesfully!
shapes data imported succesfully!
shapes data imported succesfully!
shapes data imported succesfully!
shapes data imported succesfully!
shapes data imported succesfully!
shapes data imported succesfully!
shapes data imported succesfully!
shapes data imported succesfully!
shapes data imported succesfully!
shapes data imported succesfully!
shapes data imported succesfully!
shapes data imported succesfully!
shapes data imported succesfully!
shapes data imported succesfully!
shapes data imported succesfully!
shapes data imported succesfully!
shapes data imported succesfully!
shapes data imported succesfully!
shapes data imported succesfully!
shapes data imported succesfully!
shapes data imported succesfully!
shapes data imported succesfully!
shapes data imported succesfully!
shapes data imported succesfully!
shapes data imported succesfully!
shapes data imported succesfully!
shapes data imported succesfully!
shapes data imported succesfully!
shapes data imported succesfully!
shapes data imported succesfully!
shapes data imported succesfully!
shapes data imported succesfully!
shapes data imported succesfully!
shapes data imported succesfully!
shapes data imported succesfully!
shapes data imported succesfully!
shapes data imported succesfully!
shapes data imported succesfully!
shapes data imported succesfully!
shapes data imported succesfully!
shapes data imported succesfully!
shapes data imported succesfully!
shapes data imported succesfully!
shapes data imported succesfully!
shapes data imported succesfully!
shapes data imported succesfully!
shapes data imported succesfully!
shapes data imported succesfully!
shapes data imported succesfully!
shapes data imported succesfully!
shapes data imported succesfully!
shapes data imported succesfully!
shapes data imported succesfully!
shapes data imported succesfully!
shapes data imported succesfully!
shapes data imported succesfully!
shapes data imported succesfully!
shapes data imported succesfully!
shapes data imported succesfully!
shapes data imported succesfully!
shapes data imported succesfully!
shapes data imported succesfully!
shapes data imported succesfully!
shapes data imported succesfully!
shapes data imported succesfully!
shapes data imported succesfully!
shapes data imported succesfully!
shapes data imported succesfully!
shapes data imported succesfully!
shapes data imported succesfully!
shapes data imported succesfully!
shapes data imported succesfully!
shapes data imported succesfully!
shapes data imported succesfully!
shapes data imported succesfully!
shapes data imported succesfully!
shapes data imported succesfully!
shapes data imported succesfully!
shapes data imported succesfully!
shapes data imported succesfully!
shapes data imported succesfully!
shapes data imported succesfully!
shapes data imported succesfully!
shapes data imported succesfully!
shapes data imported succesfully!
shapes data imported succesfully!
shapes data imported succesfully!
shapes data imported succesfully!
shapes data imported succesfully!
shapes data imported succesfully!
shapes data imported succesfully!
shapes data imported succesfully!
shapes data imported succesfully!
shapes data imported succesfully!
shapes data imported succesfully!
shapes data imported succesfully!
shapes data imported succesfully!
shapes data imported succesfully!
shapes data imported succesfully!
shapes data imported succesfully!
shapes data imported succesfully!
shapes data imported succesfully!
shapes data imported succesfully!
shapes data imported succesfully!
shapes data imported succesfully!
shapes data imported succesfully!
shapes data imported succesfully!
shapes data imported succesfully!
shapes data imported succesfully!
shapes data imported succesfully!
shapes data imported succesfully!
shapes data imported succesfully!
shapes data imported succesfully!
shapes data imported succesfully!
shapes data imported succesfully!
shapes data imported succesfully!
shapes data imported succesfully!
shapes data imported succesfully!
shapes data imported succesfully!
shapes data imported succesfully!
shapes data imported succesfully!
shapes data imported succesfully!
shapes data imported succesfully!
shapes data imported succesfully!
shapes data imported succesfully!
shapes data imported succesfully!
shapes data imported succesfully!
shapes data imported succesfully!
shapes data imported succesfully!
shapes data imported succesfully!
shapes data imported succesfully!
shapes data imported succesfully!
shapes data imported succesfully!
shapes data imported succesfully!
shapes data imported succesfully!
shapes data imported succesfully!
shapes data imported succesfully!
shapes data imported succesfully!
shapes data imported succesfully!
shapes data imported succesfully!
shapes data imported succesfully!
shapes data imported succesfully!
shapes data imported succesfully!
shapes data imported succesfully!
shapes data imported succesfully!
shapes data imported succesfully!
shapes data imported succesfully!
shapes data imported succesfully!
shapes data imported succesfully!
shapes data imported succesfully!
shapes data imported succesfully!
shapes data imported succesfully!
shapes data imported succesfully!
shapes data imported succesfully!
shapes data imported succesfully!
shapes data imported succesfully!
shapes data imported succesfully!
shapes data imported succesfully!
shapes data imported succesfully!
shapes data imported succesfully!
shapes data imported succesfully!
shapes data imported succesfully!
shapes data imported succesfully!
shapes data imported succesfully!
shapes data imported succesfully!
shapes data imported succesfully!
shapes data imported succesfully!
shapes data imported succesfully!
shapes data imported succesfully!
shapes data imported succesfully!
shapes data imported succesfully!
shapes data imported succesfully!
shapes data imported succesfully!
shapes data imported succesfully!
shapes data imported succesfully!
shapes data imported succesfully!
shapes data imported succesfully!
shapes data imported succesfully!
shapes data imported succesfully!
shapes data imported succesfully!
shapes data imported succesfully!
shapes data imported succesfully!
shapes data imported succesfully!
shapes data imported succesfully!
shapes data imported succesfully!
shapes data imported succesfully!
shapes data imported succesfully!
shapes data imported succesfully!
shapes data imported succesfully!
shapes data imported succesfully!
shapes data imported succesfully!
shapes data imported succesfully!
shapes data imported succesfully!
shapes data imported succesfully!
shapes data imported succesfully!
shapes data imported succesfully!
shapes data imported succesfully!
shapes data imported succesfully!
shapes data imported succesfully!
shapes data imported succesfully!
shapes data imported succesfully!
shapes data imported succesfully!
shapes data imported succesfully!
shapes data imported succesfully!
shapes data imported succesfully!
shapes data imported succesfully!
shapes data imported succesfully!
shapes data imported succesfully!
shapes data imported succesfully!
shapes data imported succesfully!
shapes data imported succesfully!
shapes data imported succesfully!
shapes data imported succesfully!
shapes data imported succesfully!
shapes data imported succesfully!
shapes data imported succesfully!
shapes data imported succesfully!
shapes data imported succesfully!
shapes data imported succesfully!
shapes data imported succesfully!
shapes data imported succesfully!
shapes data imported succesfully!
shapes data imported succesfully!
shapes data imported succesfully!
shapes data imported succesfully!
shapes data imported succesfully!
shapes data imported succesfully!
shapes data imported succesfully!
shapes data imported succesfully!
shapes data imported succesfully!
shapes data imported succesfully!
shapes data imported succesfully!
shapes data imported succesfully!
shapes data imported succesfully!
shapes data imported succesfully!
shapes data imported succesfully!
shapes data imported succesfully!
shapes data imported succesfully!
shapes data imported succesfully!
shapes data imported succesfully!
shapes data imported succesfully!
shapes data imported succesfully!
shapes data imported succesfully!
shapes data imported succesfully!
shapes data imported succesfully!
shapes data imported succesfully!
shapes data imported succesfully!
shapes data imported succesfully!
shapes data imported succesfully!
shapes data imported succesfully!
shapes data imported succesfully!
shapes data imported succesfully!
shapes data imported succesfully!
shapes data imported succesfully!
shapes data imported succesfully!
shapes data imported succesfully!
shapes data imported succesfully!
shapes data imported succesfully!
shapes data imported succesfully!
shapes data imported succesfully!
shapes data imported succesfully!
shapes data imported succesfully!
shapes data imported succesfully!
shapes data imported succesfully!
shapes data imported succesfully!
shapes data imported succesfully!
shapes data imported succesfully!
shapes data imported succesfully!
shapes data imported succesfully!
shapes data imported succesfully!
shapes data imported succesfully!
shapes data imported succesfully!
shapes data imported succesfully!
shapes data imported succesfully!
shapes data imported succesfully!
shapes data imported succesfully!
shapes data imported succesfully!
shapes data imported succesfully!
shapes data imported succesfully!
shapes data imported succesfully!
shapes data imported succesfully!
shapes data imported succesfully!
shapes data imported succesfully!
shapes data imported succesfully!
shapes data imported succesfully!
shapes data imported succesfully!
shapes data imported succesfully!
shapes data imported succesfully!
shapes data imported succesfully!
shapes data imported succesfully!
shapes data imported succesfully!
shapes data imported succesfully!
shapes data imported succesfully!
shapes data imported succesfully!
shapes data imported succesfully!
shapes data imported succesfully!
shapes data imported succesfully!
shapes data imported succesfully!
shapes data imported succesfully!
shapes data imported succesfully!
shapes data imported succesfully!
shapes data imported succesfully!
shapes data imported succesfully!
shapes data imported succesfully!
shapes data imported succesfully!
shapes data imported succesfully!
shapes data imported succesfully!
shapes data imported succesfully!
shapes data imported succesfully!
shapes data imported succesfully!
shapes data imported succesfully!
shapes data imported succesfully!
shapes data imported succesfully!
shapes data imported succesfully!
shapes data imported succesfully!
shapes data imported succesfully!
shapes data imported succesfully!
shapes data imported succesfully!
shapes data imported succesfully!
shapes data imported succesfully!
shapes data imported succesfully!
shapes data imported succesfully!
shapes data imported succesfully!
shapes data imported succesfully!
shapes data imported succesfully!
shapes data imported succesfully!
shapes data imported succesfully!
shapes data imported succesfully!
shapes data imported succesfully!
shapes data imported succesfully!
shapes data imported succesfully!
shapes data imported succesfully!
shapes data imported succesfully!
shapes data imported succesfully!
shapes data imported succesfully!
shapes data imported succesfully!
shapes data imported succesfully!
shapes data imported succesfully!
shapes data imported succesfully!
shapes data imported succesfully!
shapes data imported succesfully!
shapes data imported succesfully!
shapes data imported succesfully!
shapes data imported succesfully!
shapes data imported succesfully!
shapes data imported succesfully!
shapes data imported succesfully!
shapes data imported succesfully!
shapes data imported succesfully!
shapes data imported succesfully!
shapes data imported succesfully!
shapes data imported succesfully!
shapes data imported succesfully!
shapes data imported succesfully!
shapes data imported succesfully!
shapes data imported succesfully!
shapes data imported succesfully!
shapes data imported succesfully!
shapes data imported succesfully!
shapes data imported succesfully!
shapes data imported succesfully!
shapes data imported succesfully!
shapes data imported succesfully!
shapes data imported succesfully!
shapes data imported succesfully!
shapes data imported succesfully!
shapes data imported succesfully!
shapes data imported succesfully!
shapes data imported succesfully!
shapes data imported succesfully!
shapes data imported succesfully!
shapes data imported succesfully!
shapes data imported succesfully!
shapes data imported succesfully!
shapes data imported succesfully!
shapes data imported succesfully!
shapes data imported succesfully!
shapes data imported succesfully!
shapes data imported succesfully!
shapes data imported succesfully!
shapes data imported succesfully!
shapes data imported succesfully!
shapes data imported succesfully!
shapes data imported succesfully!
shapes data imported succesfully!
shapes data imported succesfully!
shapes data imported succesfully!
shapes data imported succesfully!
shapes data imported succesfully!
shapes data imported succesfully!
shapes data imported succesfully!
shapes data imported succesfully!
shapes data imported succesfully!
shapes data imported succesfully!
shapes data imported succesfully!
shapes data imported succesfully!
shapes data imported succesfully!
shapes data imported succesfully!
shapes data imported succesfully!
shapes data imported succesfully!
shapes data imported succesfully!
shapes data imported succesfully!
shapes data imported succesfully!
shapes data imported succesfully!
shapes data imported succesfully!
shapes data imported succesfully!
shapes data imported succesfully!
shapes data imported succesfully!
shapes data imported succesfully!
shapes data imported succesfully!
shapes data imported succesfully!
shapes data imported succesfully!
shapes data imported succesfully!
shapes data imported succesfully!
shapes data imported succesfully!
shapes data imported succesfully!
shapes data imported succesfully!
shapes data imported succesfully!
shapes data imported succesfully!
shapes data imported succesfully!
shapes data imported succesfully!
shapes data imported succesfully!
shapes data imported succesfully!
shapes data imported succesfully!
shapes data imported succesfully!
shapes data imported succesfully!
shapes data imported succesfully!
shapes data imported succesfully!
shapes data imported succesfully!
shapes data imported succesfully!
shapes data imported succesfully!
shapes data imported succesfully!
shapes data imported succesfully!
shapes data imported succesfully!
shapes data imported succesfully!
shapes data imported succesfully!
shapes data imported succesfully!
shapes data imported succesfully!
shapes data imported succesfully!
shapes data imported succesfully!
shapes data imported succesfully!
shapes data imported succesfully!
shapes data imported succesfully!
shapes data imported succesfully!
shapes data imported succesfully!
shapes data imported succesfully!
shapes data imported succesfully!
shapes data imported succesfully!
shapes data imported succesfully!
shapes data imported succesfully!
shapes data imported succesfully!
shapes data imported succesfully!
shapes data imported succesfully!
shapes data imported succesfully!
shapes data imported succesfully!
shapes data imported succesfully!
shapes data imported succesfully!
shapes data imported succesfully!
shapes data imported succesfully!
shapes data imported succesfully!
shapes data imported succesfully!
shapes data imported succesfully!
shapes data imported succesfully!
shapes data imported succesfully!
shapes data imported succesfully!
shapes data imported succesfully!
shapes data imported succesfully!
shapes data imported succesfully!
shapes data imported succesfully!
shapes data imported succesfully!
shapes data imported succesfully!
shapes data imported succesfully!
shapes data imported succesfully!
shapes data imported succesfully!
shapes data imported succesfully!
shapes data imported succesfully!
shapes data imported succesfully!
shapes data imported succesfully!
shapes data imported succesfully!
shapes data imported succesfully!
shapes data imported succesfully!
shapes data imported succesfully!
shapes data imported succesfully!
shapes data imported succesfully!
shapes data imported succesfully!
shapes data imported succesfully!
shapes data imported succesfully!
shapes data imported succesfully!
shapes data imported succesfully!
shapes data imported succesfully!
shapes data imported succesfully!
shapes data imported succesfully!
shapes data imported succesfully!
shapes data imported succesfully!
shapes data imported succesfully!
shapes data imported succesfully!
shapes data imported succesfully!
shapes data imported succesfully!
shapes data imported succesfully!
shapes data imported succesfully!
shapes data imported succesfully!
shapes data imported succesfully!
shapes data imported succesfully!
shapes data imported succesfully!
shapes data imported succesfully!
shapes data imported succesfully!
shapes data imported succesfully!
shapes data imported succesfully!
shapes data imported succesfully!
shapes data imported succesfully!
shapes data imported succesfully!
shapes data imported succesfully!
shapes data imported succesfully!
shapes data imported succesfully!
shapes data imported succesfully!
shapes data imported succesfully!
shapes data imported succesfully!
shapes data imported succesfully!
shapes data imported succesfully!
shapes data imported succesfully!
shapes data imported succesfully!
shapes data imported succesfully!
shapes data imported succesfully!
shapes data imported succesfully!
shapes data imported succesfully!
shapes data imported succesfully!
shapes data imported succesfully!
shapes data imported succesfully!
shapes data imported succesfully!
shapes data imported succesfully!
shapes data imported succesfully!
shapes data imported succesfully!
shapes data imported succesfully!
shapes data imported succesfully!
shapes data imported succesfully!
shapes data imported succesfully!
shapes data imported succesfully!
shapes data imported succesfully!
shapes data imported succesfully!
shapes data imported succesfully!
shapes data imported succesfully!
shapes data imported succesfully!
shapes data imported succesfully!
shapes data imported succesfully!
shapes data imported succesfully!
shapes data imported succesfully!
shapes data imported succesfully!
shapes data imported succesfully!
shapes data imported succesfully!
shapes data imported succesfully!
shapes data imported succesfully!
shapes data imported succesfully!
shapes data imported succesfully!
shapes data imported succesfully!
shapes data imported succesfully!
shapes data imported succesfully!
shapes data imported succesfully!
shapes data imported succesfully!
shapes data imported succesfully!
shapes data imported succesfully!
shapes data imported succesfully!
shapes data imported succesfully!
shapes data imported succesfully!
shapes data imported succesfully!
shapes data imported succesfully!
shapes data imported succesfully!
shapes data imported succesfully!
shapes data imported succesfully!
shapes data imported succesfully!
shapes data imported succesfully!
shapes data imported succesfully!
shapes data imported succesfully!
shapes data imported succesfully!
shapes data imported succesfully!
shapes data imported succesfully!
shapes data imported succesfully!
shapes data imported succesfully!
shapes data imported succesfully!
shapes data imported succesfully!
shapes data imported succesfully!
shapes data imported succesfully!
shapes data imported succesfully!
shapes data imported succesfully!
shapes data imported succesfully!
shapes data imported succesfully!
shapes data imported succesfully!
shapes data imported succesfully!
shapes data imported succesfully!
shapes data imported succesfully!
shapes data imported succesfully!
shapes data imported succesfully!
shapes data imported succesfully!
shapes data imported succesfully!
shapes data imported succesfully!
shapes data imported succesfully!
shapes data imported succesfully!
shapes data imported succesfully!
shapes data imported succesfully!
shapes data imported succesfully!
shapes data imported succesfully!
shapes data imported succesfully!
shapes data imported succesfully!
shapes data imported succesfully!
shapes data imported succesfully!
shapes data imported succesfully!
shapes data imported succesfully!
shapes data imported succesfully!
shapes data imported succesfully!
shapes data imported succesfully!
shapes data imported succesfully!
shapes data imported succesfully!
shapes data imported succesfully!
shapes data imported succesfully!
shapes data imported succesfully!
shapes data imported succesfully!
shapes data imported succesfully!
shapes data imported succesfully!
shapes data imported succesfully!
shapes data imported succesfully!
shapes data imported succesfully!
shapes data imported succesfully!
shapes data imported succesfully!
shapes data imported succesfully!
shapes data imported succesfully!
shapes data imported succesfully!
shapes data imported succesfully!
shapes data imported succesfully!
shapes data imported succesfully!
shapes data imported succesfully!
shapes data imported succesfully!
shapes data imported succesfully!
shapes data imported succesfully!
shapes data imported succesfully!
shapes data imported succesfully!
shapes data imported succesfully!
shapes data imported succesfully!
shapes data imported succesfully!
shapes data imported succesfully!
shapes data imported succesfully!
shapes data imported succesfully!
shapes data imported succesfully!
shapes data imported succesfully!
shapes data imported succesfully!
shapes data imported succesfully!
shapes data imported succesfully!
shapes data imported succesfully!
shapes data imported succesfully!
shapes data imported succesfully!
shapes data imported succesfully!
shapes data imported succesfully!
shapes data imported succesfully!
shapes data imported succesfully!
shapes data imported succesfully!
shapes data imported succesfully!
shapes data imported succesfully!
shapes data imported succesfully!
shapes data imported succesfully!
shapes data imported succesfully!
shapes data imported succesfully!
shapes data imported succesfully!
shapes data imported succesfully!
shapes data imported succesfully!
shapes data imported succesfully!
shapes data imported succesfully!
shapes data imported succesfully!
shapes data imported succesfully!
shapes data imported succesfully!
shapes data imported succesfully!
shapes data imported succesfully!
shapes data imported succesfully!
shapes data imported succesfully!
shapes data imported succesfully!
shapes data imported succesfully!
shapes data imported succesfully!
shapes data imported succesfully!
shapes data imported succesfully!
shapes data imported succesfully!
shapes data imported succesfully!
shapes data imported succesfully!
shapes data imported succesfully!
shapes data imported succesfully!
shapes data imported succesfully!
shapes data imported succesfully!
shapes data imported succesfully!
shapes data imported succesfully!
shapes data imported succesfully!
shapes data imported succesfully!
shapes data imported succesfully!
shapes data imported succesfully!
shapes data imported succesfully!
shapes data imported succesfully!
shapes data imported succesfully!
shapes data imported succesfully!
shapes data imported succesfully!
shapes data imported succesfully!
shapes data imported succesfully!
shapes data imported succesfully!
shapes data imported succesfully!
shapes data imported succesfully!
shapes data imported succesfully!
shapes data imported succesfully!
shapes data imported succesfully!
shapes data imported succesfully!
shapes data imported succesfully!
shapes data imported succesfully!
shapes data imported succesfully!
shapes data imported succesfully!
shapes data imported succesfully!
shapes data imported succesfully!
shapes data imported succesfully!
shapes data imported succesfully!
shapes data imported succesfully!
shapes data imported succesfully!
shapes data imported succesfully!
shapes data imported succesfully!
shapes data imported succesfully!
shapes data imported succesfully!
shapes data imported succesfully!
shapes data imported succesfully!
shapes data imported succesfully!
shapes data imported succesfully!
shapes data imported succesfully!
shapes data imported succesfully!
shapes data imported succesfully!
shapes data imported succesfully!
shapes data imported succesfully!
shapes data imported succesfully!
shapes data imported succesfully!
shapes data imported succesfully!
shapes data imported succesfully!
shapes data imported succesfully!
shapes data imported succesfully!
shapes data imported succesfully!
shapes data imported succesfully!
shapes data imported succesfully!
shapes data imported succesfully!
shapes data imported succesfully!
shapes data imported succesfully!
shapes data imported succesfully!
shapes data imported succesfully!
shapes data imported succesfully!
shapes data imported succesfully!
shapes data imported succesfully!
shapes data imported succesfully!
shapes data imported succesfully!
shapes data imported succesfully!
shapes data imported succesfully!
shapes data imported succesfully!
shapes data imported succesfully!
shapes data imported succesfully!
shapes data imported succesfully!
shapes data imported succesfully!
shapes data imported succesfully!
shapes data imported succesfully!
shapes data imported succesfully!
shapes data imported succesfully!
shapes data imported succesfully!
shapes data imported succesfully!
shapes data imported succesfully!
shapes data imported succesfully!
shapes data imported succesfully!
shapes data imported succesfully!
shapes data imported succesfully!
shapes data imported succesfully!
shapes data imported succesfully!
shapes data imported succesfully!
shapes data imported succesfully!
shapes data imported succesfully!
shapes data imported succesfully!
shapes data imported succesfully!
shapes data imported succesfully!
shapes data imported succesfully!
shapes data imported succesfully!
shapes data imported succesfully!
shapes data imported succesfully!
shapes data imported succesfully!
shapes data imported succesfully!
shapes data imported succesfully!
shapes data imported succesfully!
shapes data imported succesfully!
shapes data imported succesfully!
shapes data imported succesfully!
shapes data imported succesfully!
shapes data imported succesfully!
shapes data imported succesfully!
shapes data imported succesfully!
shapes data imported succesfully!
shapes data imported succesfully!
shapes data imported succesfully!
shapes data imported succesfully!
shapes data imported succesfully!
shapes data imported succesfully!
shapes data imported succesfully!
shapes data imported succesfully!
shapes data imported succesfully!
shapes data imported succesfully!
shapes data imported succesfully!
shapes data imported succesfully!
shapes data imported succesfully!
shapes data imported succesfully!
shapes data imported succesfully!
shapes data imported succesfully!
shapes data imported succesfully!
shapes data imported succesfully!
shapes data imported succesfully!
shapes data imported succesfully!
shapes data imported succesfully!
shapes data imported succesfully!
shapes data imported succesfully!
shapes data imported succesfully!
shapes data imported succesfully!
shapes data imported succesfully!
shapes data imported succesfully!
shapes data imported succesfully!
shapes data imported succesfully!
shapes data imported succesfully!
shapes data imported succesfully!
shapes data imported succesfully!
shapes data imported succesfully!
shapes data imported succesfully!
shapes data imported succesfully!
shapes data imported succesfully!
shapes data imported succesfully!
shapes data imported succesfully!
shapes data imported succesfully!
shapes data imported succesfully!
shapes data imported succesfully!
shapes data imported succesfully!
shapes data imported succesfully!
shapes data imported succesfully!
shapes data imported succesfully!
shapes data imported succesfully!
shapes data imported succesfully!
shapes data imported succesfully!
shapes data imported succesfully!
shapes data imported succesfully!
shapes data imported succesfully!
shapes data imported succesfully!
shapes data imported succesfully!
shapes data imported succesfully!
shapes data imported succesfully!
shapes data imported succesfully!
shapes data imported succesfully!
shapes data imported succesfully!
shapes data imported succesfully!
shapes data imported succesfully!
shapes data imported succesfully!
shapes data imported succesfully!
shapes data imported succesfully!
shapes data imported succesfully!
shapes data imported succesfully!
shapes data imported succesfully!
shapes data imported succesfully!
shapes data imported succesfully!
shapes data imported succesfully!
shapes data imported succesfully!
shapes data imported succesfully!
shapes data imported succesfully!
shapes data imported succesfully!
shapes data imported succesfully!
shapes data imported succesfully!
shapes data imported succesfully!
shapes data imported succesfully!
shapes data imported succesfully!
shapes data imported succesfully!
shapes data imported succesfully!
shapes data imported succesfully!
shapes data imported succesfully!
shapes data imported succesfully!
shapes data imported succesfully!
shapes data imported succesfully!
shapes data imported succesfully!
shapes data imported succesfully!
shapes data imported succesfully!
shapes data imported succesfully!
shapes data imported succesfully!
shapes data imported succesfully!
shapes data imported succesfully!
shapes data imported succesfully!
shapes data imported succesfully!
shapes data imported succesfully!
shapes data imported succesfully!
shapes data imported succesfully!
shapes data imported succesfully!
shapes data imported succesfully!
shapes data imported succesfully!
shapes data imported succesfully!
shapes data imported succesfully!
shapes data imported succesfully!
shapes data imported succesfully!
shapes data imported succesfully!
shapes data imported succesfully!
shapes data imported succesfully!
shapes data imported succesfully!
shapes data imported succesfully!
shapes data imported succesfully!
shapes data imported succesfully!
shapes data imported succesfully!
shapes data imported succesfully!
shapes data imported succesfully!
shapes data imported succesfully!
shapes data imported succesfully!
shapes data imported succesfully!
shapes data imported succesfully!
shapes data imported succesfully!
shapes data imported succesfully!
shapes data imported succesfully!
shapes data imported succesfully!
shapes data imported succesfully!
shapes data imported succesfully!
shapes data imported succesfully!
shapes data imported succesfully!
shapes data imported succesfully!
shapes data imported succesfully!
shapes data imported succesfully!
shapes data imported succesfully!
shapes data imported succesfully!
shapes data imported succesfully!
shapes data imported succesfully!
shapes data imported succesfully!
shapes data imported succesfully!
shapes data imported succesfully!
shapes data imported succesfully!
shapes data imported succesfully!
shapes data imported succesfully!
shapes data imported succesfully!
shapes data imported succesfully!
shapes data imported succesfully!
shapes data imported succesfully!
shapes data imported succesfully!
shapes data imported succesfully!
shapes data imported succesfully!
shapes data imported succesfully!
shapes data imported succesfully!
shapes data imported succesfully!
shapes data imported succesfully!
shapes data imported succesfully!
shapes data imported succesfully!
shapes data imported succesfully!
shapes data imported succesfully!
shapes data imported succesfully!
shapes data imported succesfully!
shapes data imported succesfully!
shapes data imported succesfully!
shapes data imported succesfully!
shapes data imported succesfully!
shapes data imported succesfully!
shapes data imported succesfully!
shapes data imported succesfully!
shapes data imported succesfully!
shapes data imported succesfully!
shapes data imported succesfully!
shapes data imported succesfully!
shapes data imported succesfully!
shapes data imported succesfully!
shapes data imported succesfully!
shapes data imported succesfully!
shapes data imported succesfully!
shapes data imported succesfully!
shapes data imported succesfully!
shapes data imported succesfully!
shapes data imported succesfully!
shapes data imported succesfully!
shapes data imported succesfully!
shapes data imported succesfully!
shapes data imported succesfully!
shapes data imported succesfully!
shapes data imported succesfully!
shapes data imported succesfully!
shapes data imported succesfully!
shapes data imported succesfully!
shapes data imported succesfully!
shapes data imported succesfully!
shapes data imported succesfully!
shapes data imported succesfully!
shapes data imported succesfully!
shapes data imported succesfully!
shapes data imported succesfully!
shapes data imported succesfully!
shapes data imported succesfully!
shapes data imported succesfully!
shapes data imported succesfully!
shapes data imported succesfully!
shapes data imported succesfully!
shapes data imported succesfully!
shapes data imported succesfully!
shapes data imported succesfully!
shapes data imported succesfully!
shapes data imported succesfully!
shapes data imported succesfully!
shapes data imported succesfully!
shapes data imported succesfully!
shapes data imported succesfully!
shapes data imported succesfully!
shapes data imported succesfully!
shapes data imported succesfully!
shapes data imported succesfully!
shapes data imported succesfully!
shapes data imported succesfully!
shapes data imported succesfully!
shapes data imported succesfully!
shapes data imported succesfully!
shapes data imported succesfully!
shapes data imported succesfully!
shapes data imported succesfully!
shapes data imported succesfully!
shapes data imported succesfully!
shapes data imported succesfully!
shapes data imported succesfully!
shapes data imported succesfully!
shapes data imported succesfully!
shapes data imported succesfully!
shapes data imported succesfully!
shapes data imported succesfully!
shapes data imported succesfully!
shapes data imported succesfully!
shapes data imported succesfully!
shapes data imported succesfully!
shapes data imported succesfully!
shapes data imported succesfully!
shapes data imported succesfully!
shapes data imported succesfully!
shapes data imported succesfully!
shapes data imported succesfully!
shapes data imported succesfully!
shapes data imported succesfully!
shapes data imported succesfully!
shapes data imported succesfully!
shapes data imported succesfully!
shapes data imported succesfully!
shapes data imported succesfully!
shapes data imported succesfully!
shapes data imported succesfully!
shapes data imported succesfully!
shapes data imported succesfully!
shapes data imported succesfully!
shapes data imported succesfully!
shapes data imported succesfully!
shapes data imported succesfully!
shapes data imported succesfully!
shapes data imported succesfully!
shapes data imported succesfully!
shapes data imported succesfully!
shapes data imported succesfully!
shapes data imported succesfully!
shapes data imported succesfully!
shapes data imported succesfully!
shapes data imported succesfully!
shapes data imported succesfully!
shapes data imported succesfully!
shapes data imported succesfully!
shapes data imported succesfully!
shapes data imported succesfully!
shapes data imported succesfully!
shapes data imported succesfully!
shapes data imported succesfully!
shapes data imported succesfully!
shapes data imported succesfully!
shapes data imported succesfully!
shapes data imported succesfully!
shapes data imported succesfully!
shapes data imported succesfully!
shapes data imported succesfully!
shapes data imported succesfully!
shapes data imported succesfully!
shapes data imported succesfully!
shapes data imported succesfully!
shapes data imported succesfully!
shapes data imported succesfully!
shapes data imported succesfully!
shapes data imported succesfully!
shapes data imported succesfully!
shapes data imported succesfully!
shapes data imported succesfully!
shapes data imported succesfully!
shapes data imported succesfully!
shapes data imported succesfully!
shapes data imported succesfully!
shapes data imported succesfully!
shapes data imported succesfully!
shapes data imported succesfully!
shapes data imported succesfully!
shapes data imported succesfully!
shapes data imported succesfully!
shapes data imported succesfully!
shapes data imported succesfully!
shapes data imported succesfully!
shapes data imported succesfully!
shapes data imported succesfully!
shapes data imported succesfully!
shapes data imported succesfully!
shapes data imported succesfully!
shapes data imported succesfully!
shapes data imported succesfully!
shapes data imported succesfully!
shapes data imported succesfully!
shapes data imported succesfully!
shapes data imported succesfully!
shapes data imported succesfully!
shapes data imported succesfully!
shapes data imported succesfully!
shapes data imported succesfully!
shapes data imported succesfully!
shapes data imported succesfully!
shapes data imported succesfully!
shapes data imported succesfully!
shapes data imported succesfully!
shapes data imported succesfully!
shapes data imported succesfully!
shapes data imported succesfully!
shapes data imported succesfully!
shapes data imported succesfully!
shapes data imported succesfully!
shapes data imported succesfully!
shapes data imported succesfully!
shapes data imported succesfully!
shapes data imported succesfully!
shapes data imported succesfully!
shapes data imported succesfully!
shapes data imported succesfully!
shapes data imported succesfully!
shapes data imported succesfully!
shapes data imported succesfully!
shapes data imported succesfully!
shapes data imported succesfully!
shapes data imported succesfully!
shapes data imported succesfully!
shapes data imported succesfully!
shapes data imported succesfully!
shapes data imported succesfully!
shapes data imported succesfully!
shapes data imported succesfully!
shapes data imported succesfully!
shapes data imported succesfully!
shapes data imported succesfully!
shapes data imported succesfully!
shapes data imported succesfully!
shapes data imported succesfully!
shapes data imported succesfully!
shapes data imported succesfully!
shapes data imported succesfully!
shapes data imported succesfully!
shapes data imported succesfully!
shapes data imported succesfully!
shapes data imported succesfully!
shapes data imported succesfully!
shapes data imported succesfully!
shapes data imported succesfully!
shapes data imported succesfully!
shapes data imported succesfully!
shapes data imported succesfully!
shapes data imported succesfully!
shapes data imported succesfully!
shapes data imported succesfully!
shapes data imported succesfully!
shapes data imported succesfully!
shapes data imported succesfully!
shapes data imported succesfully!
shapes data imported succesfully!
shapes data imported succesfully!
shapes data imported succesfully!
shapes data imported succesfully!
shapes data imported succesfully!
shapes data imported succesfully!
shapes data imported succesfully!
shapes data imported succesfully!
shapes data imported succesfully!
shapes data imported succesfully!
shapes data imported succesfully!
shapes data imported succesfully!
shapes data imported succesfully!
shapes data imported succesfully!
shapes data imported succesfully!
shapes data imported succesfully!
shapes data imported succesfully!
shapes data imported succesfully!
shapes data imported succesfully!
shapes data imported succesfully!
shapes data imported succesfully!
shapes data imported succesfully!
shapes data imported succesfully!
shapes data imported succesfully!
shapes data imported succesfully!
shapes data imported succesfully!
shapes data imported succesfully!
shapes data imported succesfully!
shapes data imported succesfully!
shapes data imported succesfully!
shapes data imported succesfully!
shapes data imported succesfully!
shapes data imported succesfully!
shapes data imported succesfully!
shapes data imported succesfully!
shapes data imported succesfully!
shapes data imported succesfully!
shapes data imported succesfully!
shapes data imported succesfully!
shapes data imported succesfully!
shapes data imported succesfully!
shapes data imported succesfully!
shapes data imported succesfully!
shapes data imported succesfully!
shapes data imported succesfully!
shapes data imported succesfully!
shapes data imported succesfully!
shapes data imported succesfully!
shapes data imported succesfully!
shapes data imported succesfully!
shapes data imported succesfully!
shapes data imported succesfully!
shapes data imported succesfully!
shapes data imported succesfully!
shapes data imported succesfully!
shapes data imported succesfully!
shapes data imported succesfully!
shapes data imported succesfully!
shapes data imported succesfully!
shapes data imported succesfully!
shapes data imported succesfully!
shapes data imported succesfully!
shapes data imported succesfully!
shapes data imported succesfully!
shapes data imported succesfully!
shapes data imported succesfully!
shapes data imported succesfully!
shapes data imported succesfully!
shapes data imported succesfully!
shapes data imported succesfully!
shapes data imported succesfully!
shapes data imported succesfully!
shapes data imported succesfully!
shapes data imported succesfully!
shapes data imported succesfully!
shapes data imported succesfully!
shapes data imported succesfully!
shapes data imported succesfully!
shapes data imported succesfully!
shapes data imported succesfully!
shapes data imported succesfully!
shapes data imported succesfully!
shapes data imported succesfully!
shapes data imported succesfully!
shapes data imported succesfully!
shapes data imported succesfully!
shapes data imported succesfully!
shapes data imported succesfully!
shapes data imported succesfully!
shapes data imported succesfully!
shapes data imported succesfully!
shapes data imported succesfully!
shapes data imported succesfully!
shapes data imported succesfully!
shapes data imported succesfully!
shapes data imported succesfully!
shapes data imported succesfully!
shapes data imported succesfully!
shapes data imported succesfully!
shapes data imported succesfully!
shapes data imported succesfully!
shapes data imported succesfully!
shapes data imported succesfully!
shapes data imported succesfully!
shapes data imported succesfully!
shapes data imported succesfully!
shapes data imported succesfully!
shapes data imported succesfully!
shapes data imported succesfully!
shapes data imported succesfully!
shapes data imported succesfully!
shapes data imported succesfully!
shapes data imported succesfully!
shapes data imported succesfully!
shapes data imported succesfully!
shapes data imported succesfully!
shapes data imported succesfully!
shapes data imported succesfully!
shapes data imported succesfully!
shapes data imported succesfully!
shapes data imported succesfully!
shapes data imported succesfully!
shapes data imported succesfully!
shapes data imported succesfully!
shapes data imported succesfully!
shapes data imported succesfully!
shapes data imported succesfully!
shapes data imported succesfully!
shapes data imported succesfully!
shapes data imported succesfully!
shapes data imported succesfully!
shapes data imported succesfully!
shapes data imported succesfully!
shapes data imported succesfully!
shapes data imported succesfully!
shapes data imported succesfully!
shapes data imported succesfully!
shapes data imported succesfully!
shapes data imported succesfully!
shapes data imported succesfully!
shapes data imported succesfully!
shapes data imported succesfully!
shapes data imported succesfully!
shapes data imported succesfully!
shapes data imported succesfully!
shapes data imported succesfully!
shapes data imported succesfully!
shapes data imported succesfully!
shapes data imported succesfully!
shapes data imported succesfully!
shapes data imported succesfully!
shapes data imported succesfully!
shapes data imported succesfully!
shapes data imported succesfully!
shapes data imported succesfully!
shapes data imported succesfully!
shapes data imported succesfully!
shapes data imported succesfully!
shapes data imported succesfully!
shapes data imported succesfully!
shapes data imported succesfully!
shapes data imported succesfully!
shapes data imported succesfully!
shapes data imported succesfully!
shapes data imported succesfully!
shapes data imported succesfully!
shapes data imported succesfully!
shapes data imported succesfully!
shapes data imported succesfully!
shapes data imported succesfully!
shapes data imported succesfully!
shapes data imported succesfully!
shapes data imported succesfully!
shapes data imported succesfully!
shapes data imported succesfully!
shapes data imported succesfully!
shapes data imported succesfully!
shapes data imported succesfully!
shapes data imported succesfully!
shapes data imported succesfully!
shapes data imported succesfully!
shapes data imported succesfully!
shapes data imported succesfully!
shapes data imported succesfully!
shapes data imported succesfully!
shapes data imported succesfully!
shapes data imported succesfully!
shapes data imported succesfully!
shapes data imported succesfully!
shapes data imported succesfully!
shapes data imported succesfully!
shapes data imported succesfully!
shapes data imported succesfully!
shapes data imported succesfully!
shapes data imported succesfully!
shapes data imported succesfully!
shapes data imported succesfully!
shapes data imported succesfully!
shapes data imported succesfully!
shapes data imported succesfully!
shapes data imported succesfully!
shapes data imported succesfully!
shapes data imported succesfully!
shapes data imported succesfully!
shapes data imported succesfully!
shapes data imported succesfully!
shapes data imported succesfully!
shapes data imported succesfully!
shapes data imported succesfully!
shapes data imported succesfully!
shapes data imported succesfully!
shapes data imported succesfully!
shapes data imported succesfully!
shapes data imported succesfully!
shapes data imported succesfully!
shapes data imported succesfully!
shapes data imported succesfully!
shapes data imported succesfully!
shapes data imported succesfully!
shapes data imported succesfully!
shapes data imported succesfully!
shapes data imported succesfully!
shapes data imported succesfully!
shapes data imported succesfully!
shapes data imported succesfully!
shapes data imported succesfully!
shapes data imported succesfully!
shapes data imported succesfully!
shapes data imported succesfully!
shapes data imported succesfully!
shapes data imported succesfully!
shapes data imported succesfully!
shapes data imported succesfully!
shapes data imported succesfully!
shapes data imported succesfully!
shapes data imported succesfully!
shapes data imported succesfully!
shapes data imported succesfully!
shapes data imported succesfully!
shapes data imported succesfully!
shapes data imported succesfully!
shapes data imported succesfully!
shapes data imported succesfully!
shapes data imported succesfully!
shapes data imported succesfully!
shapes data imported succesfully!
shapes data imported succesfully!
shapes data imported succesfully!
shapes data imported succesfully!
shapes data imported succesfully!
shapes data imported succesfully!
shapes data imported succesfully!
shapes data imported succesfully!
shapes data imported succesfully!
shapes data imported succesfully!
shapes data imported succesfully!
shapes data imported succesfully!
shapes data imported succesfully!
shapes data imported succesfully!
shapes data imported succesfully!
shapes data imported succesfully!
shapes data imported succesfully!
shapes data imported succesfully!
shapes data imported succesfully!
shapes data imported succesfully!
shapes data imported succesfully!
shapes data imported succesfully!
shapes data imported succesfully!
shapes data imported succesfully!
shapes data imported succesfully!
shapes data imported succesfully!
shapes data imported succesfully!
shapes data imported succesfully!
shapes data imported succesfully!
shapes data imported succesfully!
shapes data imported succesfully!
shapes data imported succesfully!
shapes data imported succesfully!
shapes data imported succesfully!
shapes data imported succesfully!
shapes data imported succesfully!
shapes data imported succesfully!
shapes data imported succesfully!
shapes data imported succesfully!
shapes data imported succesfully!
shapes data imported succesfully!
shapes data imported succesfully!
shapes data imported succesfully!
shapes data imported succesfully!
shapes data imported succesfully!
shapes data imported succesfully!
shapes data imported succesfully!
shapes data imported succesfully!
shapes data imported succesfully!
shapes data imported succesfully!
shapes data imported succesfully!
shapes data imported succesfully!
shapes data imported succesfully!
shapes data imported succesfully!
shapes data imported succesfully!
shapes data imported succesfully!
shapes data imported succesfully!
shapes data imported succesfully!
shapes data imported succesfully!
shapes data imported succesfully!
shapes data imported succesfully!
shapes data imported succesfully!
shapes data imported succesfully!
shapes data imported succesfully!
shapes data imported succesfully!
shapes data imported succesfully!
shapes data imported succesfully!
shapes data imported succesfully!
shapes data imported succesfully!
shapes data imported succesfully!
shapes data imported succesfully!
shapes data imported succesfully!
shapes data imported succesfully!
shapes data imported succesfully!
shapes data imported succesfully!
shapes data imported succesfully!
shapes data imported succesfully!
shapes data imported succesfully!
shapes data imported succesfully!
shapes data imported succesfully!
shapes data imported succesfully!
shapes data imported succesfully!
shapes data imported succesfully!
shapes data imported succesfully!
shapes data imported succesfully!
shapes data imported succesfully!
shapes data imported succesfully!
shapes data imported succesfully!
shapes data imported succesfully!
shapes data imported succesfully!
shapes data imported succesfully!
shapes data imported succesfully!
shapes data imported succesfully!
shapes data imported succesfully!
shapes data imported succesfully!
shapes data imported succesfully!
shapes data imported succesfully!
shapes data imported succesfully!
shapes data imported succesfully!
shapes data imported succesfully!
shapes data imported succesfully!
shapes data imported succesfully!
shapes data imported succesfully!
shapes data imported succesfully!
shapes data imported succesfully!
shapes data imported succesfully!
shapes data imported succesfully!
shapes data imported succesfully!
shapes data imported succesfully!
shapes data imported succesfully!
shapes data imported succesfully!
shapes data imported succesfully!
shapes data imported succesfully!
shapes data imported succesfully!
shapes data imported succesfully!
shapes data imported succesfully!
shapes data imported succesfully!
shapes data imported succesfully!
shapes data imported succesfully!
shapes data imported succesfully!
shapes data imported succesfully!
shapes data imported succesfully!
shapes data imported succesfully!
shapes data imported succesfully!
shapes data imported succesfully!
shapes data imported succesfully!
shapes data imported succesfully!
shapes data imported succesfully!
shapes data imported succesfully!
shapes data imported succesfully!
shapes data imported succesfully!
shapes data imported succesfully!
shapes data imported succesfully!
shapes data imported succesfully!
shapes data imported succesfully!
shapes data imported succesfully!
shapes data imported succesfully!
shapes data imported succesfully!
shapes data imported succesfully!
shapes data imported succesfully!
shapes data imported succesfully!
shapes data imported succesfully!
shapes data imported succesfully!
shapes data imported succesfully!
shapes data imported succesfully!
shapes data imported succesfully!
shapes data imported succesfully!
shapes data imported succesfully!
shapes data imported succesfully!
shapes data imported succesfully!
shapes data imported succesfully!
shapes data imported succesfully!
shapes data imported succesfully!
shapes data imported succesfully!
shapes data imported succesfully!
shapes data imported succesfully!
shapes data imported succesfully!
shapes data imported succesfully!
shapes data imported succesfully!
shapes data imported succesfully!
shapes data imported succesfully!
shapes data imported succesfully!
shapes data imported succesfully!
shapes data imported succesfully!
shapes data imported succesfully!
shapes data imported succesfully!
shapes data imported succesfully!
shapes data imported succesfully!
shapes data imported succesfully!
shapes data imported succesfully!
shapes data imported succesfully!
shapes data imported succesfully!
shapes data imported succesfully!
shapes data imported succesfully!
shapes data imported succesfully!
shapes data imported succesfully!
shapes data imported succesfully!
shapes data imported succesfully!
shapes data imported succesfully!
shapes data imported succesfully!
shapes data imported succesfully!
shapes data imported succesfully!
shapes data imported succesfully!
shapes data imported succesfully!
shapes data imported succesfully!
shapes data imported succesfully!
shapes data imported succesfully!
shapes data imported succesfully!
shapes data imported succesfully!
shapes data imported succesfully!
shapes data imported succesfully!
shapes data imported succesfully!
shapes data imported succesfully!
shapes data imported succesfully!
shapes data imported succesfully!
shapes data imported succesfully!
shapes data imported succesfully!
shapes data imported succesfully!
shapes data imported succesfully!
shapes data imported succesfully!
shapes data imported succesfully!
shapes data imported succesfully!
shapes data imported succesfully!
shapes data imported succesfully!
shapes data imported succesfully!
shapes data imported succesfully!
shapes data imported succesfully!
shapes data imported succesfully!
shapes data imported succesfully!
shapes data imported succesfully!
shapes data imported succesfully!
shapes data imported succesfully!
shapes data imported succesfully!
shapes data imported succesfully!
shapes data imported succesfully!
shapes data imported succesfully!
shapes data imported succesfully!
shapes data imported succesfully!
shapes data imported succesfully!
shapes data imported succesfully!
shapes data imported succesfully!
shapes data imported succesfully!
shapes data imported succesfully!
shapes data imported succesfully!
shapes data imported succesfully!
shapes data imported succesfully!
shapes data imported succesfully!
shapes data imported succesfully!
shapes data imported succesfully!
shapes data imported succesfully!
shapes data imported succesfully!
shapes data imported succesfully!
shapes data imported succesfully!
shapes data imported succesfully!
shapes data imported succesfully!
shapes data imported succesfully!
shapes data imported succesfully!
shapes data imported succesfully!
shapes data imported succesfully!
shapes data imported succesfully!
shapes data imported succesfully!
shapes data imported succesfully!
shapes data imported succesfully!
shapes data imported succesfully!
shapes data imported succesfully!
shapes data imported succesfully!
shapes data imported succesfully!
shapes data imported succesfully!
shapes data imported succesfully!
shapes data imported succesfully!
shapes data imported succesfully!
shapes data imported succesfully!
shapes data imported succesfully!
shapes data imported succesfully!
shapes data imported succesfully!
shapes data imported succesfully!
shapes data imported succesfully!
shapes data imported succesfully!
shapes data imported succesfully!
shapes data imported succesfully!
shapes data imported succesfully!
shapes data imported succesfully!
shapes data imported succesfully!
shapes data imported succesfully!
shapes data imported succesfully!
shapes data imported succesfully!
shapes data imported succesfully!
shapes data imported succesfully!
shapes data imported succesfully!
shapes data imported succesfully!
shapes data imported succesfully!
shapes data imported succesfully!
shapes data imported succesfully!
shapes data imported succesfully!
shapes data imported succesfully!
shapes data imported succesfully!
shapes data imported succesfully!
shapes data imported succesfully!
shapes data imported succesfully!
shapes data imported succesfully!
shapes data imported succesfully!
shapes data imported succesfully!
shapes data imported succesfully!
shapes data imported succesfully!
shapes data imported succesfully!
shapes data imported succesfully!
shapes data imported succesfully!
shapes data imported succesfully!
shapes data imported succesfully!
shapes data imported succesfully!
shapes data imported succesfully!
shapes data imported succesfully!
shapes data imported succesfully!
shapes data imported succesfully!
shapes data imported succesfully!
shapes data imported succesfully!
shapes data imported succesfully!
shapes data imported succesfully!
shapes data imported succesfully!
shapes data imported succesfully!
shapes data imported succesfully!
shapes data imported succesfully!
shapes data imported succesfully!
shapes data imported succesfully!
shapes data imported succesfully!
shapes data imported succesfully!
shapes data imported succesfully!
shapes data imported succesfully!
shapes data imported succesfully!
shapes data imported succesfully!
shapes data imported succesfully!
shapes data imported succesfully!
shapes data imported succesfully!
shapes data imported succesfully!
shapes data imported succesfully!
shapes data imported succesfully!
shapes data imported succesfully!
shapes data imported succesfully!
shapes data imported succesfully!
shapes data imported succesfully!
shapes data imported succesfully!
shapes data imported succesfully!
shapes data imported succesfully!
shapes data imported succesfully!
shapes data imported succesfully!
shapes data imported succesfully!
shapes data imported succesfully!
shapes data imported succesfully!
shapes data imported succesfully!
shapes data imported succesfully!
shapes data imported succesfully!
shapes data imported succesfully!
shapes data imported succesfully!
shapes data imported succesfully!
shapes data imported succesfully!
shapes data imported succesfully!
shapes data imported succesfully!
shapes data imported succesfully!
shapes data imported succesfully!
shapes data imported succesfully!
shapes data imported succesfully!
shapes data imported succesfully!
shapes data imported succesfully!
shapes data imported succesfully!
shapes data imported succesfully!
shapes data imported succesfully!
shapes data imported succesfully!
shapes data imported succesfully!
shapes data imported succesfully!
shapes data imported succesfully!
shapes data imported succesfully!
shapes data imported succesfully!
shapes data imported succesfully!
shapes data imported succesfully!
shapes data imported succesfully!
shapes data imported succesfully!
shapes data imported succesfully!
shapes data imported succesfully!
shapes data imported succesfully!
shapes data imported succesfully!
shapes data imported succesfully!
shapes data imported succesfully!
shapes data imported succesfully!
shapes data imported succesfully!
shapes data imported succesfully!
shapes data imported succesfully!
shapes data imported succesfully!
shapes data imported succesfully!
shapes data imported succesfully!
shapes data imported succesfully!
shapes data imported succesfully!
shapes data imported succesfully!
shapes data imported succesfully!
shapes data imported succesfully!
shapes data imported succesfully!
shapes data imported succesfully!
shapes data imported succesfully!
shapes data imported succesfully!
shapes data imported succesfully!
shapes data imported succesfully!
shapes data imported succesfully!
shapes data imported succesfully!
shapes data imported succesfully!
shapes data imported succesfully!
shapes data imported succesfully!
shapes data imported succesfully!
shapes data imported succesfully!
shapes data imported succesfully!
shapes data imported succesfully!
shapes data imported succesfully!
shapes data imported succesfully!
shapes data imported succesfully!
shapes data imported succesfully!
shapes data imported succesfully!
shapes data imported succesfully!
shapes data imported succesfully!
shapes data imported succesfully!
shapes data imported succesfully!
shapes data imported succesfully!
shapes data imported succesfully!
shapes data imported succesfully!
shapes data imported succesfully!
shapes data imported succesfully!
shapes data imported succesfully!
shapes data imported succesfully!
shapes data imported succesfully!
shapes data imported succesfully!
shapes data imported succesfully!
shapes data imported succesfully!
shapes data imported succesfully!
shapes data imported succesfully!
shapes data imported succesfully!
shapes data imported succesfully!
shapes data imported succesfully!
shapes data imported succesfully!
shapes data imported succesfully!
shapes data imported succesfully!
shapes data imported succesfully!
shapes data imported succesfully!
shapes data imported succesfully!
shapes data imported succesfully!
shapes data imported succesfully!
shapes data imported succesfully!
shapes data imported succesfully!
shapes data imported succesfully!
shapes data imported succesfully!
shapes data imported succesfully!
shapes data imported succesfully!
shapes data imported succesfully!
shapes data imported succesfully!
shapes data imported succesfully!
shapes data imported succesfully!
shapes data imported succesfully!
shapes data imported succesfully!
shapes data imported succesfully!
shapes data imported succesfully!
shapes data imported succesfully!
shapes data imported succesfully!
shapes data imported succesfully!
shapes data imported succesfully!
shapes data imported succesfully!
shapes data imported succesfully!
shapes data imported succesfully!
shapes data imported succesfully!
shapes data imported succesfully!
shapes data imported succesfully!
shapes data imported succesfully!
shapes data imported succesfully!
shapes data imported succesfully!
shapes data imported succesfully!
shapes data imported succesfully!
shapes data imported succesfully!
shapes data imported succesfully!
shapes data imported succesfully!
shapes data imported succesfully!
shapes data imported succesfully!
shapes data imported succesfully!
shapes data imported succesfully!
shapes data imported succesfully!
shapes data imported succesfully!
shapes data imported succesfully!
shapes data imported succesfully!
shapes data imported succesfully!
shapes data imported succesfully!
shapes data imported succesfully!
shapes data imported succesfully!
shapes data imported succesfully!
shapes data imported succesfully!
shapes data imported succesfully!
shapes data imported succesfully!
shapes data imported succesfully!
shapes data imported succesfully!
shapes data imported succesfully!
shapes data imported succesfully!
shapes data imported succesfully!
shapes data imported succesfully!
shapes data imported succesfully!
shapes data imported succesfully!
shapes data imported succesfully!
shapes data imported succesfully!
shapes data imported succesfully!
shapes data imported succesfully!
shapes data imported succesfully!
shapes data imported succesfully!
shapes data imported succesfully!
shapes data imported succesfully!
shapes data imported succesfully!
shapes data imported succesfully!
shapes data imported succesfully!
shapes data imported succesfully!
shapes data imported succesfully!
shapes data imported succesfully!
shapes data imported succesfully!
shapes data imported succesfully!
shapes data imported succesfully!
shapes data imported succesfully!
shapes data imported succesfully!
shapes data imported succesfully!
shapes data imported succesfully!
shapes data imported succesfully!
shapes data imported succesfully!
shapes data imported succesfully!
shapes data imported succesfully!
shapes data imported succesfully!
shapes data imported succesfully!
shapes data imported succesfully!
shapes data imported succesfully!
shapes data imported succesfully!
shapes data imported succesfully!
shapes data imported succesfully!
shapes data imported succesfully!
shapes data imported succesfully!
shapes data imported succesfully!
shapes data imported succesfully!
shapes data imported succesfully!
shapes data imported succesfully!
shapes data imported succesfully!
shapes data imported succesfully!
shapes data imported succesfully!
shapes data imported succesfully!
shapes data imported succesfully!
shapes data imported succesfully!
shapes data imported succesfully!
shapes data imported succesfully!
shapes data imported succesfully!
shapes data imported succesfully!
shapes data imported succesfully!
shapes data imported succesfully!
shapes data imported succesfully!
shapes data imported succesfully!
shapes data imported succesfully!
shapes data imported succesfully!
shapes data imported succesfully!
shapes data imported succesfully!
shapes data imported succesfully!
shapes data imported succesfully!
shapes data imported succesfully!
shapes data imported succesfully!
shapes data imported succesfully!
shapes data imported succesfully!
shapes data imported succesfully!
shapes data imported succesfully!
shapes data imported succesfully!
shapes data imported succesfully!
shapes data imported succesfully!
shapes data imported succesfully!
shapes data imported succesfully!
shapes data imported succesfully!
shapes data imported succesfully!
shapes data imported succesfully!
shapes data imported succesfully!
shapes data imported succesfully!
shapes data imported succesfully!
shapes data imported succesfully!
shapes data imported succesfully!
shapes data imported succesfully!
shapes data imported succesfully!
shapes data imported succesfully!
shapes data imported succesfully!
shapes data imported succesfully!
shapes data imported succesfully!
shapes data imported succesfully!
shapes data imported succesfully!
shapes data imported succesfully!
shapes data imported succesfully!
shapes data imported succesfully!
shapes data imported succesfully!
shapes data imported succesfully!
shapes data imported succesfully!
shapes data imported succesfully!
shapes data imported succesfully!
shapes data imported succesfully!
shapes data imported succesfully!
shapes data imported succesfully!
shapes data imported succesfully!
shapes data imported succesfully!
shapes data imported succesfully!
shapes data imported succesfully!
shapes data imported succesfully!
shapes data imported succesfully!
shapes data imported succesfully!
shapes data imported succesfully!
shapes data imported succesfully!
shapes data imported succesfully!
shapes data imported succesfully!
shapes data imported succesfully!
shapes data imported succesfully!
shapes data imported succesfully!
shapes data imported succesfully!
shapes data imported succesfully!
shapes data imported succesfully!
shapes data imported succesfully!
shapes data imported succesfully!
shapes data imported succesfully!
shapes data imported succesfully!
shapes data imported succesfully!
shapes data imported succesfully!
shapes data imported succesfully!
shapes data imported succesfully!
shapes data imported succesfully!
shapes data imported succesfully!
shapes data imported succesfully!
shapes data imported succesfully!
shapes data imported succesfully!
shapes data imported succesfully!
shapes data imported succesfully!
shapes data imported succesfully!
shapes data imported succesfully!
shapes data imported succesfully!
shapes data imported succesfully!
shapes data imported succesfully!
shapes data imported succesfully!
shapes data imported succesfully!
shapes data imported succesfully!
shapes data imported succesfully!
shapes data imported succesfully!
shapes data imported succesfully!
shapes data imported succesfully!
shapes data imported succesfully!
shapes data imported succesfully!
shapes data imported succesfully!
shapes data imported succesfully!
shapes data imported succesfully!
shapes data imported succesfully!
shapes data imported succesfully!
shapes data imported succesfully!
shapes data imported succesfully!
shapes data imported succesfully!
shapes data imported succesfully!
shapes data imported succesfully!
shapes data imported succesfully!
shapes data imported succesfully!
shapes data imported succesfully!
shapes data imported succesfully!
shapes data imported succesfully!
shapes data imported succesfully!
shapes data imported succesfully!
shapes data imported succesfully!
shapes data imported succesfully!
shapes data imported succesfully!
shapes data imported succesfully!
shapes data imported succesfully!
shapes data imported succesfully!
shapes data imported succesfully!
shapes data imported succesfully!
shapes data imported succesfully!
shapes data imported succesfully!
shapes data imported succesfully!
shapes data imported succesfully!
shapes data imported succesfully!
shapes data imported succesfully!
shapes data imported succesfully!
shapes data imported succesfully!
shapes data imported succesfully!
shapes data imported succesfully!
shapes data imported succesfully!
shapes data imported succesfully!
shapes data imported succesfully!
shapes data imported succesfully!
shapes data imported succesfully!
shapes data imported succesfully!
shapes data imported succesfully!
shapes data imported succesfully!
shapes data imported succesfully!
shapes data imported succesfully!
shapes data imported succesfully!
shapes data imported succesfully!
shapes data imported succesfully!
shapes data imported succesfully!
shapes data imported succesfully!
shapes data imported succesfully!
shapes data imported succesfully!
shapes data imported succesfully!
shapes data imported succesfully!
shapes data imported succesfully!
shapes data imported succesfully!
shapes data imported succesfully!
shapes data imported succesfully!
shapes data imported succesfully!
shapes data imported succesfully!
shapes data imported succesfully!
shapes data imported succesfully!
shapes data imported succesfully!
shapes data imported succesfully!
shapes data imported succesfully!
shapes data imported succesfully!
shapes data imported succesfully!
shapes data imported succesfully!
shapes data imported succesfully!
shapes data imported succesfully!
shapes data imported succesfully!
shapes data imported succesfully!
shapes data imported succesfully!
shapes data imported succesfully!
shapes data imported succesfully!
shapes data imported succesfully!
shapes data imported succesfully!
shapes data imported succesfully!
shapes data imported succesfully!
shapes data imported succesfully!
shapes data imported succesfully!
shapes data imported succesfully!
shapes data imported succesfully!
shapes data imported succesfully!
shapes data imported succesfully!
shapes data imported succesfully!
shapes data imported succesfully!
shapes data imported succesfully!
shapes data imported succesfully!
shapes data imported succesfully!
shapes data imported succesfully!
shapes data imported succesfully!
shapes data imported succesfully!
shapes data imported succesfully!
shapes data imported succesfully!
shapes data imported succesfully!
shapes data imported succesfully!
shapes data imported succesfully!
shapes data imported succesfully!
shapes data imported succesfully!
shapes data imported succesfully!
shapes data imported succesfully!
shapes data imported succesfully!
shapes data imported succesfully!
shapes data imported succesfully!
shapes data imported succesfully!
shapes data imported succesfully!
shapes data imported succesfully!
shapes data imported succesfully!
shapes data imported succesfully!
shapes data imported succesfully!
shapes data imported succesfully!
shapes data imported succesfully!
shapes data imported succesfully!
shapes data imported succesfully!
shapes data imported succesfully!
shapes data imported succesfully!
shapes data imported succesfully!
shapes data imported succesfully!
shapes data imported succesfully!
shapes data imported succesfully!
shapes data imported succesfully!
shapes data imported succesfully!
shapes data imported succesfully!
shapes data imported succesfully!
shapes data imported succesfully!
shapes data imported succesfully!
shapes data imported succesfully!
shapes data imported succesfully!
shapes data imported succesfully!
shapes data imported succesfully!
shapes data imported succesfully!
shapes data imported succesfully!
shapes data imported succesfully!
shapes data imported succesfully!
shapes data imported succesfully!
shapes data imported succesfully!
shapes data imported succesfully!
shapes data imported succesfully!
shapes data imported succesfully!
shapes data imported succesfully!
shapes data imported succesfully!
shapes data imported succesfully!
shapes data imported succesfully!
shapes data imported succesfully!
shapes data imported succesfully!
shapes data imported succesfully!
shapes data imported succesfully!
shapes data imported succesfully!
shapes data imported succesfully!
shapes data imported succesfully!
shapes data imported succesfully!
shapes data imported succesfully!
shapes data imported succesfully!
shapes data imported succesfully!
shapes data imported succesfully!
shapes data imported succesfully!
shapes data imported succesfully!
shapes data imported succesfully!
shapes data imported succesfully!
shapes data imported succesfully!
shapes data imported succesfully!
shapes data imported succesfully!
shapes data imported succesfully!
shapes data imported succesfully!
shapes data imported succesfully!
shapes data imported succesfully!
shapes data imported succesfully!
shapes data imported succesfully!
shapes data imported succesfully!
shapes data imported succesfully!
shapes data imported succesfully!
shapes data imported succesfully!
shapes data imported succesfully!
shapes data imported succesfully!
shapes data imported succesfully!
shapes data imported succesfully!
shapes data imported succesfully!
shapes data imported succesfully!
shapes data imported succesfully!
shapes data imported succesfully!
shapes data imported succesfully!
shapes data imported succesfully!
shapes data imported succesfully!
shapes data imported succesfully!
shapes data imported succesfully!
shapes data imported succesfully!
shapes data imported succesfully!
shapes data imported succesfully!
shapes data imported succesfully!
shapes data imported succesfully!
shapes data imported succesfully!
shapes data imported succesfully!
shapes data imported succesfully!
shapes data imported succesfully!
shapes data imported succesfully!
shapes data imported succesfully!
shapes data imported succesfully!
shapes data imported succesfully!
shapes data imported succesfully!
shapes data imported succesfully!
shapes data imported succesfully!
shapes data imported succesfully!
shapes data imported succesfully!
shapes data imported succesfully!
shapes data imported succesfully!
shapes data imported succesfully!
shapes data imported succesfully!
shapes data imported succesfully!
shapes data imported succesfully!
shapes data imported succesfully!
shapes data imported succesfully!
shapes data imported succesfully!
shapes data imported succesfully!
shapes data imported succesfully!
shapes data imported succesfully!
shapes data imported succesfully!
shapes data imported succesfully!
shapes data imported succesfully!
shapes data imported succesfully!
shapes data imported succesfully!
shapes data imported succesfully!
shapes data imported succesfully!
shapes data imported succesfully!
shapes data imported succesfully!
shapes data imported succesfully!
shapes data imported succesfully!
shapes data imported succesfully!
shapes data imported succesfully!
shapes data imported succesfully!
shapes data imported succesfully!
shapes data imported succesfully!
shapes data imported succesfully!
shapes data imported succesfully!
shapes data imported succesfully!
shapes data imported succesfully!
shapes data imported succesfully!
shapes data imported succesfully!
shapes data imported succesfully!
shapes data imported succesfully!
shapes data imported succesfully!
shapes data imported succesfully!
shapes data imported succesfully!
shapes data imported succesfully!
shapes data imported succesfully!
shapes data imported succesfully!
shapes data imported succesfully!
shapes data imported succesfully!
shapes data imported succesfully!
shapes data imported succesfully!
shapes data imported succesfully!
shapes data imported succesfully!
shapes data imported succesfully!
shapes data imported succesfully!
shapes data imported succesfully!
shapes data imported succesfully!
shapes data imported succesfully!
shapes data imported succesfully!
shapes data imported succesfully!
shapes data imported succesfully!
shapes data imported succesfully!
shapes data imported succesfully!
shapes data imported succesfully!
shapes data imported succesfully!
shapes data imported succesfully!
shapes data imported succesfully!
shapes data imported succesfully!
shapes data imported succesfully!
shapes data imported succesfully!
shapes data imported succesfully!
shapes data imported succesfully!
shapes data imported succesfully!
shapes data imported succesfully!
shapes data imported succesfully!
shapes data imported succesfully!
shapes data imported succesfully!
shapes data imported succesfully!
shapes data imported succesfully!
shapes data imported succesfully!
shapes data imported succesfully!
shapes data imported succesfully!
shapes data imported succesfully!
shapes data imported succesfully!
shapes data imported succesfully!
shapes data imported succesfully!
shapes data imported succesfully!
shapes data imported succesfully!
shapes data imported succesfully!
shapes data imported succesfully!
shapes data imported succesfully!
shapes data imported succesfully!
shapes data imported succesfully!
shapes data imported succesfully!
shapes data imported succesfully!
shapes data imported succesfully!
shapes data imported succesfully!
shapes data imported succesfully!
shapes data imported succesfully!
shapes data imported succesfully!
shapes data imported succesfully!
shapes data imported succesfully!
shapes data imported succesfully!
shapes data imported succesfully!
shapes data imported succesfully!
shapes data imported succesfully!
shapes data imported succesfully!
shapes data imported succesfully!
shapes data imported succesfully!
shapes data imported succesfully!
shapes data imported succesfully!
shapes data imported succesfully!
shapes data imported succesfully!
shapes data imported succesfully!
shapes data imported succesfully!
shapes data imported succesfully!
shapes data imported succesfully!
shapes data imported succesfully!
shapes data imported succesfully!
shapes data imported succesfully!
shapes data imported succesfully!
shapes data imported succesfully!
shapes data imported succesfully!
shapes data imported succesfully!
shapes data imported succesfully!
shapes data imported succesfully!
shapes data imported succesfully!
shapes data imported succesfully!
shapes data imported succesfully!
shapes data imported succesfully!
shapes data imported succesfully!
shapes data imported succesfully!
shapes data imported succesfully!
shapes data imported succesfully!
shapes data imported succesfully!
shapes data imported succesfully!
shapes data imported succesfully!
shapes data imported succesfully!
shapes data imported succesfully!
shapes data imported succesfully!
shapes data imported succesfully!
shapes data imported succesfully!
shapes data imported succesfully!
shapes data imported succesfully!
shapes data imported succesfully!
shapes data imported succesfully!
shapes data imported succesfully!
shapes data imported succesfully!
shapes data imported succesfully!
shapes data imported succesfully!
shapes data imported succesfully!
shapes data imported succesfully!
shapes data imported succesfully!
shapes data imported succesfully!
shapes data imported succesfully!
shapes data imported succesfully!
shapes data imported succesfully!
shapes data imported succesfully!
shapes data imported succesfully!
shapes data imported succesfully!
shapes data imported succesfully!
shapes data imported succesfully!
shapes data imported succesfully!
shapes data imported succesfully!
shapes data imported succesfully!
shapes data imported succesfully!
shapes data imported succesfully!
shapes data imported succesfully!
shapes data imported succesfully!
shapes data imported succesfully!
shapes data imported succesfully!
shapes data imported succesfully!
shapes data imported succesfully!
shapes data imported succesfully!
shapes data imported succesfully!
shapes data imported succesfully!
shapes data imported succesfully!
shapes data imported succesfully!
shapes data imported succesfully!
shapes data imported succesfully!
shapes data imported succesfully!
shapes data imported succesfully!
shapes data imported succesfully!
shapes data imported succesfully!
shapes data imported succesfully!
shapes data imported succesfully!
shapes data imported succesfully!
shapes data imported succesfully!
shapes data imported succesfully!
shapes data imported succesfully!
shapes data imported succesfully!
shapes data imported succesfully!
shapes data imported succesfully!
shapes data imported succesfully!
shapes data imported succesfully!
shapes data imported succesfully!
shapes data imported succesfully!
shapes data imported succesfully!
shapes data imported succesfully!
shapes data imported succesfully!
shapes data imported succesfully!
shapes data imported succesfully!
shapes data imported succesfully!
shapes data imported succesfully!
shapes data imported succesfully!
shapes data imported succesfully!
shapes data imported succesfully!
shapes data imported succesfully!
shapes data imported succesfully!
shapes data imported succesfully!
shapes data imported succesfully!
shapes data imported succesfully!
shapes data imported succesfully!
shapes data imported succesfully!
shapes data imported succesfully!
shapes data imported succesfully!
shapes data imported succesfully!
shapes data imported succesfully!
shapes data imported succesfully!
shapes data imported succesfully!
shapes data imported succesfully!
shapes data imported succesfully!
shapes data imported succesfully!
shapes data imported succesfully!
shapes data imported succesfully!
shapes data imported succesfully!
shapes data imported succesfully!
shapes data imported succesfully!
shapes data imported succesfully!
shapes data imported succesfully!
shapes data imported succesfully!
shapes data imported succesfully!
shapes data imported succesfully!
shapes data imported succesfully!
shapes data imported succesfully!
shapes data imported succesfully!
shapes data imported succesfully!
shapes data imported succesfully!
shapes data imported succesfully!
shapes data imported succesfully!
shapes data imported succesfully!
shapes data imported succesfully!
shapes data imported succesfully!
shapes data imported succesfully!
shapes data imported succesfully!
shapes data imported succesfully!
shapes data imported succesfully!
shapes data imported succesfully!
shapes data imported succesfully!
shapes data imported succesfully!
shapes data imported succesfully!
shapes data imported succesfully!
shapes data imported succesfully!
shapes data imported succesfully!
shapes data imported succesfully!
shapes data imported succesfully!
shapes data imported succesfully!
shapes data imported succesfully!
shapes data imported succesfully!
shapes data imported succesfully!
shapes data imported succesfully!
shapes data imported succesfully!
shapes data imported succesfully!
shapes data imported succesfully!
shapes data imported succesfully!
shapes data imported succesfully!
shapes data imported succesfully!
shapes data imported succesfully!
shapes data imported succesfully!
shapes data imported succesfully!
shapes data imported succesfully!
shapes data imported succesfully!
shapes data imported succesfully!
shapes data imported succesfully!
shapes data imported succesfully!
shapes data imported succesfully!
shapes data imported succesfully!
shapes data imported succesfully!
shapes data imported succesfully!
shapes data imported succesfully!
shapes data imported succesfully!
shapes data imported succesfully!
shapes data imported succesfully!
shapes data imported succesfully!
shapes data imported succesfully!
shapes data imported succesfully!
shapes data imported succesfully!
shapes data imported succesfully!
shapes data imported succesfully!
shapes data imported succesfully!
shapes data imported succesfully!
shapes data imported succesfully!
shapes data imported succesfully!
shapes data imported succesfully!
shapes data imported succesfully!
shapes data imported succesfully!
shapes data imported succesfully!
shapes data imported succesfully!
shapes data imported succesfully!
shapes data imported succesfully!
shapes data imported succesfully!
shapes data imported succesfully!
shapes data imported succesfully!
shapes data imported succesfully!
shapes data imported succesfully!
shapes data imported succesfully!
shapes data imported succesfully!
shapes data imported succesfully!
shapes data imported succesfully!
shapes data imported succesfully!
shapes data imported succesfully!
shapes data imported succesfully!
shapes data imported succesfully!
shapes data imported succesfully!
shapes data imported succesfully!
shapes data imported succesfully!
shapes data imported succesfully!
shapes data imported succesfully!
shapes data imported succesfully!
shapes data imported succesfully!
shapes data imported succesfully!
shapes data imported succesfully!
shapes data imported succesfully!
shapes data imported succesfully!
shapes data imported succesfully!
shapes data imported succesfully!
shapes data imported succesfully!
shapes data imported succesfully!
shapes data imported succesfully!
shapes data imported succesfully!
shapes data imported succesfully!
shapes data imported succesfully!
shapes data imported succesfully!
shapes data imported succesfully!
shapes data imported succesfully!
shapes data imported succesfully!
shapes data imported succesfully!
shapes data imported succesfully!
shapes data imported succesfully!
shapes data imported succesfully!
shapes data imported succesfully!
shapes data imported succesfully!
shapes data imported succesfully!
shapes data imported succesfully!
shapes data imported succesfully!
shapes data imported succesfully!
shapes data imported succesfully!
shapes data imported succesfully!
shapes data imported succesfully!
shapes data imported succesfully!
shapes data imported succesfully!
shapes data imported succesfully!
shapes data imported succesfully!
shapes data imported succesfully!
shapes data imported succesfully!
shapes data imported succesfully!
shapes data imported succesfully!
shapes data imported succesfully!
shapes data imported succesfully!
shapes data imported succesfully!
shapes data imported succesfully!
shapes data imported succesfully!
shapes data imported succesfully!
shapes data imported succesfully!
shapes data imported succesfully!
shapes data imported succesfully!
shapes data imported succesfully!
shapes data imported succesfully!
shapes data imported succesfully!
shapes data imported succesfully!
shapes data imported succesfully!
shapes data imported succesfully!
shapes data imported succesfully!
shapes data imported succesfully!
shapes data imported succesfully!
shapes data imported succesfully!
shapes data imported succesfully!
shapes data imported succesfully!
shapes data imported succesfully!
shapes data imported succesfully!
shapes data imported succesfully!
shapes data imported succesfully!
shapes data imported succesfully!
shapes data imported succesfully!
shapes data imported succesfully!
shapes data imported succesfully!
shapes data imported succesfully!
shapes data imported succesfully!
shapes data imported succesfully!
shapes data imported succesfully!
shapes data imported succesfully!
shapes data imported succesfully!
shapes data imported succesfully!
shapes data imported succesfully!
shapes data imported succesfully!
shapes data imported succesfully!
shapes data imported succesfully!
shapes data imported succesfully!
shapes data imported succesfully!
shapes data imported succesfully!
shapes data imported succesfully!
shapes data imported succesfully!
shapes data imported succesfully!
shapes data imported succesfully!
shapes data imported succesfully!
shapes data imported succesfully!
shapes data imported succesfully!
shapes data imported succesfully!
shapes data imported succesfully!
shapes data imported succesfully!
shapes data imported succesfully!
shapes data imported succesfully!
shapes data imported succesfully!
shapes data imported succesfully!
shapes data imported succesfully!
shapes data imported succesfully!
shapes data imported succesfully!
shapes data imported succesfully!
shapes data imported succesfully!
shapes data imported succesfully!
shapes data imported succesfully!
shapes data imported succesfully!
shapes data imported succesfully!
shapes data imported succesfully!
shapes data imported succesfully!
shapes data imported succesfully!
shapes data imported succesfully!
shapes data imported succesfully!
shapes data imported succesfully!
shapes data imported succesfully!
shapes data imported succesfully!
shapes data imported succesfully!
shapes data imported succesfully!
shapes data imported succesfully!
shapes data imported succesfully!
shapes data imported succesfully!
shapes data imported succesfully!
shapes data imported succesfully!
shapes data imported succesfully!
shapes data imported succesfully!
shapes data imported succesfully!
shapes data imported succesfully!
shapes data imported succesfully!
shapes data imported succesfully!
shapes data imported succesfully!
shapes data imported succesfully!
shapes data imported succesfully!
shapes data imported succesfully!
shapes data imported succesfully!
shapes data imported succesfully!
shapes data imported succesfully!
shapes data imported succesfully!
shapes data imported succesfully!
shapes data imported succesfully!
shapes data imported succesfully!
shapes data imported succesfully!
shapes data imported succesfully!
shapes data imported succesfully!
shapes data imported succesfully!
shapes data imported succesfully!
shapes data imported succesfully!
shapes data imported succesfully!
shapes data imported succesfully!
shapes data imported succesfully!
shapes data imported succesfully!
shapes data imported succesfully!
shapes data imported succesfully!
shapes data imported succesfully!
shapes data imported succesfully!
shapes data imported succesfully!
shapes data imported succesfully!
shapes data imported succesfully!
shapes data imported succesfully!
shapes data imported succesfully!
shapes data imported succesfully!
shapes data imported succesfully!
shapes data imported succesfully!
shapes data imported succesfully!
shapes data imported succesfully!
shapes data imported succesfully!
shapes data imported succesfully!
shapes data imported succesfully!
shapes data imported succesfully!
shapes data imported succesfully!
shapes data imported succesfully!
shapes data imported succesfully!
shapes data imported succesfully!
shapes data imported succesfully!
shapes data imported succesfully!
shapes data imported succesfully!
shapes data imported succesfully!
shapes data imported succesfully!
shapes data imported succesfully!
shapes data imported succesfully!
shapes data imported succesfully!
shapes data imported succesfully!
shapes data imported succesfully!
shapes data imported succesfully!
shapes data imported succesfully!
shapes data imported succesfully!
shapes data imported succesfully!
shapes data imported succesfully!
shapes data imported succesfully!
shapes data imported succesfully!
shapes data imported succesfully!
shapes data imported succesfully!
shapes data imported succesfully!
shapes data imported succesfully!
shapes data imported succesfully!
shapes data imported succesfully!
shapes data imported succesfully!
shapes data imported succesfully!
shapes data imported succesfully!
shapes data imported succesfully!
shapes data imported succesfully!
shapes data imported succesfully!
shapes data imported succesfully!
shapes data imported succesfully!
shapes data imported succesfully!
shapes data imported succesfully!
shapes data imported succesfully!
shapes data imported succesfully!
shapes data imported succesfully!
shapes data imported succesfully!
shapes data imported succesfully!
shapes data imported succesfully!
shapes data imported succesfully!
shapes data imported succesfully!
shapes data imported succesfully!
shapes data imported succesfully!
shapes data imported succesfully!
shapes data imported succesfully!
shapes data imported succesfully!
shapes data imported succesfully!
shapes data imported succesfully!
shapes data imported succesfully!
shapes data imported succesfully!
shapes data imported succesfully!
shapes data imported succesfully!
shapes data imported succesfully!
shapes data imported succesfully!
shapes data imported succesfully!
shapes data imported succesfully!
shapes data imported succesfully!
shapes data imported succesfully!
shapes data imported succesfully!
shapes data imported succesfully!
shapes data imported succesfully!
shapes data imported succesfully!
shapes data imported succesfully!
shapes data imported succesfully!
shapes data imported succesfully!
shapes data imported succesfully!
shapes data imported succesfully!
shapes data imported succesfully!
shapes data imported succesfully!
shapes data imported succesfully!
shapes data imported succesfully!
shapes data imported succesfully!
shapes data imported succesfully!
shapes data imported succesfully!
shapes data imported succesfully!
shapes data imported succesfully!
shapes data imported succesfully!
shapes data imported succesfully!
shapes data imported succesfully!
shapes data imported succesfully!
shapes data imported succesfully!
shapes data imported succesfully!
shapes data imported succesfully!
shapes data imported succesfully!
shapes data imported succesfully!
shapes data imported succesfully!
shapes data imported succesfully!
shapes data imported succesfully!
shapes data imported succesfully!
shapes data imported succesfully!
shapes data imported succesfully!
shapes data imported succesfully!
shapes data imported succesfully!
shapes data imported succesfully!
shapes data imported succesfully!
shapes data imported succesfully!
shapes data imported succesfully!
shapes data imported succesfully!
shapes data imported succesfully!
shapes data imported succesfully!
shapes data imported succesfully!
shapes data imported succesfully!
shapes data imported succesfully!
shapes data imported succesfully!
shapes data imported succesfully!
shapes data imported succesfully!
shapes data imported succesfully!
shapes data imported succesfully!
shapes data imported succesfully!
shapes data imported succesfully!
shapes data imported succesfully!
shapes data imported succesfully!
shapes data imported succesfully!
shapes data imported succesfully!
shapes data imported succesfully!
shapes data imported succesfully!
shapes data imported succesfully!
shapes data imported succesfully!
shapes data imported succesfully!
shapes data imported succesfully!
shapes data imported succesfully!
shapes data imported succesfully!
shapes data imported succesfully!
shapes data imported succesfully!
shapes data imported succesfully!
shapes data imported succesfully!
shapes data imported succesfully!
shapes data imported succesfully!
shapes data imported succesfully!
shapes data imported succesfully!
shapes data imported succesfully!
shapes data imported succesfully!
shapes data imported succesfully!
shapes data imported succesfully!
shapes data imported succesfully!
shapes data imported succesfully!
shapes data imported succesfully!
shapes data imported succesfully!
shapes data imported succesfully!
shapes data imported succesfully!
shapes data imported succesfully!
shapes data imported succesfully!
shapes data imported succesfully!
shapes data imported succesfully!
shapes data imported succesfully!
shapes data imported succesfully!
shapes data imported succesfully!
shapes data imported succesfully!
shapes data imported succesfully!
shapes data imported succesfully!
shapes data imported succesfully!
shapes data imported succesfully!
shapes data imported succesfully!
shapes data imported succesfully!
shapes data imported succesfully!
shapes data imported succesfully!
shapes data imported succesfully!
shapes data imported succesfully!
shapes data imported succesfully!
shapes data imported succesfully!
shapes data imported succesfully!
shapes data imported succesfully!
shapes data imported succesfully!
shapes data imported succesfully!
shapes data imported succesfully!
shapes data imported succesfully!
shapes data imported succesfully!
shapes data imported succesfully!
shapes data imported succesfully!
shapes data imported succesfully!
shapes data imported succesfully!
shapes data imported succesfully!
shapes data imported succesfully!
shapes data imported succesfully!
shapes data imported succesfully!
shapes data imported succesfully!
shapes data imported succesfully!
shapes data imported succesfully!
shapes data imported succesfully!
shapes data imported succesfully!
shapes data imported succesfully!
shapes data imported succesfully!
shapes data imported succesfully!
shapes data imported succesfully!
shapes data imported succesfully!
shapes data imported succesfully!
shapes data imported succesfully!
shapes data imported succesfully!
shapes data imported succesfully!
shapes data imported succesfully!
shapes data imported succesfully!
shapes data imported succesfully!
shapes data imported succesfully!
shapes data imported succesfully!
shapes data imported succesfully!
shapes data imported succesfully!
shapes data imported succesfully!
shapes data imported succesfully!
shapes data imported succesfully!
shapes data imported succesfully!
shapes data imported succesfully!
shapes data imported succesfully!
shapes data imported succesfully!
shapes data imported succesfully!
shapes data imported succesfully!
shapes data imported succesfully!
shapes data imported succesfully!
shapes data imported succesfully!
shapes data imported succesfully!
shapes data imported succesfully!
shapes data imported succesfully!
shapes data imported succesfully!
shapes data imported succesfully!
shapes data imported succesfully!
shapes data imported succesfully!
shapes data imported succesfully!
shapes data imported succesfully!
shapes data imported succesfully!
shapes data imported succesfully!
shapes data imported succesfully!
shapes data imported succesfully!
shapes data imported succesfully!
shapes data imported succesfully!
shapes data imported succesfully!
shapes data imported succesfully!
shapes data imported succesfully!
shapes data imported succesfully!
shapes data imported succesfully!
shapes data imported succesfully!
shapes data imported succesfully!
shapes data imported succesfully!
shapes data imported succesfully!
shapes data imported succesfully!
shapes data imported succesfully!
shapes data imported succesfully!
shapes data imported succesfully!
shapes data imported succesfully!
shapes data imported succesfully!
shapes data imported succesfully!
shapes data imported succesfully!
shapes data imported succesfully!
shapes data imported succesfully!
shapes data imported succesfully!
shapes data imported succesfully!
shapes data imported succesfully!
shapes data imported succesfully!
shapes data imported succesfully!
shapes data imported succesfully!
shapes data imported succesfully!
shapes data imported succesfully!
shapes data imported succesfully!
shapes data imported succesfully!
shapes data imported succesfully!
shapes data imported succesfully!
shapes data imported succesfully!
shapes data imported succesfully!
shapes data imported succesfully!
shapes data imported succesfully!
shapes data imported succesfully!
shapes data imported succesfully!
shapes data imported succesfully!
shapes data imported succesfully!
shapes data imported succesfully!
shapes data imported succesfully!
shapes data imported succesfully!
shapes data imported succesfully!
shapes data imported succesfully!
shapes data imported succesfully!
shapes data imported succesfully!
shapes data imported succesfully!
shapes data imported succesfully!
shapes data imported succesfully!
shapes data imported succesfully!
shapes data imported succesfully!
shapes data imported succesfully!
shapes data imported succesfully!
shapes data imported succesfully!
shapes data imported succesfully!
shapes data imported succesfully!
shapes data imported succesfully!
shapes data imported succesfully!
shapes data imported succesfully!
shapes data imported succesfully!
shapes data imported succesfully!
shapes data imported succesfully!
shapes data imported succesfully!
shapes data imported succesfully!
shapes data imported succesfully!
shapes data imported succesfully!
shapes data imported succesfully!
shapes data imported succesfully!
shapes data imported succesfully!
shapes data imported succesfully!
shapes data imported succesfully!
shapes data imported succesfully!
shapes data imported succesfully!
shapes data imported succesfully!
shapes data imported succesfully!
shapes data imported succesfully!
shapes data imported succesfully!
shapes data imported succesfully!
shapes data imported succesfully!
shapes data imported succesfully!
shapes data imported succesfully!
shapes data imported succesfully!
shapes data imported succesfully!
shapes data imported succesfully!
shapes data imported succesfully!
shapes data imported succesfully!
shapes data imported succesfully!
shapes data imported succesfully!
shapes data imported succesfully!
shapes data imported succesfully!
shapes data imported succesfully!
shapes data imported succesfully!
shapes data imported succesfully!
shapes data imported succesfully!
shapes data imported succesfully!
shapes data imported succesfully!
shapes data imported succesfully!
shapes data imported succesfully!
shapes data imported succesfully!
shapes data imported succesfully!
shapes data imported succesfully!
shapes data imported succesfully!
shapes data imported succesfully!
shapes data imported succesfully!
shapes data imported succesfully!
shapes data imported succesfully!
shapes data imported succesfully!
shapes data imported succesfully!
shapes data imported succesfully!
shapes data imported succesfully!
shapes data imported succesfully!
shapes data imported succesfully!
shapes data imported succesfully!
shapes data imported succesfully!
shapes data imported succesfully!
shapes data imported succesfully!
shapes data imported succesfully!
shapes data imported succesfully!
shapes data imported succesfully!
shapes data imported succesfully!
shapes data imported succesfully!
shapes data imported succesfully!
shapes data imported succesfully!
shapes data imported succesfully!
shapes data imported succesfully!
shapes data imported succesfully!
shapes data imported succesfully!
shapes data imported succesfully!
shapes data imported succesfully!
shapes data imported succesfully!
shapes data imported succesfully!
shapes data imported succesfully!
shapes data imported succesfully!
shapes data imported succesfully!
shapes data imported succesfully!
shapes data imported succesfully!
shapes data imported succesfully!
shapes data imported succesfully!
shapes data imported succesfully!
shapes data imported succesfully!
shapes data imported succesfully!
shapes data imported succesfully!
shapes data imported succesfully!
shapes data imported succesfully!
shapes data imported succesfully!
shapes data imported succesfully!
shapes data imported succesfully!
shapes data imported succesfully!
shapes data imported succesfully!
shapes data imported succesfully!
shapes data imported succesfully!
shapes data imported succesfully!
shapes data imported succesfully!
shapes data imported succesfully!
shapes data imported succesfully!
shapes data imported succesfully!
shapes data imported succesfully!
shapes data imported succesfully!
shapes data imported succesfully!
shapes data imported succesfully!
shapes data imported succesfully!
shapes data imported succesfully!
shapes data imported succesfully!
shapes data imported succesfully!
shapes data imported succesfully!
shapes data imported succesfully!
shapes data imported succesfully!
shapes data imported succesfully!
shapes data imported succesfully!
shapes data imported succesfully!
shapes data imported succesfully!
shapes data imported succesfully!
shapes data imported succesfully!
shapes data imported succesfully!
shapes data imported succesfully!
shapes data imported succesfully!
shapes data imported succesfully!
shapes data imported succesfully!
shapes data imported succesfully!
shapes data imported succesfully!
shapes data imported succesfully!
shapes data imported succesfully!
shapes data imported succesfully!
shapes data imported succesfully!
shapes data imported succesfully!
shapes data imported succesfully!
shapes data imported succesfully!
shapes data imported succesfully!
shapes data imported succesfully!
shapes data imported succesfully!
shapes data imported succesfully!
shapes data imported succesfully!
shapes data imported succesfully!
shapes data imported succesfully!
shapes data imported succesfully!
shapes data imported succesfully!
shapes data imported succesfully!
shapes data imported succesfully!
shapes data imported succesfully!
shapes data imported succesfully!
shapes data imported succesfully!
shapes data imported succesfully!
shapes data imported succesfully!
shapes data imported succesfully!
shapes data imported succesfully!
shapes data imported succesfully!
shapes data imported succesfully!
shapes data imported succesfully!
shapes data imported succesfully!
shapes data imported succesfully!
shapes data imported succesfully!
shapes data imported succesfully!
shapes data imported succesfully!
shapes data imported succesfully!
shapes data imported succesfully!
shapes data imported succesfully!
shapes data imported succesfully!
shapes data imported succesfully!
shapes data imported succesfully!
shapes data imported succesfully!
shapes data imported succesfully!
shapes data imported succesfully!
shapes data imported succesfully!
shapes data imported succesfully!
shapes data imported succesfully!
shapes data imported succesfully!
shapes data imported succesfully!
shapes data imported succesfully!
shapes data imported succesfully!
shapes data imported succesfully!
shapes data imported succesfully!
shapes data imported succesfully!
shapes data imported succesfully!
shapes data imported succesfully!
shapes data imported succesfully!
shapes data imported succesfully!
shapes data imported succesfully!
shapes data imported succesfully!
shapes data imported succesfully!
shapes data imported succesfully!
shapes data imported succesfully!
shapes data imported succesfully!
shapes data imported succesfully!
shapes data imported succesfully!
shapes data imported succesfully!
shapes data imported succesfully!
shapes data imported succesfully!
shapes data imported succesfully!
shapes data imported succesfully!
shapes data imported succesfully!
shapes data imported succesfully!
shapes data imported succesfully!
shapes data imported succesfully!
shapes data imported succesfully!
shapes data imported succesfully!
shapes data imported succesfully!
shapes data imported succesfully!
shapes data imported succesfully!
shapes data imported succesfully!
shapes data imported succesfully!
shapes data imported succesfully!
shapes data imported succesfully!
shapes data imported succesfully!
shapes data imported succesfully!
shapes data imported succesfully!
shapes data imported succesfully!
shapes data imported succesfully!
shapes data imported succesfully!
shapes data imported succesfully!
shapes data imported succesfully!
shapes data imported succesfully!
shapes data imported succesfully!
shapes data imported succesfully!
shapes data imported succesfully!
shapes data imported succesfully!
shapes data imported succesfully!
shapes data imported succesfully!
shapes data imported succesfully!
shapes data imported succesfully!
shapes data imported succesfully!
shapes data imported succesfully!
shapes data imported succesfully!
shapes data imported succesfully!
shapes data imported succesfully!
shapes data imported succesfully!
shapes data imported succesfully!
shapes data imported succesfully!
shapes data imported succesfully!
shapes data imported succesfully!
shapes data imported succesfully!
shapes data imported succesfully!
shapes data imported succesfully!
shapes data imported succesfully!
shapes data imported succesfully!
shapes data imported succesfully!
shapes data imported succesfully!
shapes data imported succesfully!
shapes data imported succesfully!
shapes data imported succesfully!
shapes data imported succesfully!
shapes data imported succesfully!
shapes data imported succesfully!
shapes data imported succesfully!
shapes data imported succesfully!
shapes data imported succesfully!
shapes data imported succesfully!
shapes data imported succesfully!
shapes data imported succesfully!
shapes data imported succesfully!
shapes data imported succesfully!
shapes data imported succesfully!
shapes data imported succesfully!
shapes data imported succesfully!
shapes data imported succesfully!
shapes data imported succesfully!
shapes data imported succesfully!
shapes data imported succesfully!
shapes data imported succesfully!
shapes data imported succesfully!
shapes data imported succesfully!
shapes data imported succesfully!
shapes data imported succesfully!
shapes data imported succesfully!
shapes data imported succesfully!
shapes data imported succesfully!
shapes data imported succesfully!
shapes data imported succesfully!
shapes data imported succesfully!
shapes data imported succesfully!
shapes data imported succesfully!
shapes data imported succesfully!
shapes data imported succesfully!
shapes data imported succesfully!
shapes data imported succesfully!
shapes data imported succesfully!
shapes data imported succesfully!
shapes data imported succesfully!
shapes data imported succesfully!
shapes data imported succesfully!
shapes data imported succesfully!
shapes data imported succesfully!
shapes data imported succesfully!
shapes data imported succesfully!
shapes data imported succesfully!
shapes data imported succesfully!
shapes data imported succesfully!
shapes data imported succesfully!
shapes data imported succesfully!
shapes data imported succesfully!
shapes data imported succesfully!
shapes data imported succesfully!
shapes data imported succesfully!
shapes data imported succesfully!
shapes data imported succesfully!
shapes data imported succesfully!
shapes data imported succesfully!
shapes data imported succesfully!
shapes data imported succesfully!
shapes data imported succesfully!
shapes data imported succesfully!
shapes data imported succesfully!
shapes data imported succesfully!
shapes data imported succesfully!
shapes data imported succesfully!
shapes data imported succesfully!
shapes data imported succesfully!
shapes data imported succesfully!
shapes data imported succesfully!
shapes data imported succesfully!
shapes data imported succesfully!
shapes data imported succesfully!
shapes data imported succesfully!
shapes data imported succesfully!
shapes data imported succesfully!
shapes data imported succesfully!
shapes data imported succesfully!
shapes data imported succesfully!
shapes data imported succesfully!
shapes data imported succesfully!
shapes data imported succesfully!
shapes data imported succesfully!
shapes data imported succesfully!
shapes data imported succesfully!
shapes data imported succesfully!
shapes data imported succesfully!
shapes data imported succesfully!
shapes data imported succesfully!
shapes data imported succesfully!
shapes data imported succesfully!
shapes data imported succesfully!
shapes data imported succesfully!
shapes data imported succesfully!
shapes data imported succesfully!
shapes data imported succesfully!
shapes data imported succesfully!
shapes data imported succesfully!
shapes data imported succesfully!
shapes data imported succesfully!
shapes data imported succesfully!
shapes data imported succesfully!
shapes data imported succesfully!
shapes data imported succesfully!
shapes data imported succesfully!
shapes data imported succesfully!
shapes data imported succesfully!
shapes data imported succesfully!
shapes data imported succesfully!
shapes data imported succesfully!
shapes data imported succesfully!
shapes data imported succesfully!
shapes data imported succesfully!
shapes data imported succesfully!
shapes data imported succesfully!
shapes data imported succesfully!
shapes data imported succesfully!
shapes data imported succesfully!
shapes data imported succesfully!
shapes data imported succesfully!
shapes data imported succesfully!
shapes data imported succesfully!
shapes data imported succesfully!
shapes data imported succesfully!
shapes data imported succesfully!
shapes data imported succesfully!
shapes data imported succesfully!
shapes data imported succesfully!
shapes data imported succesfully!
shapes data imported succesfully!
shapes data imported succesfully!
shapes data imported succesfully!
shapes data imported succesfully!
shapes data imported succesfully!
shapes data imported succesfully!
shapes data imported succesfully!
shapes data imported succesfully!
shapes data imported succesfully!
shapes data imported succesfully!
shapes data imported succesfully!
shapes data imported succesfully!
shapes data imported succesfully!
shapes data imported succesfully!
shapes data imported succesfully!
shapes data imported succesfully!
shapes data imported succesfully!
shapes data imported succesfully!
shapes data imported succesfully!
shapes data imported succesfully!
shapes data imported succesfully!
shapes data imported succesfully!
shapes data imported succesfully!
shapes data imported succesfully!
shapes data imported succesfully!
shapes data imported succesfully!
shapes data imported succesfully!
shapes data imported succesfully!
shapes data imported succesfully!
shapes data imported succesfully!
shapes data imported succesfully!
shapes data imported succesfully!
shapes data imported succesfully!
shapes data imported succesfully!
shapes data imported succesfully!
shapes data imported succesfully!
shapes data imported succesfully!
shapes data imported succesfully!
shapes data imported succesfully!
shapes data imported succesfully!
shapes data imported succesfully!
shapes data imported succesfully!
shapes data imported succesfully!
shapes data imported succesfully!
shapes data imported succesfully!
shapes data imported succesfully!
shapes data imported succesfully!
shapes data imported succesfully!
shapes data imported succesfully!
shapes data imported succesfully!
shapes data imported succesfully!
shapes data imported succesfully!
shapes data imported succesfully!
shapes data imported succesfully!
shapes data imported succesfully!
shapes data imported succesfully!
shapes data imported succesfully!
shapes data imported succesfully!
shapes data imported succesfully!
shapes data imported succesfully!
shapes data imported succesfully!
shapes data imported succesfully!
shapes data imported succesfully!
shapes data imported succesfully!
shapes data imported succesfully!
shapes data imported succesfully!
shapes data imported succesfully!
shapes data imported succesfully!
shapes data imported succesfully!
shapes data imported succesfully!
shapes data imported succesfully!
shapes data imported succesfully!
shapes data imported succesfully!
shapes data imported succesfully!
shapes data imported succesfully!
shapes data imported succesfully!
shapes data imported succesfully!
shapes data imported succesfully!
shapes data imported succesfully!
shapes data imported succesfully!
shapes data imported succesfully!
shapes data imported succesfully!
shapes data imported succesfully!
shapes data imported succesfully!
shapes data imported succesfully!
shapes data imported succesfully!
shapes data imported succesfully!
shapes data imported succesfully!
shapes data imported succesfully!
shapes data imported succesfully!
shapes data imported succesfully!
shapes data imported succesfully!
shapes data imported succesfully!
shapes data imported succesfully!
shapes data imported succesfully!
shapes data imported succesfully!
shapes data imported succesfully!
shapes data imported succesfully!
shapes data imported succesfully!
shapes data imported succesfully!
shapes data imported succesfully!
shapes data imported succesfully!
shapes data imported succesfully!
shapes data imported succesfully!
shapes data imported succesfully!
shapes data imported succesfully!
shapes data imported succesfully!
shapes data imported succesfully!
shapes data imported succesfully!
shapes data imported succesfully!
shapes data imported succesfully!
shapes data imported succesfully!
shapes data imported succesfully!
shapes data imported succesfully!
shapes data imported succesfully!
shapes data imported succesfully!
shapes data imported succesfully!
shapes data imported succesfully!
shapes data imported succesfully!
shapes data imported succesfully!
shapes data imported succesfully!
shapes data imported succesfully!
shapes data imported succesfully!
shapes data imported succesfully!
shapes data imported succesfully!
shapes data imported succesfully!
shapes data imported succesfully!
shapes data imported succesfully!
shapes data imported succesfully!
shapes data imported succesfully!
shapes data imported succesfully!
shapes data imported succesfully!
shapes data imported succesfully!
shapes data imported succesfully!
shapes data imported succesfully!
shapes data imported succesfully!
shapes data imported succesfully!
shapes data imported succesfully!
shapes data imported succesfully!
shapes data imported succesfully!
shapes data imported succesfully!
shapes data imported succesfully!
shapes data imported succesfully!
shapes data imported succesfully!
shapes data imported succesfully!
shapes data imported succesfully!
shapes data imported succesfully!
shapes data imported succesfully!
shapes data imported succesfully!
shapes data imported succesfully!
shapes data imported succesfully!
shapes data imported succesfully!
shapes data imported succesfully!
shapes data imported succesfully!
shapes data imported succesfully!
shapes data imported succesfully!
shapes data imported succesfully!
shapes data imported succesfully!
shapes data imported succesfully!
shapes data imported succesfully!
shapes data imported succesfully!
shapes data imported succesfully!
shapes data imported succesfully!
shapes data imported succesfully!
shapes data imported succesfully!
shapes data imported succesfully!
shapes data imported succesfully!
shapes data imported succesfully!
shapes data imported succesfully!
shapes data imported succesfully!
shapes data imported succesfully!
shapes data imported succesfully!
shapes data imported succesfully!
shapes data imported succesfully!
shapes data imported succesfully!
shapes data imported succesfully!
shapes data imported succesfully!
shapes data imported succesfully!
shapes data imported succesfully!
shapes data imported succesfully!
shapes data imported succesfully!
shapes data imported succesfully!
shapes data imported succesfully!
shapes data imported succesfully!
shapes data imported succesfully!
shapes data imported succesfully!
shapes data imported succesfully!
shapes data imported succesfully!
shapes data imported succesfully!
shapes data imported succesfully!
shapes data imported succesfully!
shapes data imported succesfully!
shapes data imported succesfully!
shapes data imported succesfully!
shapes data imported succesfully!
shapes data imported succesfully!
shapes data imported succesfully!
shapes data imported succesfully!
shapes data imported succesfully!
shapes data imported succesfully!
shapes data imported succesfully!
shapes data imported succesfully!
shapes data imported succesfully!
shapes data imported succesfully!
shapes data imported succesfully!
shapes data imported succesfully!
shapes data imported succesfully!
shapes data imported succesfully!
shapes data imported succesfully!
shapes data imported succesfully!
shapes data imported succesfully!
shapes data imported succesfully!
shapes data imported succesfully!
shapes data imported succesfully!
shapes data imported succesfully!
shapes data imported succesfully!
shapes data imported succesfully!
shapes data imported succesfully!
shapes data imported succesfully!
shapes data imported succesfully!
shapes data imported succesfully!
shapes data imported succesfully!
shapes data imported succesfully!
shapes data imported succesfully!
shapes data imported succesfully!
shapes data imported succesfully!
shapes data imported succesfully!
shapes data imported succesfully!
shapes data imported succesfully!
shapes data imported succesfully!
shapes data imported succesfully!
shapes data imported succesfully!
shapes data imported succesfully!
shapes data imported succesfully!
shapes data imported succesfully!
shapes data imported succesfully!
shapes data imported succesfully!
shapes data imported succesfully!
shapes data imported succesfully!
shapes data imported succesfully!
shapes data imported succesfully!
shapes data imported succesfully!
shapes data imported succesfully!
shapes data imported succesfully!
shapes data imported succesfully!
shapes data imported succesfully!
shapes data imported succesfully!
shapes data imported succesfully!
shapes data imported succesfully!
shapes data imported succesfully!
shapes data imported succesfully!
shapes data imported succesfully!
shapes data imported succesfully!
shapes data imported succesfully!
shapes data imported succesfully!
shapes data imported succesfully!
shapes data imported succesfully!
shapes data imported succesfully!
shapes data imported succesfully!
shapes data imported succesfully!
shapes data imported succesfully!
shapes data imported succesfully!
shapes data imported succesfully!
shapes data imported succesfully!
shapes data imported succesfully!
shapes data imported succesfully!
shapes data imported succesfully!
shapes data imported succesfully!
shapes data imported succesfully!
shapes data imported succesfully!
shapes data imported succesfully!
shapes data imported succesfully!
shapes data imported succesfully!
shapes data imported succesfully!
shapes data imported succesfully!
shapes data imported succesfully!
shapes data imported succesfully!
shapes data imported succesfully!
shapes data imported succesfully!
shapes data imported succesfully!
shapes data imported succesfully!
shapes data imported succesfully!
shapes data imported succesfully!
shapes data imported succesfully!
shapes data imported succesfully!
shapes data imported succesfully!
shapes data imported succesfully!
shapes data imported succesfully!
shapes data imported succesfully!
shapes data imported succesfully!
shapes data imported succesfully!
shapes data imported succesfully!
shapes data imported succesfully!
shapes data imported succesfully!
shapes data imported succesfully!
shapes data imported succesfully!
shapes data imported succesfully!
shapes data imported succesfully!
shapes data imported succesfully!
shapes data imported succesfully!
shapes data imported succesfully!
shapes data imported succesfully!
shapes data imported succesfully!
shapes data imported succesfully!
shapes data imported succesfully!
shapes data imported succesfully!
shapes data imported succesfully!
shapes data imported succesfully!
shapes data imported succesfully!
shapes data imported succesfully!
shapes data imported succesfully!
shapes data imported succesfully!
shapes data imported succesfully!
shapes data imported succesfully!
shapes data imported succesfully!
shapes data imported succesfully!
shapes data imported succesfully!
shapes data imported succesfully!
shapes data imported succesfully!
shapes data imported succesfully!
shapes data imported succesfully!
shapes data imported succesfully!
shapes data imported succesfully!
shapes data imported succesfully!
shapes data imported succesfully!
shapes data imported succesfully!
shapes data imported succesfully!
shapes data imported succesfully!
shapes data imported succesfully!
shapes data imported succesfully!
shapes data imported succesfully!
shapes data imported succesfully!
shapes data imported succesfully!
shapes data imported succesfully!
shapes data imported succesfully!
shapes data imported succesfully!
shapes data imported succesfully!
shapes data imported succesfully!
shapes data imported succesfully!
shapes data imported succesfully!
shapes data imported succesfully!
shapes data imported succesfully!
shapes data imported succesfully!
shapes data imported succesfully!
shapes data imported succesfully!
shapes data imported succesfully!
shapes data imported succesfully!
shapes data imported succesfully!
shapes data imported succesfully!
shapes data imported succesfully!
shapes data imported succesfully!
shapes data imported succesfully!
shapes data imported succesfully!
shapes data imported succesfully!
shapes data imported succesfully!
shapes data imported succesfully!
shapes data imported succesfully!
shapes data imported succesfully!
shapes data imported succesfully!
shapes data imported succesfully!
shapes data imported succesfully!
shapes data imported succesfully!
shapes data imported succesfully!
shapes data imported succesfully!
shapes data imported succesfully!
shapes data imported succesfully!
shapes data imported succesfully!
shapes data imported succesfully!
shapes data imported succesfully!
shapes data imported succesfully!
shapes data imported succesfully!
shapes data imported succesfully!
shapes data imported succesfully!
shapes data imported succesfully!
shapes data imported succesfully!
shapes data imported succesfully!
shapes data imported succesfully!
shapes data imported succesfully!
shapes data imported succesfully!
shapes data imported succesfully!
shapes data imported succesfully!
shapes data imported succesfully!
shapes data imported succesfully!
shapes data imported succesfully!
shapes data imported succesfully!
shapes data imported succesfully!
shapes data imported succesfully!
shapes data imported succesfully!
shapes data imported succesfully!
shapes data imported succesfully!
shapes data imported succesfully!
shapes data imported succesfully!
shapes data imported succesfully!
shapes data imported succesfully!
shapes data imported succesfully!
shapes data imported succesfully!
shapes data imported succesfully!
shapes data imported succesfully!
shapes data imported succesfully!
shapes data imported succesfully!
shapes data imported succesfully!
shapes data imported succesfully!
shapes data imported succesfully!
shapes data imported succesfully!
shapes data imported succesfully!
shapes data imported succesfully!
shapes data imported succesfully!
shapes data imported succesfully!
shapes data imported succesfully!
shapes data imported succesfully!
shapes data imported succesfully!
shapes data imported succesfully!
shapes data imported succesfully!
shapes data imported succesfully!
shapes data imported succesfully!
shapes data imported succesfully!
shapes data imported succesfully!
shapes data imported succesfully!
shapes data imported succesfully!
shapes data imported succesfully!
shapes data imported succesfully!
shapes data imported succesfully!
shapes data imported succesfully!
shapes data imported succesfully!
shapes data imported succesfully!
shapes data imported succesfully!
shapes data imported succesfully!
shapes data imported succesfully!
shapes data imported succesfully!
shapes data imported succesfully!
shapes data imported succesfully!
shapes data imported succesfully!
shapes data imported succesfully!
shapes data imported succesfully!
shapes data imported succesfully!
shapes data imported succesfully!
shapes data imported succesfully!
shapes data imported succesfully!
shapes data imported succesfully!
shapes data imported succesfully!
shapes data imported succesfully!
shapes data imported succesfully!
shapes data imported succesfully!
shapes data imported succesfully!
shapes data imported succesfully!
shapes data imported succesfully!
shapes data imported succesfully!
shapes data imported succesfully!
shapes data imported succesfully!
shapes data imported succesfully!
shapes data imported succesfully!
shapes data imported succesfully!
shapes data imported succesfully!
shapes data imported succesfully!
shapes data imported succesfully!
shapes data imported succesfully!
shapes data imported succesfully!
shapes data imported succesfully!
shapes data imported succesfully!
shapes data imported succesfully!
shapes data imported succesfully!
shapes data imported succesfully!
shapes data imported succesfully!
shapes data imported succesfully!
shapes data imported succesfully!
shapes data imported succesfully!
shapes data imported succesfully!
shapes data imported succesfully!
shapes data imported succesfully!
shapes data imported succesfully!
shapes data imported succesfully!
shapes data imported succesfully!
shapes data imported succesfully!
shapes data imported succesfully!
shapes data imported succesfully!
shapes data imported succesfully!
shapes data imported succesfully!
shapes data imported succesfully!
shapes data imported succesfully!
shapes data imported succesfully!
shapes data imported succesfully!
shapes data imported succesfully!
shapes data imported succesfully!
shapes data imported succesfully!
shapes data imported succesfully!
shapes data imported succesfully!
shapes data imported succesfully!
shapes data imported succesfully!
shapes data imported succesfully!
shapes data imported succesfully!
shapes data imported succesfully!
shapes data imported succesfully!
shapes data imported succesfully!
shapes data imported succesfully!
shapes data imported succesfully!
shapes data imported succesfully!
shapes data imported succesfully!
shapes data imported succesfully!
shapes data imported succesfully!
shapes data imported succesfully!
shapes data imported succesfully!
shapes data imported succesfully!
shapes data imported succesfully!
shapes data imported succesfully!
shapes data imported succesfully!
shapes data imported succesfully!
shapes data imported succesfully!
shapes data imported succesfully!
shapes data imported succesfully!
shapes data imported succesfully!
shapes data imported succesfully!
shapes data imported succesfully!
shapes data imported succesfully!
shapes data imported succesfully!
shapes data imported succesfully!
shapes data imported succesfully!
shapes data imported succesfully!
shapes data imported succesfully!
shapes data imported succesfully!
shapes data imported succesfully!
shapes data imported succesfully!
shapes data imported succesfully!
shapes data imported succesfully!
shapes data imported succesfully!
shapes data imported succesfully!
shapes data imported succesfully!
shapes data imported succesfully!
shapes data imported succesfully!
shapes data imported succesfully!
shapes data imported succesfully!
shapes data imported succesfully!
shapes data imported succesfully!
shapes data imported succesfully!
shapes data imported succesfully!
shapes data imported succesfully!
shapes data imported succesfully!
shapes data imported succesfully!
shapes data imported succesfully!
shapes data imported succesfully!
shapes data imported succesfully!
shapes data imported succesfully!
shapes data imported succesfully!
shapes data imported succesfully!
shapes data imported succesfully!
shapes data imported succesfully!
shapes data imported succesfully!
shapes data imported succesfully!
shapes data imported succesfully!
shapes data imported succesfully!
shapes data imported succesfully!
shapes data imported succesfully!
shapes data imported succesfully!
shapes data imported succesfully!
shapes data imported succesfully!
shapes data imported succesfully!
shapes data imported succesfully!
shapes data imported succesfully!
shapes data imported succesfully!
shapes data imported succesfully!
shapes data imported succesfully!
shapes data imported succesfully!
shapes data imported succesfully!
shapes data imported succesfully!
shapes data imported succesfully!
shapes data imported succesfully!
shapes data imported succesfully!
shapes data imported succesfully!
shapes data imported succesfully!
shapes data imported succesfully!
shapes data imported succesfully!
shapes data imported succesfully!
shapes data imported succesfully!
shapes data imported succesfully!
shapes data imported succesfully!
shapes data imported succesfully!
shapes data imported succesfully!
shapes data imported succesfully!
shapes data imported succesfully!
shapes data imported succesfully!
shapes data imported succesfully!
shapes data imported succesfully!
shapes data imported succesfully!
shapes data imported succesfully!
shapes data imported succesfully!
shapes data imported succesfully!
shapes data imported succesfully!
shapes data imported succesfully!
shapes data imported succesfully!
shapes data imported succesfully!
shapes data imported succesfully!
shapes data imported succesfully!
shapes data imported succesfully!
shapes data imported succesfully!
shapes data imported succesfully!
shapes data imported succesfully!
shapes data imported succesfully!
shapes data imported succesfully!
shapes data imported succesfully!
shapes data imported succesfully!
shapes data imported succesfully!
shapes data imported succesfully!
shapes data imported succesfully!
shapes data imported succesfully!
shapes data imported succesfully!
shapes data imported succesfully!
shapes data imported succesfully!
shapes data imported succesfully!
shapes data imported succesfully!
shapes data imported succesfully!
shapes data imported succesfully!
shapes data imported succesfully!
shapes data imported succesfully!
shapes data imported succesfully!
shapes data imported succesfully!
shapes data imported succesfully!
shapes data imported succesfully!
shapes data imported succesfully!
shapes data imported succesfully!
shapes data imported succesfully!
shapes data imported succesfully!
shapes data imported succesfully!
shapes data imported succesfully!
shapes data imported succesfully!
shapes data imported succesfully!
shapes data imported succesfully!
shapes data imported succesfully!
shapes data imported succesfully!
shapes data imported succesfully!
shapes data imported succesfully!
shapes data imported succesfully!
shapes data imported succesfully!
shapes data imported succesfully!
shapes data imported succesfully!
shapes data imported succesfully!
shapes data imported succesfully!
shapes data imported succesfully!
shapes data imported succesfully!
shapes data imported succesfully!
shapes data imported succesfully!
shapes data imported succesfully!
shapes data imported succesfully!
shapes data imported succesfully!
shapes data imported succesfully!
shapes data imported succesfully!
shapes data imported succesfully!
shapes data imported succesfully!
shapes data imported succesfully!
shapes data imported succesfully!
shapes data imported succesfully!
shapes data imported succesfully!
shapes data imported succesfully!
shapes data imported succesfully!
shapes data imported succesfully!
shapes data imported succesfully!
shapes data imported succesfully!
shapes data imported succesfully!
shapes data imported succesfully!
shapes data imported succesfully!
shapes data imported succesfully!
shapes data imported succesfully!
shapes data imported succesfully!
shapes data imported succesfully!
shapes data imported succesfully!
shapes data imported succesfully!
shapes data imported succesfully!
shapes data imported succesfully!
shapes data imported succesfully!
shapes data imported succesfully!
shapes data imported succesfully!
shapes data imported succesfully!
shapes data imported succesfully!
shapes data imported succesfully!
shapes data imported succesfully!
shapes data imported succesfully!
shapes data imported succesfully!
shapes data imported succesfully!
shapes data imported succesfully!
shapes data imported succesfully!
shapes data imported succesfully!
shapes data imported succesfully!
shapes data imported succesfully!
shapes data imported succesfully!
shapes data imported succesfully!
shapes data imported succesfully!
shapes data imported succesfully!
shapes data imported succesfully!
shapes data imported succesfully!
shapes data imported succesfully!
shapes data imported succesfully!
shapes data imported succesfully!
shapes data imported succesfully!
shapes data imported succesfully!
shapes data imported succesfully!
shapes data imported succesfully!
shapes data imported succesfully!
shapes data imported succesfully!
shapes data imported succesfully!
shapes data imported succesfully!
shapes data imported succesfully!
shapes data imported succesfully!
shapes data imported succesfully!
shapes data imported succesfully!
shapes data imported succesfully!
shapes data imported succesfully!
shapes data imported succesfully!
shapes data imported succesfully!
shapes data imported succesfully!
shapes data imported succesfully!
shapes data imported succesfully!
shapes data imported succesfully!
shapes data imported succesfully!
shapes data imported succesfully!
shapes data imported succesfully!
shapes data imported succesfully!
shapes data imported succesfully!
shapes data imported succesfully!
shapes data imported succesfully!
shapes data imported succesfully!
shapes data imported succesfully!
shapes data imported succesfully!
shapes data imported succesfully!
shapes data imported succesfully!
shapes data imported succesfully!
shapes data imported succesfully!
shapes data imported succesfully!
shapes data imported succesfully!
shapes data imported succesfully!
shapes data imported succesfully!
shapes data imported succesfully!
shapes data imported succesfully!
shapes data imported succesfully!
shapes data imported succesfully!
shapes data imported succesfully!
shapes data imported succesfully!
shapes data imported succesfully!
shapes data imported succesfully!
shapes data imported succesfully!
shapes data imported succesfully!
shapes data imported succesfully!
shapes data imported succesfully!
shapes data imported succesfully!
shapes data imported succesfully!
shapes data imported succesfully!
shapes data imported succesfully!
shapes data imported succesfully!
shapes data imported succesfully!
shapes data imported succesfully!
shapes data imported succesfully!
shapes data imported succesfully!
shapes data imported succesfully!
shapes data imported succesfully!
shapes data imported succesfully!
shapes data imported succesfully!
shapes data imported succesfully!
shapes data imported succesfully!
shapes data imported succesfully!
shapes data imported succesfully!
shapes data imported succesfully!
shapes data imported succesfully!
shapes data imported succesfully!
shapes data imported succesfully!
shapes data imported succesfully!
shapes data imported succesfully!
shapes data imported succesfully!
shapes data imported succesfully!
shapes data imported succesfully!
shapes data imported succesfully!
shapes data imported succesfully!
shapes data imported succesfully!
shapes data imported succesfully!
shapes data imported succesfully!
shapes data imported succesfully!
shapes data imported succesfully!
shapes data imported succesfully!
shapes data imported succesfully!
shapes data imported succesfully!
shapes data imported succesfully!
shapes data imported succesfully!
shapes data imported succesfully!
shapes data imported succesfully!
shapes data imported succesfully!
shapes data imported succesfully!
shapes data imported succesfully!
shapes data imported succesfully!
shapes data imported succesfully!
shapes data imported succesfully!
shapes data imported succesfully!
shapes data imported succesfully!
shapes data imported succesfully!
shapes data imported succesfully!
shapes data imported succesfully!
shapes data imported succesfully!
shapes data imported succesfully!
shapes data imported succesfully!
shapes data imported succesfully!
shapes data imported succesfully!
shapes data imported succesfully!
shapes data imported succesfully!
shapes data imported succesfully!
shapes data imported succesfully!
shapes data imported succesfully!
shapes data imported succesfully!
shapes data imported succesfully!
shapes data imported succesfully!
shapes data imported succesfully!
shapes data imported succesfully!
shapes data imported succesfully!
shapes data imported succesfully!
shapes data imported succesfully!
shapes data imported succesfully!
shapes data imported succesfully!
shapes data imported succesfully!
shapes data imported succesfully!
shapes data imported succesfully!
shapes data imported succesfully!
shapes data imported succesfully!
shapes data imported succesfully!
shapes data imported succesfully!
shapes data imported succesfully!
shapes data imported succesfully!
shapes data imported succesfully!
shapes data imported succesfully!
shapes data imported succesfully!
shapes data imported succesfully!
shapes data imported succesfully!
shapes data imported succesfully!
shapes data imported succesfully!
shapes data imported succesfully!
shapes data imported succesfully!
shapes data imported succesfully!
shapes data imported succesfully!
shapes data imported succesfully!
shapes data imported succesfully!
shapes data imported succesfully!
shapes data imported succesfully!
shapes data imported succesfully!
shapes data imported succesfully!
shapes data imported succesfully!
shapes data imported succesfully!
shapes data imported succesfully!
shapes data imported succesfully!
shapes data imported succesfully!
shapes data imported succesfully!
shapes data imported succesfully!
shapes data imported succesfully!
shapes data imported succesfully!
shapes data imported succesfully!
shapes data imported succesfully!
shapes data imported succesfully!
shapes data imported succesfully!
shapes data imported succesfully!
shapes data imported succesfully!
shapes data imported succesfully!
shapes data imported succesfully!
shapes data imported succesfully!
shapes data imported succesfully!
shapes data imported succesfully!
shapes data imported succesfully!
shapes data imported succesfully!
shapes data imported succesfully!
shapes data imported succesfully!
shapes data imported succesfully!
shapes data imported succesfully!
shapes data imported succesfully!
shapes data imported succesfully!
shapes data imported succesfully!
shapes data imported succesfully!
shapes data imported succesfully!
shapes data imported succesfully!
shapes data imported succesfully!
shapes data imported succesfully!
shapes data imported succesfully!
shapes data imported succesfully!
shapes data imported succesfully!
shapes data imported succesfully!
shapes data imported succesfully!
shapes data imported succesfully!
shapes data imported succesfully!
shapes data imported succesfully!
shapes data imported succesfully!
shapes data imported succesfully!
shapes data imported succesfully!
shapes data imported succesfully!
shapes data imported succesfully!
shapes data imported succesfully!
shapes data imported succesfully!
shapes data imported succesfully!
shapes data imported succesfully!
shapes data imported succesfully!
shapes data imported succesfully!
shapes data imported succesfully!
shapes data imported succesfully!
shapes data imported succesfully!
shapes data imported succesfully!
shapes data imported succesfully!
shapes data imported succesfully!
shapes data imported succesfully!
shapes data imported succesfully!
shapes data imported succesfully!
shapes data imported succesfully!
shapes data imported succesfully!
shapes data imported succesfully!
shapes data imported succesfully!
shapes data imported succesfully!
shapes data imported succesfully!
shapes data imported succesfully!
shapes data imported succesfully!
shapes data imported succesfully!
shapes data imported succesfully!
shapes data imported succesfully!
shapes data imported succesfully!
shapes data imported succesfully!
shapes data imported succesfully!
shapes data imported succesfully!
shapes data imported succesfully!
shapes data imported succesfully!
shapes data imported succesfully!
shapes data imported succesfully!
shapes data imported succesfully!
shapes data imported succesfully!
shapes data imported succesfully!
shapes data imported succesfully!
shapes data imported succesfully!
shapes data imported succesfully!
shapes data imported succesfully!
shapes data imported succesfully!
shapes data imported succesfully!
shapes data imported succesfully!
shapes data imported succesfully!
shapes data imported succesfully!
shapes data imported succesfully!
shapes data imported succesfully!
shapes data imported succesfully!
shapes data imported succesfully!
shapes data imported succesfully!
shapes data imported succesfully!
shapes data imported succesfully!
shapes data imported succesfully!
shapes data imported succesfully!
shapes data imported succesfully!
shapes data imported succesfully!
shapes data imported succesfully!
shapes data imported succesfully!
shapes data imported succesfully!
shapes data imported succesfully!
shapes data imported succesfully!
shapes data imported succesfully!
shapes data imported succesfully!
shapes data imported succesfully!
shapes data imported succesfully!
shapes data imported succesfully!
shapes data imported succesfully!
shapes data imported succesfully!
shapes data imported succesfully!
shapes data imported succesfully!
shapes data imported succesfully!
shapes data imported succesfully!
shapes data imported succesfully!
shapes data imported succesfully!
shapes data imported succesfully!
shapes data imported succesfully!
shapes data imported succesfully!
shapes data imported succesfully!
shapes data imported succesfully!
shapes data imported succesfully!
shapes data imported succesfully!
shapes data imported succesfully!
shapes data imported succesfully!
shapes data imported succesfully!
shapes data imported succesfully!
shapes data imported succesfully!
shapes data imported succesfully!
shapes data imported succesfully!
shapes data imported succesfully!
shapes data imported succesfully!
shapes data imported succesfully!
shapes data imported succesfully!
shapes data imported succesfully!
shapes data imported succesfully!
shapes data imported succesfully!
shapes data imported succesfully!
shapes data imported succesfully!
shapes data imported succesfully!
shapes data imported succesfully!
shapes data imported succesfully!
shapes data imported succesfully!
shapes data imported succesfully!
shapes data imported succesfully!
shapes data imported succesfully!
shapes data imported succesfully!
shapes data imported succesfully!
shapes data imported succesfully!
shapes data imported succesfully!
shapes data imported succesfully!
shapes data imported succesfully!
shapes data imported succesfully!
shapes data imported succesfully!
shapes data imported succesfully!
shapes data imported succesfully!
shapes data imported succesfully!
shapes data imported succesfully!
shapes data imported succesfully!
shapes data imported succesfully!
shapes data imported succesfully!
shapes data imported succesfully!
shapes data imported succesfully!
shapes data imported succesfully!
shapes data imported succesfully!
shapes data imported succesfully!
shapes data imported succesfully!
shapes data imported succesfully!
shapes data imported succesfully!
shapes data imported succesfully!
shapes data imported succesfully!
shapes data imported succesfully!
shapes data imported succesfully!
shapes data imported succesfully!
shapes data imported succesfully!
shapes data imported succesfully!
shapes data imported succesfully!
shapes data imported succesfully!
shapes data imported succesfully!
shapes data imported succesfully!
shapes data imported succesfully!
shapes data imported succesfully!
shapes data imported succesfully!
shapes data imported succesfully!
shapes data imported succesfully!
shapes data imported succesfully!
shapes data imported succesfully!
shapes data imported succesfully!
shapes data imported succesfully!
shapes data imported succesfully!
shapes data imported succesfully!
shapes data imported succesfully!
shapes data imported succesfully!
shapes data imported succesfully!
shapes data imported succesfully!
shapes data imported succesfully!
shapes data imported succesfully!
shapes data imported succesfully!
shapes data imported succesfully!
shapes data imported succesfully!
shapes data imported succesfully!
shapes data imported succesfully!
shapes data imported succesfully!
shapes data imported succesfully!
shapes data imported succesfully!
shapes data imported succesfully!
shapes data imported succesfully!
shapes data imported succesfully!
shapes data imported succesfully!
shapes data imported succesfully!
shapes data imported succesfully!
shapes data imported succesfully!
shapes data imported succesfully!
shapes data imported succesfully!
shapes data imported succesfully!
shapes data imported succesfully!
shapes data imported succesfully!
shapes data imported succesfully!
shapes data imported succesfully!
shapes data imported succesfully!
shapes data imported succesfully!
shapes data imported succesfully!
shapes data imported succesfully!
shapes data imported succesfully!
shapes data imported succesfully!
shapes data imported succesfully!
shapes data imported succesfully!
shapes data imported succesfully!
shapes data imported succesfully!
shapes data imported succesfully!
shapes data imported succesfully!
shapes data imported succesfully!
shapes data imported succesfully!
shapes data imported succesfully!
shapes data imported succesfully!
shapes data imported succesfully!
shapes data imported succesfully!
shapes data imported succesfully!
shapes data imported succesfully!
shapes data imported succesfully!
shapes data imported succesfully!
shapes data imported succesfully!
shapes data imported succesfully!
shapes data imported succesfully!
shapes data imported succesfully!
shapes data imported succesfully!
shapes data imported succesfully!
shapes data imported succesfully!
shapes data imported succesfully!
shapes data imported succesfully!
shapes data imported succesfully!
shapes data imported succesfully!
shapes data imported succesfully!
shapes data imported succesfully!
shapes data imported succesfully!
shapes data imported succesfully!
shapes data imported succesfully!
shapes data imported succesfully!
shapes data imported succesfully!
shapes data imported succesfully!
shapes data imported succesfully!
shapes data imported succesfully!
shapes data imported succesfully!
shapes data imported succesfully!
shapes data imported succesfully!
shapes data imported succesfully!
shapes data imported succesfully!
shapes data imported succesfully!
shapes data imported succesfully!
shapes data imported succesfully!
shapes data imported succesfully!
shapes data imported succesfully!
shapes data imported succesfully!
shapes data imported succesfully!
shapes data imported succesfully!
shapes data imported succesfully!
shapes data imported succesfully!
shapes data imported succesfully!
shapes data imported succesfully!
shapes data imported succesfully!
shapes data imported succesfully!
shapes data imported succesfully!
shapes data imported succesfully!
shapes data imported succesfully!
shapes data imported succesfully!
shapes data imported succesfully!
shapes data imported succesfully!
shapes data imported succesfully!
shapes data imported succesfully!
shapes data imported succesfully!
shapes data imported succesfully!
shapes data imported succesfully!
shapes data imported succesfully!
shapes data imported succesfully!
shapes data imported succesfully!
shapes data imported succesfully!
shapes data imported succesfully!
shapes data imported succesfully!
shapes data imported succesfully!
shapes data imported succesfully!
shapes data imported succesfully!
shapes data imported succesfully!
shapes data imported succesfully!
shapes data imported succesfully!
shapes data imported succesfully!
shapes data imported succesfully!
shapes data imported succesfully!
shapes data imported succesfully!
shapes data imported succesfully!
shapes data imported succesfully!
shapes data imported succesfully!
shapes data imported succesfully!
shapes data imported succesfully!
shapes data imported succesfully!
shapes data imported succesfully!
shapes data imported succesfully!
shapes data imported succesfully!
shapes data imported succesfully!
shapes data imported succesfully!
shapes data imported succesfully!
shapes data imported succesfully!
shapes data imported succesfully!
shapes data imported succesfully!
shapes data imported succesfully!
shapes data imported succesfully!
shapes data imported succesfully!
shapes data imported succesfully!
shapes data imported succesfully!
shapes data imported succesfully!
shapes data imported succesfully!
shapes data imported succesfully!
shapes data imported succesfully!
shapes data imported succesfully!
shapes data imported succesfully!
shapes data imported succesfully!
shapes data imported succesfully!
shapes data imported succesfully!
shapes data imported succesfully!
shapes data imported succesfully!
shapes data imported succesfully!
shapes data imported succesfully!
shapes data imported succesfully!
shapes data imported succesfully!
shapes data imported succesfully!
shapes data imported succesfully!
shapes data imported succesfully!
shapes data imported succesfully!
shapes data imported succesfully!
shapes data imported succesfully!
shapes data imported succesfully!
shapes data imported succesfully!
shapes data imported succesfully!
shapes data imported succesfully!
shapes data imported succesfully!
shapes data imported succesfully!
shapes data imported succesfully!
shapes data imported succesfully!
shapes data imported succesfully!
shapes data imported succesfully!
shapes data imported succesfully!
shapes data imported succesfully!
shapes data imported succesfully!
shapes data imported succesfully!
shapes data imported succesfully!
shapes data imported succesfully!
shapes data imported succesfully!
shapes data imported succesfully!
shapes data imported succesfully!
shapes data imported succesfully!
shapes data imported succesfully!
shapes data imported succesfully!
shapes data imported succesfully!
shapes data imported succesfully!
shapes data imported succesfully!
shapes data imported succesfully!
shapes data imported succesfully!
shapes data imported succesfully!
shapes data imported succesfully!
shapes data imported succesfully!
shapes data imported succesfully!
shapes data imported succesfully!
shapes data imported succesfully!
shapes data imported succesfully!
shapes data imported succesfully!
shapes data imported succesfully!
shapes data imported succesfully!
shapes data imported succesfully!
shapes data imported succesfully!
shapes data imported succesfully!
shapes data imported succesfully!
shapes data imported succesfully!
shapes data imported succesfully!
shapes data imported succesfully!
shapes data imported succesfully!
shapes data imported succesfully!
shapes data imported succesfully!
shapes data imported succesfully!
shapes data imported succesfully!
shapes data imported succesfully!
shapes data imported succesfully!
shapes data imported succesfully!
shapes data imported succesfully!
shapes data imported succesfully!
shapes data imported succesfully!
shapes data imported succesfully!
shapes data imported succesfully!
shapes data imported succesfully!
shapes data imported succesfully!
shapes data imported succesfully!
shapes data imported succesfully!
shapes data imported succesfully!
shapes data imported succesfully!
shapes data imported succesfully!
shapes data imported succesfully!
shapes data imported succesfully!
shapes data imported succesfully!
shapes data imported succesfully!
shapes data imported succesfully!
shapes data imported succesfully!
shapes data imported succesfully!
shapes data imported succesfully!
shapes data imported succesfully!
shapes data imported succesfully!
shapes data imported succesfully!
shapes data imported succesfully!
shapes data imported succesfully!
shapes data imported succesfully!
shapes data imported succesfully!
shapes data imported succesfully!
shapes data imported succesfully!
shapes data imported succesfully!
shapes data imported succesfully!
shapes data imported succesfully!
shapes data imported succesfully!
shapes data imported succesfully!
shapes data imported succesfully!
shapes data imported succesfully!
shapes data imported succesfully!
shapes data imported succesfully!
shapes data imported succesfully!
shapes data imported succesfully!
shapes data imported succesfully!
shapes data imported succesfully!
shapes data imported succesfully!
shapes data imported succesfully!
shapes data imported succesfully!
shapes data imported succesfully!
shapes data imported succesfully!
shapes data imported succesfully!
shapes data imported succesfully!
shapes data imported succesfully!
shapes data imported succesfully!
shapes data imported succesfully!
shapes data imported succesfully!
shapes data imported succesfully!
shapes data imported succesfully!
shapes data imported succesfully!
shapes data imported succesfully!
shapes data imported succesfully!
shapes data imported succesfully!
shapes data imported succesfully!
shapes data imported succesfully!
shapes data imported succesfully!
shapes data imported succesfully!
shapes data imported succesfully!
shapes data imported succesfully!
shapes data imported succesfully!
shapes data imported succesfully!
shapes data imported succesfully!
shapes data imported succesfully!
shapes data imported succesfully!
shapes data imported succesfully!
shapes data imported succesfully!
shapes data imported succesfully!
shapes data imported succesfully!
shapes data imported succesfully!
shapes data imported succesfully!
shapes data imported succesfully!
shapes data imported succesfully!
shapes data imported succesfully!
shapes data imported succesfully!
shapes data imported succesfully!
shapes data imported succesfully!
shapes data imported succesfully!
shapes data imported succesfully!
shapes data imported succesfully!
shapes data imported succesfully!
shapes data imported succesfully!
shapes data imported succesfully!
shapes data imported succesfully!
shapes data imported succesfully!
shapes data imported succesfully!
shapes data imported succesfully!
shapes data imported succesfully!
shapes data imported succesfully!
shapes data imported succesfully!
shapes data imported succesfully!
shapes data imported succesfully!
shapes data imported succesfully!
shapes data imported succesfully!
shapes data imported succesfully!
shapes data imported succesfully!
shapes data imported succesfully!
shapes data imported succesfully!
shapes data imported succesfully!
shapes data imported succesfully!
shapes data imported succesfully!
shapes data imported succesfully!
shapes data imported succesfully!
shapes data imported succesfully!
shapes data imported succesfully!
shapes data imported succesfully!
shapes data imported succesfully!
shapes data imported succesfully!
shapes data imported succesfully!
shapes data imported succesfully!
shapes data imported succesfully!
shapes data imported succesfully!
shapes data imported succesfully!
shapes data imported succesfully!
shapes data imported succesfully!
shapes data imported succesfully!
shapes data imported succesfully!
shapes data imported succesfully!
shapes data imported succesfully!
shapes data imported succesfully!
shapes data imported succesfully!
shapes data imported succesfully!
shapes data imported succesfully!
shapes data imported succesfully!
shapes data imported succesfully!
shapes data imported succesfully!
shapes data imported succesfully!
shapes data imported succesfully!
shapes data imported succesfully!
shapes data imported succesfully!
shapes data imported succesfully!
shapes data imported succesfully!
shapes data imported succesfully!
shapes data imported succesfully!
shapes data imported succesfully!
shapes data imported succesfully!
shapes data imported succesfully!
shapes data imported succesfully!
shapes data imported succesfully!
shapes data imported succesfully!
shapes data imported succesfully!
shapes data imported succesfully!
shapes data imported succesfully!
shapes data imported succesfully!
shapes data imported succesfully!
shapes data imported succesfully!
shapes data imported succesfully!
shapes data imported succesfully!
shapes data imported succesfully!
shapes data imported succesfully!
shapes data imported succesfully!
shapes data imported succesfully!
shapes data imported succesfully!
shapes data imported succesfully!
shapes data imported succesfully!
shapes data imported succesfully!
shapes data imported succesfully!
shapes data imported succesfully!
shapes data imported succesfully!
shapes data imported succesfully!
shapes data imported succesfully!
shapes data imported succesfully!
shapes data imported succesfully!
shapes data imported succesfully!
shapes data imported succesfully!
shapes data imported succesfully!
shapes data imported succesfully!
shapes data imported succesfully!
shapes data imported succesfully!
shapes data imported succesfully!
shapes data imported succesfully!
shapes data imported succesfully!
shapes data imported succesfully!
shapes data imported succesfully!
shapes data imported succesfully!
shapes data imported succesfully!
shapes data imported succesfully!
shapes data imported succesfully!
shapes data imported succesfully!
shapes data imported succesfully!
shapes data imported succesfully!
shapes data imported succesfully!
shapes data imported succesfully!
shapes data imported succesfully!
shapes data imported succesfully!
shapes data imported succesfully!
shapes data imported succesfully!
shapes data imported succesfully!
shapes data imported succesfully!
shapes data imported succesfully!
shapes data imported succesfully!
shapes data imported succesfully!
shapes data imported succesfully!
shapes data imported succesfully!
shapes data imported succesfully!
shapes data imported succesfully!
shapes data imported succesfully!
shapes data imported succesfully!
shapes data imported succesfully!
shapes data imported succesfully!
shapes data imported succesfully!
shapes data imported succesfully!
shapes data imported succesfully!
shapes data imported succesfully!
shapes data imported succesfully!
shapes data imported succesfully!
shapes data imported succesfully!
shapes data imported succesfully!
shapes data imported succesfully!
shapes data imported succesfully!
shapes data imported succesfully!
shapes data imported succesfully!
shapes data imported succesfully!
shapes data imported succesfully!
shapes data imported succesfully!
shapes data imported succesfully!
shapes data imported succesfully!
shapes data imported succesfully!
shapes data imported succesfully!
shapes data imported succesfully!
shapes data imported succesfully!
shapes data imported succesfully!
shapes data imported succesfully!
shapes data imported succesfully!
shapes data imported succesfully!
shapes data imported succesfully!
shapes data imported succesfully!
shapes data imported succesfully!
shapes data imported succesfully!
shapes data imported succesfully!
shapes data imported succesfully!
shapes data imported succesfully!
shapes data imported succesfully!
shapes data imported succesfully!
shapes data imported succesfully!
shapes data imported succesfully!
shapes data imported succesfully!
shapes data imported succesfully!
shapes data imported succesfully!
shapes data imported succesfully!
shapes data imported succesfully!
shapes data imported succesfully!
shapes data imported succesfully!
shapes data imported succesfully!
shapes data imported succesfully!
shapes data imported succesfully!
shapes data imported succesfully!
shapes data imported succesfully!
shapes data imported succesfully!
shapes data imported succesfully!
shapes data imported succesfully!
shapes data imported succesfully!
shapes data imported succesfully!
shapes data imported succesfully!
shapes data imported succesfully!
shapes data imported succesfully!
shapes data imported succesfully!
shapes data imported succesfully!
shapes data imported succesfully!
shapes data imported succesfully!
shapes data imported succesfully!
shapes data imported succesfully!
shapes data imported succesfully!
shapes data imported succesfully!
shapes data imported succesfully!
shapes data imported succesfully!
shapes data imported succesfully!
shapes data imported succesfully!
shapes data imported succesfully!
shapes data imported succesfully!
shapes data imported succesfully!
shapes data imported succesfully!
shapes data imported succesfully!
shapes data imported succesfully!
shapes data imported succesfully!
shapes data imported succesfully!
shapes data imported succesfully!
shapes data imported succesfully!
shapes data imported succesfully!
shapes data imported succesfully!
shapes data imported succesfully!
shapes data imported succesfully!
shapes data imported succesfully!
shapes data imported succesfully!
shapes data imported succesfully!
shapes data imported succesfully!
shapes data imported succesfully!
shapes data imported succesfully!
shapes data imported succesfully!
shapes data imported succesfully!
shapes data imported succesfully!
shapes data imported succesfully!
shapes data imported succesfully!
shapes data imported succesfully!
shapes data imported succesfully!
shapes data imported succesfully!
shapes data imported succesfully!
shapes data imported succesfully!
shapes data imported succesfully!
shapes data imported succesfully!
shapes data imported succesfully!
shapes data imported succesfully!
shapes data imported succesfully!
shapes data imported succesfully!
shapes data imported succesfully!
shapes data imported succesfully!
shapes data imported succesfully!
shapes data imported succesfully!
shapes data imported succesfully!
shapes data imported succesfully!
shapes data imported succesfully!
shapes data imported succesfully!
shapes data imported succesfully!
shapes data imported succesfully!
shapes data imported succesfully!
shapes data imported succesfully!
shapes data imported succesfully!
shapes data imported succesfully!
shapes data imported succesfully!
shapes data imported succesfully!
shapes data imported succesfully!
shapes data imported succesfully!
shapes data imported succesfully!
shapes data imported succesfully!
shapes data imported succesfully!
shapes data imported succesfully!
shapes data imported succesfully!
shapes data imported succesfully!
shapes data imported succesfully!
shapes data imported succesfully!
shapes data imported succesfully!
shapes data imported succesfully!
shapes data imported succesfully!
shapes data imported succesfully!
shapes data imported succesfully!
shapes data imported succesfully!
shapes data imported succesfully!
shapes data imported succesfully!
shapes data imported succesfully!
shapes data imported succesfully!
shapes data imported succesfully!
shapes data imported succesfully!
shapes data imported succesfully!
shapes data imported succesfully!
shapes data imported succesfully!
shapes data imported succesfully!
shapes data imported succesfully!
shapes data imported succesfully!
shapes data imported succesfully!
shapes data imported succesfully!
shapes data imported succesfully!
shapes data imported succesfully!
shapes data imported succesfully!
shapes data imported succesfully!
shapes data imported succesfully!
shapes data imported succesfully!
shapes data imported succesfully!
shapes data imported succesfully!
shapes data imported succesfully!
shapes data imported succesfully!
shapes data imported succesfully!
shapes data imported succesfully!
shapes data imported succesfully!
shapes data imported succesfully!
shapes data imported succesfully!
shapes data imported succesfully!
shapes data imported succesfully!
shapes data imported succesfully!
shapes data imported succesfully!
shapes data imported succesfully!
shapes data imported succesfully!
shapes data imported succesfully!
shapes data imported succesfully!
shapes data imported succesfully!
shapes data imported succesfully!
shapes data imported succesfully!
shapes data imported succesfully!
shapes data imported succesfully!
shapes data imported succesfully!
shapes data imported succesfully!
shapes data imported succesfully!
shapes data imported succesfully!
shapes data imported succesfully!
shapes data imported succesfully!
shapes data imported succesfully!
shapes data imported succesfully!
shapes data imported succesfully!
shapes data imported succesfully!
shapes data imported succesfully!
shapes data imported succesfully!
shapes data imported succesfully!
shapes data imported succesfully!
shapes data imported succesfully!
shapes data imported succesfully!
shapes data imported succesfully!
shapes data imported succesfully!
shapes data imported succesfully!
shapes data imported succesfully!
shapes data imported succesfully!
shapes data imported succesfully!
shapes data imported succesfully!
shapes data imported succesfully!
shapes data imported succesfully!
shapes data imported succesfully!
shapes data imported succesfully!
shapes data imported succesfully!
shapes data imported succesfully!
shapes data imported succesfully!
shapes data imported succesfully!
shapes data imported succesfully!
shapes data imported succesfully!
shapes data imported succesfully!
shapes data imported succesfully!
shapes data imported succesfully!
shapes data imported succesfully!
shapes data imported succesfully!
shapes data imported succesfully!
shapes data imported succesfully!
shapes data imported succesfully!
shapes data imported succesfully!
shapes data imported succesfully!
shapes data imported succesfully!
shapes data imported succesfully!
shapes data imported succesfully!
shapes data imported succesfully!
shapes data imported succesfully!
shapes data imported succesfully!
shapes data imported succesfully!
shapes data imported succesfully!
shapes data imported succesfully!
shapes data imported succesfully!
shapes data imported succesfully!
shapes data imported succesfully!
shapes data imported succesfully!
shapes data imported succesfully!
shapes data imported succesfully!
shapes data imported succesfully!
shapes data imported succesfully!
shapes data imported succesfully!
shapes data imported succesfully!
shapes data imported succesfully!
shapes data imported succesfully!
shapes data imported succesfully!
shapes data imported succesfully!
shapes data imported succesfully!
shapes data imported succesfully!
shapes data imported succesfully!
shapes data imported succesfully!
shapes data imported succesfully!
shapes data imported succesfully!
shapes data imported succesfully!
shapes data imported succesfully!
shapes data imported succesfully!
shapes data imported succesfully!
shapes data imported succesfully!
shapes data imported succesfully!
shapes data imported succesfully!
shapes data imported succesfully!
shapes data imported succesfully!
shapes data imported succesfully!
shapes data imported succesfully!
shapes data imported succesfully!
shapes data imported succesfully!
shapes data imported succesfully!
shapes data imported succesfully!
shapes data imported succesfully!
shapes data imported succesfully!
shapes data imported succesfully!
shapes data imported succesfully!
shapes data imported succesfully!
shapes data imported succesfully!
shapes data imported succesfully!
shapes data imported succesfully!
shapes data imported succesfully!
shapes data imported succesfully!
shapes data imported succesfully!
shapes data imported succesfully!
shapes data imported succesfully!
shapes data imported succesfully!
shapes data imported succesfully!
shapes data imported succesfully!
shapes data imported succesfully!
shapes data imported succesfully!
shapes data imported succesfully!
shapes data imported succesfully!
shapes data imported succesfully!
shapes data imported succesfully!
shapes data imported succesfully!
shapes data imported succesfully!
shapes data imported succesfully!
shapes data imported succesfully!
shapes data imported succesfully!
shapes data imported succesfully!
shapes data imported succesfully!
shapes data imported succesfully!
shapes data imported succesfully!
shapes data imported succesfully!
shapes data imported succesfully!
shapes data imported succesfully!
shapes data imported succesfully!
shapes data imported succesfully!
shapes data imported succesfully!
shapes data imported succesfully!
shapes data imported succesfully!
shapes data imported succesfully!
shapes data imported succesfully!
shapes data imported succesfully!
shapes data imported succesfully!
shapes data imported succesfully!
shapes data imported succesfully!
shapes data imported succesfully!
shapes data imported succesfully!
shapes data imported succesfully!
shapes data imported succesfully!
shapes data imported succesfully!
shapes data imported succesfully!
shapes data imported succesfully!
shapes data imported succesfully!
shapes data imported succesfully!
shapes data imported succesfully!
shapes data imported succesfully!
shapes data imported succesfully!
shapes data imported succesfully!
shapes data imported succesfully!
shapes data imported succesfully!
shapes data imported succesfully!
shapes data imported succesfully!
shapes data imported succesfully!
shapes data imported succesfully!
shapes data imported succesfully!
shapes data imported succesfully!
shapes data imported succesfully!
shapes data imported succesfully!
shapes data imported succesfully!
shapes data imported succesfully!
shapes data imported succesfully!
shapes data imported succesfully!
shapes data imported succesfully!
shapes data imported succesfully!
shapes data imported succesfully!
shapes data imported succesfully!
shapes data imported succesfully!
shapes data imported succesfully!
shapes data imported succesfully!
shapes data imported succesfully!
shapes data imported succesfully!
shapes data imported succesfully!
shapes data imported succesfully!
shapes data imported succesfully!
shapes data imported succesfully!
shapes data imported succesfully!
shapes data imported succesfully!
shapes data imported succesfully!
shapes data imported succesfully!
shapes data imported succesfully!
shapes data imported succesfully!
shapes data imported succesfully!
shapes data imported succesfully!
shapes data imported succesfully!
shapes data imported succesfully!
shapes data imported succesfully!
shapes data imported succesfully!
shapes data imported succesfully!
shapes data imported succesfully!
shapes data imported succesfully!
shapes data imported succesfully!
shapes data imported succesfully!
shapes data imported succesfully!
shapes data imported succesfully!
shapes data imported succesfully!
shapes data imported succesfully!
shapes data imported succesfully!
shapes data imported succesfully!
shapes data imported succesfully!
shapes data imported succesfully!
shapes data imported succesfully!
shapes data imported succesfully!
shapes data imported succesfully!
shapes data imported succesfully!
shapes data imported succesfully!
shapes data imported succesfully!
shapes data imported succesfully!
shapes data imported succesfully!
shapes data imported succesfully!
shapes data imported succesfully!
shapes data imported succesfully!
shapes data imported succesfully!
shapes data imported succesfully!
shapes data imported succesfully!
shapes data imported succesfully!
shapes data imported succesfully!
shapes data imported succesfully!
shapes data imported succesfully!
shapes data imported succesfully!
shapes data imported succesfully!
shapes data imported succesfully!
shapes data imported succesfully!
shapes data imported succesfully!
shapes data imported succesfully!
shapes data imported succesfully!
shapes data imported succesfully!
shapes data imported succesfully!
shapes data imported succesfully!
shapes data imported succesfully!
shapes data imported succesfully!
shapes data imported succesfully!
shapes data imported succesfully!
shapes data imported succesfully!
shapes data imported succesfully!
shapes data imported succesfully!
shapes data imported succesfully!
shapes data imported succesfully!
shapes data imported succesfully!
shapes data imported succesfully!
shapes data imported succesfully!
shapes data imported succesfully!
shapes data imported succesfully!
shapes data imported succesfully!
shapes data imported succesfully!
shapes data imported succesfully!
shapes data imported succesfully!
shapes data imported succesfully!
shapes data imported succesfully!
shapes data imported succesfully!
shapes data imported succesfully!
shapes data imported succesfully!
shapes data imported succesfully!
shapes data imported succesfully!
shapes data imported succesfully!
shapes data imported succesfully!
shapes data imported succesfully!
shapes data imported succesfully!
shapes data imported succesfully!
shapes data imported succesfully!
shapes data imported succesfully!
shapes data imported succesfully!
shapes data imported succesfully!
shapes data imported succesfully!
shapes data imported succesfully!
shapes data imported succesfully!
shapes data imported succesfully!
shapes data imported succesfully!
shapes data imported succesfully!
shapes data imported succesfully!
shapes data imported succesfully!
shapes data imported succesfully!
shapes data imported succesfully!
shapes data imported succesfully!
shapes data imported succesfully!
shapes data imported succesfully!
shapes data imported succesfully!
shapes data imported succesfully!
shapes data imported succesfully!
shapes data imported succesfully!
shapes data imported succesfully!
shapes data imported succesfully!
shapes data imported succesfully!
shapes data imported succesfully!
shapes data imported succesfully!
shapes data imported succesfully!
shapes data imported succesfully!
shapes data imported succesfully!
shapes data imported succesfully!
shapes data imported succesfully!
shapes data imported succesfully!
shapes data imported succesfully!
shapes data imported succesfully!
shapes data imported succesfully!
shapes data imported succesfully!
shapes data imported succesfully!
shapes data imported succesfully!
shapes data imported succesfully!
shapes data imported succesfully!
shapes data imported succesfully!
shapes data imported succesfully!
shapes data imported succesfully!
shapes data imported succesfully!
shapes data imported succesfully!
shapes data imported succesfully!
shapes data imported succesfully!
shapes data imported succesfully!
shapes data imported succesfully!
shapes data imported succesfully!
shapes data imported succesfully!
shapes data imported succesfully!
shapes data imported succesfully!
shapes data imported succesfully!
shapes data imported succesfully!
shapes data imported succesfully!
shapes data imported succesfully!
shapes data imported succesfully!
shapes data imported succesfully!
shapes data imported succesfully!
shapes data imported succesfully!
shapes data imported succesfully!
shapes data imported succesfully!
shapes data imported succesfully!
shapes data imported succesfully!
shapes data imported succesfully!
shapes data imported succesfully!
shapes data imported succesfully!
shapes data imported succesfully!
shapes data imported succesfully!
shapes data imported succesfully!
shapes data imported succesfully!
shapes data imported succesfully!
shapes data imported succesfully!
shapes data imported succesfully!
shapes data imported succesfully!
shapes data imported succesfully!
shapes data imported succesfully!
shapes data imported succesfully!
shapes data imported succesfully!
shapes data imported succesfully!
shapes data imported succesfully!
shapes data imported succesfully!
shapes data imported succesfully!
shapes data imported succesfully!
shapes data imported succesfully!
shapes data imported succesfully!
shapes data imported succesfully!
shapes data imported succesfully!
shapes data imported succesfully!
shapes data imported succesfully!
shapes data imported succesfully!
shapes data imported succesfully!
shapes data imported succesfully!
shapes data imported succesfully!
shapes data imported succesfully!
shapes data imported succesfully!
shapes data imported succesfully!
shapes data imported succesfully!
shapes data imported succesfully!
shapes data imported succesfully!
shapes data imported succesfully!
shapes data imported succesfully!
shapes data imported succesfully!
shapes data imported succesfully!
shapes data imported succesfully!
shapes data imported succesfully!
shapes data imported succesfully!
shapes data imported succesfully!
shapes data imported succesfully!
shapes data imported succesfully!
shapes data imported succesfully!
shapes data imported succesfully!
shapes data imported succesfully!
shapes data imported succesfully!
shapes data imported succesfully!
shapes data imported succesfully!
shapes data imported succesfully!
shapes data imported succesfully!
shapes data imported succesfully!
shapes data imported succesfully!
shapes data imported succesfully!
shapes data imported succesfully!
shapes data imported succesfully!
shapes data imported succesfully!
shapes data imported succesfully!
shapes data imported succesfully!
shapes data imported succesfully!
shapes data imported succesfully!
shapes data imported succesfully!
shapes data imported succesfully!
shapes data imported succesfully!
shapes data imported succesfully!
shapes data imported succesfully!
shapes data imported succesfully!
shapes data imported succesfully!
shapes data imported succesfully!
shapes data imported succesfully!
shapes data imported succesfully!
shapes data imported succesfully!
shapes data imported succesfully!
shapes data imported succesfully!
shapes data imported succesfully!
shapes data imported succesfully!
shapes data imported succesfully!
shapes data imported succesfully!
shapes data imported succesfully!
shapes data imported succesfully!
shapes data imported succesfully!
shapes data imported succesfully!
shapes data imported succesfully!
shapes data imported succesfully!
shapes data imported succesfully!
shapes data imported succesfully!
shapes data imported succesfully!
shapes data imported succesfully!
shapes data imported succesfully!
shapes data imported succesfully!
shapes data imported succesfully!
shapes data imported succesfully!
shapes data imported succesfully!
shapes data imported succesfully!
shapes data imported succesfully!
shapes data imported succesfully!
shapes data imported succesfully!
shapes data imported succesfully!
shapes data imported succesfully!
shapes data imported succesfully!
shapes data imported succesfully!
shapes data imported succesfully!
shapes data imported succesfully!
shapes data imported succesfully!
shapes data imported succesfully!
shapes data imported succesfully!
shapes data imported succesfully!
shapes data imported succesfully!
shapes data imported succesfully!
shapes data imported succesfully!
shapes data imported succesfully!
shapes data imported succesfully!
shapes data imported succesfully!
shapes data imported succesfully!
shapes data imported succesfully!
shapes data imported succesfully!
shapes data imported succesfully!
shapes data imported succesfully!
shapes data imported succesfully!
shapes data imported succesfully!
shapes data imported succesfully!
shapes data imported succesfully!
shapes data imported succesfully!
shapes data imported succesfully!
shapes data imported succesfully!
shapes data imported succesfully!
shapes data imported succesfully!
shapes data imported succesfully!
shapes data imported succesfully!
shapes data imported succesfully!
shapes data imported succesfully!
shapes data imported succesfully!
shapes data imported succesfully!
shapes data imported succesfully!
shapes data imported succesfully!
shapes data imported succesfully!
shapes data imported succesfully!
shapes data imported succesfully!
shapes data imported succesfully!
shapes data imported succesfully!
shapes data imported succesfully!
shapes data imported succesfully!
shapes data imported succesfully!
shapes data imported succesfully!
shapes data imported succesfully!
shapes data imported succesfully!
shapes data imported succesfully!
shapes data imported succesfully!
shapes data imported succesfully!
shapes data imported succesfully!
shapes data imported succesfully!
shapes data imported succesfully!
shapes data imported succesfully!
shapes data imported succesfully!
shapes data imported succesfully!
shapes data imported succesfully!
shapes data imported succesfully!
shapes data imported succesfully!
shapes data imported succesfully!
shapes data imported succesfully!
shapes data imported succesfully!
shapes data imported succesfully!
shapes data imported succesfully!
shapes data imported succesfully!
shapes data imported succesfully!
shapes data imported succesfully!
shapes data imported succesfully!
shapes data imported succesfully!
shapes data imported succesfully!
shapes data imported succesfully!
shapes data imported succesfully!
shapes data imported succesfully!
shapes data imported succesfully!
shapes data imported succesfully!
shapes data imported succesfully!
shapes data imported succesfully!
shapes data imported succesfully!
shapes data imported succesfully!
shapes data imported succesfully!
shapes data imported succesfully!
shapes data imported succesfully!
shapes data imported succesfully!
shapes data imported succesfully!
shapes data imported succesfully!
shapes data imported succesfully!
shapes data imported succesfully!
shapes data imported succesfully!
shapes data imported succesfully!
shapes data imported succesfully!
shapes data imported succesfully!
shapes data imported succesfully!
shapes data imported succesfully!
shapes data imported succesfully!
shapes data imported succesfully!
shapes data imported succesfully!
shapes data imported succesfully!
shapes data imported succesfully!
shapes data imported succesfully!
shapes data imported succesfully!
shapes data imported succesfully!
shapes data imported succesfully!
shapes data imported succesfully!
shapes data imported succesfully!
shapes data imported succesfully!
shapes data imported succesfully!
shapes data imported succesfully!
shapes data imported succesfully!
shapes data imported succesfully!
shapes data imported succesfully!
shapes data imported succesfully!
shapes data imported succesfully!
shapes data imported succesfully!
shapes data imported succesfully!
shapes data imported succesfully!
shapes data imported succesfully!
shapes data imported succesfully!
shapes data imported succesfully!
shapes data imported succesfully!
shapes data imported succesfully!
shapes data imported succesfully!
shapes data imported succesfully!
shapes data imported succesfully!
shapes data imported succesfully!
shapes data imported succesfully!
shapes data imported succesfully!
shapes data imported succesfully!
shapes data imported succesfully!
shapes data imported succesfully!
shapes data imported succesfully!
shapes data imported succesfully!
shapes data imported succesfully!
shapes data imported succesfully!
shapes data imported succesfully!
shapes data imported succesfully!
shapes data imported succesfully!
shapes data imported succesfully!
shapes data imported succesfully!
shapes data imported succesfully!
shapes data imported succesfully!
shapes data imported succesfully!
shapes data imported succesfully!
shapes data imported succesfully!
shapes data imported succesfully!
shapes data imported succesfully!
shapes data imported succesfully!
shapes data imported succesfully!
shapes data imported succesfully!
shapes data imported succesfully!
shapes data imported succesfully!
shapes data imported succesfully!
shapes data imported succesfully!
shapes data imported succesfully!
shapes data imported succesfully!
shapes data imported succesfully!
shapes data imported succesfully!
shapes data imported succesfully!
shapes data imported succesfully!
shapes data imported succesfully!
shapes data imported succesfully!
shapes data imported succesfully!
shapes data imported succesfully!
shapes data imported succesfully!
shapes data imported succesfully!
shapes data imported succesfully!
shapes data imported succesfully!
shapes data imported succesfully!
shapes data imported succesfully!
shapes data imported succesfully!
shapes data imported succesfully!
shapes data imported succesfully!
shapes data imported succesfully!
shapes data imported succesfully!
shapes data imported succesfully!
shapes data imported succesfully!
shapes data imported succesfully!
shapes data imported succesfully!
shapes data imported succesfully!
shapes data imported succesfully!
shapes data imported succesfully!
shapes data imported succesfully!
shapes data imported succesfully!
shapes data imported succesfully!
shapes data imported succesfully!
shapes data imported succesfully!
shapes data imported succesfully!
shapes data imported succesfully!
shapes data imported succesfully!
shapes data imported succesfully!
shapes data imported succesfully!
shapes data imported succesfully!
shapes data imported succesfully!
shapes data imported succesfully!
shapes data imported succesfully!
shapes data imported succesfully!
shapes data imported succesfully!
shapes data imported succesfully!
shapes data imported succesfully!
shapes data imported succesfully!
shapes data imported succesfully!
shapes data imported succesfully!
shapes data imported succesfully!
shapes data imported succesfully!
shapes data imported succesfully!
shapes data imported succesfully!
shapes data imported succesfully!
shapes data imported succesfully!
shapes data imported succesfully!
shapes data imported succesfully!
shapes data imported succesfully!
shapes data imported succesfully!
shapes data imported succesfully!
shapes data imported succesfully!
shapes data imported succesfully!
shapes data imported succesfully!
shapes data imported succesfully!
shapes data imported succesfully!
shapes data imported succesfully!
shapes data imported succesfully!
shapes data imported succesfully!
shapes data imported succesfully!
shapes data imported succesfully!
shapes data imported succesfully!
shapes data imported succesfully!
shapes data imported succesfully!
shapes data imported succesfully!
shapes data imported succesfully!
shapes data imported succesfully!
shapes data imported succesfully!
shapes data imported succesfully!
shapes data imported succesfully!
shapes data imported succesfully!
shapes data imported succesfully!
shapes data imported succesfully!
shapes data imported succesfully!
shapes data imported succesfully!
shapes data imported succesfully!
shapes data imported succesfully!
shapes data imported succesfully!
shapes data imported succesfully!
shapes data imported succesfully!
shapes data imported succesfully!
shapes data imported succesfully!
shapes data imported succesfully!
shapes data imported succesfully!
shapes data imported succesfully!
shapes data imported succesfully!
shapes data imported succesfully!
shapes data imported succesfully!
shapes data imported succesfully!
shapes data imported succesfully!
shapes data imported succesfully!
shapes data imported succesfully!
shapes data imported succesfully!
shapes data imported succesfully!
shapes data imported succesfully!
shapes data imported succesfully!
shapes data imported succesfully!
shapes data imported succesfully!
shapes data imported succesfully!
shapes data imported succesfully!
shapes data imported succesfully!
shapes data imported succesfully!
shapes data imported succesfully!
shapes data imported succesfully!
shapes data imported succesfully!
shapes data imported succesfully!
shapes data imported succesfully!
shapes data imported succesfully!
shapes data imported succesfully!
shapes data imported succesfully!
shapes data imported succesfully!
shapes data imported succesfully!
shapes data imported succesfully!
shapes data imported succesfully!
shapes data imported succesfully!
shapes data imported succesfully!
shapes data imported succesfully!
shapes data imported succesfully!
shapes data imported succesfully!
shapes data imported succesfully!
shapes data imported succesfully!
shapes data imported succesfully!
shapes data imported succesfully!
shapes data imported succesfully!
shapes data imported succesfully!
shapes data imported succesfully!
shapes data imported succesfully!
shapes data imported succesfully!
shapes data imported succesfully!
shapes data imported succesfully!
shapes data imported succesfully!
shapes data imported succesfully!
shapes data imported succesfully!
shapes data imported succesfully!
shapes data imported succesfully!
shapes data imported succesfully!
shapes data imported succesfully!
shapes data imported succesfully!
shapes data imported succesfully!
shapes data imported succesfully!
shapes data imported succesfully!
shapes data imported succesfully!
shapes data imported succesfully!
shapes data imported succesfully!
shapes data imported succesfully!
shapes data imported succesfully!
shapes data imported succesfully!
shapes data imported succesfully!
shapes data imported succesfully!
shapes data imported succesfully!
shapes data imported succesfully!
shapes data imported succesfully!
shapes data imported succesfully!
shapes data imported succesfully!
shapes data imported succesfully!
shapes data imported succesfully!
shapes data imported succesfully!
shapes data imported succesfully!
shapes data imported succesfully!
shapes data imported succesfully!
shapes data imported succesfully!
shapes data imported succesfully!
shapes data imported succesfully!
shapes data imported succesfully!
shapes data imported succesfully!
shapes data imported succesfully!
shapes data imported succesfully!
shapes data imported succesfully!
shapes data imported succesfully!
shapes data imported succesfully!
shapes data imported succesfully!
shapes data imported succesfully!
shapes data imported succesfully!
shapes data imported succesfully!
shapes data imported succesfully!
shapes data imported succesfully!
shapes data imported succesfully!
shapes data imported succesfully!
shapes data imported succesfully!
shapes data imported succesfully!
shapes data imported succesfully!
shapes data imported succesfully!
shapes data imported succesfully!
shapes data imported succesfully!
shapes data imported succesfully!
shapes data imported succesfully!
shapes data imported succesfully!
shapes data imported succesfully!
shapes data imported succesfully!
shapes data imported succesfully!
shapes data imported succesfully!
shapes data imported succesfully!
shapes data imported succesfully!
shapes data imported succesfully!
shapes data imported succesfully!
shapes data imported succesfully!
shapes data imported succesfully!
shapes data imported succesfully!
shapes data imported succesfully!
shapes data imported succesfully!
shapes data imported succesfully!
shapes data imported succesfully!
shapes data imported succesfully!
shapes data imported succesfully!
shapes data imported succesfully!
shapes data imported succesfully!
shapes data imported succesfully!
shapes data imported succesfully!
shapes data imported succesfully!
shapes data imported succesfully!
shapes data imported succesfully!
shapes data imported succesfully!
shapes data imported succesfully!
shapes data imported succesfully!
shapes data imported succesfully!
shapes data imported succesfully!
shapes data imported succesfully!
shapes data imported succesfully!
shapes data imported succesfully!
shapes data imported succesfully!
shapes data imported succesfully!
shapes data imported succesfully!
shapes data imported succesfully!
shapes data imported succesfully!
shapes data imported succesfully!
shapes data imported succesfully!
shapes data imported succesfully!
shapes data imported succesfully!
shapes data imported succesfully!
shapes data imported succesfully!
shapes data imported succesfully!
shapes data imported succesfully!
shapes data imported succesfully!
shapes data imported succesfully!
shapes data imported succesfully!
shapes data imported succesfully!
shapes data imported succesfully!
shapes data imported succesfully!
shapes data imported succesfully!
shapes data imported succesfully!
shapes data imported succesfully!
shapes data imported succesfully!
shapes data imported succesfully!
shapes data imported succesfully!
shapes data imported succesfully!
shapes data imported succesfully!
shapes data imported succesfully!
shapes data imported succesfully!
shapes data imported succesfully!
shapes data imported succesfully!
shapes data imported succesfully!
shapes data imported succesfully!
shapes data imported succesfully!
shapes data imported succesfully!
shapes data imported succesfully!
shapes data imported succesfully!
shapes data imported succesfully!
shapes data imported succesfully!
shapes data imported succesfully!
shapes data imported succesfully!
shapes data imported succesfully!
shapes data imported succesfully!
shapes data imported succesfully!
shapes data imported succesfully!
shapes data imported succesfully!
shapes data imported succesfully!
shapes data imported succesfully!
shapes data imported succesfully!
shapes data imported succesfully!
shapes data imported succesfully!
shapes data imported succesfully!
shapes data imported succesfully!
shapes data imported succesfully!
shapes data imported succesfully!
shapes data imported succesfully!
shapes data imported succesfully!
shapes data imported succesfully!
shapes data imported succesfully!
shapes data imported succesfully!
shapes data imported succesfully!
shapes data imported succesfully!
shapes data imported succesfully!
shapes data imported succesfully!
shapes data imported succesfully!
shapes data imported succesfully!
shapes data imported succesfully!
shapes data imported succesfully!
shapes data imported succesfully!
shapes data imported succesfully!
shapes data imported succesfully!
shapes data imported succesfully!
shapes data imported succesfully!
shapes data imported succesfully!
shapes data imported succesfully!
shapes data imported succesfully!
shapes data imported succesfully!
shapes data imported succesfully!
shapes data imported succesfully!
shapes data imported succesfully!
shapes data imported succesfully!
shapes data imported succesfully!
shapes data imported succesfully!
shapes data imported succesfully!
shapes data imported succesfully!
shapes data imported succesfully!
shapes data imported succesfully!
shapes data imported succesfully!
shapes data imported succesfully!
shapes data imported succesfully!
shapes data imported succesfully!
shapes data imported succesfully!
shapes data imported succesfully!
shapes data imported succesfully!
shapes data imported succesfully!
shapes data imported succesfully!
shapes data imported succesfully!
shapes data imported succesfully!
shapes data imported succesfully!
shapes data imported succesfully!
shapes data imported succesfully!
shapes data imported succesfully!
shapes data imported succesfully!
shapes data imported succesfully!
shapes data imported succesfully!
shapes data imported succesfully!
shapes data imported succesfully!
shapes data imported succesfully!
shapes data imported succesfully!
shapes data imported succesfully!
shapes data imported succesfully!
shapes data imported succesfully!
shapes data imported succesfully!
shapes data imported succesfully!
shapes data imported succesfully!
shapes data imported succesfully!
shapes data imported succesfully!
shapes data imported succesfully!
shapes data imported succesfully!
shapes data imported succesfully!
shapes data imported succesfully!
shapes data imported succesfully!
shapes data imported succesfully!
shapes data imported succesfully!
shapes data imported succesfully!
shapes data imported succesfully!
shapes data imported succesfully!
shapes data imported succesfully!
shapes data imported succesfully!
shapes data imported succesfully!
shapes data imported succesfully!
shapes data imported succesfully!
shapes data imported succesfully!
shapes data imported succesfully!
shapes data imported succesfully!
shapes data imported succesfully!
shapes data imported succesfully!
shapes data imported succesfully!
shapes data imported succesfully!
shapes data imported succesfully!
shapes data imported succesfully!
shapes data imported succesfully!
shapes data imported succesfully!
shapes data imported succesfully!
shapes data imported succesfully!
shapes data imported succesfully!
shapes data imported succesfully!
shapes data imported succesfully!
shapes data imported succesfully!
shapes data imported succesfully!
shapes data imported succesfully!
shapes data imported succesfully!
shapes data imported succesfully!
shapes data imported succesfully!
shapes data imported succesfully!
shapes data imported succesfully!
shapes data imported succesfully!
shapes data imported succesfully!
shapes data imported succesfully!
shapes data imported succesfully!
shapes data imported succesfully!
shapes data imported succesfully!
shapes data imported succesfully!
shapes data imported succesfully!
shapes data imported succesfully!
shapes data imported succesfully!
shapes data imported succesfully!
shapes data imported succesfully!
shapes data imported succesfully!
shapes data imported succesfully!
shapes data imported succesfully!
shapes data imported succesfully!
shapes data imported succesfully!
shapes data imported succesfully!
shapes data imported succesfully!
shapes data imported succesfully!
shapes data imported succesfully!
shapes data imported succesfully!
shapes data imported succesfully!
shapes data imported succesfully!
shapes data imported succesfully!
shapes data imported succesfully!
shapes data imported succesfully!
shapes data imported succesfully!
shapes data imported succesfully!
shapes data imported succesfully!
shapes data imported succesfully!
shapes data imported succesfully!
shapes data imported succesfully!
shapes data imported succesfully!
shapes data imported succesfully!
shapes data imported succesfully!
shapes data imported succesfully!
shapes data imported succesfully!
shapes data imported succesfully!
shapes data imported succesfully!
shapes data imported succesfully!
shapes data imported succesfully!
shapes data imported succesfully!
shapes data imported succesfully!
shapes data imported succesfully!
shapes data imported succesfully!
shapes data imported succesfully!
shapes data imported succesfully!
shapes data imported succesfully!
shapes data imported succesfully!
shapes data imported succesfully!
shapes data imported succesfully!
shapes data imported succesfully!
shapes data imported succesfully!
shapes data imported succesfully!
shapes data imported succesfully!
shapes data imported succesfully!
shapes data imported succesfully!
shapes data imported succesfully!
shapes data imported succesfully!
shapes data imported succesfully!
shapes data imported succesfully!
shapes data imported succesfully!
shapes data imported succesfully!
shapes data imported succesfully!
shapes data imported succesfully!
shapes data imported succesfully!
shapes data imported succesfully!
shapes data imported succesfully!
shapes data imported succesfully!
shapes data imported succesfully!
shapes data imported succesfully!
shapes data imported succesfully!
shapes data imported succesfully!
shapes data imported succesfully!
shapes data imported succesfully!
shapes data imported succesfully!
shapes data imported succesfully!
shapes data imported succesfully!
shapes data imported succesfully!
shapes data imported succesfully!
shapes data imported succesfully!
shapes data imported succesfully!
shapes data imported succesfully!
shapes data imported succesfully!
shapes data imported succesfully!
shapes data imported succesfully!
shapes data imported succesfully!
shapes data imported succesfully!
shapes data imported succesfully!
shapes data imported succesfully!
shapes data imported succesfully!
shapes data imported succesfully!
shapes data imported succesfully!
shapes data imported succesfully!
shapes data imported succesfully!
shapes data imported succesfully!
shapes data imported succesfully!
shapes data imported succesfully!
shapes data imported succesfully!
shapes data imported succesfully!
shapes data imported succesfully!
shapes data imported succesfully!
shapes data imported succesfully!
shapes data imported succesfully!
shapes data imported succesfully!
shapes data imported succesfully!
shapes data imported succesfully!
shapes data imported succesfully!
shapes data imported succesfully!
shapes data imported succesfully!
shapes data imported succesfully!
shapes data imported succesfully!
shapes data imported succesfully!
shapes data imported succesfully!
shapes data imported succesfully!
shapes data imported succesfully!
shapes data imported succesfully!
shapes data imported succesfully!
shapes data imported succesfully!
shapes data imported succesfully!
shapes data imported succesfully!
shapes data imported succesfully!
shapes data imported succesfully!
shapes data imported succesfully!
shapes data imported succesfully!
shapes data imported succesfully!
shapes data imported succesfully!
shapes data imported succesfully!
shapes data imported succesfully!
shapes data imported succesfully!
shapes data imported succesfully!
shapes data imported succesfully!
shapes data imported succesfully!
shapes data imported succesfully!
shapes data imported succesfully!
shapes data imported succesfully!
shapes data imported succesfully!
shapes data imported succesfully!
shapes data imported succesfully!
shapes data imported succesfully!
shapes data imported succesfully!
shapes data imported succesfully!
shapes data imported succesfully!
shapes data imported succesfully!
shapes data imported succesfully!
shapes data imported succesfully!
shapes data imported succesfully!
shapes data imported succesfully!
shapes data imported succesfully!
shapes data imported succesfully!
shapes data imported succesfully!
shapes data imported succesfully!
shapes data imported succesfully!
shapes data imported succesfully!
shapes data imported succesfully!
shapes data imported succesfully!
shapes data imported succesfully!
shapes data imported succesfully!
shapes data imported succesfully!
shapes data imported succesfully!
shapes data imported succesfully!
shapes data imported succesfully!
shapes data imported succesfully!
shapes data imported succesfully!
shapes data imported succesfully!
shapes data imported succesfully!
shapes data imported succesfully!
shapes data imported succesfully!
shapes data imported succesfully!
shapes data imported succesfully!
shapes data imported succesfully!
shapes data imported succesfully!
shapes data imported succesfully!
shapes data imported succesfully!
shapes data imported succesfully!
shapes data imported succesfully!
shapes data imported succesfully!
shapes data imported succesfully!
shapes data imported succesfully!
shapes data imported succesfully!
shapes data imported succesfully!
shapes data imported succesfully!
shapes data imported succesfully!
shapes data imported succesfully!
shapes data imported succesfully!
shapes data imported succesfully!
shapes data imported succesfully!
shapes data imported succesfully!
shapes data imported succesfully!
shapes data imported succesfully!
shapes data imported succesfully!
shapes data imported succesfully!
shapes data imported succesfully!
shapes data imported succesfully!
shapes data imported succesfully!
shapes data imported succesfully!
shapes data imported succesfully!
shapes data imported succesfully!
shapes data imported succesfully!
shapes data imported succesfully!
shapes data imported succesfully!
shapes data imported succesfully!
shapes data imported succesfully!
shapes data imported succesfully!
shapes data imported succesfully!
shapes data imported succesfully!
shapes data imported succesfully!
shapes data imported succesfully!
shapes data imported succesfully!
shapes data imported succesfully!
shapes data imported succesfully!
shapes data imported succesfully!
shapes data imported succesfully!
shapes data imported succesfully!
shapes data imported succesfully!
shapes data imported succesfully!
shapes data imported succesfully!
shapes data imported succesfully!
shapes data imported succesfully!
shapes data imported succesfully!
shapes data imported succesfully!
shapes data imported succesfully!
shapes data imported succesfully!
shapes data imported succesfully!
shapes data imported succesfully!
shapes data imported succesfully!
shapes data imported succesfully!
shapes data imported succesfully!
shapes data imported succesfully!
shapes data imported succesfully!
shapes data imported succesfully!
shapes data imported succesfully!
shapes data imported succesfully!
shapes data imported succesfully!
shapes data imported succesfully!
shapes data imported succesfully!
shapes data imported succesfully!
shapes data imported succesfully!
shapes data imported succesfully!
shapes data imported succesfully!
shapes data imported succesfully!
shapes data imported succesfully!
shapes data imported succesfully!
shapes data imported succesfully!
shapes data imported succesfully!
shapes data imported succesfully!
shapes data imported succesfully!
shapes data imported succesfully!
shapes data imported succesfully!
shapes data imported succesfully!
shapes data imported succesfully!
shapes data imported succesfully!
shapes data imported succesfully!
shapes data imported succesfully!
shapes data imported succesfully!
shapes data imported succesfully!
shapes data imported succesfully!
shapes data imported succesfully!
shapes data imported succesfully!
shapes data imported succesfully!
shapes data imported succesfully!
shapes data imported succesfully!
shapes data imported succesfully!
shapes data imported succesfully!
shapes data imported succesfully!
shapes data imported succesfully!
shapes data imported succesfully!
shapes data imported succesfully!
shapes data imported succesfully!
shapes data imported succesfully!
shapes data imported succesfully!
shapes data imported succesfully!
shapes data imported succesfully!
shapes data imported succesfully!
shapes data imported succesfully!
shapes data imported succesfully!
shapes data imported succesfully!
shapes data imported succesfully!
shapes data imported succesfully!
shapes data imported succesfully!
shapes data imported succesfully!
shapes data imported succesfully!
shapes data imported succesfully!
shapes data imported succesfully!
shapes data imported succesfully!
shapes data imported succesfully!
shapes data imported succesfully!
shapes data imported succesfully!
shapes data imported succesfully!
shapes data imported succesfully!
shapes data imported succesfully!
shapes data imported succesfully!
shapes data imported succesfully!
shapes data imported succesfully!
shapes data imported succesfully!
shapes data imported succesfully!
shapes data imported succesfully!
shapes data imported succesfully!
shapes data imported succesfully!
shapes data imported succesfully!
shapes data imported succesfully!
shapes data imported succesfully!
shapes data imported succesfully!
shapes data imported succesfully!
shapes data imported succesfully!
shapes data imported succesfully!
shapes data imported succesfully!
shapes data imported succesfully!
shapes data imported succesfully!
shapes data imported succesfully!
shapes data imported succesfully!
shapes data imported succesfully!
shapes data imported succesfully!
shapes data imported succesfully!
shapes data imported succesfully!
shapes data imported succesfully!
shapes data imported succesfully!
shapes data imported succesfully!
shapes data imported succesfully!
shapes data imported succesfully!
shapes data imported succesfully!
shapes data imported succesfully!
shapes data imported succesfully!
shapes data imported succesfully!
shapes data imported succesfully!
shapes data imported succesfully!
shapes data imported succesfully!
shapes data imported succesfully!
shapes data imported succesfully!
shapes data imported succesfully!
shapes data imported succesfully!
shapes data imported succesfully!
shapes data imported succesfully!
shapes data imported succesfully!
shapes data imported succesfully!
shapes data imported succesfully!
shapes data imported succesfully!
shapes data imported succesfully!
shapes data imported succesfully!
shapes data imported succesfully!
shapes data imported succesfully!
shapes data imported succesfully!
shapes data imported succesfully!
shapes data imported succesfully!
shapes data imported succesfully!
shapes data imported succesfully!
shapes data imported succesfully!
shapes data imported succesfully!
shapes data imported succesfully!
shapes data imported succesfully!
shapes data imported succesfully!
shapes data imported succesfully!
shapes data imported succesfully!
shapes data imported succesfully!
shapes data imported succesfully!
shapes data imported succesfully!
shapes data imported succesfully!
shapes data imported succesfully!
shapes data imported succesfully!
shapes data imported succesfully!
shapes data imported succesfully!
shapes data imported succesfully!
shapes data imported succesfully!
shapes data imported succesfully!
shapes data imported succesfully!
shapes data imported succesfully!
shapes data imported succesfully!
shapes data imported succesfully!
shapes data imported succesfully!
shapes data imported succesfully!
shapes data imported succesfully!
shapes data imported succesfully!
shapes data imported succesfully!
shapes data imported succesfully!
shapes data imported succesfully!
shapes data imported succesfully!
shapes data imported succesfully!
shapes data imported succesfully!
shapes data imported succesfully!
shapes data imported succesfully!
shapes data imported succesfully!
shapes data imported succesfully!
shapes data imported succesfully!
shapes data imported succesfully!
shapes data imported succesfully!
shapes data imported succesfully!
shapes data imported succesfully!
shapes data imported succesfully!
shapes data imported succesfully!
shapes data imported succesfully!
shapes data imported succesfully!
shapes data imported succesfully!
shapes data imported succesfully!
shapes data imported succesfully!
shapes data imported succesfully!
shapes data imported succesfully!
shapes data imported succesfully!
shapes data imported succesfully!
shapes data imported succesfully!
shapes data imported succesfully!
shapes data imported succesfully!
shapes data imported succesfully!
shapes data imported succesfully!
shapes data imported succesfully!
shapes data imported succesfully!
shapes data imported succesfully!
shapes data imported succesfully!
shapes data imported succesfully!
shapes data imported succesfully!
shapes data imported succesfully!
shapes data imported succesfully!
shapes data imported succesfully!
shapes data imported succesfully!
shapes data imported succesfully!
shapes data imported succesfully!
shapes data imported succesfully!
shapes data imported succesfully!
shapes data imported succesfully!
shapes data imported succesfully!
shapes data imported succesfully!
shapes data imported succesfully!
shapes data imported succesfully!
shapes data imported succesfully!
shapes data imported succesfully!
shapes data imported succesfully!
shapes data imported succesfully!
shapes data imported succesfully!
shapes data imported succesfully!
shapes data imported succesfully!
shapes data imported succesfully!
shapes data imported succesfully!
shapes data imported succesfully!
shapes data imported succesfully!
shapes data imported succesfully!
shapes data imported succesfully!
shapes data imported succesfully!
shapes data imported succesfully!
shapes data imported succesfully!
shapes data imported succesfully!
shapes data imported succesfully!
shapes data imported succesfully!
shapes data imported succesfully!
shapes data imported succesfully!
shapes data imported succesfully!
shapes data imported succesfully!
shapes data imported succesfully!
shapes data imported succesfully!
shapes data imported succesfully!
shapes data imported succesfully!
shapes data imported succesfully!
shapes data imported succesfully!
shapes data imported succesfully!
shapes data imported succesfully!
shapes data imported succesfully!
shapes data imported succesfully!
shapes data imported succesfully!
shapes data imported succesfully!
shapes data imported succesfully!
shapes data imported succesfully!
shapes data imported succesfully!
shapes data imported succesfully!
shapes data imported succesfully!
shapes data imported succesfully!
shapes data imported succesfully!
shapes data imported succesfully!
shapes data imported succesfully!
shapes data imported succesfully!
shapes data imported succesfully!
shapes data imported succesfully!
shapes data imported succesfully!
shapes data imported succesfully!
shapes data imported succesfully!
shapes data imported succesfully!
shapes data imported succesfully!
shapes data imported succesfully!
shapes data imported succesfully!
shapes data imported succesfully!
shapes data imported succesfully!
shapes data imported succesfully!
shapes data imported succesfully!
shapes data imported succesfully!
shapes data imported succesfully!
shapes data imported succesfully!
shapes data imported succesfully!
shapes data imported succesfully!
shapes data imported succesfully!
shapes data imported succesfully!
shapes data imported succesfully!
shapes data imported succesfully!
shapes data imported succesfully!
shapes data imported succesfully!
shapes data imported succesfully!
shapes data imported succesfully!
shapes data imported succesfully!
shapes data imported succesfully!
shapes data imported succesfully!
shapes data imported succesfully!
shapes data imported succesfully!
shapes data imported succesfully!
shapes data imported succesfully!
shapes data imported succesfully!
shapes data imported succesfully!
shapes data imported succesfully!
shapes data imported succesfully!
shapes data imported succesfully!
shapes data imported succesfully!
shapes data imported succesfully!
shapes data imported succesfully!
shapes data imported succesfully!
shapes data imported succesfully!
shapes data imported succesfully!
shapes data imported succesfully!
shapes data imported succesfully!
shapes data imported succesfully!
shapes data imported succesfully!
shapes data imported succesfully!
shapes data imported succesfully!
shapes data imported succesfully!
shapes data imported succesfully!
shapes data imported succesfully!
shapes data imported succesfully!
shapes data imported succesfully!
shapes data imported succesfully!
shapes data imported succesfully!
shapes data imported succesfully!
shapes data imported succesfully!
shapes data imported succesfully!
shapes data imported succesfully!
shapes data imported succesfully!
shapes data imported succesfully!
shapes data imported succesfully!
shapes data imported succesfully!
shapes data imported succesfully!
shapes data imported succesfully!
shapes data imported succesfully!
shapes data imported succesfully!
shapes data imported succesfully!
shapes data imported succesfully!
shapes data imported succesfully!
shapes data imported succesfully!
shapes data imported succesfully!
shapes data imported succesfully!
shapes data imported succesfully!
shapes data imported succesfully!
shapes data imported succesfully!
shapes data imported succesfully!
shapes data imported succesfully!
shapes data imported succesfully!
shapes data imported succesfully!
shapes data imported succesfully!
shapes data imported succesfully!
shapes data imported succesfully!
shapes data imported succesfully!
shapes data imported succesfully!
shapes data imported succesfully!
shapes data imported succesfully!
shapes data imported succesfully!
shapes data imported succesfully!
shapes data imported succesfully!
shapes data imported succesfully!
shapes data imported succesfully!
shapes data imported succesfully!
shapes data imported succesfully!
shapes data imported succesfully!
shapes data imported succesfully!
shapes data imported succesfully!
shapes data imported succesfully!
shapes data imported succesfully!
shapes data imported succesfully!
shapes data imported succesfully!
shapes data imported succesfully!
shapes data imported succesfully!
shapes data imported succesfully!
shapes data imported succesfully!
shapes data imported succesfully!
shapes data imported succesfully!
shapes data imported succesfully!
shapes data imported succesfully!
shapes data imported succesfully!
shapes data imported succesfully!
shapes data imported succesfully!
shapes data imported succesfully!
shapes data imported succesfully!
shapes data imported succesfully!
shapes data imported succesfully!
shapes data imported succesfully!
shapes data imported succesfully!
shapes data imported succesfully!
shapes data imported succesfully!
shapes data imported succesfully!
shapes data imported succesfully!
shapes data imported succesfully!
shapes data imported succesfully!
shapes data imported succesfully!
shapes data imported succesfully!
shapes data imported succesfully!
shapes data imported succesfully!
shapes data imported succesfully!
shapes data imported succesfully!
shapes data imported succesfully!
shapes data imported succesfully!
shapes data imported succesfully!
shapes data imported succesfully!
shapes data imported succesfully!
shapes data imported succesfully!
shapes data imported succesfully!
shapes data imported succesfully!
shapes data imported succesfully!
shapes data imported succesfully!
shapes data imported succesfully!
shapes data imported succesfully!
shapes data imported succesfully!
shapes data imported succesfully!
shapes data imported succesfully!
shapes data imported succesfully!
shapes data imported succesfully!
shapes data imported succesfully!
shapes data imported succesfully!
shapes data imported succesfully!
shapes data imported succesfully!
shapes data imported succesfully!
shapes data imported succesfully!
shapes data imported succesfully!
shapes data imported succesfully!
shapes data imported succesfully!
shapes data imported succesfully!
shapes data imported succesfully!
shapes data imported succesfully!
shapes data imported succesfully!
shapes data imported succesfully!
shapes data imported succesfully!
shapes data imported succesfully!
shapes data imported succesfully!
shapes data imported succesfully!
shapes data imported succesfully!
shapes data imported succesfully!
shapes data imported succesfully!
shapes data imported succesfully!
shapes data imported succesfully!
shapes data imported succesfully!
shapes data imported succesfully!
shapes data imported succesfully!
shapes data imported succesfully!
shapes data imported succesfully!
shapes data imported succesfully!
shapes data imported succesfully!
shapes data imported succesfully!
shapes data imported succesfully!
shapes data imported succesfully!
shapes data imported succesfully!
shapes data imported succesfully!
shapes data imported succesfully!
shapes data imported succesfully!
shapes data imported succesfully!
shapes data imported succesfully!
shapes data imported succesfully!
shapes data imported succesfully!
shapes data imported succesfully!
shapes data imported succesfully!
shapes data imported succesfully!
shapes data imported succesfully!
shapes data imported succesfully!
shapes data imported succesfully!
shapes data imported succesfully!
shapes data imported succesfully!
shapes data imported succesfully!
shapes data imported succesfully!
shapes data imported succesfully!
shapes data imported succesfully!
shapes data imported succesfully!
shapes data imported succesfully!
shapes data imported succesfully!
shapes data imported succesfully!
shapes data imported succesfully!
shapes data imported succesfully!
shapes data imported succesfully!
shapes data imported succesfully!
shapes data imported succesfully!
shapes data imported succesfully!
shapes data imported succesfully!
shapes data imported succesfully!
shapes data imported succesfully!
shapes data imported succesfully!
shapes data imported succesfully!
shapes data imported succesfully!
shapes data imported succesfully!
shapes data imported succesfully!
shapes data imported succesfully!
shapes data imported succesfully!
shapes data imported succesfully!
shapes data imported succesfully!
shapes data imported succesfully!
shapes data imported succesfully!
shapes data imported succesfully!
shapes data imported succesfully!
shapes data imported succesfully!
shapes data imported succesfully!
shapes data imported succesfully!
shapes data imported succesfully!
shapes data imported succesfully!
shapes data imported succesfully!
shapes data imported succesfully!
shapes data imported succesfully!
shapes data imported succesfully!
shapes data imported succesfully!
shapes data imported succesfully!
shapes data imported succesfully!
shapes data imported succesfully!
shapes data imported succesfully!
shapes data imported succesfully!
shapes data imported succesfully!
shapes data imported succesfully!
shapes data imported succesfully!
shapes data imported succesfully!
shapes data imported succesfully!
shapes data imported succesfully!
shapes data imported succesfully!
shapes data imported succesfully!
shapes data imported succesfully!
shapes data imported succesfully!
shapes data imported succesfully!
shapes data imported succesfully!
shapes data imported succesfully!
shapes data imported succesfully!
shapes data imported succesfully!
shapes data imported succesfully!
shapes data imported succesfully!
shapes data imported succesfully!
shapes data imported succesfully!
shapes data imported succesfully!
shapes data imported succesfully!
shapes data imported succesfully!
shapes data imported succesfully!
shapes data imported succesfully!
shapes data imported succesfully!
shapes data imported succesfully!
shapes data imported succesfully!
shapes data imported succesfully!
shapes data imported succesfully!
shapes data imported succesfully!
shapes data imported succesfully!
shapes data imported succesfully!
shapes data imported succesfully!
shapes data imported succesfully!
shapes data imported succesfully!
shapes data imported succesfully!
shapes data imported succesfully!
shapes data imported succesfully!
shapes data imported succesfully!
shapes data imported succesfully!
shapes data imported succesfully!
shapes data imported succesfully!
shapes data imported succesfully!
shapes data imported succesfully!
shapes data imported succesfully!
shapes data imported succesfully!
shapes data imported succesfully!
shapes data imported succesfully!
shapes data imported succesfully!
shapes data imported succesfully!
shapes data imported succesfully!
shapes data imported succesfully!
shapes data imported succesfully!
shapes data imported succesfully!
shapes data imported succesfully!
shapes data imported succesfully!
shapes data imported succesfully!
shapes data imported succesfully!
shapes data imported succesfully!
shapes data imported succesfully!
shapes data imported succesfully!
shapes data imported succesfully!
shapes data imported succesfully!
shapes data imported succesfully!
shapes data imported succesfully!
shapes data imported succesfully!
shapes data imported succesfully!
shapes data imported succesfully!
shapes data imported succesfully!
shapes data imported succesfully!
shapes data imported succesfully!
shapes data imported succesfully!
shapes data imported succesfully!
shapes data imported succesfully!
shapes data imported succesfully!
shapes data imported succesfully!
shapes data imported succesfully!
shapes data imported succesfully!
shapes data imported succesfully!
shapes data imported succesfully!
shapes data imported succesfully!
shapes data imported succesfully!
shapes data imported succesfully!
shapes data imported succesfully!
shapes data imported succesfully!
shapes data imported succesfully!
shapes data imported succesfully!
shapes data imported succesfully!
shapes data imported succesfully!
shapes data imported succesfully!
shapes data imported succesfully!
shapes data imported succesfully!
shapes data imported succesfully!
shapes data imported succesfully!
shapes data imported succesfully!
shapes data imported succesfully!
shapes data imported succesfully!
shapes data imported succesfully!
shapes data imported succesfully!
shapes data imported succesfully!
shapes data imported succesfully!
shapes data imported succesfully!
shapes data imported succesfully!
shapes data imported succesfully!
shapes data imported succesfully!
shapes data imported succesfully!
shapes data imported succesfully!
shapes data imported succesfully!
shapes data imported succesfully!
shapes data imported succesfully!
shapes data imported succesfully!
shapes data imported succesfully!
shapes data imported succesfully!
shapes data imported succesfully!
shapes data imported succesfully!
shapes data imported succesfully!
shapes data imported succesfully!
shapes data imported succesfully!
shapes data imported succesfully!
shapes data imported succesfully!
shapes data imported succesfully!
shapes data imported succesfully!
shapes data imported succesfully!
shapes data imported succesfully!
shapes data imported succesfully!
shapes data imported succesfully!
shapes data imported succesfully!
shapes data imported succesfully!
shapes data imported succesfully!
shapes data imported succesfully!
shapes data imported succesfully!
shapes data imported succesfully!
shapes data imported succesfully!
shapes data imported succesfully!
shapes data imported succesfully!
shapes data imported succesfully!
shapes data imported succesfully!
shapes data imported succesfully!
shapes data imported succesfully!
shapes data imported succesfully!
shapes data imported succesfully!
shapes data imported succesfully!
shapes data imported succesfully!
shapes data imported succesfully!
shapes data imported succesfully!
shapes data imported succesfully!
shapes data imported succesfully!
shapes data imported succesfully!
shapes data imported succesfully!
shapes data imported succesfully!
shapes data imported succesfully!
shapes data imported succesfully!
shapes data imported succesfully!
shapes data imported succesfully!
shapes data imported succesfully!
shapes data imported succesfully!
shapes data imported succesfully!
shapes data imported succesfully!
shapes data imported succesfully!
shapes data imported succesfully!
shapes data imported succesfully!
shapes data imported succesfully!
shapes data imported succesfully!
shapes data imported succesfully!
shapes data imported succesfully!
shapes data imported succesfully!
shapes data imported succesfully!
shapes data imported succesfully!
shapes data imported succesfully!
shapes data imported succesfully!
shapes data imported succesfully!
shapes data imported succesfully!
shapes data imported succesfully!
shapes data imported succesfully!
shapes data imported succesfully!
shapes data imported succesfully!
shapes data imported succesfully!
shapes data imported succesfully!
shapes data imported succesfully!
shapes data imported succesfully!
shapes data imported succesfully!
shapes data imported succesfully!
shapes data imported succesfully!
shapes data imported succesfully!
shapes data imported succesfully!
shapes data imported succesfully!
shapes data imported succesfully!
shapes data imported succesfully!
shapes data imported succesfully!
shapes data imported succesfully!
shapes data imported succesfully!
shapes data imported succesfully!
shapes data imported succesfully!
shapes data imported succesfully!
shapes data imported succesfully!
shapes data imported succesfully!
shapes data imported succesfully!
shapes data imported succesfully!
shapes data imported succesfully!
shapes data imported succesfully!
shapes data imported succesfully!
shapes data imported succesfully!
shapes data imported succesfully!
shapes data imported succesfully!
shapes data imported succesfully!
shapes data imported succesfully!
shapes data imported succesfully!
shapes data imported succesfully!
shapes data imported succesfully!
shapes data imported succesfully!
shapes data imported succesfully!
shapes data imported succesfully!
shapes data imported succesfully!
shapes data imported succesfully!
shapes data imported succesfully!
shapes data imported succesfully!
shapes data imported succesfully!
shapes data imported succesfully!
shapes data imported succesfully!
shapes data imported succesfully!
shapes data imported succesfully!
shapes data imported succesfully!
shapes data imported succesfully!
shapes data imported succesfully!
shapes data imported succesfully!
shapes data imported succesfully!
shapes data imported succesfully!
shapes data imported succesfully!
shapes data imported succesfully!
shapes data imported succesfully!
shapes data imported succesfully!
shapes data imported succesfully!
shapes data imported succesfully!
shapes data imported succesfully!
shapes data imported succesfully!
shapes data imported succesfully!
shapes data imported succesfully!
shapes data imported succesfully!
shapes data imported succesfully!
shapes data imported succesfully!
shapes data imported succesfully!
shapes data imported succesfully!
shapes data imported succesfully!
shapes data imported succesfully!
shapes data imported succesfully!
shapes data imported succesfully!
shapes data imported succesfully!
shapes data imported succesfully!
shapes data imported succesfully!
shapes data imported succesfully!
shapes data imported succesfully!
shapes data imported succesfully!
shapes data imported succesfully!
shapes data imported succesfully!
shapes data imported succesfully!
shapes data imported succesfully!
shapes data imported succesfully!
shapes data imported succesfully!
shapes data imported succesfully!
shapes data imported succesfully!
shapes data imported succesfully!
shapes data imported succesfully!
shapes data imported succesfully!
shapes data imported succesfully!
shapes data imported succesfully!
shapes data imported succesfully!
shapes data imported succesfully!
shapes data imported succesfully!
shapes data imported succesfully!
shapes data imported succesfully!
shapes data imported succesfully!
shapes data imported succesfully!
shapes data imported succesfully!
shapes data imported succesfully!
shapes data imported succesfully!
shapes data imported succesfully!
shapes data imported succesfully!
shapes data imported succesfully!
shapes data imported succesfully!
shapes data imported succesfully!
shapes data imported succesfully!
shapes data imported succesfully!
shapes data imported succesfully!
shapes data imported succesfully!
shapes data imported succesfully!
shapes data imported succesfully!
shapes data imported succesfully!
shapes data imported succesfully!
shapes data imported succesfully!
shapes data imported succesfully!
shapes data imported succesfully!
shapes data imported succesfully!
shapes data imported succesfully!
shapes data imported succesfully!
shapes data imported succesfully!
shapes data imported succesfully!
shapes data imported succesfully!
shapes data imported succesfully!
shapes data imported succesfully!
shapes data imported succesfully!
shapes data imported succesfully!
shapes data imported succesfully!
shapes data imported succesfully!
shapes data imported succesfully!
shapes data imported succesfully!
shapes data imported succesfully!
shapes data imported succesfully!
shapes data imported succesfully!
shapes data imported succesfully!
shapes data imported succesfully!
shapes data imported succesfully!
shapes data imported succesfully!
shapes data imported succesfully!
shapes data imported succesfully!
shapes data imported succesfully!
shapes data imported succesfully!
shapes data imported succesfully!
shapes data imported succesfully!
shapes data imported succesfully!
shapes data imported succesfully!
shapes data imported succesfully!
shapes data imported succesfully!
shapes data imported succesfully!
shapes data imported succesfully!
shapes data imported succesfully!
shapes data imported succesfully!
shapes data imported succesfully!
shapes data imported succesfully!
shapes data imported succesfully!
shapes data imported succesfully!
shapes data imported succesfully!
shapes data imported succesfully!
shapes data imported succesfully!
shapes data imported succesfully!
shapes data imported succesfully!
shapes data imported succesfully!
shapes data imported succesfully!
shapes data imported succesfully!
shapes data imported succesfully!
shapes data imported succesfully!
shapes data imported succesfully!
shapes data imported succesfully!
shapes data imported succesfully!
shapes data imported succesfully!
shapes data imported succesfully!
shapes data imported succesfully!
shapes data imported succesfully!
shapes data imported succesfully!
shapes data imported succesfully!
shapes data imported succesfully!
shapes data imported succesfully!
shapes data imported succesfully!
shapes data imported succesfully!
shapes data imported succesfully!
shapes data imported succesfully!
shapes data imported succesfully!
shapes data imported succesfully!
shapes data imported succesfully!
shapes data imported succesfully!
shapes data imported succesfully!
shapes data imported succesfully!
shapes data imported succesfully!
shapes data imported succesfully!
shapes data imported succesfully!
shapes data imported succesfully!
shapes data imported succesfully!
shapes data imported succesfully!
shapes data imported succesfully!
shapes data imported succesfully!
shapes data imported succesfully!
shapes data imported succesfully!
shapes data imported succesfully!
shapes data imported succesfully!
shapes data imported succesfully!
shapes data imported succesfully!
shapes data imported succesfully!
shapes data imported succesfully!
shapes data imported succesfully!
shapes data imported succesfully!
shapes data imported succesfully!
shapes data imported succesfully!
shapes data imported succesfully!
shapes data imported succesfully!
shapes data imported succesfully!
shapes data imported succesfully!
shapes data imported succesfully!
shapes data imported succesfully!
shapes data imported succesfully!
shapes data imported succesfully!
shapes data imported succesfully!
shapes data imported succesfully!
shapes data imported succesfully!
shapes data imported succesfully!
shapes data imported succesfully!
shapes data imported succesfully!
shapes data imported succesfully!
shapes data imported succesfully!
shapes data imported succesfully!
shapes data imported succesfully!
shapes data imported succesfully!
shapes data imported succesfully!
shapes data imported succesfully!
shapes data imported succesfully!
shapes data imported succesfully!
shapes data imported succesfully!
shapes data imported succesfully!
shapes data imported succesfully!
shapes data imported succesfully!
shapes data imported succesfully!
shapes data imported succesfully!
shapes data imported succesfully!
shapes data imported succesfully!
shapes data imported succesfully!
shapes data imported succesfully!
shapes data imported succesfully!
shapes data imported succesfully!
shapes data imported succesfully!
shapes data imported succesfully!
shapes data imported succesfully!
shapes data imported succesfully!
shapes data imported succesfully!
shapes data imported succesfully!
shapes data imported succesfully!
shapes data imported succesfully!
shapes data imported succesfully!
shapes data imported succesfully!
shapes data imported succesfully!
shapes data imported succesfully!
shapes data imported succesfully!
shapes data imported succesfully!
shapes data imported succesfully!
shapes data imported succesfully!
shapes data imported succesfully!
shapes data imported succesfully!
shapes data imported succesfully!
shapes data imported succesfully!
shapes data imported succesfully!
shapes data imported succesfully!
shapes data imported succesfully!
shapes data imported succesfully!
shapes data imported succesfully!
shapes data imported succesfully!
shapes data imported succesfully!
shapes data imported succesfully!
shapes data imported succesfully!
shapes data imported succesfully!
shapes data imported succesfully!
shapes data imported succesfully!
shapes data imported succesfully!
shapes data imported succesfully!
shapes data imported succesfully!
shapes data imported succesfully!
shapes data imported succesfully!
shapes data imported succesfully!
shapes data imported succesfully!
shapes data imported succesfully!
shapes data imported succesfully!
shapes data imported succesfully!
shapes data imported succesfully!
shapes data imported succesfully!
shapes data imported succesfully!
shapes data imported succesfully!
shapes data imported succesfully!
shapes data imported succesfully!
shapes data imported succesfully!
shapes data imported succesfully!
shapes data imported succesfully!
shapes data imported succesfully!
shapes data imported succesfully!
shapes data imported succesfully!
shapes data imported succesfully!
shapes data imported succesfully!
shapes data imported succesfully!
shapes data imported succesfully!
shapes data imported succesfully!
shapes data imported succesfully!
shapes data imported succesfully!
shapes data imported succesfully!
shapes data imported succesfully!
shapes data imported succesfully!
shapes data imported succesfully!
shapes data imported succesfully!
shapes data imported succesfully!
shapes data imported succesfully!
shapes data imported succesfully!
shapes data imported succesfully!
shapes data imported succesfully!
shapes data imported succesfully!
shapes data imported succesfully!
shapes data imported succesfully!
shapes data imported succesfully!
shapes data imported succesfully!
shapes data imported succesfully!
shapes data imported succesfully!
shapes data imported succesfully!
shapes data imported succesfully!
shapes data imported succesfully!
shapes data imported succesfully!
shapes data imported succesfully!
shapes data imported succesfully!
shapes data imported succesfully!
shapes data imported succesfully!
shapes data imported succesfully!
shapes data imported succesfully!
shapes data imported succesfully!
shapes data imported succesfully!
shapes data imported succesfully!
shapes data imported succesfully!
shapes data imported succesfully!
shapes data imported succesfully!
shapes data imported succesfully!
shapes data imported succesfully!
shapes data imported succesfully!
shapes data imported succesfully!
shapes data imported succesfully!
shapes data imported succesfully!
shapes data imported succesfully!
shapes data imported succesfully!
shapes data imported succesfully!
shapes data imported succesfully!
shapes data imported succesfully!
shapes data imported succesfully!
shapes data imported succesfully!
shapes data imported succesfully!
shapes data imported succesfully!
shapes data imported succesfully!
shapes data imported succesfully!
shapes data imported succesfully!
shapes data imported succesfully!
shapes data imported succesfully!
shapes data imported succesfully!
shapes data imported succesfully!
shapes data imported succesfully!
shapes data imported succesfully!
shapes data imported succesfully!
shapes data imported succesfully!
shapes data imported succesfully!
shapes data imported succesfully!
shapes data imported succesfully!
shapes data imported succesfully!
shapes data imported succesfully!
shapes data imported succesfully!
shapes data imported succesfully!
shapes data imported succesfully!
shapes data imported succesfully!
shapes data imported succesfully!
shapes data imported succesfully!
shapes data imported succesfully!
shapes data imported succesfully!
shapes data imported succesfully!
shapes data imported succesfully!
shapes data imported succesfully!
shapes data imported succesfully!
shapes data imported succesfully!
shapes data imported succesfully!
shapes data imported succesfully!
shapes data imported succesfully!
shapes data imported succesfully!
shapes data imported succesfully!
shapes data imported succesfully!
shapes data imported succesfully!
shapes data imported succesfully!
shapes data imported succesfully!
shapes data imported succesfully!
shapes data imported succesfully!
shapes data imported succesfully!
shapes data imported succesfully!
shapes data imported succesfully!
shapes data imported succesfully!
shapes data imported succesfully!
shapes data imported succesfully!
shapes data imported succesfully!
shapes data imported succesfully!
shapes data imported succesfully!
shapes data imported succesfully!
shapes data imported succesfully!
shapes data imported succesfully!
shapes data imported succesfully!
shapes data imported succesfully!
shapes data imported succesfully!
shapes data imported succesfully!
shapes data imported succesfully!
shapes data imported succesfully!
shapes data imported succesfully!
shapes data imported succesfully!
shapes data imported succesfully!
shapes data imported succesfully!
shapes data imported succesfully!
shapes data imported succesfully!
shapes data imported succesfully!
shapes data imported succesfully!
shapes data imported succesfully!
shapes data imported succesfully!
shapes data imported succesfully!
shapes data imported succesfully!
shapes data imported succesfully!
shapes data imported succesfully!
shapes data imported succesfully!
shapes data imported succesfully!
shapes data imported succesfully!
shapes data imported succesfully!
shapes data imported succesfully!
shapes data imported succesfully!
shapes data imported succesfully!
shapes data imported succesfully!
shapes data imported succesfully!
shapes data imported succesfully!
shapes data imported succesfully!
shapes data imported succesfully!
shapes data imported succesfully!
shapes data imported succesfully!
shapes data imported succesfully!
shapes data imported succesfully!
shapes data imported succesfully!
shapes data imported succesfully!
shapes data imported succesfully!
shapes data imported succesfully!
shapes data imported succesfully!
shapes data imported succesfully!
shapes data imported succesfully!
shapes data imported succesfully!
shapes data imported succesfully!
shapes data imported succesfully!
shapes data imported succesfully!
shapes data imported succesfully!
shapes data imported succesfully!
shapes data imported succesfully!
shapes data imported succesfully!
shapes data imported succesfully!
shapes data imported succesfully!
shapes data imported succesfully!
shapes data imported succesfully!
shapes data imported succesfully!
shapes data imported succesfully!
shapes data imported succesfully!
shapes data imported succesfully!
shapes data imported succesfully!
shapes data imported succesfully!
shapes data imported succesfully!
shapes data imported succesfully!
shapes data imported succesfully!
shapes data imported succesfully!
shapes data imported succesfully!
shapes data imported succesfully!
shapes data imported succesfully!
shapes data imported succesfully!
shapes data imported succesfully!
shapes data imported succesfully!
shapes data imported succesfully!
shapes data imported succesfully!
shapes data imported succesfully!
shapes data imported succesfully!
shapes data imported succesfully!
shapes data imported succesfully!
shapes data imported succesfully!
shapes data imported succesfully!
shapes data imported succesfully!
shapes data imported succesfully!
shapes data imported succesfully!
shapes data imported succesfully!
shapes data imported succesfully!
shapes data imported succesfully!
shapes data imported succesfully!
shapes data imported succesfully!
shapes data imported succesfully!
shapes data imported succesfully!
shapes data imported succesfully!
shapes data imported succesfully!
shapes data imported succesfully!
shapes data imported succesfully!
shapes data imported succesfully!
shapes data imported succesfully!
shapes data imported succesfully!
shapes data imported succesfully!
shapes data imported succesfully!
shapes data imported succesfully!
shapes data imported succesfully!
shapes data imported succesfully!
shapes data imported succesfully!
shapes data imported succesfully!
shapes data imported succesfully!
shapes data imported succesfully!
shapes data imported succesfully!
shapes data imported succesfully!
shapes data imported succesfully!
shapes data imported succesfully!
shapes data imported succesfully!
shapes data imported succesfully!
shapes data imported succesfully!
shapes data imported succesfully!
shapes data imported succesfully!
shapes data imported succesfully!
shapes data imported succesfully!
shapes data imported succesfully!
shapes data imported succesfully!
shapes data imported succesfully!
shapes data imported succesfully!
shapes data imported succesfully!
shapes data imported succesfully!
shapes data imported succesfully!
shapes data imported succesfully!
shapes data imported succesfully!
shapes data imported succesfully!
shapes data imported succesfully!
shapes data imported succesfully!
shapes data imported succesfully!
shapes data imported succesfully!
shapes data imported succesfully!
shapes data imported succesfully!
shapes data imported succesfully!
shapes data imported succesfully!
shapes data imported succesfully!
shapes data imported succesfully!
shapes data imported succesfully!
shapes data imported succesfully!
shapes data imported succesfully!
shapes data imported succesfully!
shapes data imported succesfully!
shapes data imported succesfully!
shapes data imported succesfully!
shapes data imported succesfully!
shapes data imported succesfully!
shapes data imported succesfully!
shapes data imported succesfully!
shapes data imported succesfully!
shapes data imported succesfully!
shapes data imported succesfully!
shapes data imported succesfully!
shapes data imported succesfully!
shapes data imported succesfully!
shapes data imported succesfully!
shapes data imported succesfully!
shapes data imported succesfully!
shapes data imported succesfully!
shapes data imported succesfully!
shapes data imported succesfully!
shapes data imported succesfully!
shapes data imported succesfully!
shapes data imported succesfully!
shapes data imported succesfully!
shapes data imported succesfully!
shapes data imported succesfully!
shapes data imported succesfully!
shapes data imported succesfully!
shapes data imported succesfully!
shapes data imported succesfully!
shapes data imported succesfully!
shapes data imported succesfully!
shapes data imported succesfully!
shapes data imported succesfully!
shapes data imported succesfully!
shapes data imported succesfully!
shapes data imported succesfully!
shapes data imported succesfully!
shapes data imported succesfully!
shapes data imported succesfully!
shapes data imported succesfully!
shapes data imported succesfully!
shapes data imported succesfully!
shapes data imported succesfully!
shapes data imported succesfully!
shapes data imported succesfully!
shapes data imported succesfully!
shapes data imported succesfully!
shapes data imported succesfully!
shapes data imported succesfully!
shapes data imported succesfully!
shapes data imported succesfully!
shapes data imported succesfully!
shapes data imported succesfully!
shapes data imported succesfully!
shapes data imported succesfully!
shapes data imported succesfully!
shapes data imported succesfully!
shapes data imported succesfully!
shapes data imported succesfully!
shapes data imported succesfully!
shapes data imported succesfully!
shapes data imported succesfully!
shapes data imported succesfully!
shapes data imported succesfully!
shapes data imported succesfully!
shapes data imported succesfully!
shapes data imported succesfully!
shapes data imported succesfully!
shapes data imported succesfully!
shapes data imported succesfully!
shapes data imported succesfully!
shapes data imported succesfully!
shapes data imported succesfully!
shapes data imported succesfully!
shapes data imported succesfully!
shapes data imported succesfully!
shapes data imported succesfully!
shapes data imported succesfully!
shapes data imported succesfully!
shapes data imported succesfully!
shapes data imported succesfully!
shapes data imported succesfully!
shapes data imported succesfully!
shapes data imported succesfully!
shapes data imported succesfully!
shapes data imported succesfully!
shapes data imported succesfully!
shapes data imported succesfully!
shapes data imported succesfully!
shapes data imported succesfully!
shapes data imported succesfully!
shapes data imported succesfully!
shapes data imported succesfully!
shapes data imported succesfully!
shapes data imported succesfully!
shapes data imported succesfully!
shapes data imported succesfully!
shapes data imported succesfully!
shapes data imported succesfully!
shapes data imported succesfully!
shapes data imported succesfully!
shapes data imported succesfully!
shapes data imported succesfully!
shapes data imported succesfully!
shapes data imported succesfully!
shapes data imported succesfully!
shapes data imported succesfully!
shapes data imported succesfully!
shapes data imported succesfully!
shapes data imported succesfully!
shapes data imported succesfully!
shapes data imported succesfully!
shapes data imported succesfully!
shapes data imported succesfully!
shapes data imported succesfully!
shapes data imported succesfully!
shapes data imported succesfully!
shapes data imported succesfully!
shapes data imported succesfully!
shapes data imported succesfully!
shapes data imported succesfully!
shapes data imported succesfully!
shapes data imported succesfully!
shapes data imported succesfully!
shapes data imported succesfully!
shapes data imported succesfully!
shapes data imported succesfully!
shapes data imported succesfully!
shapes data imported succesfully!
shapes data imported succesfully!
shapes data imported succesfully!
shapes data imported succesfully!
shapes data imported succesfully!
shapes data imported succesfully!
shapes data imported succesfully!
shapes data imported succesfully!
shapes data imported succesfully!
shapes data imported succesfully!
shapes data imported succesfully!
shapes data imported succesfully!
shapes data imported succesfully!
shapes data imported succesfully!
shapes data imported succesfully!
shapes data imported succesfully!
shapes data imported succesfully!
shapes data imported succesfully!
shapes data imported succesfully!
shapes data imported succesfully!
shapes data imported succesfully!
shapes data imported succesfully!
shapes data imported succesfully!
shapes data imported succesfully!
shapes data imported succesfully!
shapes data imported succesfully!
shapes data imported succesfully!
shapes data imported succesfully!
shapes data imported succesfully!
shapes data imported succesfully!
shapes data imported succesfully!
shapes data imported succesfully!
shapes data imported succesfully!
shapes data imported succesfully!
shapes data imported succesfully!
shapes data imported succesfully!
shapes data imported succesfully!
shapes data imported succesfully!
shapes data imported succesfully!
shapes data imported succesfully!
shapes data imported succesfully!
shapes data imported succesfully!
shapes data imported succesfully!
shapes data imported succesfully!
shapes data imported succesfully!
shapes data imported succesfully!
shapes data imported succesfully!
shapes data imported succesfully!
shapes data imported succesfully!
shapes data imported succesfully!
shapes data imported succesfully!
shapes data imported succesfully!
shapes data imported succesfully!
shapes data imported succesfully!
shapes data imported succesfully!
shapes data imported succesfully!
shapes data imported succesfully!
shapes data imported succesfully!
shapes data imported succesfully!
shapes data imported succesfully!
shapes data imported succesfully!
shapes data imported succesfully!
shapes data imported succesfully!
shapes data imported succesfully!
shapes data imported succesfully!
shapes data imported succesfully!
shapes data imported succesfully!
shapes data imported succesfully!
shapes data imported succesfully!
shapes data imported succesfully!
shapes data imported succesfully!
shapes data imported succesfully!
shapes data imported succesfully!
shapes data imported succesfully!
shapes data imported succesfully!
shapes data imported succesfully!
shapes data imported succesfully!
shapes data imported succesfully!
shapes data imported succesfully!
shapes data imported succesfully!
shapes data imported succesfully!
shapes data imported succesfully!
shapes data imported succesfully!
shapes data imported succesfully!
shapes data imported succesfully!
shapes data imported succesfully!
shapes data imported succesfully!
shapes data imported succesfully!
shapes data imported succesfully!
shapes data imported succesfully!
shapes data imported succesfully!
shapes data imported succesfully!
shapes data imported succesfully!
shapes data imported succesfully!
shapes data imported succesfully!
shapes data imported succesfully!
shapes data imported succesfully!
shapes data imported succesfully!
shapes data imported succesfully!
shapes data imported succesfully!
shapes data imported succesfully!
shapes data imported succesfully!
shapes data imported succesfully!
shapes data imported succesfully!
shapes data imported succesfully!
shapes data imported succesfully!
shapes data imported succesfully!
shapes data imported succesfully!
shapes data imported succesfully!
shapes data imported succesfully!
shapes data imported succesfully!
shapes data imported succesfully!
shapes data imported succesfully!
shapes data imported succesfully!
shapes data imported succesfully!
shapes data imported succesfully!
shapes data imported succesfully!
shapes data imported succesfully!
shapes data imported succesfully!
shapes data imported succesfully!
shapes data imported succesfully!
shapes data imported succesfully!
shapes data imported succesfully!
shapes data imported succesfully!
shapes data imported succesfully!
shapes data imported succesfully!
shapes data imported succesfully!
shapes data imported succesfully!
shapes data imported succesfully!
shapes data imported succesfully!
shapes data imported succesfully!
shapes data imported succesfully!
shapes data imported succesfully!
shapes data imported succesfully!
shapes data imported succesfully!
shapes data imported succesfully!
shapes data imported succesfully!
shapes data imported succesfully!
shapes data imported succesfully!
shapes data imported succesfully!
shapes data imported succesfully!
shapes data imported succesfully!
shapes data imported succesfully!
shapes data imported succesfully!
shapes data imported succesfully!
shapes data imported succesfully!
shapes data imported succesfully!
shapes data imported succesfully!
shapes data imported succesfully!
shapes data imported succesfully!
shapes data imported succesfully!
shapes data imported succesfully!
shapes data imported succesfully!
shapes data imported succesfully!
shapes data imported succesfully!
shapes data imported succesfully!
shapes data imported succesfully!
shapes data imported succesfully!
shapes data imported succesfully!
shapes data imported succesfully!
shapes data imported succesfully!
shapes data imported succesfully!
shapes data imported succesfully!
shapes data imported succesfully!
shapes data imported succesfully!
shapes data imported succesfully!
shapes data imported succesfully!
shapes data imported succesfully!
shapes data imported succesfully!
shapes data imported succesfully!
shapes data imported succesfully!
shapes data imported succesfully!
shapes data imported succesfully!
shapes data imported succesfully!
shapes data imported succesfully!
shapes data imported succesfully!
shapes data imported succesfully!
shapes data imported succesfully!
shapes data imported succesfully!
shapes data imported succesfully!
shapes data imported succesfully!
shapes data imported succesfully!
shapes data imported succesfully!
shapes data imported succesfully!
shapes data imported succesfully!
shapes data imported succesfully!
shapes data imported succesfully!
shapes data imported succesfully!
shapes data imported succesfully!
shapes data imported succesfully!
shapes data imported succesfully!
shapes data imported succesfully!
shapes data imported succesfully!
shapes data imported succesfully!
shapes data imported succesfully!
shapes data imported succesfully!
shapes data imported succesfully!
shapes data imported succesfully!
shapes data imported succesfully!
shapes data imported succesfully!
shapes data imported succesfully!
shapes data imported succesfully!
shapes data imported succesfully!
shapes data imported succesfully!
shapes data imported succesfully!
shapes data imported succesfully!
shapes data imported succesfully!
shapes data imported succesfully!
shapes data imported succesfully!
shapes data imported succesfully!
shapes data imported succesfully!
shapes data imported succesfully!
shapes data imported succesfully!
shapes data imported succesfully!
shapes data imported succesfully!
shapes data imported succesfully!
shapes data imported succesfully!
shapes data imported succesfully!
shapes data imported succesfully!
shapes data imported succesfully!
shapes data imported succesfully!
shapes data imported succesfully!
shapes data imported succesfully!
shapes data imported succesfully!
shapes data imported succesfully!
shapes data imported succesfully!
shapes data imported succesfully!
shapes data imported succesfully!
shapes data imported succesfully!
shapes data imported succesfully!
shapes data imported succesfully!
shapes data imported succesfully!
shapes data imported succesfully!
shapes data imported succesfully!
shapes data imported succesfully!
shapes data imported succesfully!
shapes data imported succesfully!
shapes data imported succesfully!
shapes data imported succesfully!
shapes data imported succesfully!
shapes data imported succesfully!
shapes data imported succesfully!
shapes data imported succesfully!
shapes data imported succesfully!
shapes data imported succesfully!
shapes data imported succesfully!
shapes data imported succesfully!
shapes data imported succesfully!
shapes data imported succesfully!
shapes data imported succesfully!
shapes data imported succesfully!
shapes data imported succesfully!
shapes data imported succesfully!
shapes data imported succesfully!
shapes data imported succesfully!
shapes data imported succesfully!
shapes data imported succesfully!
shapes data imported succesfully!
shapes data imported succesfully!
shapes data imported succesfully!
shapes data imported succesfully!
shapes data imported succesfully!
shapes data imported succesfully!
shapes data imported succesfully!
shapes data imported succesfully!
shapes data imported succesfully!
shapes data imported succesfully!
shapes data imported succesfully!
shapes data imported succesfully!
shapes data imported succesfully!
shapes data imported succesfully!
shapes data imported succesfully!
shapes data imported succesfully!
shapes data imported succesfully!
shapes data imported succesfully!
shapes data imported succesfully!
shapes data imported succesfully!
shapes data imported succesfully!
shapes data imported succesfully!
shapes data imported succesfully!
shapes data imported succesfully!
shapes data imported succesfully!
shapes data imported succesfully!
shapes data imported succesfully!
shapes data imported succesfully!
shapes data imported succesfully!
shapes data imported succesfully!
shapes data imported succesfully!
shapes data imported succesfully!
shapes data imported succesfully!
shapes data imported succesfully!
shapes data imported succesfully!
shapes data imported succesfully!
shapes data imported succesfully!
shapes data imported succesfully!
shapes data imported succesfully!
shapes data imported succesfully!
shapes data imported succesfully!
shapes data imported succesfully!
shapes data imported succesfully!
shapes data imported succesfully!
shapes data imported succesfully!
shapes data imported succesfully!
shapes data imported succesfully!
shapes data imported succesfully!
shapes data imported succesfully!
shapes data imported succesfully!
shapes data imported succesfully!
shapes data imported succesfully!
shapes data imported succesfully!
shapes data imported succesfully!
shapes data imported succesfully!
shapes data imported succesfully!
shapes data imported succesfully!
shapes data imported succesfully!
shapes data imported succesfully!
shapes data imported succesfully!
shapes data imported succesfully!
shapes data imported succesfully!
shapes data imported succesfully!
shapes data imported succesfully!
shapes data imported succesfully!
shapes data imported succesfully!
shapes data imported succesfully!
shapes data imported succesfully!
shapes data imported succesfully!
shapes data imported succesfully!
shapes data imported succesfully!
shapes data imported succesfully!
shapes data imported succesfully!
shapes data imported succesfully!
shapes data imported succesfully!
shapes data imported succesfully!
shapes data imported succesfully!
shapes data imported succesfully!
shapes data imported succesfully!
shapes data imported succesfully!
shapes data imported succesfully!
shapes data imported succesfully!
shapes data imported succesfully!
shapes data imported succesfully!
shapes data imported succesfully!
shapes data imported succesfully!
shapes data imported succesfully!
shapes data imported succesfully!
shapes data imported succesfully!
shapes data imported succesfully!
shapes data imported succesfully!
shapes data imported succesfully!
shapes data imported succesfully!
shapes data imported succesfully!
shapes data imported succesfully!
shapes data imported succesfully!
shapes data imported succesfully!
shapes data imported succesfully!
shapes data imported succesfully!
shapes data imported succesfully!
shapes data imported succesfully!
shapes data imported succesfully!
shapes data imported succesfully!
shapes data imported succesfully!
shapes data imported succesfully!
shapes data imported succesfully!
shapes data imported succesfully!
shapes data imported succesfully!
shapes data imported succesfully!
shapes data imported succesfully!
shapes data imported succesfully!
shapes data imported succesfully!
shapes data imported succesfully!
shapes data imported succesfully!
shapes data imported succesfully!
shapes data imported succesfully!
shapes data imported succesfully!
shapes data imported succesfully!
shapes data imported succesfully!
shapes data imported succesfully!
shapes data imported succesfully!
shapes data imported succesfully!
shapes data imported succesfully!
shapes data imported succesfully!
shapes data imported succesfully!
shapes data imported succesfully!
shapes data imported succesfully!
shapes data imported succesfully!
shapes data imported succesfully!
shapes data imported succesfully!
shapes data imported succesfully!
shapes data imported succesfully!
shapes data imported succesfully!
shapes data imported succesfully!
shapes data imported succesfully!
shapes data imported succesfully!
shapes data imported succesfully!
shapes data imported succesfully!
shapes data imported succesfully!
shapes data imported succesfully!
shapes data imported succesfully!
shapes data imported succesfully!
shapes data imported succesfully!
shapes data imported succesfully!
shapes data imported succesfully!
shapes data imported succesfully!
shapes data imported succesfully!
shapes data imported succesfully!
shapes data imported succesfully!
shapes data imported succesfully!
shapes data imported succesfully!
shapes data imported succesfully!
shapes data imported succesfully!
shapes data imported succesfully!
shapes data imported succesfully!
shapes data imported succesfully!
shapes data imported succesfully!
shapes data imported succesfully!
shapes data imported succesfully!
shapes data imported succesfully!
shapes data imported succesfully!
shapes data imported succesfully!
shapes data imported succesfully!
shapes data imported succesfully!
shapes data imported succesfully!
shapes data imported succesfully!
shapes data imported succesfully!
shapes data imported succesfully!
shapes data imported succesfully!
shapes data imported succesfully!
shapes data imported succesfully!
shapes data imported succesfully!
shapes data imported succesfully!
shapes data imported succesfully!
shapes data imported succesfully!
shapes data imported succesfully!
shapes data imported succesfully!
shapes data imported succesfully!
shapes data imported succesfully!
shapes data imported succesfully!
shapes data imported succesfully!
shapes data imported succesfully!
shapes data imported succesfully!
shapes data imported succesfully!
shapes data imported succesfully!
shapes data imported succesfully!
shapes data imported succesfully!
shapes data imported succesfully!
shapes data imported succesfully!
shapes data imported succesfully!
shapes data imported succesfully!
shapes data imported succesfully!
shapes data imported succesfully!
shapes data imported succesfully!
shapes data imported succesfully!
shapes data imported succesfully!
shapes data imported succesfully!
shapes data imported succesfully!
shapes data imported succesfully!
shapes data imported succesfully!
shapes data imported succesfully!
shapes data imported succesfully!
shapes data imported succesfully!
shapes data imported succesfully!
shapes data imported succesfully!
shapes data imported succesfully!
shapes data imported succesfully!
shapes data imported succesfully!
shapes data imported succesfully!
shapes data imported succesfully!
shapes data imported succesfully!
shapes data imported succesfully!
shapes data imported succesfully!
shapes data imported succesfully!
shapes data imported succesfully!
shapes data imported succesfully!
shapes data imported succesfully!
shapes data imported succesfully!
shapes data imported succesfully!
shapes data imported succesfully!
shapes data imported succesfully!
shapes data imported succesfully!
shapes data imported succesfully!
shapes data imported succesfully!
shapes data imported succesfully!
shapes data imported succesfully!
shapes data imported succesfully!
shapes data imported succesfully!
shapes data imported succesfully!
shapes data imported succesfully!
shapes data imported succesfully!
shapes data imported succesfully!
shapes data imported succesfully!
shapes data imported succesfully!
shapes data imported succesfully!
shapes data imported succesfully!
shapes data imported succesfully!
shapes data imported succesfully!
shapes data imported succesfully!
shapes data imported succesfully!
shapes data imported succesfully!
shapes data imported succesfully!
shapes data imported succesfully!
shapes data imported succesfully!
shapes data imported succesfully!
shapes data imported succesfully!
shapes data imported succesfully!
shapes data imported succesfully!
shapes data imported succesfully!
shapes data imported succesfully!
shapes data imported succesfully!
shapes data imported succesfully!
shapes data imported succesfully!
shapes data imported succesfully!
shapes data imported succesfully!
shapes data imported succesfully!
shapes data imported succesfully!
shapes data imported succesfully!
shapes data imported succesfully!
shapes data imported succesfully!
shapes data imported succesfully!
shapes data imported succesfully!
shapes data imported succesfully!
shapes data imported succesfully!
shapes data imported succesfully!
shapes data imported succesfully!
shapes data imported succesfully!
shapes data imported succesfully!
shapes data imported succesfully!
shapes data imported succesfully!
shapes data imported succesfully!
shapes data imported succesfully!
shapes data imported succesfully!
shapes data imported succesfully!
shapes data imported succesfully!
shapes data imported succesfully!
shapes data imported succesfully!
shapes data imported succesfully!
shapes data imported succesfully!
shapes data imported succesfully!
shapes data imported succesfully!
shapes data imported succesfully!
shapes data imported succesfully!
shapes data imported succesfully!
shapes data imported succesfully!
shapes data imported succesfully!
shapes data imported succesfully!
shapes data imported succesfully!
shapes data imported succesfully!
shapes data imported succesfully!
shapes data imported succesfully!
shapes data imported succesfully!
shapes data imported succesfully!
shapes data imported succesfully!
shapes data imported succesfully!
shapes data imported succesfully!
shapes data imported succesfully!
shapes data imported succesfully!
shapes data imported succesfully!
shapes data imported succesfully!
shapes data imported succesfully!
shapes data imported succesfully!
shapes data imported succesfully!
shapes data imported succesfully!
shapes data imported succesfully!
shapes data imported succesfully!
shapes data imported succesfully!
shapes data imported succesfully!
shapes data imported succesfully!
shapes data imported succesfully!
shapes data imported succesfully!
shapes data imported succesfully!
shapes data imported succesfully!
shapes data imported succesfully!
shapes data imported succesfully!
shapes data imported succesfully!
shapes data imported succesfully!
shapes data imported succesfully!
shapes data imported succesfully!
shapes data imported succesfully!
shapes data imported succesfully!
shapes data imported succesfully!
shapes data imported succesfully!
shapes data imported succesfully!
shapes data imported succesfully!
shapes data imported succesfully!
shapes data imported succesfully!
shapes data imported succesfully!
shapes data imported succesfully!
shapes data imported succesfully!
shapes data imported succesfully!
shapes data imported succesfully!
shapes data imported succesfully!
shapes data imported succesfully!
shapes data imported succesfully!
shapes data imported succesfully!
shapes data imported succesfully!
shapes data imported succesfully!
shapes data imported succesfully!
shapes data imported succesfully!
shapes data imported succesfully!
shapes data imported succesfully!
shapes data imported succesfully!
shapes data imported succesfully!
shapes data imported succesfully!
shapes data imported succesfully!
shapes data imported succesfully!
shapes data imported succesfully!
shapes data imported succesfully!
shapes data imported succesfully!
shapes data imported succesfully!
shapes data imported succesfully!
shapes data imported succesfully!
shapes data imported succesfully!
shapes data imported succesfully!
shapes data imported succesfully!
shapes data imported succesfully!
shapes data imported succesfully!
shapes data imported succesfully!
shapes data imported succesfully!
shapes data imported succesfully!
shapes data imported succesfully!
shapes data imported succesfully!
shapes data imported succesfully!
shapes data imported succesfully!
shapes data imported succesfully!
shapes data imported succesfully!
shapes data imported succesfully!
shapes data imported succesfully!
shapes data imported succesfully!
shapes data imported succesfully!
shapes data imported succesfully!
shapes data imported succesfully!
shapes data imported succesfully!
shapes data imported succesfully!
shapes data imported succesfully!
shapes data imported succesfully!
shapes data imported succesfully!
shapes data imported succesfully!
shapes data imported succesfully!
shapes data imported succesfully!
shapes data imported succesfully!
shapes data imported succesfully!
shapes data imported succesfully!
shapes data imported succesfully!
shapes data imported succesfully!
shapes data imported succesfully!
shapes data imported succesfully!
shapes data imported succesfully!
shapes data imported succesfully!
shapes data imported succesfully!
shapes data imported succesfully!
shapes data imported succesfully!
shapes data imported succesfully!
shapes data imported succesfully!
shapes data imported succesfully!
shapes data imported succesfully!
shapes data imported succesfully!
shapes data imported succesfully!
shapes data imported succesfully!
shapes data imported succesfully!
shapes data imported succesfully!
shapes data imported succesfully!
shapes data imported succesfully!
shapes data imported succesfully!
shapes data imported succesfully!
shapes data imported succesfully!
shapes data imported succesfully!
shapes data imported succesfully!
shapes data imported succesfully!
shapes data imported succesfully!
shapes data imported succesfully!
shapes data imported succesfully!
shapes data imported succesfully!
shapes data imported succesfully!
shapes data imported succesfully!
shapes data imported succesfully!
shapes data imported succesfully!
shapes data imported succesfully!
shapes data imported succesfully!
shapes data imported succesfully!
shapes data imported succesfully!
shapes data imported succesfully!
shapes data imported succesfully!
shapes data imported succesfully!
shapes data imported succesfully!
shapes data imported succesfully!
shapes data imported succesfully!
shapes data imported succesfully!
shapes data imported succesfully!
shapes data imported succesfully!
shapes data imported succesfully!
shapes data imported succesfully!
shapes data imported succesfully!
shapes data imported succesfully!
shapes data imported succesfully!
shapes data imported succesfully!
shapes data imported succesfully!
shapes data imported succesfully!
shapes data imported succesfully!
shapes data imported succesfully!
shapes data imported succesfully!
shapes data imported succesfully!
shapes data imported succesfully!
shapes data imported succesfully!
shapes data imported succesfully!
shapes data imported succesfully!
shapes data imported succesfully!
shapes data imported succesfully!
shapes data imported succesfully!
shapes data imported succesfully!
shapes data imported succesfully!
shapes data imported succesfully!
shapes data imported succesfully!
shapes data imported succesfully!
shapes data imported succesfully!
shapes data imported succesfully!
shapes data imported succesfully!
shapes data imported succesfully!
shapes data imported succesfully!
shapes data imported succesfully!
shapes data imported succesfully!
shapes data imported succesfully!
shapes data imported succesfully!
shapes data imported succesfully!
shapes data imported succesfully!
shapes data imported succesfully!
shapes data imported succesfully!
shapes data imported succesfully!
shapes data imported succesfully!
shapes data imported succesfully!
shapes data imported succesfully!
shapes data imported succesfully!
shapes data imported succesfully!
shapes data imported succesfully!
shapes data imported succesfully!
shapes data imported succesfully!
shapes data imported succesfully!
shapes data imported succesfully!
shapes data imported succesfully!
shapes data imported succesfully!
shapes data imported succesfully!
shapes data imported succesfully!
shapes data imported succesfully!
shapes data imported succesfully!
shapes data imported succesfully!
shapes data imported succesfully!
shapes data imported succesfully!
shapes data imported succesfully!
shapes data imported succesfully!
shapes data imported succesfully!
shapes data imported succesfully!
shapes data imported succesfully!
shapes data imported succesfully!
shapes data imported succesfully!
shapes data imported succesfully!
shapes data imported succesfully!
shapes data imported succesfully!
shapes data imported succesfully!
shapes data imported succesfully!
shapes data imported succesfully!
shapes data imported succesfully!
shapes data imported succesfully!
shapes data imported succesfully!
shapes data imported succesfully!
shapes data imported succesfully!
shapes data imported succesfully!
shapes data imported succesfully!
shapes data imported succesfully!
shapes data imported succesfully!
shapes data imported succesfully!
shapes data imported succesfully!
shapes data imported succesfully!
shapes data imported succesfully!
shapes data imported succesfully!
shapes data imported succesfully!
shapes data imported succesfully!
shapes data imported succesfully!
shapes data imported succesfully!
shapes data imported succesfully!
shapes data imported succesfully!
shapes data imported succesfully!
shapes data imported succesfully!
shapes data imported succesfully!
shapes data imported succesfully!
shapes data imported succesfully!
shapes data imported succesfully!
shapes data imported succesfully!
shapes data imported succesfully!
shapes data imported succesfully!
shapes data imported succesfully!
shapes data imported succesfully!
shapes data imported succesfully!
shapes data imported succesfully!
shapes data imported succesfully!
shapes data imported succesfully!
shapes data imported succesfully!
shapes data imported succesfully!
shapes data imported succesfully!
shapes data imported succesfully!
shapes data imported succesfully!
shapes data imported succesfully!
shapes data imported succesfully!
shapes data imported succesfully!
shapes data imported succesfully!
shapes data imported succesfully!
shapes data imported succesfully!
shapes data imported succesfully!
shapes data imported succesfully!
shapes data imported succesfully!
shapes data imported succesfully!
shapes data imported succesfully!
shapes data imported succesfully!
shapes data imported succesfully!
shapes data imported succesfully!
shapes data imported succesfully!
shapes data imported succesfully!
shapes data imported succesfully!
shapes data imported succesfully!
shapes data imported succesfully!
shapes data imported succesfully!
shapes data imported succesfully!
shapes data imported succesfully!
shapes data imported succesfully!
shapes data imported succesfully!
shapes data imported succesfully!
shapes data imported succesfully!
shapes data imported succesfully!
shapes data imported succesfully!
shapes data imported succesfully!
shapes data imported succesfully!
shapes data imported succesfully!
shapes data imported succesfully!
shapes data imported succesfully!
shapes data imported succesfully!
shapes data imported succesfully!
shapes data imported succesfully!
shapes data imported succesfully!
shapes data imported succesfully!
shapes data imported succesfully!
shapes data imported succesfully!
shapes data imported succesfully!
shapes data imported succesfully!
shapes data imported succesfully!
shapes data imported succesfully!
shapes data imported succesfully!
shapes data imported succesfully!
shapes data imported succesfully!
shapes data imported succesfully!
shapes data imported succesfully!
shapes data imported succesfully!
shapes data imported succesfully!
shapes data imported succesfully!
shapes data imported succesfully!
shapes data imported succesfully!
shapes data imported succesfully!
shapes data imported succesfully!
shapes data imported succesfully!
shapes data imported succesfully!
shapes data imported succesfully!
shapes data imported succesfully!
shapes data imported succesfully!
shapes data imported succesfully!
shapes data imported succesfully!
shapes data imported succesfully!
shapes data imported succesfully!
shapes data imported succesfully!
shapes data imported succesfully!
shapes data imported succesfully!
shapes data imported succesfully!
shapes data imported succesfully!
shapes data imported succesfully!
shapes data imported succesfully!
shapes data imported succesfully!
shapes data imported succesfully!
shapes data imported succesfully!
shapes data imported succesfully!
shapes data imported succesfully!
shapes data imported succesfully!
shapes data imported succesfully!
shapes data imported succesfully!
shapes data imported succesfully!
shapes data imported succesfully!
shapes data imported succesfully!
shapes data imported succesfully!
shapes data imported succesfully!
shapes data imported succesfully!
shapes data imported succesfully!
shapes data imported succesfully!
shapes data imported succesfully!
shapes data imported succesfully!
shapes data imported succesfully!
shapes data imported succesfully!
shapes data imported succesfully!
shapes data imported succesfully!
shapes data imported succesfully!
shapes data imported succesfully!
shapes data imported succesfully!
shapes data imported succesfully!
shapes data imported succesfully!
shapes data imported succesfully!
shapes data imported succesfully!
shapes data imported succesfully!
shapes data imported succesfully!
shapes data imported succesfully!
shapes data imported succesfully!
shapes data imported succesfully!
shapes data imported succesfully!
shapes data imported succesfully!
shapes data imported succesfully!
shapes data imported succesfully!
shapes data imported succesfully!
shapes data imported succesfully!
shapes data imported succesfully!
shapes data imported succesfully!
shapes data imported succesfully!
shapes data imported succesfully!
shapes data imported succesfully!
shapes data imported succesfully!
shapes data imported succesfully!
shapes data imported succesfully!
shapes data imported succesfully!
shapes data imported succesfully!
shapes data imported succesfully!
shapes data imported succesfully!
shapes data imported succesfully!
shapes data imported succesfully!
shapes data imported succesfully!
shapes data imported succesfully!
shapes data imported succesfully!
shapes data imported succesfully!
shapes data imported succesfully!
shapes data imported succesfully!
shapes data imported succesfully!
shapes data imported succesfully!
shapes data imported succesfully!
shapes data imported succesfully!
shapes data imported succesfully!
shapes data imported succesfully!
shapes data imported succesfully!
shapes data imported succesfully!
shapes data imported succesfully!
shapes data imported succesfully!
shapes data imported succesfully!
shapes data imported succesfully!
shapes data imported succesfully!
shapes data imported succesfully!
shapes data imported succesfully!
shapes data imported succesfully!
shapes data imported succesfully!
shapes data imported succesfully!
shapes data imported succesfully!
shapes data imported succesfully!
shapes data imported succesfully!
shapes data imported succesfully!
shapes data imported succesfully!
shapes data imported succesfully!
shapes data imported succesfully!
shapes data imported succesfully!
shapes data imported succesfully!
shapes data imported succesfully!
shapes data imported succesfully!
shapes data imported succesfully!
shapes data imported succesfully!
shapes data imported succesfully!
shapes data imported succesfully!
shapes data imported succesfully!
shapes data imported succesfully!
shapes data imported succesfully!
shapes data imported succesfully!
shapes data imported succesfully!
shapes data imported succesfully!
shapes data imported succesfully!
shapes data imported succesfully!
shapes data imported succesfully!
shapes data imported succesfully!
shapes data imported succesfully!
shapes data imported succesfully!
shapes data imported succesfully!
shapes data imported succesfully!
shapes data imported succesfully!
shapes data imported succesfully!
shapes data imported succesfully!
shapes data imported succesfully!
shapes data imported succesfully!
shapes data imported succesfully!
shapes data imported succesfully!
shapes data imported succesfully!
shapes data imported succesfully!
shapes data imported succesfully!
shapes data imported succesfully!
shapes data imported succesfully!
shapes data imported succesfully!
shapes data imported succesfully!
shapes data imported succesfully!
shapes data imported succesfully!
shapes data imported succesfully!
shapes data imported succesfully!
shapes data imported succesfully!
shapes data imported succesfully!
shapes data imported succesfully!
shapes data imported succesfully!
shapes data imported succesfully!
shapes data imported succesfully!
shapes data imported succesfully!
shapes data imported succesfully!
shapes data imported succesfully!
shapes data imported succesfully!
shapes data imported succesfully!
shapes data imported succesfully!
shapes data imported succesfully!
shapes data imported succesfully!
shapes data imported succesfully!
shapes data imported succesfully!
shapes data imported succesfully!
shapes data imported succesfully!
shapes data imported succesfully!
shapes data imported succesfully!
shapes data imported succesfully!
shapes data imported succesfully!
shapes data imported succesfully!
shapes data imported succesfully!
shapes data imported succesfully!
shapes data imported succesfully!
shapes data imported succesfully!
shapes data imported succesfully!
shapes data imported succesfully!
shapes data imported succesfully!
shapes data imported succesfully!
shapes data imported succesfully!
shapes data imported succesfully!
shapes data imported succesfully!
shapes data imported succesfully!
shapes data imported succesfully!
shapes data imported succesfully!
shapes data imported succesfully!
shapes data imported succesfully!
shapes data imported succesfully!
shapes data imported succesfully!
shapes data imported succesfully!
shapes data imported succesfully!
shapes data imported succesfully!
shapes data imported succesfully!
shapes data imported succesfully!
shapes data imported succesfully!
shapes data imported succesfully!
shapes data imported succesfully!
shapes data imported succesfully!
shapes data imported succesfully!
shapes data imported succesfully!
shapes data imported succesfully!
shapes data imported succesfully!
shapes data imported succesfully!
shapes data imported succesfully!
shapes data imported succesfully!
shapes data imported succesfully!
shapes data imported succesfully!
shapes data imported succesfully!
shapes data imported succesfully!
shapes data imported succesfully!
shapes data imported succesfully!
shapes data imported succesfully!
shapes data imported succesfully!
shapes data imported succesfully!
shapes data imported succesfully!
shapes data imported succesfully!
shapes data imported succesfully!
shapes data imported succesfully!
shapes data imported succesfully!
shapes data imported succesfully!
shapes data imported succesfully!
shapes data imported succesfully!
shapes data imported succesfully!
shapes data imported succesfully!
shapes data imported succesfully!
shapes data imported succesfully!
shapes data imported succesfully!
shapes data imported succesfully!
shapes data imported succesfully!
shapes data imported succesfully!
shapes data imported succesfully!
shapes data imported succesfully!
shapes data imported succesfully!
shapes data imported succesfully!
shapes data imported succesfully!
shapes data imported succesfully!
shapes data imported succesfully!
shapes data imported succesfully!
shapes data imported succesfully!
shapes data imported succesfully!
shapes data imported succesfully!
shapes data imported succesfully!
shapes data imported succesfully!
shapes data imported succesfully!
shapes data imported succesfully!
shapes data imported succesfully!
shapes data imported succesfully!
shapes data imported succesfully!
shapes data imported succesfully!
shapes data imported succesfully!
shapes data imported succesfully!
shapes data imported succesfully!
shapes data imported succesfully!
shapes data imported succesfully!
shapes data imported succesfully!
shapes data imported succesfully!
shapes data imported succesfully!
shapes data imported succesfully!
shapes data imported succesfully!
shapes data imported succesfully!
shapes data imported succesfully!
shapes data imported succesfully!
shapes data imported succesfully!
shapes data imported succesfully!
shapes data imported succesfully!
shapes data imported succesfully!
shapes data imported succesfully!
shapes data imported succesfully!
shapes data imported succesfully!
shapes data imported succesfully!
shapes data imported succesfully!
shapes data imported succesfully!
shapes data imported succesfully!
shapes data imported succesfully!
shapes data imported succesfully!
shapes data imported succesfully!
shapes data imported succesfully!
shapes data imported succesfully!
shapes data imported succesfully!
shapes data imported succesfully!
shapes data imported succesfully!
shapes data imported succesfully!
shapes data imported succesfully!
shapes data imported succesfully!
shapes data imported succesfully!
shapes data imported succesfully!
shapes data imported succesfully!
shapes data imported succesfully!
shapes data imported succesfully!
shapes data imported succesfully!
shapes data imported succesfully!
shapes data imported succesfully!
shapes data imported succesfully!
shapes data imported succesfully!
shapes data imported succesfully!
shapes data imported succesfully!
shapes data imported succesfully!
shapes data imported succesfully!
shapes data imported succesfully!
shapes data imported succesfully!
shapes data imported succesfully!
shapes data imported succesfully!
shapes data imported succesfully!
shapes data imported succesfully!
shapes data imported succesfully!
shapes data imported succesfully!
shapes data imported succesfully!
shapes data imported succesfully!
shapes data imported succesfully!
shapes data imported succesfully!
shapes data imported succesfully!
shapes data imported succesfully!
shapes data imported succesfully!
shapes data imported succesfully!
shapes data imported succesfully!
shapes data imported succesfully!
shapes data imported succesfully!
shapes data imported succesfully!
shapes data imported succesfully!
shapes data imported succesfully!
shapes data imported succesfully!
shapes data imported succesfully!
shapes data imported succesfully!
shapes data imported succesfully!
shapes data imported succesfully!
shapes data imported succesfully!
shapes data imported succesfully!
shapes data imported succesfully!
shapes data imported succesfully!
shapes data imported succesfully!
shapes data imported succesfully!
shapes data imported succesfully!
shapes data imported succesfully!
shapes data imported succesfully!
shapes data imported succesfully!
shapes data imported succesfully!
shapes data imported succesfully!
shapes data imported succesfully!
shapes data imported succesfully!
shapes data imported succesfully!
shapes data imported succesfully!
shapes data imported succesfully!
shapes data imported succesfully!
shapes data imported succesfully!
shapes data imported succesfully!
shapes data imported succesfully!
shapes data imported succesfully!
shapes data imported succesfully!
shapes data imported succesfully!
shapes data imported succesfully!
shapes data imported succesfully!
shapes data imported succesfully!
shapes data imported succesfully!
shapes data imported succesfully!
shapes data imported succesfully!
shapes data imported succesfully!
shapes data imported succesfully!
shapes data imported succesfully!
shapes data imported succesfully!
shapes data imported succesfully!
shapes data imported succesfully!
shapes data imported succesfully!
shapes data imported succesfully!
shapes data imported succesfully!
shapes data imported succesfully!
shapes data imported succesfully!
shapes data imported succesfully!
shapes data imported succesfully!
shapes data imported succesfully!
shapes data imported succesfully!
shapes data imported succesfully!
shapes data imported succesfully!
shapes data imported succesfully!
shapes data imported succesfully!
shapes data imported succesfully!
shapes data imported succesfully!
shapes data imported succesfully!
shapes data imported succesfully!
shapes data imported succesfully!
shapes data imported succesfully!
shapes data imported succesfully!
shapes data imported succesfully!
shapes data imported succesfully!
shapes data imported succesfully!
shapes data imported succesfully!
shapes data imported succesfully!
shapes data imported succesfully!
shapes data imported succesfully!
shapes data imported succesfully!
shapes data imported succesfully!
shapes data imported succesfully!
shapes data imported succesfully!
shapes data imported succesfully!
shapes data imported succesfully!
shapes data imported succesfully!
shapes data imported succesfully!
shapes data imported succesfully!
shapes data imported succesfully!
shapes data imported succesfully!
shapes data imported succesfully!
shapes data imported succesfully!
shapes data imported succesfully!
shapes data imported succesfully!
shapes data imported succesfully!
shapes data imported succesfully!
shapes data imported succesfully!
shapes data imported succesfully!
shapes data imported succesfully!
shapes data imported succesfully!
shapes data imported succesfully!
shapes data imported succesfully!
shapes data imported succesfully!
shapes data imported succesfully!
shapes data imported succesfully!
shapes data imported succesfully!
shapes data imported succesfully!
shapes data imported succesfully!
shapes data imported succesfully!
shapes data imported succesfully!
shapes data imported succesfully!
shapes data imported succesfully!
shapes data imported succesfully!
shapes data imported succesfully!
shapes data imported succesfully!
shapes data imported succesfully!
shapes data imported succesfully!
shapes data imported succesfully!
shapes data imported succesfully!
shapes data imported succesfully!
shapes data imported succesfully!
shapes data imported succesfully!
shapes data imported succesfully!
shapes data imported succesfully!
shapes data imported succesfully!
shapes data imported succesfully!
shapes data imported succesfully!
shapes data imported succesfully!
shapes data imported succesfully!
shapes data imported succesfully!
shapes data imported succesfully!
shapes data imported succesfully!
shapes data imported succesfully!
shapes data imported succesfully!
shapes data imported succesfully!
shapes data imported succesfully!
shapes data imported succesfully!
shapes data imported succesfully!
shapes data imported succesfully!
shapes data imported succesfully!
shapes data imported succesfully!
shapes data imported succesfully!
shapes data imported succesfully!
shapes data imported succesfully!
shapes data imported succesfully!
shapes data imported succesfully!
shapes data imported succesfully!
shapes data imported succesfully!
shapes data imported succesfully!
shapes data imported succesfully!
shapes data imported succesfully!
shapes data imported succesfully!
shapes data imported succesfully!
shapes data imported succesfully!
shapes data imported succesfully!
shapes data imported succesfully!
shapes data imported succesfully!
shapes data imported succesfully!
shapes data imported succesfully!
shapes data imported succesfully!
shapes data imported succesfully!
shapes data imported succesfully!
shapes data imported succesfully!
shapes data imported succesfully!
shapes data imported succesfully!
shapes data imported succesfully!
shapes data imported succesfully!
shapes data imported succesfully!
shapes data imported succesfully!
shapes data imported succesfully!
shapes data imported succesfully!
shapes data imported succesfully!
shapes data imported succesfully!
shapes data imported succesfully!
shapes data imported succesfully!
shapes data imported succesfully!
shapes data imported succesfully!
shapes data imported succesfully!
shapes data imported succesfully!
shapes data imported succesfully!
shapes data imported succesfully!
shapes data imported succesfully!
shapes data imported succesfully!
shapes data imported succesfully!
shapes data imported succesfully!
shapes data imported succesfully!
shapes data imported succesfully!
shapes data imported succesfully!
shapes data imported succesfully!
shapes data imported succesfully!
shapes data imported succesfully!
shapes data imported succesfully!
shapes data imported succesfully!
shapes data imported succesfully!
shapes data imported succesfully!
shapes data imported succesfully!
shapes data imported succesfully!
shapes data imported succesfully!
shapes data imported succesfully!
shapes data imported succesfully!
shapes data imported succesfully!
shapes data imported succesfully!
shapes data imported succesfully!
shapes data imported succesfully!
shapes data imported succesfully!
shapes data imported succesfully!
shapes data imported succesfully!
shapes data imported succesfully!
shapes data imported succesfully!
shapes data imported succesfully!
shapes data imported succesfully!
shapes data imported succesfully!
shapes data imported succesfully!
shapes data imported succesfully!
shapes data imported succesfully!
shapes data imported succesfully!
shapes data imported succesfully!
shapes data imported succesfully!
shapes data imported succesfully!
shapes data imported succesfully!
shapes data imported succesfully!
shapes data imported succesfully!
shapes data imported succesfully!
shapes data imported succesfully!
shapes data imported succesfully!
shapes data imported succesfully!
shapes data imported succesfully!
shapes data imported succesfully!
shapes data imported succesfully!
shapes data imported succesfully!
shapes data imported succesfully!
shapes data imported succesfully!
shapes data imported succesfully!
shapes data imported succesfully!
shapes data imported succesfully!
shapes data imported succesfully!
shapes data imported succesfully!
shapes data imported succesfully!
shapes data imported succesfully!
shapes data imported succesfully!
shapes data imported succesfully!
shapes data imported succesfully!
shapes data imported succesfully!
shapes data imported succesfully!
shapes data imported succesfully!
shapes data imported succesfully!
shapes data imported succesfully!
shapes data imported succesfully!
shapes data imported succesfully!
shapes data imported succesfully!
shapes data imported succesfully!
shapes data imported succesfully!
shapes data imported succesfully!
shapes data imported succesfully!
shapes data imported succesfully!
shapes data imported succesfully!
shapes data imported succesfully!
shapes data imported succesfully!
shapes data imported succesfully!
shapes data imported succesfully!
shapes data imported succesfully!
shapes data imported succesfully!
shapes data imported succesfully!
shapes data imported succesfully!
shapes data imported succesfully!
shapes data imported succesfully!
shapes data imported succesfully!
shapes data imported succesfully!
shapes data imported succesfully!
shapes data imported succesfully!
shapes data imported succesfully!
shapes data imported succesfully!
shapes data imported succesfully!
shapes data imported succesfully!
shapes data imported succesfully!
shapes data imported succesfully!
shapes data imported succesfully!
shapes data imported succesfully!
shapes data imported succesfully!
shapes data imported succesfully!
shapes data imported succesfully!
shapes data imported succesfully!
shapes data imported succesfully!
shapes data imported succesfully!
shapes data imported succesfully!
shapes data imported succesfully!
shapes data imported succesfully!
shapes data imported succesfully!
shapes data imported succesfully!
shapes data imported succesfully!
shapes data imported succesfully!
shapes data imported succesfully!
shapes data imported succesfully!
shapes data imported succesfully!
shapes data imported succesfully!
shapes data imported succesfully!
shapes data imported succesfully!
shapes data imported succesfully!
shapes data imported succesfully!
shapes data imported succesfully!
shapes data imported succesfully!
shapes data imported succesfully!
shapes data imported succesfully!
shapes data imported succesfully!
shapes data imported succesfully!
shapes data imported succesfully!
shapes data imported succesfully!
shapes data imported succesfully!
shapes data imported succesfully!
shapes data imported succesfully!
shapes data imported succesfully!
shapes data imported succesfully!
shapes data imported succesfully!
shapes data imported succesfully!
shapes data imported succesfully!
shapes data imported succesfully!
shapes data imported succesfully!
shapes data imported succesfully!
shapes data imported succesfully!
shapes data imported succesfully!
shapes data imported succesfully!
shapes data imported succesfully!
shapes data imported succesfully!
shapes data imported succesfully!
shapes data imported succesfully!
shapes data imported succesfully!
shapes data imported succesfully!
shapes data imported succesfully!
shapes data imported succesfully!
shapes data imported succesfully!
shapes data imported succesfully!
shapes data imported succesfully!
shapes data imported succesfully!
shapes data imported succesfully!
shapes data imported succesfully!
shapes data imported succesfully!
shapes data imported succesfully!
shapes data imported succesfully!
shapes data imported succesfully!
shapes data imported succesfully!
shapes data imported succesfully!
shapes data imported succesfully!
shapes data imported succesfully!
shapes data imported succesfully!
shapes data imported succesfully!
shapes data imported succesfully!
shapes data imported succesfully!
shapes data imported succesfully!
shapes data imported succesfully!
shapes data imported succesfully!
shapes data imported succesfully!
shapes data imported succesfully!
shapes data imported succesfully!
shapes data imported succesfully!
shapes data imported succesfully!
shapes data imported succesfully!
shapes data imported succesfully!
shapes data imported succesfully!
shapes data imported succesfully!
shapes data imported succesfully!
shapes data imported succesfully!
shapes data imported succesfully!
shapes data imported succesfully!
shapes data imported succesfully!
shapes data imported succesfully!
shapes data imported succesfully!
shapes data imported succesfully!
shapes data imported succesfully!
shapes data imported succesfully!
shapes data imported succesfully!
shapes data imported succesfully!
shapes data imported succesfully!
shapes data imported succesfully!
shapes data imported succesfully!
shapes data imported succesfully!
shapes data imported succesfully!
shapes data imported succesfully!
shapes data imported succesfully!
shapes data imported succesfully!
shapes data imported succesfully!
shapes data imported succesfully!
shapes data imported succesfully!
shapes data imported succesfully!
shapes data imported succesfully!
shapes data imported succesfully!
shapes data imported succesfully!
shapes data imported succesfully!
shapes data imported succesfully!
shapes data imported succesfully!
shapes data imported succesfully!
shapes data imported succesfully!
shapes data imported succesfully!
shapes data imported succesfully!
shapes data imported succesfully!
shapes data imported succesfully!
shapes data imported succesfully!
shapes data imported succesfully!
shapes data imported succesfully!
shapes data imported succesfully!
shapes data imported succesfully!
shapes data imported succesfully!
shapes data imported succesfully!
shapes data imported succesfully!
shapes data imported succesfully!
shapes data imported succesfully!
shapes data imported succesfully!
shapes data imported succesfully!
shapes data imported succesfully!
shapes data imported succesfully!
shapes data imported succesfully!
shapes data imported succesfully!
shapes data imported succesfully!
shapes data imported succesfully!
shapes data imported succesfully!
shapes data imported succesfully!
shapes data imported succesfully!
shapes data imported succesfully!
shapes data imported succesfully!
shapes data imported succesfully!
shapes data imported succesfully!
shapes data imported succesfully!
shapes data imported succesfully!
shapes data imported succesfully!
shapes data imported succesfully!
shapes data imported succesfully!
shapes data imported succesfully!
shapes data imported succesfully!
shapes data imported succesfully!
shapes data imported succesfully!
shapes data imported succesfully!
shapes data imported succesfully!
shapes data imported succesfully!
shapes data imported succesfully!
shapes data imported succesfully!
shapes data imported succesfully!
shapes data imported succesfully!
shapes data imported succesfully!
shapes data imported succesfully!
shapes data imported succesfully!
shapes data imported succesfully!
shapes data imported succesfully!
shapes data imported succesfully!
shapes data imported succesfully!
shapes data imported succesfully!
shapes data imported succesfully!
shapes data imported succesfully!
shapes data imported succesfully!
shapes data imported succesfully!
shapes data imported succesfully!
shapes data imported succesfully!
shapes data imported succesfully!
shapes data imported succesfully!
shapes data imported succesfully!
shapes data imported succesfully!
shapes data imported succesfully!
shapes data imported succesfully!
shapes data imported succesfully!
shapes data imported succesfully!
shapes data imported succesfully!
shapes data imported succesfully!
shapes data imported succesfully!
shapes data imported succesfully!
shapes data imported succesfully!
shapes data imported succesfully!
shapes data imported succesfully!
shapes data imported succesfully!
shapes data imported succesfully!
shapes data imported succesfully!
shapes data imported succesfully!
shapes data imported succesfully!
shapes data imported succesfully!
shapes data imported succesfully!
shapes data imported succesfully!
shapes data imported succesfully!
shapes data imported succesfully!
shapes data imported succesfully!
shapes data imported succesfully!
shapes data imported succesfully!
shapes data imported succesfully!
shapes data imported succesfully!
shapes data imported succesfully!
shapes data imported succesfully!
shapes data imported succesfully!
shapes data imported succesfully!
shapes data imported succesfully!
shapes data imported succesfully!
shapes data imported succesfully!
shapes data imported succesfully!
shapes data imported succesfully!
shapes data imported succesfully!
shapes data imported succesfully!
shapes data imported succesfully!
shapes data imported succesfully!
shapes data imported succesfully!
shapes data imported succesfully!
shapes data imported succesfully!
shapes data imported succesfully!
shapes data imported succesfully!
shapes data imported succesfully!
shapes data imported succesfully!
shapes data imported succesfully!
shapes data imported succesfully!
shapes data imported succesfully!
shapes data imported succesfully!
shapes data imported succesfully!
shapes data imported succesfully!
shapes data imported succesfully!
shapes data imported succesfully!
shapes data imported succesfully!
shapes data imported succesfully!
shapes data imported succesfully!
shapes data imported succesfully!
shapes data imported succesfully!
shapes data imported succesfully!
shapes data imported succesfully!
shapes data imported succesfully!
shapes data imported succesfully!
shapes data imported succesfully!
shapes data imported succesfully!
shapes data imported succesfully!
shapes data imported succesfully!
shapes data imported succesfully!
shapes data imported succesfully!
shapes data imported succesfully!
shapes data imported succesfully!
shapes data imported succesfully!
shapes data imported succesfully!
shapes data imported succesfully!
shapes data imported succesfully!
shapes data imported succesfully!
shapes data imported succesfully!
shapes data imported succesfully!
shapes data imported succesfully!
shapes data imported succesfully!
shapes data imported succesfully!
shapes data imported succesfully!
shapes data imported succesfully!
shapes data imported succesfully!
shapes data imported succesfully!
shapes data imported succesfully!
shapes data imported succesfully!
shapes data imported succesfully!
shapes data imported succesfully!
shapes data imported succesfully!
shapes data imported succesfully!
shapes data imported succesfully!
shapes data imported succesfully!
shapes data imported succesfully!
shapes data imported succesfully!
shapes data imported succesfully!
shapes data imported succesfully!
shapes data imported succesfully!
shapes data imported succesfully!
shapes data imported succesfully!
shapes data imported succesfully!
shapes data imported succesfully!
shapes data imported succesfully!
shapes data imported succesfully!
shapes data imported succesfully!
shapes data imported succesfully!
shapes data imported succesfully!
shapes data imported succesfully!
shapes data imported succesfully!
shapes data imported succesfully!
shapes data imported succesfully!
shapes data imported succesfully!
shapes data imported succesfully!
shapes data imported succesfully!
shapes data imported succesfully!
shapes data imported succesfully!
shapes data imported succesfully!
shapes data imported succesfully!
shapes data imported succesfully!
shapes data imported succesfully!
shapes data imported succesfully!
shapes data imported succesfully!
shapes data imported succesfully!
shapes data imported succesfully!
shapes data imported succesfully!
shapes data imported succesfully!
shapes data imported succesfully!
shapes data imported succesfully!
shapes data imported succesfully!
shapes data imported succesfully!
shapes data imported succesfully!
shapes data imported succesfully!
shapes data imported succesfully!
shapes data imported succesfully!
shapes data imported succesfully!
shapes data imported succesfully!
shapes data imported succesfully!
shapes data imported succesfully!
shapes data imported succesfully!
shapes data imported succesfully!
shapes data imported succesfully!
shapes data imported succesfully!
shapes data imported succesfully!
shapes data imported succesfully!
shapes data imported succesfully!
shapes data imported succesfully!
shapes data imported succesfully!
shapes data imported succesfully!
shapes data imported succesfully!
shapes data imported succesfully!
shapes data imported succesfully!
shapes data imported succesfully!
shapes data imported succesfully!
shapes data imported succesfully!
shapes data imported succesfully!
shapes data imported succesfully!
shapes data imported succesfully!
shapes data imported succesfully!
shapes data imported succesfully!
shapes data imported succesfully!
shapes data imported succesfully!
shapes data imported succesfully!
shapes data imported succesfully!
shapes data imported succesfully!
shapes data imported succesfully!
shapes data imported succesfully!
shapes data imported succesfully!
shapes data imported succesfully!
shapes data imported succesfully!
shapes data imported succesfully!
shapes data imported succesfully!
shapes data imported succesfully!
shapes data imported succesfully!
shapes data imported succesfully!
shapes data imported succesfully!
shapes data imported succesfully!
shapes data imported succesfully!
shapes data imported succesfully!
shapes data imported succesfully!
shapes data imported succesfully!
shapes data imported succesfully!
shapes data imported succesfully!
shapes data imported succesfully!
shapes data imported succesfully!
shapes data imported succesfully!
shapes data imported succesfully!
shapes data imported succesfully!
shapes data imported succesfully!
shapes data imported succesfully!
shapes data imported succesfully!
shapes data imported succesfully!
shapes data imported succesfully!
shapes data imported succesfully!
shapes data imported succesfully!
shapes data imported succesfully!
shapes data imported succesfully!
shapes data imported succesfully!
shapes data imported succesfully!
shapes data imported succesfully!
shapes data imported succesfully!
shapes data imported succesfully!
shapes data imported succesfully!
shapes data imported succesfully!
shapes data imported succesfully!
shapes data imported succesfully!
shapes data imported succesfully!
shapes data imported succesfully!
shapes data imported succesfully!
shapes data imported succesfully!
shapes data imported succesfully!
shapes data imported succesfully!
shapes data imported succesfully!
shapes data imported succesfully!
shapes data imported succesfully!
shapes data imported succesfully!
shapes data imported succesfully!
shapes data imported succesfully!
shapes data imported succesfully!
shapes data imported succesfully!
shapes data imported succesfully!
shapes data imported succesfully!
shapes data imported succesfully!
shapes data imported succesfully!
shapes data imported succesfully!
shapes data imported succesfully!
shapes data imported succesfully!
shapes data imported succesfully!
shapes data imported succesfully!
shapes data imported succesfully!
shapes data imported succesfully!
shapes data imported succesfully!
shapes data imported succesfully!
shapes data imported succesfully!
shapes data imported succesfully!
shapes data imported succesfully!
shapes data imported succesfully!
shapes data imported succesfully!
shapes data imported succesfully!
shapes data imported succesfully!
shapes data imported succesfully!
shapes data imported succesfully!
shapes data imported succesfully!
shapes data imported succesfully!
shapes data imported succesfully!
shapes data imported succesfully!
shapes data imported succesfully!
shapes data imported succesfully!
shapes data imported succesfully!
shapes data imported succesfully!
shapes data imported succesfully!
shapes data imported succesfully!
shapes data imported succesfully!
shapes data imported succesfully!
shapes data imported succesfully!
shapes data imported succesfully!
shapes data imported succesfully!
shapes data imported succesfully!
shapes data imported succesfully!
shapes data imported succesfully!
shapes data imported succesfully!
shapes data imported succesfully!
shapes data imported succesfully!
shapes data imported succesfully!
shapes data imported succesfully!
shapes data imported succesfully!
shapes data imported succesfully!
shapes data imported succesfully!
shapes data imported succesfully!
shapes data imported succesfully!
shapes data imported succesfully!
shapes data imported succesfully!
shapes data imported succesfully!
shapes data imported succesfully!
shapes data imported succesfully!
shapes data imported succesfully!
shapes data imported succesfully!
shapes data imported succesfully!
shapes data imported succesfully!
shapes data imported succesfully!
shapes data imported succesfully!
shapes data imported succesfully!
shapes data imported succesfully!
shapes data imported succesfully!
shapes data imported succesfully!
shapes data imported succesfully!
shapes data imported succesfully!
shapes data imported succesfully!
shapes data imported succesfully!
shapes data imported succesfully!
shapes data imported succesfully!
shapes data imported succesfully!
shapes data imported succesfully!
shapes data imported succesfully!
shapes data imported succesfully!
shapes data imported succesfully!
shapes data imported succesfully!
shapes data imported succesfully!
shapes data imported succesfully!
shapes data imported succesfully!
shapes data imported succesfully!
shapes data imported succesfully!
shapes data imported succesfully!
shapes data imported succesfully!
shapes data imported succesfully!
shapes data imported succesfully!
shapes data imported succesfully!
shapes data imported succesfully!
shapes data imported succesfully!
shapes data imported succesfully!
shapes data imported succesfully!
shapes data imported succesfully!
shapes data imported succesfully!
shapes data imported succesfully!
shapes data imported succesfully!
shapes data imported succesfully!
shapes data imported succesfully!
shapes data imported succesfully!
shapes data imported succesfully!
shapes data imported succesfully!
shapes data imported succesfully!
shapes data imported succesfully!
shapes data imported succesfully!
shapes data imported succesfully!
shapes data imported succesfully!
shapes data imported succesfully!
shapes data imported succesfully!
shapes data imported succesfully!
shapes data imported succesfully!
shapes data imported succesfully!
shapes data imported succesfully!
shapes data imported succesfully!
shapes data imported succesfully!
shapes data imported succesfully!
shapes data imported succesfully!
shapes data imported succesfully!
shapes data imported succesfully!
shapes data imported succesfully!
shapes data imported succesfully!
shapes data imported succesfully!
shapes data imported succesfully!
shapes data imported succesfully!
shapes data imported succesfully!
shapes data imported succesfully!
shapes data imported succesfully!
shapes data imported succesfully!
shapes data imported succesfully!
shapes data imported succesfully!
shapes data imported succesfully!
shapes data imported succesfully!
shapes data imported succesfully!
shapes data imported succesfully!
shapes data imported succesfully!
shapes data imported succesfully!
shapes data imported succesfully!
shapes data imported succesfully!
shapes data imported succesfully!
shapes data imported succesfully!
shapes data imported succesfully!
shapes data imported succesfully!
shapes data imported succesfully!
shapes data imported succesfully!
shapes data imported succesfully!
shapes data imported succesfully!
shapes data imported succesfully!
shapes data imported succesfully!
shapes data imported succesfully!
shapes data imported succesfully!
shapes data imported succesfully!
shapes data imported succesfully!
shapes data imported succesfully!
shapes data imported succesfully!
shapes data imported succesfully!
shapes data imported succesfully!
shapes data imported succesfully!
shapes data imported succesfully!
shapes data imported succesfully!
shapes data imported succesfully!
shapes data imported succesfully!
shapes data imported succesfully!
shapes data imported succesfully!
shapes data imported succesfully!
shapes data imported succesfully!
shapes data imported succesfully!
shapes data imported succesfully!
shapes data imported succesfully!
shapes data imported succesfully!
shapes data imported succesfully!
shapes data imported succesfully!
shapes data imported succesfully!
shapes data imported succesfully!
shapes data imported succesfully!
shapes data imported succesfully!
shapes data imported succesfully!
shapes data imported succesfully!
shapes data imported succesfully!
shapes data imported succesfully!
shapes data imported succesfully!
shapes data imported succesfully!
shapes data imported succesfully!
shapes data imported succesfully!
shapes data imported succesfully!
shapes data imported succesfully!
shapes data imported succesfully!
shapes data imported succesfully!
shapes data imported succesfully!
shapes data imported succesfully!
shapes data imported succesfully!
shapes data imported succesfully!
shapes data imported succesfully!
shapes data imported succesfully!
shapes data imported succesfully!
shapes data imported succesfully!
shapes data imported succesfully!
shapes data imported succesfully!
shapes data imported succesfully!
shapes data imported succesfully!
shapes data imported succesfully!
shapes data imported succesfully!
shapes data imported succesfully!
shapes data imported succesfully!
shapes data imported succesfully!
shapes data imported succesfully!
shapes data imported succesfully!
shapes data imported succesfully!
shapes data imported succesfully!
shapes data imported succesfully!
shapes data imported succesfully!
shapes data imported succesfully!
shapes data imported succesfully!
shapes data imported succesfully!
shapes data imported succesfully!
shapes data imported succesfully!
shapes data imported succesfully!
shapes data imported succesfully!
shapes data imported succesfully!
shapes data imported succesfully!
shapes data imported succesfully!
shapes data imported succesfully!
shapes data imported succesfully!
shapes data imported succesfully!
shapes data imported succesfully!
shapes data imported succesfully!
shapes data imported succesfully!
shapes data imported succesfully!
shapes data imported succesfully!
shapes data imported succesfully!
shapes data imported succesfully!
shapes data imported succesfully!
shapes data imported succesfully!
shapes data imported succesfully!
shapes data imported succesfully!
shapes data imported succesfully!
shapes data imported succesfully!
shapes data imported succesfully!
shapes data imported succesfully!
shapes data imported succesfully!
shapes data imported succesfully!
shapes data imported succesfully!
shapes data imported succesfully!
shapes data imported succesfully!
shapes data imported succesfully!
shapes data imported succesfully!
shapes data imported succesfully!
shapes data imported succesfully!
shapes data imported succesfully!
shapes data imported succesfully!
shapes data imported succesfully!
shapes data imported succesfully!
shapes data imported succesfully!
shapes data imported succesfully!
shapes data imported succesfully!
shapes data imported succesfully!
shapes data imported succesfully!
shapes data imported succesfully!
shapes data imported succesfully!
shapes data imported succesfully!
shapes data imported succesfully!
shapes data imported succesfully!
shapes data imported succesfully!
shapes data imported succesfully!
shapes data imported succesfully!
shapes data imported succesfully!
shapes data imported succesfully!
shapes data imported succesfully!
shapes data imported succesfully!
shapes data imported succesfully!
shapes data imported succesfully!
shapes data imported succesfully!
shapes data imported succesfully!
shapes data imported succesfully!
shapes data imported succesfully!
shapes data imported succesfully!
shapes data imported succesfully!
shapes data imported succesfully!
shapes data imported succesfully!
shapes data imported succesfully!
shapes data imported succesfully!
shapes data imported succesfully!
shapes data imported succesfully!
shapes data imported succesfully!
shapes data imported succesfully!
shapes data imported succesfully!
shapes data imported succesfully!
shapes data imported succesfully!
shapes data imported succesfully!
shapes data imported succesfully!
shapes data imported succesfully!
shapes data imported succesfully!
shapes data imported succesfully!
shapes data imported succesfully!
shapes data imported succesfully!
shapes data imported succesfully!
shapes data imported succesfully!
shapes data imported succesfully!
shapes data imported succesfully!
shapes data imported succesfully!
shapes data imported succesfully!
shapes data imported succesfully!
shapes data imported succesfully!
shapes data imported succesfully!
shapes data imported succesfully!
shapes data imported succesfully!
shapes data imported succesfully!
shapes data imported succesfully!
shapes data imported succesfully!
shapes data imported succesfully!
shapes data imported succesfully!
shapes data imported succesfully!
shapes data imported succesfully!
shapes data imported succesfully!
shapes data imported succesfully!
shapes data imported succesfully!
shapes data imported succesfully!
shapes data imported succesfully!
shapes data imported succesfully!
shapes data imported succesfully!
shapes data imported succesfully!
shapes data imported succesfully!
shapes data imported succesfully!
shapes data imported succesfully!
shapes data imported succesfully!
shapes data imported succesfully!
shapes data imported succesfully!
shapes data imported succesfully!
shapes data imported succesfully!
shapes data imported succesfully!
shapes data imported succesfully!
shapes data imported succesfully!
shapes data imported succesfully!
shapes data imported succesfully!
shapes data imported succesfully!
shapes data imported succesfully!
shapes data imported succesfully!
shapes data imported succesfully!
shapes data imported succesfully!
shapes data imported succesfully!
shapes data imported succesfully!
shapes data imported succesfully!
shapes data imported succesfully!
shapes data imported succesfully!
shapes data imported succesfully!
shapes data imported succesfully!
shapes data imported succesfully!
shapes data imported succesfully!
shapes data imported succesfully!
shapes data imported succesfully!
shapes data imported succesfully!
shapes data imported succesfully!
shapes data imported succesfully!
shapes data imported succesfully!
shapes data imported succesfully!
shapes data imported succesfully!
shapes data imported succesfully!
shapes data imported succesfully!
shapes data imported succesfully!
shapes data imported succesfully!
shapes data imported succesfully!
shapes data imported succesfully!
shapes data imported succesfully!
shapes data imported succesfully!
shapes data imported succesfully!
shapes data imported succesfully!
shapes data imported succesfully!
shapes data imported succesfully!
shapes data imported succesfully!
shapes data imported succesfully!
shapes data imported succesfully!
shapes data imported succesfully!
shapes data imported succesfully!
shapes data imported succesfully!
shapes data imported succesfully!
shapes data imported succesfully!
shapes data imported succesfully!
shapes data imported succesfully!
shapes data imported succesfully!
shapes data imported succesfully!
shapes data imported succesfully!
shapes data imported succesfully!
shapes data imported succesfully!
shapes data imported succesfully!
shapes data imported succesfully!
shapes data imported succesfully!
shapes data imported succesfully!
shapes data imported succesfully!
shapes data imported succesfully!
shapes data imported succesfully!
shapes data imported succesfully!
shapes data imported succesfully!
shapes data imported succesfully!
shapes data imported succesfully!
shapes data imported succesfully!
shapes data imported succesfully!
shapes data imported succesfully!
shapes data imported succesfully!
shapes data imported succesfully!
shapes data imported succesfully!
shapes data imported succesfully!
shapes data imported succesfully!
shapes data imported succesfully!
shapes data imported succesfully!
shapes data imported succesfully!
shapes data imported succesfully!
shapes data imported succesfully!
shapes data imported succesfully!
shapes data imported succesfully!
shapes data imported succesfully!
shapes data imported succesfully!
shapes data imported succesfully!
shapes data imported succesfully!
shapes data imported succesfully!
shapes data imported succesfully!
shapes data imported succesfully!
shapes data imported succesfully!
shapes data imported succesfully!
shapes data imported succesfully!
shapes data imported succesfully!
shapes data imported succesfully!
shapes data imported succesfully!
shapes data imported succesfully!
shapes data imported succesfully!
shapes data imported succesfully!
shapes data imported succesfully!
shapes data imported succesfully!
shapes data imported succesfully!
shapes data imported succesfully!
shapes data imported succesfully!
shapes data imported succesfully!
shapes data imported succesfully!
shapes data imported succesfully!
shapes data imported succesfully!
shapes data imported succesfully!
shapes data imported succesfully!
shapes data imported succesfully!
shapes data imported succesfully!
shapes data imported succesfully!
shapes data imported succesfully!
shapes data imported succesfully!
shapes data imported succesfully!
shapes data imported succesfully!
shapes data imported succesfully!
shapes data imported succesfully!
shapes data imported succesfully!
shapes data imported succesfully!
shapes data imported succesfully!
shapes data imported succesfully!
shapes data imported succesfully!
shapes data imported succesfully!
shapes data imported succesfully!
shapes data imported succesfully!
shapes data imported succesfully!
shapes data imported succesfully!
shapes data imported succesfully!
shapes data imported succesfully!
shapes data imported succesfully!
shapes data imported succesfully!
shapes data imported succesfully!
shapes data imported succesfully!
shapes data imported succesfully!
shapes data imported succesfully!
shapes data imported succesfully!
shapes data imported succesfully!
shapes data imported succesfully!
shapes data imported succesfully!
shapes data imported succesfully!
shapes data imported succesfully!
shapes data imported succesfully!
shapes data imported succesfully!
shapes data imported succesfully!
shapes data imported succesfully!
shapes data imported succesfully!
shapes data imported succesfully!
shapes data imported succesfully!
shapes data imported succesfully!
shapes data imported succesfully!
shapes data imported succesfully!
shapes data imported succesfully!
shapes data imported succesfully!
shapes data imported succesfully!
shapes data imported succesfully!
shapes data imported succesfully!
shapes data imported succesfully!
shapes data imported succesfully!
shapes data imported succesfully!
shapes data imported succesfully!
shapes data imported succesfully!
shapes data imported succesfully!
shapes data imported succesfully!
shapes data imported succesfully!
shapes data imported succesfully!
shapes data imported succesfully!
shapes data imported succesfully!
shapes data imported succesfully!
shapes data imported succesfully!
shapes data imported succesfully!
shapes data imported succesfully!
shapes data imported succesfully!
shapes data imported succesfully!
shapes data imported succesfully!
shapes data imported succesfully!
shapes data imported succesfully!
shapes data imported succesfully!
shapes data imported succesfully!
shapes data imported succesfully!
shapes data imported succesfully!
shapes data imported succesfully!
shapes data imported succesfully!
shapes data imported succesfully!
shapes data imported succesfully!
shapes data imported succesfully!
shapes data imported succesfully!
shapes data imported succesfully!
shapes data imported succesfully!
shapes data imported succesfully!
shapes data imported succesfully!
shapes data imported succesfully!
shapes data imported succesfully!
shapes data imported succesfully!
shapes data imported succesfully!
shapes data imported succesfully!
shapes data imported succesfully!
shapes data imported succesfully!
shapes data imported succesfully!
shapes data imported succesfully!
shapes data imported succesfully!
shapes data imported succesfully!
shapes data imported succesfully!
shapes data imported succesfully!
shapes data imported succesfully!
shapes data imported succesfully!
shapes data imported succesfully!
shapes data imported succesfully!
shapes data imported succesfully!
shapes data imported succesfully!
shapes data imported succesfully!
shapes data imported succesfully!
shapes data imported succesfully!
shapes data imported succesfully!
shapes data imported succesfully!
shapes data imported succesfully!
shapes data imported succesfully!
shapes data imported succesfully!
shapes data imported succesfully!
shapes data imported succesfully!
shapes data imported succesfully!
shapes data imported succesfully!
shapes data imported succesfully!
shapes data imported succesfully!
shapes data imported succesfully!
shapes data imported succesfully!
shapes data imported succesfully!
shapes data imported succesfully!
shapes data imported succesfully!
shapes data imported succesfully!
shapes data imported succesfully!
shapes data imported succesfully!
shapes data imported succesfully!
shapes data imported succesfully!
shapes data imported succesfully!
shapes data imported succesfully!
shapes data imported succesfully!
shapes data imported succesfully!
shapes data imported succesfully!
shapes data imported succesfully!
shapes data imported succesfully!
shapes data imported succesfully!
shapes data imported succesfully!
shapes data imported succesfully!
shapes data imported succesfully!
shapes data imported succesfully!
shapes data imported succesfully!
shapes data imported succesfully!
shapes data imported succesfully!
shapes data imported succesfully!
shapes data imported succesfully!
shapes data imported succesfully!
shapes data imported succesfully!
shapes data imported succesfully!
shapes data imported succesfully!
shapes data imported succesfully!
shapes data imported succesfully!
shapes data imported succesfully!
shapes data imported succesfully!
shapes data imported succesfully!
shapes data imported succesfully!
shapes data imported succesfully!
shapes data imported succesfully!
shapes data imported succesfully!
shapes data imported succesfully!
shapes data imported succesfully!
shapes data imported succesfully!
shapes data imported succesfully!
shapes data imported succesfully!
shapes data imported succesfully!
shapes data imported succesfully!
shapes data imported succesfully!
shapes data imported succesfully!
shapes data imported succesfully!
shapes data imported succesfully!
shapes data imported succesfully!
shapes data imported succesfully!
shapes data imported succesfully!
shapes data imported succesfully!
shapes data imported succesfully!
shapes data imported succesfully!
shapes data imported succesfully!
shapes data imported succesfully!
shapes data imported succesfully!
shapes data imported succesfully!
shapes data imported succesfully!
shapes data imported succesfully!
shapes data imported succesfully!
shapes data imported succesfully!
shapes data imported succesfully!
shapes data imported succesfully!
shapes data imported succesfully!
shapes data imported succesfully!
shapes data imported succesfully!
shapes data imported succesfully!
shapes data imported succesfully!
shapes data imported succesfully!
shapes data imported succesfully!
shapes data imported succesfully!
shapes data imported succesfully!
shapes data imported succesfully!
shapes data imported succesfully!
shapes data imported succesfully!
shapes data imported succesfully!
shapes data imported succesfully!
shapes data imported succesfully!
shapes data imported succesfully!
shapes data imported succesfully!
shapes data imported succesfully!
shapes data imported succesfully!
shapes data imported succesfully!
shapes data imported succesfully!
shapes data imported succesfully!
shapes data imported succesfully!
shapes data imported succesfully!
shapes data imported succesfully!
shapes data imported succesfully!
shapes data imported succesfully!
shapes data imported succesfully!
shapes data imported succesfully!
shapes data imported succesfully!
shapes data imported succesfully!
shapes data imported succesfully!
shapes data imported succesfully!
shapes data imported succesfully!
shapes data imported succesfully!
shapes data imported succesfully!
shapes data imported succesfully!
shapes data imported succesfully!
shapes data imported succesfully!
shapes data imported succesfully!
shapes data imported succesfully!
shapes data imported succesfully!
shapes data imported succesfully!
shapes data imported succesfully!
shapes data imported succesfully!
shapes data imported succesfully!
shapes data imported succesfully!
shapes data imported succesfully!
shapes data imported succesfully!
shapes data imported succesfully!
shapes data imported succesfully!
shapes data imported succesfully!
shapes data imported succesfully!
shapes data imported succesfully!
shapes data imported succesfully!
shapes data imported succesfully!
shapes data imported succesfully!
shapes data imported succesfully!
shapes data imported succesfully!
shapes data imported succesfully!
shapes data imported succesfully!
shapes data imported succesfully!
shapes data imported succesfully!
shapes data imported succesfully!
shapes data imported succesfully!
shapes data imported succesfully!
shapes data imported succesfully!
shapes data imported succesfully!
shapes data imported succesfully!
shapes data imported succesfully!
shapes data imported succesfully!
shapes data imported succesfully!
shapes data imported succesfully!
shapes data imported succesfully!
shapes data imported succesfully!
shapes data imported succesfully!
shapes data imported succesfully!
shapes data imported succesfully!
shapes data imported succesfully!
shapes data imported succesfully!
shapes data imported succesfully!
shapes data imported succesfully!
shapes data imported succesfully!
shapes data imported succesfully!
shapes data imported succesfully!
shapes data imported succesfully!
shapes data imported succesfully!
shapes data imported succesfully!
shapes data imported succesfully!
shapes data imported succesfully!
shapes data imported succesfully!
shapes data imported succesfully!
shapes data imported succesfully!
shapes data imported succesfully!
shapes data imported succesfully!
shapes data imported succesfully!
shapes data imported succesfully!
shapes data imported succesfully!
shapes data imported succesfully!
shapes data imported succesfully!
shapes data imported succesfully!
shapes data imported succesfully!
shapes data imported succesfully!
shapes data imported succesfully!
shapes data imported succesfully!
shapes data imported succesfully!
shapes data imported succesfully!
shapes data imported succesfully!
shapes data imported succesfully!
shapes data imported succesfully!
shapes data imported succesfully!
shapes data imported succesfully!
shapes data imported succesfully!
shapes data imported succesfully!
shapes data imported succesfully!
shapes data imported succesfully!
shapes data imported succesfully!
shapes data imported succesfully!
shapes data imported succesfully!
shapes data imported succesfully!
shapes data imported succesfully!
shapes data imported succesfully!
shapes data imported succesfully!
shapes data imported succesfully!
shapes data imported succesfully!
shapes data imported succesfully!
shapes data imported succesfully!
shapes data imported succesfully!
shapes data imported succesfully!
shapes data imported succesfully!
shapes data imported succesfully!
shapes data imported succesfully!
shapes data imported succesfully!
shapes data imported succesfully!
shapes data imported succesfully!
shapes data imported succesfully!
shapes data imported succesfully!
shapes data imported succesfully!
shapes data imported succesfully!
shapes data imported succesfully!
shapes data imported succesfully!
shapes data imported succesfully!
shapes data imported succesfully!
shapes data imported succesfully!
shapes data imported succesfully!
shapes data imported succesfully!
shapes data imported succesfully!
shapes data imported succesfully!
shapes data imported succesfully!
shapes data imported succesfully!
shapes data imported succesfully!
shapes data imported succesfully!
shapes data imported succesfully!
shapes data imported succesfully!
shapes data imported succesfully!
shapes data imported succesfully!
shapes data imported succesfully!
shapes data imported succesfully!
shapes data imported succesfully!
shapes data imported succesfully!
shapes data imported succesfully!
shapes data imported succesfully!
shapes data imported succesfully!
shapes data imported succesfully!
shapes data imported succesfully!
shapes data imported succesfully!
shapes data imported succesfully!
shapes data imported succesfully!
shapes data imported succesfully!
shapes data imported succesfully!
shapes data imported succesfully!
shapes data imported succesfully!
shapes data imported succesfully!
shapes data imported succesfully!
shapes data imported succesfully!
shapes data imported succesfully!
shapes data imported succesfully!
shapes data imported succesfully!
shapes data imported succesfully!
shapes data imported succesfully!
shapes data imported succesfully!
shapes data imported succesfully!
shapes data imported succesfully!
shapes data imported succesfully!
shapes data imported succesfully!
shapes data imported succesfully!
shapes data imported succesfully!
shapes data imported succesfully!
shapes data imported succesfully!
shapes data imported succesfully!
shapes data imported succesfully!
shapes data imported succesfully!
shapes data imported succesfully!
shapes data imported succesfully!
shapes data imported succesfully!
shapes data imported succesfully!
shapes data imported succesfully!
shapes data imported succesfully!
shapes data imported succesfully!
shapes data imported succesfully!
shapes data imported succesfully!
shapes data imported succesfully!
shapes data imported succesfully!
shapes data imported succesfully!
shapes data imported succesfully!
shapes data imported succesfully!
shapes data imported succesfully!
shapes data imported succesfully!
shapes data imported succesfully!
shapes data imported succesfully!
shapes data imported succesfully!
shapes data imported succesfully!
shapes data imported succesfully!
shapes data imported succesfully!
shapes data imported succesfully!
shapes data imported succesfully!
shapes data imported succesfully!
shapes data imported succesfully!
shapes data imported succesfully!
shapes data imported succesfully!
shapes data imported succesfully!
shapes data imported succesfully!
shapes data imported succesfully!
shapes data imported succesfully!
shapes data imported succesfully!
shapes data imported succesfully!
shapes data imported succesfully!
shapes data imported succesfully!
shapes data imported succesfully!
shapes data imported succesfully!
shapes data imported succesfully!
shapes data imported succesfully!
shapes data imported succesfully!
shapes data imported succesfully!
shapes data imported succesfully!
shapes data imported succesfully!
shapes data imported succesfully!
shapes data imported succesfully!
shapes data imported succesfully!
shapes data imported succesfully!
shapes data imported succesfully!
shapes data imported succesfully!
shapes data imported succesfully!
shapes data imported succesfully!
shapes data imported succesfully!
shapes data imported succesfully!
shapes data imported succesfully!
shapes data imported succesfully!
shapes data imported succesfully!
shapes data imported succesfully!
shapes data imported succesfully!
shapes data imported succesfully!
shapes data imported succesfully!
shapes data imported succesfully!
shapes data imported succesfully!
shapes data imported succesfully!
shapes data imported succesfully!
shapes data imported succesfully!
shapes data imported succesfully!
shapes data imported succesfully!
shapes data imported succesfully!
shapes data imported succesfully!
shapes data imported succesfully!
shapes data imported succesfully!
shapes data imported succesfully!
shapes data imported succesfully!
shapes data imported succesfully!
shapes data imported succesfully!
shapes data imported succesfully!
shapes data imported succesfully!
shapes data imported succesfully!
shapes data imported succesfully!
shapes data imported succesfully!
shapes data imported succesfully!
shapes data imported succesfully!
shapes data imported succesfully!
shapes data imported succesfully!
shapes data imported succesfully!
shapes data imported succesfully!
shapes data imported succesfully!
shapes data imported succesfully!
shapes data imported succesfully!
shapes data imported succesfully!
shapes data imported succesfully!
shapes data imported succesfully!
shapes data imported succesfully!
shapes data imported succesfully!
shapes data imported succesfully!
shapes data imported succesfully!
shapes data imported succesfully!
shapes data imported succesfully!
shapes data imported succesfully!
shapes data imported succesfully!
shapes data imported succesfully!
shapes data imported succesfully!
shapes data imported succesfully!
shapes data imported succesfully!
shapes data imported succesfully!
shapes data imported succesfully!
shapes data imported succesfully!
shapes data imported succesfully!
shapes data imported succesfully!
shapes data imported succesfully!
shapes data imported succesfully!
shapes data imported succesfully!
shapes data imported succesfully!
shapes data imported succesfully!
shapes data imported succesfully!
shapes data imported succesfully!
shapes data imported succesfully!
shapes data imported succesfully!
shapes data imported succesfully!
shapes data imported succesfully!
shapes data imported succesfully!
shapes data imported succesfully!
shapes data imported succesfully!
shapes data imported succesfully!
shapes data imported succesfully!
shapes data imported succesfully!
shapes data imported succesfully!
shapes data imported succesfully!
shapes data imported succesfully!
shapes data imported succesfully!
shapes data imported succesfully!
shapes data imported succesfully!
shapes data imported succesfully!
shapes data imported succesfully!
shapes data imported succesfully!
shapes data imported succesfully!
shapes data imported succesfully!
shapes data imported succesfully!
shapes data imported succesfully!
shapes data imported succesfully!
shapes data imported succesfully!
shapes data imported succesfully!
shapes data imported succesfully!
shapes data imported succesfully!
shapes data imported succesfully!
shapes data imported succesfully!
shapes data imported succesfully!
shapes data imported succesfully!
shapes data imported succesfully!
shapes data imported succesfully!
shapes data imported succesfully!
shapes data imported succesfully!
shapes data imported succesfully!
shapes data imported succesfully!
shapes data imported succesfully!
shapes data imported succesfully!
shapes data imported succesfully!
shapes data imported succesfully!
shapes data imported succesfully!
shapes data imported succesfully!
shapes data imported succesfully!
shapes data imported succesfully!
shapes data imported succesfully!
shapes data imported succesfully!
shapes data imported succesfully!
shapes data imported succesfully!
shapes data imported succesfully!
shapes data imported succesfully!
shapes data imported succesfully!
shapes data imported succesfully!
shapes data imported succesfully!
shapes data imported succesfully!
shapes data imported succesfully!
shapes data imported succesfully!
shapes data imported succesfully!
shapes data imported succesfully!
shapes data imported succesfully!
shapes data imported succesfully!
shapes data imported succesfully!
shapes data imported succesfully!
shapes data imported succesfully!
shapes data imported succesfully!
shapes data imported succesfully!
shapes data imported succesfully!
shapes data imported succesfully!
shapes data imported succesfully!
shapes data imported succesfully!
shapes data imported succesfully!
shapes data imported succesfully!
shapes data imported succesfully!
shapes data imported succesfully!
shapes data imported succesfully!
shapes data imported succesfully!
shapes data imported succesfully!
shapes data imported succesfully!
shapes data imported succesfully!
shapes data imported succesfully!
shapes data imported succesfully!
shapes data imported succesfully!
shapes data imported succesfully!
shapes data imported succesfully!
shapes data imported succesfully!
shapes data imported succesfully!
shapes data imported succesfully!
shapes data imported succesfully!
shapes data imported succesfully!
shapes data imported succesfully!
shapes data imported succesfully!
shapes data imported succesfully!
shapes data imported succesfully!
shapes data imported succesfully!
shapes data imported succesfully!
shapes data imported succesfully!
shapes data imported succesfully!
shapes data imported succesfully!
shapes data imported succesfully!
shapes data imported succesfully!
shapes data imported succesfully!
shapes data imported succesfully!
shapes data imported succesfully!
shapes data imported succesfully!
shapes data imported succesfully!
shapes data imported succesfully!
shapes data imported succesfully!
shapes data imported succesfully!
shapes data imported succesfully!
shapes data imported succesfully!
shapes data imported succesfully!
shapes data imported succesfully!
shapes data imported succesfully!
shapes data imported succesfully!
shapes data imported succesfully!
shapes data imported succesfully!
shapes data imported succesfully!
shapes data imported succesfully!
shapes data imported succesfully!
shapes data imported succesfully!
shapes data imported succesfully!
shapes data imported succesfully!
shapes data imported succesfully!
shapes data imported succesfully!
shapes data imported succesfully!
shapes data imported succesfully!
shapes data imported succesfully!
shapes data imported succesfully!
shapes data imported succesfully!
shapes data imported succesfully!
shapes data imported succesfully!
shapes data imported succesfully!
shapes data imported succesfully!
shapes data imported succesfully!
shapes data imported succesfully!
shapes data imported succesfully!
shapes data imported succesfully!
shapes data imported succesfully!
shapes data imported succesfully!
shapes data imported succesfully!
shapes data imported succesfully!
shapes data imported succesfully!
shapes data imported succesfully!
shapes data imported succesfully!
shapes data imported succesfully!
shapes data imported succesfully!
shapes data imported succesfully!
shapes data imported succesfully!
shapes data imported succesfully!
shapes data imported succesfully!
shapes data imported succesfully!
shapes data imported succesfully!
shapes data imported succesfully!
shapes data imported succesfully!
shapes data imported succesfully!
shapes data imported succesfully!
shapes data imported succesfully!
shapes data imported succesfully!
shapes data imported succesfully!
shapes data imported succesfully!
shapes data imported succesfully!
shapes data imported succesfully!
shapes data imported succesfully!
shapes data imported succesfully!
shapes data imported succesfully!
shapes data imported succesfully!
shapes data imported succesfully!
shapes data imported succesfully!
shapes data imported succesfully!
shapes data imported succesfully!
shapes data imported succesfully!
shapes data imported succesfully!
shapes data imported succesfully!
shapes data imported succesfully!
shapes data imported succesfully!
shapes data imported succesfully!
shapes data imported succesfully!
shapes data imported succesfully!
shapes data imported succesfully!
shapes data imported succesfully!
shapes data imported succesfully!
shapes data imported succesfully!
shapes data imported succesfully!
shapes data imported succesfully!
shapes data imported succesfully!
shapes data imported succesfully!
shapes data imported succesfully!
shapes data imported succesfully!
shapes data imported succesfully!
shapes data imported succesfully!
shapes data imported succesfully!
shapes data imported succesfully!
shapes data imported succesfully!
shapes data imported succesfully!
shapes data imported succesfully!
shapes data imported succesfully!
shapes data imported succesfully!
shapes data imported succesfully!
shapes data imported succesfully!
shapes data imported succesfully!
shapes data imported succesfully!
shapes data imported succesfully!
shapes data imported succesfully!
shapes data imported succesfully!
shapes data imported succesfully!
shapes data imported succesfully!
shapes data imported succesfully!
shapes data imported succesfully!
shapes data imported succesfully!
shapes data imported succesfully!
shapes data imported succesfully!
shapes data imported succesfully!
shapes data imported succesfully!
shapes data imported succesfully!
shapes data imported succesfully!
shapes data imported succesfully!
shapes data imported succesfully!
shapes data imported succesfully!
shapes data imported succesfully!
shapes data imported succesfully!
shapes data imported succesfully!
shapes data imported succesfully!
shapes data imported succesfully!
shapes data imported succesfully!
shapes data imported succesfully!
shapes data imported succesfully!
shapes data imported succesfully!
shapes data imported succesfully!
shapes data imported succesfully!
shapes data imported succesfully!
shapes data imported succesfully!
shapes data imported succesfully!
shapes data imported succesfully!
shapes data imported succesfully!
shapes data imported succesfully!
shapes data imported succesfully!
shapes data imported succesfully!
shapes data imported succesfully!
shapes data imported succesfully!
shapes data imported succesfully!
shapes data imported succesfully!
shapes data imported succesfully!
shapes data imported succesfully!
shapes data imported succesfully!
shapes data imported succesfully!
shapes data imported succesfully!
shapes data imported succesfully!
shapes data imported succesfully!
shapes data imported succesfully!
shapes data imported succesfully!
shapes data imported succesfully!
shapes data imported succesfully!
shapes data imported succesfully!
shapes data imported succesfully!
shapes data imported succesfully!
shapes data imported succesfully!
shapes data imported succesfully!
shapes data imported succesfully!
shapes data imported succesfully!
shapes data imported succesfully!
shapes data imported succesfully!
shapes data imported succesfully!
shapes data imported succesfully!
shapes data imported succesfully!
shapes data imported succesfully!
shapes data imported succesfully!
shapes data imported succesfully!
shapes data imported succesfully!
shapes data imported succesfully!
shapes data imported succesfully!
shapes data imported succesfully!
shapes data imported succesfully!
shapes data imported succesfully!
shapes data imported succesfully!
shapes data imported succesfully!
shapes data imported succesfully!
shapes data imported succesfully!
shapes data imported succesfully!
shapes data imported succesfully!
shapes data imported succesfully!
shapes data imported succesfully!
shapes data imported succesfully!
shapes data imported succesfully!
shapes data imported succesfully!
shapes data imported succesfully!
shapes data imported succesfully!
shapes data imported succesfully!
shapes data imported succesfully!
shapes data imported succesfully!
shapes data imported succesfully!
shapes data imported succesfully!
shapes data imported succesfully!
shapes data imported succesfully!
shapes data imported succesfully!
shapes data imported succesfully!
shapes data imported succesfully!
shapes data imported succesfully!
shapes data imported succesfully!
shapes data imported succesfully!
shapes data imported succesfully!
shapes data imported succesfully!
shapes data imported succesfully!
shapes data imported succesfully!
shapes data imported succesfully!
shapes data imported succesfully!
shapes data imported succesfully!
shapes data imported succesfully!
shapes data imported succesfully!
shapes data imported succesfully!
shapes data imported succesfully!
shapes data imported succesfully!
shapes data imported succesfully!
shapes data imported succesfully!
shapes data imported succesfully!
shapes data imported succesfully!
shapes data imported succesfully!
shapes data imported succesfully!
shapes data imported succesfully!
shapes data imported succesfully!
shapes data imported succesfully!
shapes data imported succesfully!
shapes data imported succesfully!
shapes data imported succesfully!
shapes data imported succesfully!
shapes data imported succesfully!
shapes data imported succesfully!
shapes data imported succesfully!
shapes data imported succesfully!
shapes data imported succesfully!
shapes data imported succesfully!
shapes data imported succesfully!
shapes data imported succesfully!
shapes data imported succesfully!
shapes data imported succesfully!
shapes data imported succesfully!
shapes data imported succesfully!
shapes data imported succesfully!
shapes data imported succesfully!
shapes data imported succesfully!
shapes data imported succesfully!
shapes data imported succesfully!
shapes data imported succesfully!
shapes data imported succesfully!
shapes data imported succesfully!
shapes data imported succesfully!
shapes data imported succesfully!
shapes data imported succesfully!
shapes data imported succesfully!
shapes data imported succesfully!
shapes data imported succesfully!
shapes data imported succesfully!
shapes data imported succesfully!
shapes data imported succesfully!
shapes data imported succesfully!
shapes data imported succesfully!
shapes data imported succesfully!
shapes data imported succesfully!
shapes data imported succesfully!
shapes data imported succesfully!
shapes data imported succesfully!
shapes data imported succesfully!
shapes data imported succesfully!
shapes data imported succesfully!
shapes data imported succesfully!
shapes data imported succesfully!
shapes data imported succesfully!
shapes data imported succesfully!
shapes data imported succesfully!
shapes data imported succesfully!
shapes data imported succesfully!
shapes data imported succesfully!
shapes data imported succesfully!
shapes data imported succesfully!
shapes data imported succesfully!
shapes data imported succesfully!
shapes data imported succesfully!
shapes data imported succesfully!
shapes data imported succesfully!
shapes data imported succesfully!
shapes data imported succesfully!
shapes data imported succesfully!
shapes data imported succesfully!
shapes data imported succesfully!
shapes data imported succesfully!
shapes data imported succesfully!
shapes data imported succesfully!
shapes data imported succesfully!
shapes data imported succesfully!
shapes data imported succesfully!
shapes data imported succesfully!
shapes data imported succesfully!
shapes data imported succesfully!
shapes data imported succesfully!
shapes data imported succesfully!
shapes data imported succesfully!
shapes data imported succesfully!
shapes data imported succesfully!
shapes data imported succesfully!
shapes data imported succesfully!
shapes data imported succesfully!
shapes data imported succesfully!
shapes data imported succesfully!
shapes data imported succesfully!
shapes data imported succesfully!
shapes data imported succesfully!
shapes data imported succesfully!
shapes data imported succesfully!
shapes data imported succesfully!
shapes data imported succesfully!
shapes data imported succesfully!
shapes data imported succesfully!
shapes data imported succesfully!
shapes data imported succesfully!
shapes data imported succesfully!
shapes data imported succesfully!
shapes data imported succesfully!
shapes data imported succesfully!
shapes data imported succesfully!
shapes data imported succesfully!
shapes data imported succesfully!
shapes data imported succesfully!
shapes data imported succesfully!
shapes data imported succesfully!
shapes data imported succesfully!
shapes data imported succesfully!
shapes data imported succesfully!
shapes data imported succesfully!
shapes data imported succesfully!
shapes data imported succesfully!
shapes data imported succesfully!
shapes data imported succesfully!
shapes data imported succesfully!
shapes data imported succesfully!
shapes data imported succesfully!
shapes data imported succesfully!
shapes data imported succesfully!
shapes data imported succesfully!
shapes data imported succesfully!
shapes data imported succesfully!
shapes data imported succesfully!
shapes data imported succesfully!
shapes data imported succesfully!
shapes data imported succesfully!
shapes data imported succesfully!
shapes data imported succesfully!
shapes data imported succesfully!
shapes data imported succesfully!
shapes data imported succesfully!
shapes data imported succesfully!
shapes data imported succesfully!
shapes data imported succesfully!
shapes data imported succesfully!
shapes data imported succesfully!
shapes data imported succesfully!
shapes data imported succesfully!
shapes data imported succesfully!
shapes data imported succesfully!
shapes data imported succesfully!
shapes data imported succesfully!
shapes data imported succesfully!
shapes data imported succesfully!
shapes data imported succesfully!
shapes data imported succesfully!
shapes data imported succesfully!
shapes data imported succesfully!
shapes data imported succesfully!
shapes data imported succesfully!
shapes data imported succesfully!
shapes data imported succesfully!
shapes data imported succesfully!
shapes data imported succesfully!
shapes data imported succesfully!
shapes data imported succesfully!
shapes data imported succesfully!
shapes data imported succesfully!
shapes data imported succesfully!
shapes data imported succesfully!
shapes data imported succesfully!
shapes data imported succesfully!
shapes data imported succesfully!
shapes data imported succesfully!
shapes data imported succesfully!
shapes data imported succesfully!
shapes data imported succesfully!
shapes data imported succesfully!
shapes data imported succesfully!
shapes data imported succesfully!
shapes data imported succesfully!
shapes data imported succesfully!
shapes data imported succesfully!
shapes data imported succesfully!
shapes data imported succesfully!
shapes data imported succesfully!
shapes data imported succesfully!
shapes data imported succesfully!
shapes data imported succesfully!
shapes data imported succesfully!
shapes data imported succesfully!
shapes data imported succesfully!
shapes data imported succesfully!
shapes data imported succesfully!
shapes data imported succesfully!
shapes data imported succesfully!
shapes data imported succesfully!
shapes data imported succesfully!
shapes data imported succesfully!
shapes data imported succesfully!
shapes data imported succesfully!
shapes data imported succesfully!
shapes data imported succesfully!
shapes data imported succesfully!
shapes data imported succesfully!
shapes data imported succesfully!
shapes data imported succesfully!
shapes data imported succesfully!
shapes data imported succesfully!
shapes data imported succesfully!
shapes data imported succesfully!
shapes data imported succesfully!
shapes data imported succesfully!
shapes data imported succesfully!
shapes data imported succesfully!
shapes data imported succesfully!
shapes data imported succesfully!
shapes data imported succesfully!
shapes data imported succesfully!
shapes data imported succesfully!
shapes data imported succesfully!
shapes data imported succesfully!
shapes data imported succesfully!
shapes data imported succesfully!
shapes data imported succesfully!
shapes data imported succesfully!
shapes data imported succesfully!
shapes data imported succesfully!
shapes data imported succesfully!
shapes data imported succesfully!
shapes data imported succesfully!
shapes data imported succesfully!
shapes data imported succesfully!
shapes data imported succesfully!
shapes data imported succesfully!
shapes data imported succesfully!
shapes data imported succesfully!
shapes data imported succesfully!
shapes data imported succesfully!
shapes data imported succesfully!
shapes data imported succesfully!
shapes data imported succesfully!
shapes data imported succesfully!
shapes data imported succesfully!
shapes data imported succesfully!
shapes data imported succesfully!
shapes data imported succesfully!
shapes data imported succesfully!
shapes data imported succesfully!
shapes data imported succesfully!
shapes data imported succesfully!
shapes data imported succesfully!
shapes data imported succesfully!
shapes data imported succesfully!
shapes data imported succesfully!
shapes data imported succesfully!
shapes data imported succesfully!
shapes data imported succesfully!
shapes data imported succesfully!
shapes data imported succesfully!
shapes data imported succesfully!
shapes data imported succesfully!
shapes data imported succesfully!
shapes data imported succesfully!
shapes data imported succesfully!
shapes data imported succesfully!
shapes data imported succesfully!
shapes data imported succesfully!
shapes data imported succesfully!
shapes data imported succesfully!
shapes data imported succesfully!
shapes data imported succesfully!
shapes data imported succesfully!
shapes data imported succesfully!
shapes data imported succesfully!
shapes data imported succesfully!
shapes data imported succesfully!
shapes data imported succesfully!
shapes data imported succesfully!
shapes data imported succesfully!
shapes data imported succesfully!
shapes data imported succesfully!
shapes data imported succesfully!
shapes data imported succesfully!
shapes data imported succesfully!
shapes data imported succesfully!
shapes data imported succesfully!
shapes data imported succesfully!
shapes data imported succesfully!
shapes data imported succesfully!
shapes data imported succesfully!
shapes data imported succesfully!
shapes data imported succesfully!
shapes data imported succesfully!
shapes data imported succesfully!
shapes data imported succesfully!
shapes data imported succesfully!
shapes data imported succesfully!
shapes data imported succesfully!
shapes data imported succesfully!
shapes data imported succesfully!
shapes data imported succesfully!
shapes data imported succesfully!
shapes data imported succesfully!
shapes data imported succesfully!
shapes data imported succesfully!
shapes data imported succesfully!
shapes data imported succesfully!
shapes data imported succesfully!
shapes data imported succesfully!
shapes data imported succesfully!
shapes data imported succesfully!
shapes data imported succesfully!
shapes data imported succesfully!
shapes data imported succesfully!
shapes data imported succesfully!
shapes data imported succesfully!
shapes data imported succesfully!
shapes data imported succesfully!
shapes data imported succesfully!
shapes data imported succesfully!
shapes data imported succesfully!
shapes data imported succesfully!
shapes data imported succesfully!
shapes data imported succesfully!
shapes data imported succesfully!
shapes data imported succesfully!
shapes data imported succesfully!
shapes data imported succesfully!
shapes data imported succesfully!
shapes data imported succesfully!
shapes data imported succesfully!
shapes data imported succesfully!
shapes data imported succesfully!
shapes data imported succesfully!
shapes data imported succesfully!
shapes data imported succesfully!
shapes data imported succesfully!
shapes data imported succesfully!
shapes data imported succesfully!
shapes data imported succesfully!
shapes data imported succesfully!
shapes data imported succesfully!
shapes data imported succesfully!
shapes data imported succesfully!
shapes data imported succesfully!
shapes data imported succesfully!
shapes data imported succesfully!
shapes data imported succesfully!
shapes data imported succesfully!
shapes data imported succesfully!
shapes data imported succesfully!
shapes data imported succesfully!
shapes data imported succesfully!
shapes data imported succesfully!
shapes data imported succesfully!
shapes data imported succesfully!
shapes data imported succesfully!
shapes data imported succesfully!
shapes data imported succesfully!
shapes data imported succesfully!
shapes data imported succesfully!
shapes data imported succesfully!
shapes data imported succesfully!
shapes data imported succesfully!
shapes data imported succesfully!
shapes data imported succesfully!
shapes data imported succesfully!
shapes data imported succesfully!
shapes data imported succesfully!
shapes data imported succesfully!
shapes data imported succesfully!
shapes data imported succesfully!
shapes data imported succesfully!
shapes data imported succesfully!
shapes data imported succesfully!
shapes data imported succesfully!
shapes data imported succesfully!
shapes data imported succesfully!
shapes data imported succesfully!
shapes data imported succesfully!
shapes data imported succesfully!
shapes data imported succesfully!
shapes data imported succesfully!
shapes data imported succesfully!
shapes data imported succesfully!
shapes data imported succesfully!
shapes data imported succesfully!
shapes data imported succesfully!
shapes data imported succesfully!
shapes data imported succesfully!
shapes data imported succesfully!
shapes data imported succesfully!
shapes data imported succesfully!
shapes data imported succesfully!
shapes data imported succesfully!
shapes data imported succesfully!
shapes data imported succesfully!
shapes data imported succesfully!
shapes data imported succesfully!
shapes data imported succesfully!
shapes data imported succesfully!
shapes data imported succesfully!
shapes data imported succesfully!
shapes data imported succesfully!
shapes data imported succesfully!
shapes data imported succesfully!
shapes data imported succesfully!
shapes data imported succesfully!
shapes data imported succesfully!
shapes data imported succesfully!
shapes data imported succesfully!
shapes data imported succesfully!
shapes data imported succesfully!
shapes data imported succesfully!
shapes data imported succesfully!
shapes data imported succesfully!
shapes data imported succesfully!
shapes data imported succesfully!
shapes data imported succesfully!
shapes data imported succesfully!
shapes data imported succesfully!
shapes data imported succesfully!
shapes data imported succesfully!
shapes data imported succesfully!
shapes data imported succesfully!
shapes data imported succesfully!
shapes data imported succesfully!
shapes data imported succesfully!
shapes data imported succesfully!
shapes data imported succesfully!
shapes data imported succesfully!
shapes data imported succesfully!
shapes data imported succesfully!
shapes data imported succesfully!
shapes data imported succesfully!
shapes data imported succesfully!
shapes data imported succesfully!
shapes data imported succesfully!
shapes data imported succesfully!
shapes data imported succesfully!
shapes data imported succesfully!
shapes data imported succesfully!
shapes data imported succesfully!
shapes data imported succesfully!
shapes data imported succesfully!
shapes data imported succesfully!
shapes data imported succesfully!
shapes data imported succesfully!
shapes data imported succesfully!
shapes data imported succesfully!
shapes data imported succesfully!
shapes data imported succesfully!
shapes data imported succesfully!
shapes data imported succesfully!
shapes data imported succesfully!
shapes data imported succesfully!
shapes data imported succesfully!
shapes data imported succesfully!
shapes data imported succesfully!
shapes data imported succesfully!
shapes data imported succesfully!
shapes data imported succesfully!
shapes data imported succesfully!
shapes data imported succesfully!
shapes data imported succesfully!
shapes data imported succesfully!
shapes data imported succesfully!
shapes data imported succesfully!
shapes data imported succesfully!
shapes data imported succesfully!
shapes data imported succesfully!
shapes data imported succesfully!
shapes data imported succesfully!
shapes data imported succesfully!
shapes data imported succesfully!
shapes data imported succesfully!
shapes data imported succesfully!
shapes data imported succesfully!
shapes data imported succesfully!
shapes data imported succesfully!
shapes data imported succesfully!
shapes data imported succesfully!
shapes data imported succesfully!
shapes data imported succesfully!
shapes data imported succesfully!
shapes data imported succesfully!
shapes data imported succesfully!
shapes data imported succesfully!
shapes data imported succesfully!
shapes data imported succesfully!
shapes data imported succesfully!
shapes data imported succesfully!
shapes data imported succesfully!
shapes data imported succesfully!
shapes data imported succesfully!
shapes data imported succesfully!
shapes data imported succesfully!
shapes data imported succesfully!
shapes data imported succesfully!
shapes data imported succesfully!
shapes data imported succesfully!
shapes data imported succesfully!
shapes data imported succesfully!
shapes data imported succesfully!
shapes data imported succesfully!
shapes data imported succesfully!
shapes data imported succesfully!
shapes data imported succesfully!
shapes data imported succesfully!
shapes data imported succesfully!
shapes data imported succesfully!
shapes data imported succesfully!
shapes data imported succesfully!
shapes data imported succesfully!
shapes data imported succesfully!
shapes data imported succesfully!
shapes data imported succesfully!
shapes data imported succesfully!
shapes data imported succesfully!
shapes data imported succesfully!
shapes data imported succesfully!
shapes data imported succesfully!
shapes data imported succesfully!
shapes data imported succesfully!
shapes data imported succesfully!
shapes data imported succesfully!
shapes data imported succesfully!
shapes data imported succesfully!
shapes data imported succesfully!
shapes data imported succesfully!
shapes data imported succesfully!
shapes data imported succesfully!
shapes data imported succesfully!
shapes data imported succesfully!
shapes data imported succesfully!
shapes data imported succesfully!
shapes data imported succesfully!
shapes data imported succesfully!
shapes data imported succesfully!
shapes data imported succesfully!
shapes data imported succesfully!
shapes data imported succesfully!
shapes data imported succesfully!
shapes data imported succesfully!
shapes data imported succesfully!
shapes data imported succesfully!
shapes data imported succesfully!
shapes data imported succesfully!
shapes data imported succesfully!
shapes data imported succesfully!
shapes data imported succesfully!
shapes data imported succesfully!
shapes data imported succesfully!
shapes data imported succesfully!
shapes data imported succesfully!
shapes data imported succesfully!
shapes data imported succesfully!
shapes data imported succesfully!
shapes data imported succesfully!
shapes data imported succesfully!
shapes data imported succesfully!
shapes data imported succesfully!
shapes data imported succesfully!
shapes data imported succesfully!
shapes data imported succesfully!
shapes data imported succesfully!
shapes data imported succesfully!
shapes data imported succesfully!
shapes data imported succesfully!
shapes data imported succesfully!
shapes data imported succesfully!
shapes data imported succesfully!
shapes data imported succesfully!
shapes data imported succesfully!
shapes data imported succesfully!
shapes data imported succesfully!
shapes data imported succesfully!
shapes data imported succesfully!
shapes data imported succesfully!
shapes data imported succesfully!
shapes data imported succesfully!
shapes data imported succesfully!
shapes data imported succesfully!
shapes data imported succesfully!
shapes data imported succesfully!
shapes data imported succesfully!
shapes data imported succesfully!
shapes data imported succesfully!
shapes data imported succesfully!
shapes data imported succesfully!
shapes data imported succesfully!
shapes data imported succesfully!
shapes data imported succesfully!
shapes data imported succesfully!
shapes data imported succesfully!
shapes data imported succesfully!
shapes data imported succesfully!
shapes data imported succesfully!
shapes data imported succesfully!
shapes data imported succesfully!
shapes data imported succesfully!
shapes data imported succesfully!
shapes data imported succesfully!
shapes data imported succesfully!
shapes data imported succesfully!
shapes data imported succesfully!
shapes data imported succesfully!
shapes data imported succesfully!
shapes data imported succesfully!
shapes data imported succesfully!
shapes data imported succesfully!
shapes data imported succesfully!
shapes data imported succesfully!
shapes data imported succesfully!
shapes data imported succesfully!
shapes data imported succesfully!
shapes data imported succesfully!
shapes data imported succesfully!
shapes data imported succesfully!
shapes data imported succesfully!
shapes data imported succesfully!
shapes data imported succesfully!
shapes data imported succesfully!
shapes data imported succesfully!
shapes data imported succesfully!
shapes data imported succesfully!
shapes data imported succesfully!
shapes data imported succesfully!
shapes data imported succesfully!
shapes data imported succesfully!
shapes data imported succesfully!
shapes data imported succesfully!
shapes data imported succesfully!
shapes data imported succesfully!
shapes data imported succesfully!
shapes data imported succesfully!
shapes data imported succesfully!
shapes data imported succesfully!
shapes data imported succesfully!
shapes data imported succesfully!
shapes data imported succesfully!
shapes data imported succesfully!
shapes data imported succesfully!
shapes data imported succesfully!
shapes data imported succesfully!
shapes data imported succesfully!
shapes data imported succesfully!
shapes data imported succesfully!
shapes data imported succesfully!
shapes data imported succesfully!
shapes data imported succesfully!
shapes data imported succesfully!
shapes data imported succesfully!
shapes data imported succesfully!
shapes data imported succesfully!
shapes data imported succesfully!
shapes data imported succesfully!
shapes data imported succesfully!
shapes data imported succesfully!
shapes data imported succesfully!
shapes data imported succesfully!
shapes data imported succesfully!
shapes data imported succesfully!
shapes data imported succesfully!
shapes data imported succesfully!
shapes data imported succesfully!
shapes data imported succesfully!
shapes data imported succesfully!
shapes data imported succesfully!
shapes data imported succesfully!
shapes data imported succesfully!
shapes data imported succesfully!
shapes data imported succesfully!
shapes data imported succesfully!
shapes data imported succesfully!
shapes data imported succesfully!
shapes data imported succesfully!
shapes data imported succesfully!
shapes data imported succesfully!
shapes data imported succesfully!
shapes data imported succesfully!
shapes data imported succesfully!
shapes data imported succesfully!
shapes data imported succesfully!
shapes data imported succesfully!
shapes data imported succesfully!
shapes data imported succesfully!
shapes data imported succesfully!
shapes data imported succesfully!
shapes data imported succesfully!
shapes data imported succesfully!
shapes data imported succesfully!
shapes data imported succesfully!
shapes data imported succesfully!
shapes data imported succesfully!
shapes data imported succesfully!
shapes data imported succesfully!
shapes data imported succesfully!
shapes data imported succesfully!
shapes data imported succesfully!
shapes data imported succesfully!
shapes data imported succesfully!
shapes data imported succesfully!
shapes data imported succesfully!
shapes data imported succesfully!
shapes data imported succesfully!
shapes data imported succesfully!
shapes data imported succesfully!
shapes data imported succesfully!
shapes data imported succesfully!
shapes data imported succesfully!
shapes data imported succesfully!
shapes data imported succesfully!
shapes data imported succesfully!
shapes data imported succesfully!
shapes data imported succesfully!
shapes data imported succesfully!
shapes data imported succesfully!
shapes data imported succesfully!
shapes data imported succesfully!
shapes data imported succesfully!
shapes data imported succesfully!
shapes data imported succesfully!
shapes data imported succesfully!
shapes data imported succesfully!
shapes data imported succesfully!
shapes data imported succesfully!
shapes data imported succesfully!
shapes data imported succesfully!
shapes data imported succesfully!
shapes data imported succesfully!
shapes data imported succesfully!
shapes data imported succesfully!
shapes data imported succesfully!
shapes data imported succesfully!
shapes data imported succesfully!
shapes data imported succesfully!
shapes data imported succesfully!
shapes data imported succesfully!
shapes data imported succesfully!
shapes data imported succesfully!
shapes data imported succesfully!
shapes data imported succesfully!
shapes data imported succesfully!
shapes data imported succesfully!
shapes data imported succesfully!
shapes data imported succesfully!
shapes data imported succesfully!
shapes data imported succesfully!
shapes data imported succesfully!
shapes data imported succesfully!
shapes data imported succesfully!
shapes data imported succesfully!
shapes data imported succesfully!
shapes data imported succesfully!
shapes data imported succesfully!
shapes data imported succesfully!
shapes data imported succesfully!
shapes data imported succesfully!
shapes data imported succesfully!
shapes data imported succesfully!
shapes data imported succesfully!
shapes data imported succesfully!
shapes data imported succesfully!
shapes data imported succesfully!
shapes data imported succesfully!
shapes data imported succesfully!
shapes data imported succesfully!
shapes data imported succesfully!
shapes data imported succesfully!
shapes data imported succesfully!
shapes data imported succesfully!
shapes data imported succesfully!
shapes data imported succesfully!
shapes data imported succesfully!
shapes data imported succesfully!
shapes data imported succesfully!
shapes data imported succesfully!
shapes data imported succesfully!
shapes data imported succesfully!
shapes data imported succesfully!
shapes data imported succesfully!
shapes data imported succesfully!
shapes data imported succesfully!
shapes data imported succesfully!
shapes data imported succesfully!
shapes data imported succesfully!
shapes data imported succesfully!
shapes data imported succesfully!
shapes data imported succesfully!
shapes data imported succesfully!
shapes data imported succesfully!
shapes data imported succesfully!
shapes data imported succesfully!
shapes data imported succesfully!
shapes data imported succesfully!
shapes data imported succesfully!
shapes data imported succesfully!
shapes data imported succesfully!
shapes data imported succesfully!
shapes data imported succesfully!
shapes data imported succesfully!
shapes data imported succesfully!
shapes data imported succesfully!
shapes data imported succesfully!
shapes data imported succesfully!
shapes data imported succesfully!
shapes data imported succesfully!
shapes data imported succesfully!
shapes data imported succesfully!
shapes data imported succesfully!
shapes data imported succesfully!
shapes data imported succesfully!
shapes data imported succesfully!
shapes data imported succesfully!
shapes data imported succesfully!
shapes data imported succesfully!
shapes data imported succesfully!
shapes data imported succesfully!
shapes data imported succesfully!
shapes data imported succesfully!
shapes data imported succesfully!
shapes data imported succesfully!
shapes data imported succesfully!
shapes data imported succesfully!
shapes data imported succesfully!
shapes data imported succesfully!
shapes data imported succesfully!
shapes data imported succesfully!
shapes data imported succesfully!
shapes data imported succesfully!
shapes data imported succesfully!
shapes data imported succesfully!
shapes data imported succesfully!
shapes data imported succesfully!
shapes data imported succesfully!
shapes data imported succesfully!
shapes data imported succesfully!
shapes data imported succesfully!
shapes data imported succesfully!
shapes data imported succesfully!
shapes data imported succesfully!
shapes data imported succesfully!
shapes data imported succesfully!
shapes data imported succesfully!
shapes data imported succesfully!
shapes data imported succesfully!
shapes data imported succesfully!
shapes data imported succesfully!
shapes data imported succesfully!
shapes data imported succesfully!
shapes data imported succesfully!
shapes data imported succesfully!
shapes data imported succesfully!
shapes data imported succesfully!
shapes data imported succesfully!
shapes data imported succesfully!
shapes data imported succesfully!
shapes data imported succesfully!
shapes data imported succesfully!
shapes data imported succesfully!
shapes data imported succesfully!
shapes data imported succesfully!
shapes data imported succesfully!
shapes data imported succesfully!
shapes data imported succesfully!
shapes data imported succesfully!
shapes data imported succesfully!
shapes data imported succesfully!
shapes data imported succesfully!
shapes data imported succesfully!
shapes data imported succesfully!
shapes data imported succesfully!
shapes data imported succesfully!
shapes data imported succesfully!
shapes data imported succesfully!
shapes data imported succesfully!
shapes data imported succesfully!
shapes data imported succesfully!
shapes data imported succesfully!
shapes data imported succesfully!
shapes data imported succesfully!
shapes data imported succesfully!
shapes data imported succesfully!
shapes data imported succesfully!
shapes data imported succesfully!
shapes data imported succesfully!
shapes data imported succesfully!
shapes data imported succesfully!
shapes data imported succesfully!
shapes data imported succesfully!
shapes data imported succesfully!
shapes data imported succesfully!
shapes data imported succesfully!
shapes data imported succesfully!
shapes data imported succesfully!
shapes data imported succesfully!
shapes data imported succesfully!
shapes data imported succesfully!
shapes data imported succesfully!
shapes data imported succesfully!
shapes data imported succesfully!
shapes data imported succesfully!
shapes data imported succesfully!
shapes data imported succesfully!
shapes data imported succesfully!
shapes data imported succesfully!
shapes data imported succesfully!
shapes data imported succesfully!
shapes data imported succesfully!
shapes data imported succesfully!
shapes data imported succesfully!
shapes data imported succesfully!
shapes data imported succesfully!
shapes data imported succesfully!
shapes data imported succesfully!
shapes data imported succesfully!
shapes data imported succesfully!
shapes data imported succesfully!
shapes data imported succesfully!
shapes data imported succesfully!
shapes data imported succesfully!
shapes data imported succesfully!
shapes data imported succesfully!
shapes data imported succesfully!
shapes data imported succesfully!
shapes data imported succesfully!
shapes data imported succesfully!
shapes data imported succesfully!
shapes data imported succesfully!
shapes data imported succesfully!
shapes data imported succesfully!
shapes data imported succesfully!
shapes data imported succesfully!
shapes data imported succesfully!
shapes data imported succesfully!
shapes data imported succesfully!
shapes data imported succesfully!
shapes data imported succesfully!
shapes data imported succesfully!
shapes data imported succesfully!
shapes data imported succesfully!
shapes data imported succesfully!
shapes data imported succesfully!
shapes data imported succesfully!
shapes data imported succesfully!
shapes data imported succesfully!
shapes data imported succesfully!
shapes data imported succesfully!
shapes data imported succesfully!
shapes data imported succesfully!
shapes data imported succesfully!
shapes data imported succesfully!
shapes data imported succesfully!
shapes data imported succesfully!
shapes data imported succesfully!
shapes data imported succesfully!
shapes data imported succesfully!
shapes data imported succesfully!
shapes data imported succesfully!
shapes data imported succesfully!
shapes data imported succesfully!
shapes data imported succesfully!
shapes data imported succesfully!
shapes data imported succesfully!
shapes data imported succesfully!
shapes data imported succesfully!
shapes data imported succesfully!
shapes data imported succesfully!
shapes data imported succesfully!
shapes data imported succesfully!
shapes data imported succesfully!
shapes data imported succesfully!
shapes data imported succesfully!
shapes data imported succesfully!
shapes data imported succesfully!
shapes data imported succesfully!
shapes data imported succesfully!
shapes data imported succesfully!
shapes data imported succesfully!
shapes data imported succesfully!
shapes data imported succesfully!
shapes data imported succesfully!
shapes data imported succesfully!
shapes data imported succesfully!
shapes data imported succesfully!
shapes data imported succesfully!
shapes data imported succesfully!
shapes data imported succesfully!
shapes data imported succesfully!
shapes data imported succesfully!
shapes data imported succesfully!
shapes data imported succesfully!
shapes data imported succesfully!
shapes data imported succesfully!
shapes data imported succesfully!
shapes data imported succesfully!
shapes data imported succesfully!
shapes data imported succesfully!
shapes data imported succesfully!
shapes data imported succesfully!
shapes data imported succesfully!
shapes data imported succesfully!
shapes data imported succesfully!
shapes data imported succesfully!
shapes data imported succesfully!
shapes data imported succesfully!
shapes data imported succesfully!
shapes data imported succesfully!
shapes data imported succesfully!
shapes data imported succesfully!
shapes data imported succesfully!
shapes data imported succesfully!
shapes data imported succesfully!
shapes data imported succesfully!
shapes data imported succesfully!
shapes data imported succesfully!
shapes data imported succesfully!
shapes data imported succesfully!
shapes data imported succesfully!
shapes data imported succesfully!
shapes data imported succesfully!
shapes data imported succesfully!
shapes data imported succesfully!
shapes data imported succesfully!
shapes data imported succesfully!
shapes data imported succesfully!
shapes data imported succesfully!
shapes data imported succesfully!
shapes data imported succesfully!
shapes data imported succesfully!
shapes data imported succesfully!
shapes data imported succesfully!
shapes data imported succesfully!
shapes data imported succesfully!
shapes data imported succesfully!
shapes data imported succesfully!
shapes data imported succesfully!
shapes data imported succesfully!
shapes data imported succesfully!
shapes data imported succesfully!
shapes data imported succesfully!
shapes data imported succesfully!
shapes data imported succesfully!
shapes data imported succesfully!
shapes data imported succesfully!
shapes data imported succesfully!
shapes data imported succesfully!
shapes data imported succesfully!
shapes data imported succesfully!
shapes data imported succesfully!
shapes data imported succesfully!
shapes data imported succesfully!
shapes data imported succesfully!
shapes data imported succesfully!
shapes data imported succesfully!
shapes data imported succesfully!
shapes data imported succesfully!
shapes data imported succesfully!
shapes data imported succesfully!
shapes data imported succesfully!
shapes data imported succesfully!
shapes data imported succesfully!
shapes data imported succesfully!
shapes data imported succesfully!
shapes data imported succesfully!
shapes data imported succesfully!
shapes data imported succesfully!
shapes data imported succesfully!
shapes data imported succesfully!
shapes data imported succesfully!
shapes data imported succesfully!
shapes data imported succesfully!
shapes data imported succesfully!
shapes data imported succesfully!
shapes data imported succesfully!
shapes data imported succesfully!
shapes data imported succesfully!
shapes data imported succesfully!
shapes data imported succesfully!
shapes data imported succesfully!
shapes data imported succesfully!
shapes data imported succesfully!
shapes data imported succesfully!
shapes data imported succesfully!
shapes data imported succesfully!
shapes data imported succesfully!
shapes data imported succesfully!
shapes data imported succesfully!
shapes data imported succesfully!
shapes data imported succesfully!
shapes data imported succesfully!
shapes data imported succesfully!
shapes data imported succesfully!
shapes data imported succesfully!
shapes data imported succesfully!
shapes data imported succesfully!
shapes data imported succesfully!
shapes data imported succesfully!
shapes data imported succesfully!
shapes data imported succesfully!
shapes data imported succesfully!
shapes data imported succesfully!
shapes data imported succesfully!
shapes data imported succesfully!
shapes data imported succesfully!
shapes data imported succesfully!
shapes data imported succesfully!
shapes data imported succesfully!
shapes data imported succesfully!
shapes data imported succesfully!
shapes data imported succesfully!
shapes data imported succesfully!
shapes data imported succesfully!
shapes data imported succesfully!
shapes data imported succesfully!
shapes data imported succesfully!
shapes data imported succesfully!
shapes data imported succesfully!
shapes data imported succesfully!
shapes data imported succesfully!
shapes data imported succesfully!
shapes data imported succesfully!
shapes data imported succesfully!
shapes data imported succesfully!
shapes data imported succesfully!
shapes data imported succesfully!
shapes data imported succesfully!
shapes data imported succesfully!
shapes data imported succesfully!
shapes data imported succesfully!
shapes data imported succesfully!
shapes data imported succesfully!
shapes data imported succesfully!
shapes data imported succesfully!
shapes data imported succesfully!
shapes data imported succesfully!
shapes data imported succesfully!
shapes data imported succesfully!
shapes data imported succesfully!
shapes data imported succesfully!
shapes data imported succesfully!
shapes data imported succesfully!
shapes data imported succesfully!
shapes data imported succesfully!
shapes data imported succesfully!
shapes data imported succesfully!
shapes data imported succesfully!
shapes data imported succesfully!
shapes data imported succesfully!
shapes data imported succesfully!
shapes data imported succesfully!
shapes data imported succesfully!
shapes data imported succesfully!
shapes data imported succesfully!
shapes data imported succesfully!
shapes data imported succesfully!
shapes data imported succesfully!
shapes data imported succesfully!
shapes data imported succesfully!
shapes data imported succesfully!
shapes data imported succesfully!
shapes data imported succesfully!
shapes data imported succesfully!
shapes data imported succesfully!
shapes data imported succesfully!
shapes data imported succesfully!
shapes data imported succesfully!
shapes data imported succesfully!
shapes data imported succesfully!
shapes data imported succesfully!
shapes data imported succesfully!
shapes data imported succesfully!
shapes data imported succesfully!
shapes data imported succesfully!
shapes data imported succesfully!
shapes data imported succesfully!
shapes data imported succesfully!
shapes data imported succesfully!
shapes data imported succesfully!
shapes data imported succesfully!
shapes data imported succesfully!
shapes data imported succesfully!
shapes data imported succesfully!
shapes data imported succesfully!
shapes data imported succesfully!
shapes data imported succesfully!
shapes data imported succesfully!
shapes data imported succesfully!
shapes data imported succesfully!
shapes data imported succesfully!
shapes data imported succesfully!
shapes data imported succesfully!
shapes data imported succesfully!
shapes data imported succesfully!
shapes data imported succesfully!
shapes data imported succesfully!
shapes data imported succesfully!
shapes data imported succesfully!
shapes data imported succesfully!
shapes data imported succesfully!
shapes data imported succesfully!
shapes data imported succesfully!
shapes data imported succesfully!
shapes data imported succesfully!
shapes data imported succesfully!
shapes data imported succesfully!
shapes data imported succesfully!
shapes data imported succesfully!
shapes data imported succesfully!
shapes data imported succesfully!
shapes data imported succesfully!
shapes data imported succesfully!
shapes data imported succesfully!
shapes data imported succesfully!
shapes data imported succesfully!
shapes data imported succesfully!
shapes data imported succesfully!
shapes data imported succesfully!
shapes data imported succesfully!
shapes data imported succesfully!
shapes data imported succesfully!
shapes data imported succesfully!
shapes data imported succesfully!
shapes data imported succesfully!
shapes data imported succesfully!
shapes data imported succesfully!
shapes data imported succesfully!
shapes data imported succesfully!
shapes data imported succesfully!
shapes data imported succesfully!
shapes data imported succesfully!
shapes data imported succesfully!
shapes data imported succesfully!
shapes data imported succesfully!
shapes data imported succesfully!
shapes data imported succesfully!
shapes data imported succesfully!
shapes data imported succesfully!
shapes data imported succesfully!
shapes data imported succesfully!
shapes data imported succesfully!
shapes data imported succesfully!
shapes data imported succesfully!
shapes data imported succesfully!
shapes data imported succesfully!
shapes data imported succesfully!
shapes data imported succesfully!
shapes data imported succesfully!
shapes data imported succesfully!
shapes data imported succesfully!
shapes data imported succesfully!
shapes data imported succesfully!
shapes data imported succesfully!
shapes data imported succesfully!
shapes data imported succesfully!
shapes data imported succesfully!
shapes data imported succesfully!
shapes data imported succesfully!
shapes data imported succesfully!
shapes data imported succesfully!
shapes data imported succesfully!
shapes data imported succesfully!
shapes data imported succesfully!
shapes data imported succesfully!
shapes data imported succesfully!
shapes data imported succesfully!
shapes data imported succesfully!
shapes data imported succesfully!
shapes data imported succesfully!
shapes data imported succesfully!
shapes data imported succesfully!
shapes data imported succesfully!
shapes data imported succesfully!
shapes data imported succesfully!
shapes data imported succesfully!
shapes data imported succesfully!
shapes data imported succesfully!
shapes data imported succesfully!
shapes data imported succesfully!
shapes data imported succesfully!
shapes data imported succesfully!
shapes data imported succesfully!
shapes data imported succesfully!
shapes data imported succesfully!
shapes data imported succesfully!
shapes data imported succesfully!
shapes data imported succesfully!
shapes data imported succesfully!
shapes data imported succesfully!
shapes data imported succesfully!
shapes data imported succesfully!
shapes data imported succesfully!
shapes data imported succesfully!
shapes data imported succesfully!
shapes data imported succesfully!
shapes data imported succesfully!
shapes data imported succesfully!
shapes data imported succesfully!
shapes data imported succesfully!
shapes data imported succesfully!
shapes data imported succesfully!
shapes data imported succesfully!
shapes data imported succesfully!
shapes data imported succesfully!
shapes data imported succesfully!
shapes data imported succesfully!
shapes data imported succesfully!
shapes data imported succesfully!
shapes data imported succesfully!
shapes data imported succesfully!
shapes data imported succesfully!
shapes data imported succesfully!
shapes data imported succesfully!
shapes data imported succesfully!
shapes data imported succesfully!
shapes data imported succesfully!
shapes data imported succesfully!
shapes data imported succesfully!
shapes data imported succesfully!
shapes data imported succesfully!
shapes data imported succesfully!
shapes data imported succesfully!
shapes data imported succesfully!
shapes data imported succesfully!
shapes data imported succesfully!
shapes data imported succesfully!
shapes data imported succesfully!
shapes data imported succesfully!
shapes data imported succesfully!
shapes data imported succesfully!
shapes data imported succesfully!
shapes data imported succesfully!
shapes data imported succesfully!
shapes data imported succesfully!
shapes data imported succesfully!
shapes data imported succesfully!
shapes data imported succesfully!
shapes data imported succesfully!
shapes data imported succesfully!
shapes data imported succesfully!
shapes data imported succesfully!
shapes data imported succesfully!
shapes data imported succesfully!
shapes data imported succesfully!
shapes data imported succesfully!
shapes data imported succesfully!
shapes data imported succesfully!
shapes data imported succesfully!
shapes data imported succesfully!
shapes data imported succesfully!
shapes data imported succesfully!
shapes data imported succesfully!
shapes data imported succesfully!
shapes data imported succesfully!
shapes data imported succesfully!
shapes data imported succesfully!
shapes data imported succesfully!
shapes data imported succesfully!
shapes data imported succesfully!
shapes data imported succesfully!
shapes data imported succesfully!
shapes data imported succesfully!
shapes data imported succesfully!
shapes data imported succesfully!
shapes data imported succesfully!
shapes data imported succesfully!
shapes data imported succesfully!
shapes data imported succesfully!
shapes data imported succesfully!
shapes data imported succesfully!
shapes data imported succesfully!
shapes data imported succesfully!
shapes data imported succesfully!
shapes data imported succesfully!
shapes data imported succesfully!
shapes data imported succesfully!
shapes data imported succesfully!
shapes data imported succesfully!
shapes data imported succesfully!
shapes data imported succesfully!
shapes data imported succesfully!
shapes data imported succesfully!
shapes data imported succesfully!
shapes data imported succesfully!
shapes data imported succesfully!
shapes data imported succesfully!
shapes data imported succesfully!
shapes data imported succesfully!
shapes data imported succesfully!
shapes data imported succesfully!
shapes data imported succesfully!
shapes data imported succesfully!
shapes data imported succesfully!
shapes data imported succesfully!
shapes data imported succesfully!
shapes data imported succesfully!
shapes data imported succesfully!
shapes data imported succesfully!
shapes data imported succesfully!
shapes data imported succesfully!
shapes data imported succesfully!
shapes data imported succesfully!
shapes data imported succesfully!
shapes data imported succesfully!
shapes data imported succesfully!
shapes data imported succesfully!
shapes data imported succesfully!
shapes data imported succesfully!
shapes data imported succesfully!
shapes data imported succesfully!
shapes data imported succesfully!
shapes data imported succesfully!
shapes data imported succesfully!
shapes data imported succesfully!
shapes data imported succesfully!
shapes data imported succesfully!
shapes data imported succesfully!
shapes data imported succesfully!
shapes data imported succesfully!
shapes data imported succesfully!
shapes data imported succesfully!
shapes data imported succesfully!
shapes data imported succesfully!
shapes data imported succesfully!
shapes data imported succesfully!
shapes data imported succesfully!
shapes data imported succesfully!
shapes data imported succesfully!
shapes data imported succesfully!
shapes data imported succesfully!
shapes data imported succesfully!
shapes data imported succesfully!
shapes data imported succesfully!
shapes data imported succesfully!
shapes data imported succesfully!
shapes data imported succesfully!
shapes data imported succesfully!
shapes data imported succesfully!
shapes data imported succesfully!
shapes data imported succesfully!
shapes data imported succesfully!
shapes data imported succesfully!
shapes data imported succesfully!
shapes data imported succesfully!
shapes data imported succesfully!
shapes data imported succesfully!
shapes data imported succesfully!
shapes data imported succesfully!
shapes data imported succesfully!
shapes data imported succesfully!
shapes data imported succesfully!
shapes data imported succesfully!
shapes data imported succesfully!
shapes data imported succesfully!
shapes data imported succesfully!
shapes data imported succesfully!
shapes data imported succesfully!
shapes data imported succesfully!
shapes data imported succesfully!
shapes data imported succesfully!
shapes data imported succesfully!
shapes data imported succesfully!
shapes data imported succesfully!
shapes data imported succesfully!
shapes data imported succesfully!
shapes data imported succesfully!
shapes data imported succesfully!
shapes data imported succesfully!
shapes data imported succesfully!
shapes data imported succesfully!
shapes data imported succesfully!
shapes data imported succesfully!
shapes data imported succesfully!
shapes data imported succesfully!
shapes data imported succesfully!
shapes data imported succesfully!
shapes data imported succesfully!
shapes data imported succesfully!
shapes data imported succesfully!
shapes data imported succesfully!
shapes data imported succesfully!
shapes data imported succesfully!
shapes data imported succesfully!
shapes data imported succesfully!
shapes data imported succesfully!
shapes data imported succesfully!
shapes data imported succesfully!
shapes data imported succesfully!
shapes data imported succesfully!
shapes data imported succesfully!
shapes data imported succesfully!
shapes data imported succesfully!
shapes data imported succesfully!
shapes data imported succesfully!
shapes data imported succesfully!
shapes data imported succesfully!
shapes data imported succesfully!
shapes data imported succesfully!
shapes data imported succesfully!
shapes data imported succesfully!
shapes data imported succesfully!
shapes data imported succesfully!
shapes data imported succesfully!
shapes data imported succesfully!
shapes data imported succesfully!
shapes data imported succesfully!
shapes data imported succesfully!
shapes data imported succesfully!
shapes data imported succesfully!
shapes data imported succesfully!
shapes data imported succesfully!
shapes data imported succesfully!
shapes data imported succesfully!
shapes data imported succesfully!
shapes data imported succesfully!
shapes data imported succesfully!
shapes data imported succesfully!
shapes data imported succesfully!
shapes data imported succesfully!
shapes data imported succesfully!
shapes data imported succesfully!
shapes data imported succesfully!
shapes data imported succesfully!
shapes data imported succesfully!
shapes data imported succesfully!
shapes data imported succesfully!
shapes data imported succesfully!
shapes data imported succesfully!
shapes data imported succesfully!
shapes data imported succesfully!
shapes data imported succesfully!
shapes data imported succesfully!
shapes data imported succesfully!
shapes data imported succesfully!
shapes data imported succesfully!
shapes data imported succesfully!
shapes data imported succesfully!
shapes data imported succesfully!
shapes data imported succesfully!
shapes data imported succesfully!
shapes data imported succesfully!
shapes data imported succesfully!
shapes data imported succesfully!
shapes data imported succesfully!
shapes data imported succesfully!
shapes data imported succesfully!
shapes data imported succesfully!
shapes data imported succesfully!
shapes data imported succesfully!
shapes data imported succesfully!
shapes data imported succesfully!
shapes data imported succesfully!
shapes data imported succesfully!
shapes data imported succesfully!
shapes data imported succesfully!
shapes data imported succesfully!
shapes data imported succesfully!
shapes data imported succesfully!
shapes data imported succesfully!
shapes data imported succesfully!
shapes data imported succesfully!
shapes data imported succesfully!
shapes data imported succesfully!
shapes data imported succesfully!
shapes data imported succesfully!
shapes data imported succesfully!
shapes data imported succesfully!
shapes data imported succesfully!
shapes data imported succesfully!
shapes data imported succesfully!
shapes data imported succesfully!
shapes data imported succesfully!
shapes data imported succesfully!
shapes data imported succesfully!
shapes data imported succesfully!
shapes data imported succesfully!
shapes data imported succesfully!
shapes data imported succesfully!
shapes data imported succesfully!
shapes data imported succesfully!
shapes data imported succesfully!
shapes data imported succesfully!
shapes data imported succesfully!
shapes data imported succesfully!
shapes data imported succesfully!
shapes data imported succesfully!
shapes data imported succesfully!
shapes data imported succesfully!
shapes data imported succesfully!
shapes data imported succesfully!
shapes data imported succesfully!
shapes data imported succesfully!
shapes data imported succesfully!
shapes data imported succesfully!
shapes data imported succesfully!
shapes data imported succesfully!
shapes data imported succesfully!
shapes data imported succesfully!
shapes data imported succesfully!
shapes data imported succesfully!
shapes data imported succesfully!
shapes data imported succesfully!
shapes data imported succesfully!
shapes data imported succesfully!
shapes data imported succesfully!
shapes data imported succesfully!
shapes data imported succesfully!
shapes data imported succesfully!
shapes data imported succesfully!
shapes data imported succesfully!
shapes data imported succesfully!
shapes data imported succesfully!
shapes data imported succesfully!
shapes data imported succesfully!
shapes data imported succesfully!
shapes data imported succesfully!
shapes data imported succesfully!
shapes data imported succesfully!
shapes data imported succesfully!
shapes data imported succesfully!
shapes data imported succesfully!
shapes data imported succesfully!
shapes data imported succesfully!
shapes data imported succesfully!
shapes data imported succesfully!
shapes data imported succesfully!
shapes data imported succesfully!
shapes data imported succesfully!
shapes data imported succesfully!
shapes data imported succesfully!
shapes data imported succesfully!
shapes data imported succesfully!
shapes data imported succesfully!
shapes data imported succesfully!
shapes data imported succesfully!
shapes data imported succesfully!
shapes data imported succesfully!
shapes data imported succesfully!
shapes data imported succesfully!
shapes data imported succesfully!
shapes data imported succesfully!
shapes data imported succesfully!
shapes data imported succesfully!
shapes data imported succesfully!
shapes data imported succesfully!
shapes data imported succesfully!
shapes data imported succesfully!
shapes data imported succesfully!
shapes data imported succesfully!
shapes data imported succesfully!
shapes data imported succesfully!
shapes data imported succesfully!
shapes data imported succesfully!
shapes data imported succesfully!
shapes data imported succesfully!
shapes data imported succesfully!
shapes data imported succesfully!
shapes data imported succesfully!
shapes data imported succesfully!
shapes data imported succesfully!
shapes data imported succesfully!
shapes data imported succesfully!
shapes data imported succesfully!
shapes data imported succesfully!
shapes data imported succesfully!
shapes data imported succesfully!
shapes data imported succesfully!
shapes data imported succesfully!
shapes data imported succesfully!
shapes data imported succesfully!
shapes data imported succesfully!
shapes data imported succesfully!
shapes data imported succesfully!
shapes data imported succesfully!
shapes data imported succesfully!
shapes data imported succesfully!
shapes data imported succesfully!
shapes data imported succesfully!
shapes data imported succesfully!
shapes data imported succesfully!
shapes data imported succesfully!
shapes data imported succesfully!
shapes data imported succesfully!
shapes data imported succesfully!
shapes data imported succesfully!
shapes data imported succesfully!
shapes data imported succesfully!
shapes data imported succesfully!
shapes data imported succesfully!
shapes data imported succesfully!
shapes data imported succesfully!
shapes data imported succesfully!
shapes data imported succesfully!
shapes data imported succesfully!
shapes data imported succesfully!
shapes data imported succesfully!
shapes data imported succesfully!
shapes data imported succesfully!
shapes data imported succesfully!
shapes data imported succesfully!
shapes data imported succesfully!
shapes data imported succesfully!
shapes data imported succesfully!
shapes data imported succesfully!
shapes data imported succesfully!
shapes data imported succesfully!
shapes data imported succesfully!
shapes data imported succesfully!
shapes data imported succesfully!
shapes data imported succesfully!
shapes data imported succesfully!
shapes data imported succesfully!
shapes data imported succesfully!
shapes data imported succesfully!
shapes data imported succesfully!
shapes data imported succesfully!
shapes data imported succesfully!
shapes data imported succesfully!
shapes data imported succesfully!
shapes data imported succesfully!
shapes data imported succesfully!
shapes data imported succesfully!
shapes data imported succesfully!
shapes data imported succesfully!
shapes data imported succesfully!
shapes data imported succesfully!
shapes data imported succesfully!
shapes data imported succesfully!
shapes data imported succesfully!
shapes data imported succesfully!
shapes data imported succesfully!
shapes data imported succesfully!
shapes data imported succesfully!
shapes data imported succesfully!
shapes data imported succesfully!
shapes data imported succesfully!
shapes data imported succesfully!
shapes data imported succesfully!
shapes data imported succesfully!
shapes data imported succesfully!
shapes data imported succesfully!
shapes data imported succesfully!
shapes data imported succesfully!
shapes data imported succesfully!
shapes data imported succesfully!
shapes data imported succesfully!
shapes data imported succesfully!
shapes data imported succesfully!
shapes data imported succesfully!
shapes data imported succesfully!
shapes data imported succesfully!
shapes data imported succesfully!
shapes data imported succesfully!
shapes data imported succesfully!
shapes data imported succesfully!
shapes data imported succesfully!
shapes data imported succesfully!
shapes data imported succesfully!
shapes data imported succesfully!
shapes data imported succesfully!
shapes data imported succesfully!
shapes data imported succesfully!
shapes data imported succesfully!
shapes data imported succesfully!
shapes data imported succesfully!
shapes data imported succesfully!
shapes data imported succesfully!
shapes data imported succesfully!
shapes data imported succesfully!
shapes data imported succesfully!
shapes data imported succesfully!
shapes data imported succesfully!
shapes data imported succesfully!
shapes data imported succesfully!
shapes data imported succesfully!
shapes data imported succesfully!
shapes data imported succesfully!
shapes data imported succesfully!
shapes data imported succesfully!
shapes data imported succesfully!
shapes data imported succesfully!
shapes data imported succesfully!
shapes data imported succesfully!
shapes data imported succesfully!
shapes data imported succesfully!
shapes data imported succesfully!
shapes data imported succesfully!
shapes data imported succesfully!
shapes data imported succesfully!
shapes data imported succesfully!
shapes data imported succesfully!
shapes data imported succesfully!
shapes data imported succesfully!
shapes data imported succesfully!
shapes data imported succesfully!
shapes data imported succesfully!
shapes data imported succesfully!
shapes data imported succesfully!
shapes data imported succesfully!
shapes data imported succesfully!
shapes data imported succesfully!
shapes data imported succesfully!
shapes data imported succesfully!
shapes data imported succesfully!
shapes data imported succesfully!
shapes data imported succesfully!
shapes data imported succesfully!
shapes data imported succesfully!
shapes data imported succesfully!
shapes data imported succesfully!
shapes data imported succesfully!
shapes data imported succesfully!
shapes data imported succesfully!
shapes data imported succesfully!
shapes data imported succesfully!
shapes data imported succesfully!
shapes data imported succesfully!
shapes data imported succesfully!
shapes data imported succesfully!
shapes data imported succesfully!
shapes data imported succesfully!
shapes data imported succesfully!
shapes data imported succesfully!
shapes data imported succesfully!
shapes data imported succesfully!
shapes data imported succesfully!
shapes data imported succesfully!
shapes data imported succesfully!
shapes data imported succesfully!
shapes data imported succesfully!
shapes data imported succesfully!
shapes data imported succesfully!
shapes data imported succesfully!
shapes data imported succesfully!
shapes data imported succesfully!
shapes data imported succesfully!
shapes data imported succesfully!
shapes data imported succesfully!
shapes data imported succesfully!
shapes data imported succesfully!
shapes data imported succesfully!
shapes data imported succesfully!
shapes data imported succesfully!
shapes data imported succesfully!
shapes data imported succesfully!
shapes data imported succesfully!
shapes data imported succesfully!
shapes data imported succesfully!
shapes data imported succesfully!
shapes data imported succesfully!
shapes data imported succesfully!
shapes data imported succesfully!
shapes data imported succesfully!
shapes data imported succesfully!
shapes data imported succesfully!
shapes data imported succesfully!
shapes data imported succesfully!
shapes data imported succesfully!
shapes data imported succesfully!
shapes data imported succesfully!
shapes data imported succesfully!
shapes data imported succesfully!
shapes data imported succesfully!
shapes data imported succesfully!
shapes data imported succesfully!
shapes data imported succesfully!
shapes data imported succesfully!
shapes data imported succesfully!
shapes data imported succesfully!
shapes data imported succesfully!
shapes data imported succesfully!
shapes data imported succesfully!
shapes data imported succesfully!
shapes data imported succesfully!
shapes data imported succesfully!
shapes data imported succesfully!
shapes data imported succesfully!
shapes data imported succesfully!
shapes data imported succesfully!
shapes data imported succesfully!
shapes data imported succesfully!
shapes data imported succesfully!
shapes data imported succesfully!
shapes data imported succesfully!
shapes data imported succesfully!
shapes data imported succesfully!
shapes data imported succesfully!
shapes data imported succesfully!
shapes data imported succesfully!
shapes data imported succesfully!
shapes data imported succesfully!
shapes data imported succesfully!
shapes data imported succesfully!
shapes data imported succesfully!
shapes data imported succesfully!
shapes data imported succesfully!
shapes data imported succesfully!
shapes data imported succesfully!
shapes data imported succesfully!
shapes data imported succesfully!
shapes data imported succesfully!
shapes data imported succesfully!
shapes data imported succesfully!
shapes data imported succesfully!
shapes data imported succesfully!
shapes data imported succesfully!
shapes data imported succesfully!
shapes data imported succesfully!
shapes data imported succesfully!
shapes data imported succesfully!
shapes data imported succesfully!
shapes data imported succesfully!
shapes data imported succesfully!
shapes data imported succesfully!
shapes data imported succesfully!
shapes data imported succesfully!
shapes data imported succesfully!
shapes data imported succesfully!
shapes data imported succesfully!
shapes data imported succesfully!
shapes data imported succesfully!
shapes data imported succesfully!
shapes data imported succesfully!
shapes data imported succesfully!
shapes data imported succesfully!
shapes data imported succesfully!
shapes data imported succesfully!
shapes data imported succesfully!
shapes data imported succesfully!
shapes data imported succesfully!
shapes data imported succesfully!
shapes data imported succesfully!
shapes data imported succesfully!
shapes data imported succesfully!
shapes data imported succesfully!
shapes data imported succesfully!
shapes data imported succesfully!
shapes data imported succesfully!
shapes data imported succesfully!
shapes data imported succesfully!
shapes data imported succesfully!
shapes data imported succesfully!
shapes data imported succesfully!
shapes data imported succesfully!
shapes data imported succesfully!
shapes data imported succesfully!
shapes data imported succesfully!
shapes data imported succesfully!
shapes data imported succesfully!
shapes data imported succesfully!
shapes data imported succesfully!
shapes data imported succesfully!
shapes data imported succesfully!
shapes data imported succesfully!
shapes data imported succesfully!
shapes data imported succesfully!
shapes data imported succesfully!
shapes data imported succesfully!
shapes data imported succesfully!
shapes data imported succesfully!
shapes data imported succesfully!
shapes data imported succesfully!
shapes data imported succesfully!
shapes data imported succesfully!
shapes data imported succesfully!
shapes data imported succesfully!
shapes data imported succesfully!
shapes data imported succesfully!
shapes data imported succesfully!
shapes data imported succesfully!
shapes data imported succesfully!
shapes data imported succesfully!
shapes data imported succesfully!
shapes data imported succesfully!
shapes data imported succesfully!
shapes data imported succesfully!
shapes data imported succesfully!
shapes data imported succesfully!
shapes data imported succesfully!
shapes data imported succesfully!
shapes data imported succesfully!
shapes data imported succesfully!
shapes data imported succesfully!
shapes data imported succesfully!
shapes data imported succesfully!
shapes data imported succesfully!
shapes data imported succesfully!
shapes data imported succesfully!
shapes data imported succesfully!
shapes data imported succesfully!
shapes data imported succesfully!
shapes data imported succesfully!
shapes data imported succesfully!
shapes data imported succesfully!
shapes data imported succesfully!
shapes data imported succesfully!
shapes data imported succesfully!
shapes data imported succesfully!
shapes data imported succesfully!
shapes data imported succesfully!
shapes data imported succesfully!
shapes data imported succesfully!
shapes data imported succesfully!
shapes data imported succesfully!
shapes data imported succesfully!
shapes data imported succesfully!
shapes data imported succesfully!
shapes data imported succesfully!
shapes data imported succesfully!
shapes data imported succesfully!
shapes data imported succesfully!
shapes data imported succesfully!
shapes data imported succesfully!
shapes data imported succesfully!
shapes data imported succesfully!
shapes data imported succesfully!
shapes data imported succesfully!
shapes data imported succesfully!
shapes data imported succesfully!
shapes data imported succesfully!
shapes data imported succesfully!
shapes data imported succesfully!
shapes data imported succesfully!
shapes data imported succesfully!
shapes data imported succesfully!
shapes data imported succesfully!
shapes data imported succesfully!
shapes data imported succesfully!
shapes data imported succesfully!
shapes data imported succesfully!
shapes data imported succesfully!
shapes data imported succesfully!
shapes data imported succesfully!
shapes data imported succesfully!
shapes data imported succesfully!
shapes data imported succesfully!
shapes data imported succesfully!
shapes data imported succesfully!
shapes data imported succesfully!
shapes data imported succesfully!
shapes data imported succesfully!
shapes data imported succesfully!
shapes data imported succesfully!
shapes data imported succesfully!
shapes data imported succesfully!
shapes data imported succesfully!
shapes data imported succesfully!
shapes data imported succesfully!
shapes data imported succesfully!
shapes data imported succesfully!
shapes data imported succesfully!
shapes data imported succesfully!
shapes data imported succesfully!
shapes data imported succesfully!
shapes data imported succesfully!
shapes data imported succesfully!
shapes data imported succesfully!
shapes data imported succesfully!
shapes data imported succesfully!
shapes data imported succesfully!
shapes data imported succesfully!
shapes data imported succesfully!
shapes data imported succesfully!
shapes data imported succesfully!
shapes data imported succesfully!
shapes data imported succesfully!
shapes data imported succesfully!
shapes data imported succesfully!
shapes data imported succesfully!
shapes data imported succesfully!
shapes data imported succesfully!
shapes data imported succesfully!
shapes data imported succesfully!
shapes data imported succesfully!
shapes data imported succesfully!
shapes data imported succesfully!
shapes data imported succesfully!
shapes data imported succesfully!
shapes data imported succesfully!
shapes data imported succesfully!
shapes data imported succesfully!
shapes data imported succesfully!
shapes data imported succesfully!
shapes data imported succesfully!
shapes data imported succesfully!
shapes data imported succesfully!
shapes data imported succesfully!
shapes data imported succesfully!
shapes data imported succesfully!
shapes data imported succesfully!
shapes data imported succesfully!
shapes data imported succesfully!
shapes data imported succesfully!
shapes data imported succesfully!
shapes data imported succesfully!
shapes data imported succesfully!
shapes data imported succesfully!
shapes data imported succesfully!
shapes data imported succesfully!
shapes data imported succesfully!
shapes data imported succesfully!
shapes data imported succesfully!
shapes data imported succesfully!
shapes data imported succesfully!
shapes data imported succesfully!
shapes data imported succesfully!
shapes data imported succesfully!
shapes data imported succesfully!
shapes data imported succesfully!
shapes data imported succesfully!
shapes data imported succesfully!
shapes data imported succesfully!
shapes data imported succesfully!
shapes data imported succesfully!
shapes data imported succesfully!
shapes data imported succesfully!
shapes data imported succesfully!
shapes data imported succesfully!
shapes data imported succesfully!
shapes data imported succesfully!
shapes data imported succesfully!
shapes data imported succesfully!
shapes data imported succesfully!
shapes data imported succesfully!
shapes data imported succesfully!
shapes data imported succesfully!
shapes data imported succesfully!
shapes data imported succesfully!
shapes data imported succesfully!
shapes data imported succesfully!
shapes data imported succesfully!
shapes data imported succesfully!
shapes data imported succesfully!
shapes data imported succesfully!
shapes data imported succesfully!
shapes data imported succesfully!
shapes data imported succesfully!
shapes data imported succesfully!
shapes data imported succesfully!
shapes data imported succesfully!
shapes data imported succesfully!
shapes data imported succesfully!
shapes data imported succesfully!
shapes data imported succesfully!
shapes data imported succesfully!
shapes data imported succesfully!
shapes data imported succesfully!
shapes data imported succesfully!
shapes data imported succesfully!
shapes data imported succesfully!
shapes data imported succesfully!
shapes data imported succesfully!
shapes data imported succesfully!
shapes data imported succesfully!
shapes data imported succesfully!
shapes data imported succesfully!
shapes data imported succesfully!
shapes data imported succesfully!
shapes data imported succesfully!
shapes data imported succesfully!
shapes data imported succesfully!
shapes data imported succesfully!
shapes data imported succesfully!
shapes data imported succesfully!
shapes data imported succesfully!
shapes data imported succesfully!
shapes data imported succesfully!
shapes data imported succesfully!
shapes data imported succesfully!
shapes data imported succesfully!
shapes data imported succesfully!
shapes data imported succesfully!
shapes data imported succesfully!
shapes data imported succesfully!
shapes data imported succesfully!
shapes data imported succesfully!
shapes data imported succesfully!
shapes data imported succesfully!
shapes data imported succesfully!
shapes data imported succesfully!
shapes data imported succesfully!
shapes data imported succesfully!
shapes data imported succesfully!
shapes data imported succesfully!
shapes data imported succesfully!
shapes data imported succesfully!
shapes data imported succesfully!
shapes data imported succesfully!
shapes data imported succesfully!
shapes data imported succesfully!
shapes data imported succesfully!
shapes data imported succesfully!
shapes data imported succesfully!
shapes data imported succesfully!
shapes data imported succesfully!
shapes data imported succesfully!
shapes data imported succesfully!
shapes data imported succesfully!
shapes data imported succesfully!
shapes data imported succesfully!
shapes data imported succesfully!
shapes data imported succesfully!
shapes data imported succesfully!
shapes data imported succesfully!
shapes data imported succesfully!
shapes data imported succesfully!
shapes data imported succesfully!
shapes data imported succesfully!
shapes data imported succesfully!
shapes data imported succesfully!
shapes data imported succesfully!
shapes data imported succesfully!
shapes data imported succesfully!
shapes data imported succesfully!
shapes data imported succesfully!
shapes data imported succesfully!
shapes data imported succesfully!
shapes data imported succesfully!
shapes data imported succesfully!
shapes data imported succesfully!
shapes data imported succesfully!
shapes data imported succesfully!
shapes data imported succesfully!
shapes data imported succesfully!
shapes data imported succesfully!
shapes data imported succesfully!
shapes data imported succesfully!
shapes data imported succesfully!
shapes data imported succesfully!
shapes data imported succesfully!
shapes data imported succesfully!
shapes data imported succesfully!
shapes data imported succesfully!
shapes data imported succesfully!
shapes data imported succesfully!
shapes data imported succesfully!
shapes data imported succesfully!
shapes data imported succesfully!
shapes data imported succesfully!
shapes data imported succesfully!
shapes data imported succesfully!
shapes data imported succesfully!
shapes data imported succesfully!
shapes data imported succesfully!
shapes data imported succesfully!
shapes data imported succesfully!
shapes data imported succesfully!
shapes data imported succesfully!
shapes data imported succesfully!
shapes data imported succesfully!
shapes data imported succesfully!
shapes data imported succesfully!
shapes data imported succesfully!
shapes data imported succesfully!
shapes data imported succesfully!
shapes data imported succesfully!
shapes data imported succesfully!
shapes data imported succesfully!
shapes data imported succesfully!
shapes data imported succesfully!
shapes data imported succesfully!
shapes data imported succesfully!
shapes data imported succesfully!
shapes data imported succesfully!
shapes data imported succesfully!
shapes data imported succesfully!
shapes data imported succesfully!
shapes data imported succesfully!
shapes data imported succesfully!
shapes data imported succesfully!
shapes data imported succesfully!
shapes data imported succesfully!
shapes data imported succesfully!
shapes data imported succesfully!
shapes data imported succesfully!
shapes data imported succesfully!
shapes data imported succesfully!
shapes data imported succesfully!
shapes data imported succesfully!
shapes data imported succesfully!
shapes data imported succesfully!
shapes data imported succesfully!
shapes data imported succesfully!
shapes data imported succesfully!
shapes data imported succesfully!
shapes data imported succesfully!
shapes data imported succesfully!
shapes data imported succesfully!
shapes data imported succesfully!
shapes data imported succesfully!
shapes data imported succesfully!
shapes data imported succesfully!
shapes data imported succesfully!
shapes data imported succesfully!
shapes data imported succesfully!
shapes data imported succesfully!
shapes data imported succesfully!
shapes data imported succesfully!
shapes data imported succesfully!
shapes data imported succesfully!
shapes data imported succesfully!
shapes data imported succesfully!
shapes data imported succesfully!
shapes data imported succesfully!
shapes data imported succesfully!
shapes data imported succesfully!
shapes data imported succesfully!
shapes data imported succesfully!
shapes data imported succesfully!
shapes data imported succesfully!
shapes data imported succesfully!
shapes data imported succesfully!
shapes data imported succesfully!
shapes data imported succesfully!
shapes data imported succesfully!
shapes data imported succesfully!
shapes data imported succesfully!
shapes data imported succesfully!
shapes data imported succesfully!
shapes data imported succesfully!
shapes data imported succesfully!
shapes data imported succesfully!
shapes data imported succesfully!
shapes data imported succesfully!
shapes data imported succesfully!
shapes data imported succesfully!
shapes data imported succesfully!
shapes data imported succesfully!
shapes data imported succesfully!
shapes data imported succesfully!
shapes data imported succesfully!
shapes data imported succesfully!
shapes data imported succesfully!
shapes data imported succesfully!
shapes data imported succesfully!
shapes data imported succesfully!
shapes data imported succesfully!
shapes data imported succesfully!
shapes data imported succesfully!
shapes data imported succesfully!
shapes data imported succesfully!
shapes data imported succesfully!
shapes data imported succesfully!
shapes data imported succesfully!
shapes data imported succesfully!
shapes data imported succesfully!
shapes data imported succesfully!
shapes data imported succesfully!
shapes data imported succesfully!
shapes data imported succesfully!
shapes data imported succesfully!
shapes data imported succesfully!
shapes data imported succesfully!
shapes data imported succesfully!
shapes data imported succesfully!
shapes data imported succesfully!
shapes data imported succesfully!
shapes data imported succesfully!
shapes data imported succesfully!
shapes data imported succesfully!
shapes data imported succesfully!
shapes data imported succesfully!
shapes data imported succesfully!
shapes data imported succesfully!
shapes data imported succesfully!
shapes data imported succesfully!
shapes data imported succesfully!
shapes data imported succesfully!
shapes data imported succesfully!
shapes data imported succesfully!
shapes data imported succesfully!
shapes data imported succesfully!
shapes data imported succesfully!
shapes data imported succesfully!
shapes data imported succesfully!
shapes data imported succesfully!
shapes data imported succesfully!
shapes data imported succesfully!
shapes data imported succesfully!
shapes data imported succesfully!
shapes data imported succesfully!
shapes data imported succesfully!
shapes data imported succesfully!
shapes data imported succesfully!
shapes data imported succesfully!
shapes data imported succesfully!
shapes data imported succesfully!
shapes data imported succesfully!
shapes data imported succesfully!
shapes data imported succesfully!
shapes data imported succesfully!
shapes data imported succesfully!
shapes data imported succesfully!
shapes data imported succesfully!
shapes data imported succesfully!
shapes data imported succesfully!
shapes data imported succesfully!
shapes data imported succesfully!
shapes data imported succesfully!
shapes data imported succesfully!
shapes data imported succesfully!
shapes data imported succesfully!
shapes data imported succesfully!
shapes data imported succesfully!
shapes data imported succesfully!
shapes data imported succesfully!
shapes data imported succesfully!
shapes data imported succesfully!
shapes data imported succesfully!
shapes data imported succesfully!
shapes data imported succesfully!
shapes data imported succesfully!
shapes data imported succesfully!
shapes data imported succesfully!
shapes data imported succesfully!
shapes data imported succesfully!
shapes data imported succesfully!
shapes data imported succesfully!
shapes data imported succesfully!
shapes data imported succesfully!
shapes data imported succesfully!
shapes data imported succesfully!
shapes data imported succesfully!
shapes data imported succesfully!
shapes data imported succesfully!
shapes data imported succesfully!
shapes data imported succesfully!
shapes data imported succesfully!
shapes data imported succesfully!
shapes data imported succesfully!
shapes data imported succesfully!
shapes data imported succesfully!
shapes data imported succesfully!
shapes data imported succesfully!
shapes data imported succesfully!
shapes data imported succesfully!
shapes data imported succesfully!
shapes data imported succesfully!
shapes data imported succesfully!
shapes data imported succesfully!
shapes data imported succesfully!
shapes data imported succesfully!
shapes data imported succesfully!
shapes data imported succesfully!
shapes data imported succesfully!
shapes data imported succesfully!
shapes data imported succesfully!
shapes data imported succesfully!
shapes data imported succesfully!
shapes data imported succesfully!
shapes data imported succesfully!
shapes data imported succesfully!
shapes data imported succesfully!
shapes data imported succesfully!
shapes data imported succesfully!
shapes data imported succesfully!
shapes data imported succesfully!
shapes data imported succesfully!
shapes data imported succesfully!
shapes data imported succesfully!
shapes data imported succesfully!
shapes data imported succesfully!
shapes data imported succesfully!
shapes data imported succesfully!
shapes data imported succesfully!
shapes data imported succesfully!
shapes data imported succesfully!
shapes data imported succesfully!
shapes data imported succesfully!
shapes data imported succesfully!
shapes data imported succesfully!
shapes data imported succesfully!
shapes data imported succesfully!
shapes data imported succesfully!
shapes data imported succesfully!
shapes data imported succesfully!
shapes data imported succesfully!
shapes data imported succesfully!
shapes data imported succesfully!
shapes data imported succesfully!
shapes data imported succesfully!
shapes data imported succesfully!
shapes data imported succesfully!
shapes data imported succesfully!
shapes data imported succesfully!
shapes data imported succesfully!
shapes data imported succesfully!
shapes data imported succesfully!
shapes data imported succesfully!
shapes data imported succesfully!
shapes data imported succesfully!
shapes data imported succesfully!
shapes data imported succesfully!
shapes data imported succesfully!
shapes data imported succesfully!
shapes data imported succesfully!
shapes data imported succesfully!
shapes data imported succesfully!
shapes data imported succesfully!
shapes data imported succesfully!
shapes data imported succesfully!
shapes data imported succesfully!
shapes data imported succesfully!
shapes data imported succesfully!
shapes data imported succesfully!
shapes data imported succesfully!
shapes data imported succesfully!
shapes data imported succesfully!
shapes data imported succesfully!
shapes data imported succesfully!
shapes data imported succesfully!
shapes data imported succesfully!
shapes data imported succesfully!
shapes data imported succesfully!
shapes data imported succesfully!
shapes data imported succesfully!
shapes data imported succesfully!
shapes data imported succesfully!
shapes data imported succesfully!
shapes data imported succesfully!
shapes data imported succesfully!
shapes data imported succesfully!
shapes data imported succesfully!
shapes data imported succesfully!
shapes data imported succesfully!
shapes data imported succesfully!
shapes data imported succesfully!
shapes data imported succesfully!
shapes data imported succesfully!
shapes data imported succesfully!
shapes data imported succesfully!
shapes data imported succesfully!
shapes data imported succesfully!
shapes data imported succesfully!
shapes data imported succesfully!
shapes data imported succesfully!
shapes data imported succesfully!
shapes data imported succesfully!
shapes data imported succesfully!
shapes data imported succesfully!
shapes data imported succesfully!
shapes data imported succesfully!
shapes data imported succesfully!
shapes data imported succesfully!
shapes data imported succesfully!
shapes data imported succesfully!
shapes data imported succesfully!
shapes data imported succesfully!
shapes data imported succesfully!
shapes data imported succesfully!
shapes data imported succesfully!
shapes data imported succesfully!
shapes data imported succesfully!
shapes data imported succesfully!
shapes data imported succesfully!
shapes data imported succesfully!
shapes data imported succesfully!
shapes data imported succesfully!
shapes data imported succesfully!
shapes data imported succesfully!
shapes data imported succesfully!
shapes data imported succesfully!
shapes data imported succesfully!
shapes data imported succesfully!
shapes data imported succesfully!
shapes data imported succesfully!
shapes data imported succesfully!
shapes data imported succesfully!
shapes data imported succesfully!
shapes data imported succesfully!
shapes data imported succesfully!
shapes data imported succesfully!
shapes data imported succesfully!
shapes data imported succesfully!
shapes data imported succesfully!
shapes data imported succesfully!
shapes data imported succesfully!
shapes data imported succesfully!
shapes data imported succesfully!
shapes data imported succesfully!
shapes data imported succesfully!
shapes data imported succesfully!
shapes data imported succesfully!
shapes data imported succesfully!
shapes data imported succesfully!
shapes data imported succesfully!
shapes data imported succesfully!
shapes data imported succesfully!
shapes data imported succesfully!
shapes data imported succesfully!
shapes data imported succesfully!
shapes data imported succesfully!
shapes data imported succesfully!
shapes data imported succesfully!
shapes data imported succesfully!
shapes data imported succesfully!
shapes data imported succesfully!
shapes data imported succesfully!
shapes data imported succesfully!
shapes data imported succesfully!
shapes data imported succesfully!
shapes data imported succesfully!
shapes data imported succesfully!
shapes data imported succesfully!
shapes data imported succesfully!
shapes data imported succesfully!
shapes data imported succesfully!
shapes data imported succesfully!
shapes data imported succesfully!
shapes data imported succesfully!
shapes data imported succesfully!
shapes data imported succesfully!
shapes data imported succesfully!
shapes data imported succesfully!
shapes data imported succesfully!
shapes data imported succesfully!
shapes data imported succesfully!
shapes data imported succesfully!
shapes data imported succesfully!
shapes data imported succesfully!
shapes data imported succesfully!
shapes data imported succesfully!
shapes data imported succesfully!
shapes data imported succesfully!
shapes data imported succesfully!
shapes data imported succesfully!
shapes data imported succesfully!
shapes data imported succesfully!
shapes data imported succesfully!
shapes data imported succesfully!
shapes data imported succesfully!
shapes data imported succesfully!
shapes data imported succesfully!
shapes data imported succesfully!
shapes data imported succesfully!
shapes data imported succesfully!
shapes data imported succesfully!
shapes data imported succesfully!
shapes data imported succesfully!
shapes data imported succesfully!
shapes data imported succesfully!
shapes data imported succesfully!
shapes data imported succesfully!
shapes data imported succesfully!
shapes data imported succesfully!
shapes data imported succesfully!
shapes data imported succesfully!
shapes data imported succesfully!
shapes data imported succesfully!
shapes data imported succesfully!
shapes data imported succesfully!
shapes data imported succesfully!
shapes data imported succesfully!
shapes data imported succesfully!
shapes data imported succesfully!
shapes data imported succesfully!
shapes data imported succesfully!
shapes data imported succesfully!
shapes data imported succesfully!
shapes data imported succesfully!
shapes data imported succesfully!
shapes data imported succesfully!
shapes data imported succesfully!
shapes data imported succesfully!
shapes data imported succesfully!
shapes data imported succesfully!
shapes data imported succesfully!
shapes data imported succesfully!
shapes data imported succesfully!
shapes data imported succesfully!
shapes data imported succesfully!
shapes data imported succesfully!
shapes data imported succesfully!
shapes data imported succesfully!
shapes data imported succesfully!
shapes data imported succesfully!
shapes data imported succesfully!
shapes data imported succesfully!
shapes data imported succesfully!
shapes data imported succesfully!
shapes data imported succesfully!
shapes data imported succesfully!
shapes data imported succesfully!
shapes data imported succesfully!
shapes data imported succesfully!
shapes data imported succesfully!
shapes data imported succesfully!
shapes data imported succesfully!
shapes data imported succesfully!
shapes data imported succesfully!
shapes data imported succesfully!
shapes data imported succesfully!
shapes data imported succesfully!
shapes data imported succesfully!
shapes data imported succesfully!
shapes data imported succesfully!
shapes data imported succesfully!
shapes data imported succesfully!
shapes data imported succesfully!
shapes data imported succesfully!
shapes data imported succesfully!
shapes data imported succesfully!
shapes data imported succesfully!
shapes data imported succesfully!
shapes data imported succesfully!
shapes data imported succesfully!
shapes data imported succesfully!
shapes data imported succesfully!
shapes data imported succesfully!
shapes data imported succesfully!
shapes data imported succesfully!
shapes data imported succesfully!
shapes data imported succesfully!
shapes data imported succesfully!
shapes data imported succesfully!
shapes data imported succesfully!
shapes data imported succesfully!
shapes data imported succesfully!
shapes data imported succesfully!
shapes data imported succesfully!
shapes data imported succesfully!
shapes data imported succesfully!
shapes data imported succesfully!
shapes data imported succesfully!
shapes data imported succesfully!
shapes data imported succesfully!
shapes data imported succesfully!
shapes data imported succesfully!
shapes data imported succesfully!
shapes data imported succesfully!
shapes data imported succesfully!
shapes data imported succesfully!
shapes data imported succesfully!
shapes data imported succesfully!
shapes data imported succesfully!
shapes data imported succesfully!
shapes data imported succesfully!
shapes data imported succesfully!
shapes data imported succesfully!
shapes data imported succesfully!
shapes data imported succesfully!
shapes data imported succesfully!
shapes data imported succesfully!
shapes data imported succesfully!
shapes data imported succesfully!
shapes data imported succesfully!
shapes data imported succesfully!
shapes data imported succesfully!
shapes data imported succesfully!
shapes data imported succesfully!
shapes data imported succesfully!
shapes data imported succesfully!
shapes data imported succesfully!
shapes data imported succesfully!
shapes data imported succesfully!
shapes data imported succesfully!
shapes data imported succesfully!
shapes data imported succesfully!
shapes data imported succesfully!
shapes data imported succesfully!
shapes data imported succesfully!
shapes data imported succesfully!
shapes data imported succesfully!
shapes data imported succesfully!
shapes data imported succesfully!
shapes data imported succesfully!
shapes data imported succesfully!
shapes data imported succesfully!
shapes data imported succesfully!
shapes data imported succesfully!
shapes data imported succesfully!
shapes data imported succesfully!
shapes data imported succesfully!
shapes data imported succesfully!
shapes data imported succesfully!
shapes data imported succesfully!
shapes data imported succesfully!
shapes data imported succesfully!
shapes data imported succesfully!
shapes data imported succesfully!
shapes data imported succesfully!
shapes data imported succesfully!
shapes data imported succesfully!
shapes data imported succesfully!
shapes data imported succesfully!
shapes data imported succesfully!
shapes data imported succesfully!
shapes data imported succesfully!
shapes data imported succesfully!
shapes data imported succesfully!
shapes data imported succesfully!
shapes data imported succesfully!
shapes data imported succesfully!
shapes data imported succesfully!
shapes data imported succesfully!
shapes data imported succesfully!
shapes data imported succesfully!
shapes data imported succesfully!
shapes data imported succesfully!
shapes data imported succesfully!
shapes data imported succesfully!
shapes data imported succesfully!
shapes data imported succesfully!
shapes data imported succesfully!
shapes data imported succesfully!
shapes data imported succesfully!
shapes data imported succesfully!
shapes data imported succesfully!
shapes data imported succesfully!
shapes data imported succesfully!
shapes data imported succesfully!
shapes data imported succesfully!
shapes data imported succesfully!
shapes data imported succesfully!
shapes data imported succesfully!
shapes data imported succesfully!
shapes data imported succesfully!
shapes data imported succesfully!
shapes data imported succesfully!
shapes data imported succesfully!
shapes data imported succesfully!
shapes data imported succesfully!
shapes data imported succesfully!
shapes data imported succesfully!
shapes data imported succesfully!
shapes data imported succesfully!
shapes data imported succesfully!
shapes data imported succesfully!
shapes data imported succesfully!
shapes data imported succesfully!
shapes data imported succesfully!
shapes data imported succesfully!
shapes data imported succesfully!
shapes data imported succesfully!
shapes data imported succesfully!
shapes data imported succesfully!
shapes data imported succesfully!
shapes data imported succesfully!
shapes data imported succesfully!
shapes data imported succesfully!
shapes data imported succesfully!
shapes data imported succesfully!
shapes data imported succesfully!
shapes data imported succesfully!
shapes data imported succesfully!
shapes data imported succesfully!
shapes data imported succesfully!
shapes data imported succesfully!
shapes data imported succesfully!
shapes data imported succesfully!
shapes data imported succesfully!
shapes data imported succesfully!
shapes data imported succesfully!
shapes data imported succesfully!
shapes data imported succesfully!
shapes data imported succesfully!
shapes data imported succesfully!
shapes data imported succesfully!
shapes data imported succesfully!
shapes data imported succesfully!
shapes data imported succesfully!
shapes data imported succesfully!
shapes data imported succesfully!
shapes data imported succesfully!
shapes data imported succesfully!
shapes data imported succesfully!
shapes data imported succesfully!
shapes data imported succesfully!
shapes data imported succesfully!
shapes data imported succesfully!
shapes data imported succesfully!
shapes data imported succesfully!
shapes data imported succesfully!
shapes data imported succesfully!
shapes data imported succesfully!
shapes data imported succesfully!
shapes data imported succesfully!
shapes data imported succesfully!
shapes data imported succesfully!
shapes data imported succesfully!
shapes data imported succesfully!
shapes data imported succesfully!
shapes data imported succesfully!
shapes data imported succesfully!
shapes data imported succesfully!
shapes data imported succesfully!
shapes data imported succesfully!
shapes data imported succesfully!
shapes data imported succesfully!
shapes data imported succesfully!
shapes data imported succesfully!
shapes data imported succesfully!
shapes data imported succesfully!
shapes data imported succesfully!
shapes data imported succesfully!
shapes data imported succesfully!
shapes data imported succesfully!
shapes data imported succesfully!
shapes data imported succesfully!
shapes data imported succesfully!
shapes data imported succesfully!
shapes data imported succesfully!
shapes data imported succesfully!
shapes data imported succesfully!
shapes data imported succesfully!
shapes data imported succesfully!
shapes data imported succesfully!
shapes data imported succesfully!
shapes data imported succesfully!
shapes data imported succesfully!
shapes data imported succesfully!
shapes data imported succesfully!
shapes data imported succesfully!
shapes data imported succesfully!
shapes data imported succesfully!
shapes data imported succesfully!
shapes data imported succesfully!
shapes data imported succesfully!
shapes data imported succesfully!
shapes data imported succesfully!
shapes data imported succesfully!
shapes data imported succesfully!
shapes data imported succesfully!
shapes data imported succesfully!
shapes data imported succesfully!
shapes data imported succesfully!
shapes data imported succesfully!
shapes data imported succesfully!
shapes data imported succesfully!
shapes data imported succesfully!
shapes data imported succesfully!
shapes data imported succesfully!
shapes data imported succesfully!
shapes data imported succesfully!
shapes data imported succesfully!
shapes data imported succesfully!
shapes data imported succesfully!
shapes data imported succesfully!
shapes data imported succesfully!
shapes data imported succesfully!
shapes data imported succesfully!
shapes data imported succesfully!
shapes data imported succesfully!
shapes data imported succesfully!
shapes data imported succesfully!
shapes data imported succesfully!
shapes data imported succesfully!
shapes data imported succesfully!
shapes data imported succesfully!
shapes data imported succesfully!
shapes data imported succesfully!
shapes data imported succesfully!
shapes data imported succesfully!
shapes data imported succesfully!
shapes data imported succesfully!
shapes data imported succesfully!
shapes data imported succesfully!
shapes data imported succesfully!
shapes data imported succesfully!
shapes data imported succesfully!
shapes data imported succesfully!
shapes data imported succesfully!
shapes data imported succesfully!
shapes data imported succesfully!
shapes data imported succesfully!
shapes data imported succesfully!
shapes data imported succesfully!
shapes data imported succesfully!
shapes data imported succesfully!
shapes data imported succesfully!
shapes data imported succesfully!
shapes data imported succesfully!
shapes data imported succesfully!
shapes data imported succesfully!
shapes data imported succesfully!
shapes data imported succesfully!
shapes data imported succesfully!
shapes data imported succesfully!
shapes data imported succesfully!
shapes data imported succesfully!
shapes data imported succesfully!
shapes data imported succesfully!
shapes data imported succesfully!
shapes data imported succesfully!
shapes data imported succesfully!
shapes data imported succesfully!
shapes data imported succesfully!
shapes data imported succesfully!
shapes data imported succesfully!
shapes data imported succesfully!
shapes data imported succesfully!
shapes data imported succesfully!
shapes data imported succesfully!
shapes data imported succesfully!
shapes data imported succesfully!
shapes data imported succesfully!
shapes data imported succesfully!
shapes data imported succesfully!
shapes data imported succesfully!
shapes data imported succesfully!
shapes data imported succesfully!
shapes data imported succesfully!
shapes data imported succesfully!
shapes data imported succesfully!
shapes data imported succesfully!
shapes data imported succesfully!
shapes data imported succesfully!
shapes data imported succesfully!
shapes data imported succesfully!
shapes data imported succesfully!
shapes data imported succesfully!
shapes data imported succesfully!
shapes data imported succesfully!
shapes data imported succesfully!
shapes data imported succesfully!
shapes data imported succesfully!
shapes data imported succesfully!
shapes data imported succesfully!
shapes data imported succesfully!
shapes data imported succesfully!
shapes data imported succesfully!
shapes data imported succesfully!
shapes data imported succesfully!
shapes data imported succesfully!
shapes data imported succesfully!
shapes data imported succesfully!
shapes data imported succesfully!
shapes data imported succesfully!
shapes data imported succesfully!
shapes data imported succesfully!
shapes data imported succesfully!
shapes data imported succesfully!
shapes data imported succesfully!
shapes data imported succesfully!
shapes data imported succesfully!
shapes data imported succesfully!
shapes data imported succesfully!
shapes data imported succesfully!
shapes data imported succesfully!
shapes data imported succesfully!
shapes data imported succesfully!
shapes data imported succesfully!
shapes data imported succesfully!
shapes data imported succesfully!
shapes data imported succesfully!
shapes data imported succesfully!
shapes data imported succesfully!
shapes data imported succesfully!
shapes data imported succesfully!
shapes data imported succesfully!
shapes data imported succesfully!
shapes data imported succesfully!
shapes data imported succesfully!
shapes data imported succesfully!
shapes data imported succesfully!
shapes data imported succesfully!
shapes data imported succesfully!
shapes data imported succesfully!
shapes data imported succesfully!
shapes data imported succesfully!
shapes data imported succesfully!
shapes data imported succesfully!
shapes data imported succesfully!
shapes data imported succesfully!
shapes data imported succesfully!
shapes data imported succesfully!
shapes data imported succesfully!
shapes data imported succesfully!
shapes data imported succesfully!
shapes data imported succesfully!
shapes data imported succesfully!
shapes data imported succesfully!
shapes data imported succesfully!
shapes data imported succesfully!
shapes data imported succesfully!
shapes data imported succesfully!
shapes data imported succesfully!
shapes data imported succesfully!
shapes data imported succesfully!
shapes data imported succesfully!
shapes data imported succesfully!
shapes data imported succesfully!
shapes data imported succesfully!
shapes data imported succesfully!
shapes data imported succesfully!
shapes data imported succesfully!
shapes data imported succesfully!
shapes data imported succesfully!
shapes data imported succesfully!
shapes data imported succesfully!
shapes data imported succesfully!
shapes data imported succesfully!
shapes data imported succesfully!
shapes data imported succesfully!
shapes data imported succesfully!
shapes data imported succesfully!
shapes data imported succesfully!
shapes data imported succesfully!
shapes data imported succesfully!
shapes data imported succesfully!
shapes data imported succesfully!
shapes data imported succesfully!
shapes data imported succesfully!
shapes data imported succesfully!
shapes data imported succesfully!
shapes data imported succesfully!
shapes data imported succesfully!
shapes data imported succesfully!
shapes data imported succesfully!
shapes data imported succesfully!
shapes data imported succesfully!
shapes data imported succesfully!
shapes data imported succesfully!
shapes data imported succesfully!
shapes data imported succesfully!
shapes data imported succesfully!
shapes data imported succesfully!
shapes data imported succesfully!
shapes data imported succesfully!
shapes data imported succesfully!
shapes data imported succesfully!
shapes data imported succesfully!
shapes data imported succesfully!
shapes data imported succesfully!
shapes data imported succesfully!
shapes data imported succesfully!
shapes data imported succesfully!
shapes data imported succesfully!
shapes data imported succesfully!
shapes data imported succesfully!
shapes data imported succesfully!
shapes data imported succesfully!
shapes data imported succesfully!
shapes data imported succesfully!
shapes data imported succesfully!
shapes data imported succesfully!
shapes data imported succesfully!
shapes data imported succesfully!
shapes data imported succesfully!
shapes data imported succesfully!
shapes data imported succesfully!
shapes data imported succesfully!
shapes data imported succesfully!
shapes data imported succesfully!
shapes data imported succesfully!
shapes data imported succesfully!
shapes data imported succesfully!
shapes data imported succesfully!
shapes data imported succesfully!
shapes data imported succesfully!
shapes data imported succesfully!
shapes data imported succesfully!
shapes data imported succesfully!
shapes data imported succesfully!
shapes data imported succesfully!
shapes data imported succesfully!
shapes data imported succesfully!
shapes data imported succesfully!
shapes data imported succesfully!
shapes data imported succesfully!
shapes data imported succesfully!
shapes data imported succesfully!
shapes data imported succesfully!
shapes data imported succesfully!
shapes data imported succesfully!
shapes data imported succesfully!
shapes data imported succesfully!
shapes data imported succesfully!
shapes data imported succesfully!
shapes data imported succesfully!
shapes data imported succesfully!
shapes data imported succesfully!
shapes data imported succesfully!
shapes data imported succesfully!
shapes data imported succesfully!
shapes data imported succesfully!
shapes data imported succesfully!
shapes data imported succesfully!
shapes data imported succesfully!
shapes data imported succesfully!
shapes data imported succesfully!
shapes data imported succesfully!
shapes data imported succesfully!
shapes data imported succesfully!
shapes data imported succesfully!
shapes data imported succesfully!
shapes data imported succesfully!
shapes data imported succesfully!
shapes data imported succesfully!
shapes data imported succesfully!
shapes data imported succesfully!
shapes data imported succesfully!
shapes data imported succesfully!
shapes data imported succesfully!
shapes data imported succesfully!
shapes data imported succesfully!
shapes data imported succesfully!
shapes data imported succesfully!
shapes data imported succesfully!
shapes data imported succesfully!
shapes data imported succesfully!
shapes data imported succesfully!
shapes data imported succesfully!
shapes data imported succesfully!
shapes data imported succesfully!
shapes data imported succesfully!
shapes data imported succesfully!
shapes data imported succesfully!
shapes data imported succesfully!
shapes data imported succesfully!
shapes data imported succesfully!
shapes data imported succesfully!
shapes data imported succesfully!
shapes data imported succesfully!
shapes data imported succesfully!
shapes data imported succesfully!
shapes data imported succesfully!
shapes data imported succesfully!
shapes data imported succesfully!
shapes data imported succesfully!
shapes data imported succesfully!
shapes data imported succesfully!
shapes data imported succesfully!
shapes data imported succesfully!
shapes data imported succesfully!
shapes data imported succesfully!
shapes data imported succesfully!
shapes data imported succesfully!
shapes data imported succesfully!
shapes data imported succesfully!
shapes data imported succesfully!
shapes data imported succesfully!
shapes data imported succesfully!
shapes data imported succesfully!
shapes data imported succesfully!
shapes data imported succesfully!
shapes data imported succesfully!
shapes data imported succesfully!
shapes data imported succesfully!
shapes data imported succesfully!
shapes data imported succesfully!
shapes data imported succesfully!
shapes data imported succesfully!
shapes data imported succesfully!
shapes data imported succesfully!
shapes data imported succesfully!
shapes data imported succesfully!
shapes data imported succesfully!
shapes data imported succesfully!
shapes data imported succesfully!
shapes data imported succesfully!
shapes data imported succesfully!
shapes data imported succesfully!
shapes data imported succesfully!
shapes data imported succesfully!
shapes data imported succesfully!
shapes data imported succesfully!
shapes data imported succesfully!
shapes data imported succesfully!
shapes data imported succesfully!
shapes data imported succesfully!
shapes data imported succesfully!
shapes data imported succesfully!
shapes data imported succesfully!
shapes data imported succesfully!
shapes data imported succesfully!
shapes data imported succesfully!
shapes data imported succesfully!
shapes data imported succesfully!
shapes data imported succesfully!
shapes data imported succesfully!
shapes data imported succesfully!
shapes data imported succesfully!
shapes data imported succesfully!
shapes data imported succesfully!
shapes data imported succesfully!
shapes data imported succesfully!
shapes data imported succesfully!
shapes data imported succesfully!
shapes data imported succesfully!
shapes data imported succesfully!
shapes data imported succesfully!
shapes data imported succesfully!
shapes data imported succesfully!
shapes data imported succesfully!
shapes data imported succesfully!
shapes data imported succesfully!
shapes data imported succesfully!
shapes data imported succesfully!
shapes data imported succesfully!
shapes data imported succesfully!
shapes data imported succesfully!
shapes data imported succesfully!
shapes data imported succesfully!
shapes data imported succesfully!
shapes data imported succesfully!
shapes data imported succesfully!
shapes data imported succesfully!
shapes data imported succesfully!
shapes data imported succesfully!
shapes data imported succesfully!
shapes data imported succesfully!
shapes data imported succesfully!
shapes data imported succesfully!
shapes data imported succesfully!
shapes data imported succesfully!
shapes data imported succesfully!
shapes data imported succesfully!
shapes data imported succesfully!
shapes data imported succesfully!
shapes data imported succesfully!
shapes data imported succesfully!
shapes data imported succesfully!
shapes data imported succesfully!
shapes data imported succesfully!
shapes data imported succesfully!
shapes data imported succesfully!
shapes data imported succesfully!
shapes data imported succesfully!
shapes data imported succesfully!
shapes data imported succesfully!
shapes data imported succesfully!
shapes data imported succesfully!
shapes data imported succesfully!
shapes data imported succesfully!
shapes data imported succesfully!
shapes data imported succesfully!
shapes data imported succesfully!
shapes data imported succesfully!
shapes data imported succesfully!
shapes data imported succesfully!
shapes data imported succesfully!
shapes data imported succesfully!
shapes data imported succesfully!
shapes data imported succesfully!
shapes data imported succesfully!
shapes data imported succesfully!
shapes data imported succesfully!
shapes data imported succesfully!
shapes data imported succesfully!
shapes data imported succesfully!
shapes data imported succesfully!
shapes data imported succesfully!
shapes data imported succesfully!
shapes data imported succesfully!
shapes data imported succesfully!
shapes data imported succesfully!
shapes data imported succesfully!
shapes data imported succesfully!
shapes data imported succesfully!
shapes data imported succesfully!
shapes data imported succesfully!
shapes data imported succesfully!
shapes data imported succesfully!
shapes data imported succesfully!
shapes data imported succesfully!
shapes data imported succesfully!
shapes data imported succesfully!
shapes data imported succesfully!
shapes data imported succesfully!
shapes data imported succesfully!
shapes data imported succesfully!
shapes data imported succesfully!
shapes data imported succesfully!
shapes data imported succesfully!
shapes data imported succesfully!
shapes data imported succesfully!
shapes data imported succesfully!
shapes data imported succesfully!
shapes data imported succesfully!
shapes data imported succesfully!
shapes data imported succesfully!
shapes data imported succesfully!
shapes data imported succesfully!
shapes data imported succesfully!
shapes data imported succesfully!
shapes data imported succesfully!
shapes data imported succesfully!
shapes data imported succesfully!
shapes data imported succesfully!
shapes data imported succesfully!
shapes data imported succesfully!
shapes data imported succesfully!
shapes data imported succesfully!
shapes data imported succesfully!
shapes data imported succesfully!
shapes data imported succesfully!
shapes data imported succesfully!
shapes data imported succesfully!
shapes data imported succesfully!
shapes data imported succesfully!
shapes data imported succesfully!
shapes data imported succesfully!
shapes data imported succesfully!
shapes data imported succesfully!
shapes data imported succesfully!
shapes data imported succesfully!
shapes data imported succesfully!
shapes data imported succesfully!
shapes data imported succesfully!
shapes data imported succesfully!
shapes data imported succesfully!
shapes data imported succesfully!
shapes data imported succesfully!
shapes data imported succesfully!
shapes data imported succesfully!
shapes data imported succesfully!
shapes data imported succesfully!
shapes data imported succesfully!
shapes data imported succesfully!
shapes data imported succesfully!
shapes data imported succesfully!
shapes data imported succesfully!
shapes data imported succesfully!
shapes data imported succesfully!
shapes data imported succesfully!
shapes data imported succesfully!
shapes data imported succesfully!
shapes data imported succesfully!
shapes data imported succesfully!
shapes data imported succesfully!
shapes data imported succesfully!
shapes data imported succesfully!
shapes data imported succesfully!
shapes data imported succesfully!
shapes data imported succesfully!
shapes data imported succesfully!
shapes data imported succesfully!
shapes data imported succesfully!
shapes data imported succesfully!
shapes data imported succesfully!
shapes data imported succesfully!
shapes data imported succesfully!
shapes data imported succesfully!
shapes data imported succesfully!
shapes data imported succesfully!
shapes data imported succesfully!
shapes data imported succesfully!
shapes data imported succesfully!
shapes data imported succesfully!
shapes data imported succesfully!
shapes data imported succesfully!
shapes data imported succesfully!
shapes data imported succesfully!
shapes data imported succesfully!
shapes data imported succesfully!
shapes data imported succesfully!
shapes data imported succesfully!
shapes data imported succesfully!
shapes data imported succesfully!
shapes data imported succesfully!
shapes data imported succesfully!
shapes data imported succesfully!
shapes data imported succesfully!
shapes data imported succesfully!
shapes data imported succesfully!
shapes data imported succesfully!
shapes data imported succesfully!
shapes data imported succesfully!
shapes data imported succesfully!
shapes data imported succesfully!
shapes data imported succesfully!
shapes data imported succesfully!
shapes data imported succesfully!
shapes data imported succesfully!
shapes data imported succesfully!
shapes data imported succesfully!
shapes data imported succesfully!
shapes data imported succesfully!
shapes data imported succesfully!
shapes data imported succesfully!
shapes data imported succesfully!
shapes data imported succesfully!
shapes data imported succesfully!
shapes data imported succesfully!
shapes data imported succesfully!
shapes data imported succesfully!
shapes data imported succesfully!
shapes data imported succesfully!
shapes data imported succesfully!
shapes data imported succesfully!
shapes data imported succesfully!
shapes data imported succesfully!
shapes data imported succesfully!
shapes data imported succesfully!
shapes data imported succesfully!
shapes data imported succesfully!
shapes data imported succesfully!
shapes data imported succesfully!
shapes data imported succesfully!
shapes data imported succesfully!
shapes data imported succesfully!
shapes data imported succesfully!
shapes data imported succesfully!
shapes data imported succesfully!
shapes data imported succesfully!
shapes data imported succesfully!
shapes data imported succesfully!
shapes data imported succesfully!
shapes data imported succesfully!
shapes data imported succesfully!
shapes data imported succesfully!
shapes data imported succesfully!
shapes data imported succesfully!
shapes data imported succesfully!
shapes data imported succesfully!
shapes data imported succesfully!
shapes data imported succesfully!
shapes data imported succesfully!
shapes data imported succesfully!
shapes data imported succesfully!
shapes data imported succesfully!
shapes data imported succesfully!
shapes data imported succesfully!
shapes data imported succesfully!
shapes data imported succesfully!
shapes data imported succesfully!
shapes data imported succesfully!
shapes data imported succesfully!
shapes data imported succesfully!
shapes data imported succesfully!
shapes data imported succesfully!
shapes data imported succesfully!
shapes data imported succesfully!
shapes data imported succesfully!
shapes data imported succesfully!
shapes data imported succesfully!
shapes data imported succesfully!
shapes data imported succesfully!
shapes data imported succesfully!
shapes data imported succesfully!
shapes data imported succesfully!
shapes data imported succesfully!
shapes data imported succesfully!
shapes data imported succesfully!
shapes data imported succesfully!
shapes data imported succesfully!
shapes data imported succesfully!
shapes data imported succesfully!
shapes data imported succesfully!
shapes data imported succesfully!
shapes data imported succesfully!
shapes data imported succesfully!
shapes data imported succesfully!
shapes data imported succesfully!
shapes data imported succesfully!
shapes data imported succesfully!
shapes data imported succesfully!
shapes data imported succesfully!
shapes data imported succesfully!
shapes data imported succesfully!
shapes data imported succesfully!
shapes data imported succesfully!
shapes data imported succesfully!
shapes data imported succesfully!
shapes data imported succesfully!
shapes data imported succesfully!
shapes data imported succesfully!
shapes data imported succesfully!
shapes data imported succesfully!
shapes data imported succesfully!
shapes data imported succesfully!
shapes data imported succesfully!
shapes data imported succesfully!
shapes data imported succesfully!
shapes data imported succesfully!
shapes data imported succesfully!
shapes data imported succesfully!
shapes data imported succesfully!
shapes data imported succesfully!
shapes data imported succesfully!
shapes data imported succesfully!
shapes data imported succesfully!
shapes data imported succesfully!
shapes data imported succesfully!
shapes data imported succesfully!
shapes data imported succesfully!
shapes data imported succesfully!
shapes data imported succesfully!
shapes data imported succesfully!
shapes data imported succesfully!
shapes data imported succesfully!
shapes data imported succesfully!
shapes data imported succesfully!
shapes data imported succesfully!
shapes data imported succesfully!
shapes data imported succesfully!
shapes data imported succesfully!
shapes data imported succesfully!
shapes data imported succesfully!
shapes data imported succesfully!
shapes data imported succesfully!
shapes data imported succesfully!
shapes data imported succesfully!
shapes data imported succesfully!
shapes data imported succesfully!
shapes data imported succesfully!
shapes data imported succesfully!
shapes data imported succesfully!
shapes data imported succesfully!
shapes data imported succesfully!
shapes data imported succesfully!
shapes data imported succesfully!
shapes data imported succesfully!
shapes data imported succesfully!
shapes data imported succesfully!
shapes data imported succesfully!
shapes data imported succesfully!
shapes data imported succesfully!
shapes data imported succesfully!
shapes data imported succesfully!
shapes data imported succesfully!
shapes data imported succesfully!
shapes data imported succesfully!
shapes data imported succesfully!
shapes data imported succesfully!
shapes data imported succesfully!
shapes data imported succesfully!
shapes data imported succesfully!
shapes data imported succesfully!
shapes data imported succesfully!
shapes data imported succesfully!
shapes data imported succesfully!
shapes data imported succesfully!
shapes data imported succesfully!
shapes data imported succesfully!
shapes data imported succesfully!
shapes data imported succesfully!
shapes data imported succesfully!
shapes data imported succesfully!
shapes data imported succesfully!
shapes data imported succesfully!
shapes data imported succesfully!
shapes data imported succesfully!
shapes data imported succesfully!
shapes data imported succesfully!
shapes data imported succesfully!
shapes data imported succesfully!
shapes data imported succesfully!
shapes data imported succesfully!
shapes data imported succesfully!
shapes data imported succesfully!
shapes data imported succesfully!
shapes data imported succesfully!
shapes data imported succesfully!
shapes data imported succesfully!
shapes data imported succesfully!
shapes data imported succesfully!
shapes data imported succesfully!
shapes data imported succesfully!
shapes data imported succesfully!
shapes data imported succesfully!
shapes data imported succesfully!
shapes data imported succesfully!
shapes data imported succesfully!
shapes data imported succesfully!
shapes data imported succesfully!
shapes data imported succesfully!
shapes data imported succesfully!
shapes data imported succesfully!
shapes data imported succesfully!
shapes data imported succesfully!
shapes data imported succesfully!
shapes data imported succesfully!
shapes data imported succesfully!
shapes data imported succesfully!
shapes data imported succesfully!
shapes data imported succesfully!
shapes data imported succesfully!
shapes data imported succesfully!
shapes data imported succesfully!
shapes data imported succesfully!
shapes data imported succesfully!
shapes data imported succesfully!
shapes data imported succesfully!
shapes data imported succesfully!
shapes data imported succesfully!
shapes data imported succesfully!
shapes data imported succesfully!
shapes data imported succesfully!
shapes data imported succesfully!
shapes data imported succesfully!
shapes data imported succesfully!
shapes data imported succesfully!
shapes data imported succesfully!
shapes data imported succesfully!
shapes data imported succesfully!
shapes data imported succesfully!
shapes data imported succesfully!
shapes data imported succesfully!
shapes data imported succesfully!
shapes data imported succesfully!
shapes data imported succesfully!
shapes data imported succesfully!
shapes data imported succesfully!
shapes data imported succesfully!
shapes data imported succesfully!
shapes data imported succesfully!
shapes data imported succesfully!
shapes data imported succesfully!
shapes data imported succesfully!
shapes data imported succesfully!
shapes data imported succesfully!
shapes data imported succesfully!
shapes data imported succesfully!
shapes data imported succesfully!
shapes data imported succesfully!
shapes data imported succesfully!
shapes data imported succesfully!
shapes data imported succesfully!
shapes data imported succesfully!
shapes data imported succesfully!
shapes data imported succesfully!
shapes data imported succesfully!
shapes data imported succesfully!
shapes data imported succesfully!
shapes data imported succesfully!
shapes data imported succesfully!
shapes data imported succesfully!
shapes data imported succesfully!
shapes data imported succesfully!
shapes data imported succesfully!
shapes data imported succesfully!
shapes data imported succesfully!
shapes data imported succesfully!
shapes data imported succesfully!
shapes data imported succesfully!
shapes data imported succesfully!
shapes data imported succesfully!
shapes data imported succesfully!
shapes data imported succesfully!
shapes data imported succesfully!
shapes data imported succesfully!
shapes data imported succesfully!
shapes data imported succesfully!
shapes data imported succesfully!
shapes data imported succesfully!
shapes data imported succesfully!
shapes data imported succesfully!
shapes data imported succesfully!
shapes data imported succesfully!
shapes data imported succesfully!
shapes data imported succesfully!
shapes data imported succesfully!
shapes data imported succesfully!
shapes data imported succesfully!
shapes data imported succesfully!
shapes data imported succesfully!
shapes data imported succesfully!
shapes data imported succesfully!
shapes data imported succesfully!
shapes data imported succesfully!
shapes data imported succesfully!
shapes data imported succesfully!
shapes data imported succesfully!
shapes data imported succesfully!
shapes data imported succesfully!
shapes data imported succesfully!
shapes data imported succesfully!
shapes data imported succesfully!
shapes data imported succesfully!
shapes data imported succesfully!
shapes data imported succesfully!
shapes data imported succesfully!
shapes data imported succesfully!
shapes data imported succesfully!
shapes data imported succesfully!
shapes data imported succesfully!
shapes data imported succesfully!
shapes data imported succesfully!
shapes data imported succesfully!
shapes data imported succesfully!
shapes data imported succesfully!
shapes data imported succesfully!
shapes data imported succesfully!
shapes data imported succesfully!
shapes data imported succesfully!
shapes data imported succesfully!
shapes data imported succesfully!
shapes data imported succesfully!
shapes data imported succesfully!
shapes data imported succesfully!
shapes data imported succesfully!
shapes data imported succesfully!
shapes data imported succesfully!
shapes data imported succesfully!
shapes data imported succesfully!
shapes data imported succesfully!
shapes data imported succesfully!
shapes data imported succesfully!
shapes data imported succesfully!
shapes data imported succesfully!
shapes data imported succesfully!
shapes data imported succesfully!
shapes data imported succesfully!
shapes data imported succesfully!
shapes data imported succesfully!
shapes data imported succesfully!
shapes data imported succesfully!
shapes data imported succesfully!
shapes data imported succesfully!
shapes data imported succesfully!
shapes data imported succesfully!
shapes data imported succesfully!
shapes data imported succesfully!
shapes data imported succesfully!
shapes data imported succesfully!
shapes data imported succesfully!
shapes data imported succesfully!
shapes data imported succesfully!
shapes data imported succesfully!
shapes data imported succesfully!
shapes data imported succesfully!
shapes data imported succesfully!
shapes data imported succesfully!
shapes data imported succesfully!
shapes data imported succesfully!
shapes data imported succesfully!
shapes data imported succesfully!
shapes data imported succesfully!
shapes data imported succesfully!
shapes data imported succesfully!
shapes data imported succesfully!
shapes data imported succesfully!
shapes data imported succesfully!
shapes data imported succesfully!
shapes data imported succesfully!
shapes data imported succesfully!
shapes data imported succesfully!
shapes data imported succesfully!
shapes data imported succesfully!
shapes data imported succesfully!
shapes data imported succesfully!
shapes data imported succesfully!
shapes data imported succesfully!
shapes data imported succesfully!
shapes data imported succesfully!
shapes data imported succesfully!
shapes data imported succesfully!
shapes data imported succesfully!
shapes data imported succesfully!
shapes data imported succesfully!
shapes data imported succesfully!
shapes data imported succesfully!
shapes data imported succesfully!
shapes data imported succesfully!
shapes data imported succesfully!
shapes data imported succesfully!
shapes data imported succesfully!
shapes data imported succesfully!
shapes data imported succesfully!
shapes data imported succesfully!
shapes data imported succesfully!
shapes data imported succesfully!
shapes data imported succesfully!
shapes data imported succesfully!
shapes data imported succesfully!
shapes data imported succesfully!
shapes data imported succesfully!
shapes data imported succesfully!
shapes data imported succesfully!
shapes data imported succesfully!
shapes data imported succesfully!
shapes data imported succesfully!
shapes data imported succesfully!
shapes data imported succesfully!
shapes data imported succesfully!
shapes data imported succesfully!
shapes data imported succesfully!
shapes data imported succesfully!
shapes data imported succesfully!
shapes data imported succesfully!
shapes data imported succesfully!
shapes data imported succesfully!
shapes data imported succesfully!
shapes data imported succesfully!
shapes data imported succesfully!
shapes data imported succesfully!
shapes data imported succesfully!
shapes data imported succesfully!
shapes data imported succesfully!
shapes data imported succesfully!
shapes data imported succesfully!
shapes data imported succesfully!
shapes data imported succesfully!
shapes data imported succesfully!
shapes data imported succesfully!
shapes data imported succesfully!
shapes data imported succesfully!
shapes data imported succesfully!
shapes data imported succesfully!
shapes data imported succesfully!
shapes data imported succesfully!
shapes data imported succesfully!
shapes data imported succesfully!
shapes data imported succesfully!
shapes data imported succesfully!
shapes data imported succesfully!
shapes data imported succesfully!
shapes data imported succesfully!
shapes data imported succesfully!
shapes data imported succesfully!
shapes data imported succesfully!
shapes data imported succesfully!
shapes data imported succesfully!
shapes data imported succesfully!
shapes data imported succesfully!
shapes data imported succesfully!
shapes data imported succesfully!
shapes data imported succesfully!
shapes data imported succesfully!
shapes data imported succesfully!
shapes data imported succesfully!
shapes data imported succesfully!
shapes data imported succesfully!
shapes data imported succesfully!
shapes data imported succesfully!
shapes data imported succesfully!
shapes data imported succesfully!
shapes data imported succesfully!
shapes data imported succesfully!
shapes data imported succesfully!
shapes data imported succesfully!
shapes data imported succesfully!
shapes data imported succesfully!
shapes data imported succesfully!
shapes data imported succesfully!
shapes data imported succesfully!
shapes data imported succesfully!
shapes data imported succesfully!
shapes data imported succesfully!
shapes data imported succesfully!
shapes data imported succesfully!
shapes data imported succesfully!
shapes data imported succesfully!
shapes data imported succesfully!
shapes data imported succesfully!
shapes data imported succesfully!
shapes data imported succesfully!
shapes data imported succesfully!
shapes data imported succesfully!
shapes data imported succesfully!
shapes data imported succesfully!
shapes data imported succesfully!
shapes data imported succesfully!
shapes data imported succesfully!
shapes data imported succesfully!
shapes data imported succesfully!
shapes data imported succesfully!
shapes data imported succesfully!
shapes data imported succesfully!
shapes data imported succesfully!
shapes data imported succesfully!
shapes data imported succesfully!
shapes data imported succesfully!
shapes data imported succesfully!
shapes data imported succesfully!
shapes data imported succesfully!
shapes data imported succesfully!
shapes data imported succesfully!
shapes data imported succesfully!
shapes data imported succesfully!
shapes data imported succesfully!
shapes data imported succesfully!
shapes data imported succesfully!
shapes data imported succesfully!
shapes data imported succesfully!
shapes data imported succesfully!
shapes data imported succesfully!
shapes data imported succesfully!
shapes data imported succesfully!
shapes data imported succesfully!
shapes data imported succesfully!
shapes data imported succesfully!
shapes data imported succesfully!
shapes data imported succesfully!
shapes data imported succesfully!
shapes data imported succesfully!
shapes data imported succesfully!
shapes data imported succesfully!
shapes data imported succesfully!
shapes data imported succesfully!
shapes data imported succesfully!
shapes data imported succesfully!
shapes data imported succesfully!
shapes data imported succesfully!
shapes data imported succesfully!
shapes data imported succesfully!
shapes data imported succesfully!
shapes data imported succesfully!
shapes data imported succesfully!
shapes data imported succesfully!
shapes data imported succesfully!
shapes data imported succesfully!
shapes data imported succesfully!
shapes data imported succesfully!
shapes data imported succesfully!
shapes data imported succesfully!
shapes data imported succesfully!
shapes data imported succesfully!
shapes data imported succesfully!
shapes data imported succesfully!
shapes data imported succesfully!
shapes data imported succesfully!
shapes data imported succesfully!
shapes data imported succesfully!
shapes data imported succesfully!
shapes data imported succesfully!
shapes data imported succesfully!
shapes data imported succesfully!
shapes data imported succesfully!
shapes data imported succesfully!
shapes data imported succesfully!
shapes data imported succesfully!
shapes data imported succesfully!
shapes data imported succesfully!
shapes data imported succesfully!
shapes data imported succesfully!
shapes data imported succesfully!
shapes data imported succesfully!
shapes data imported succesfully!
shapes data imported succesfully!
shapes data imported succesfully!
shapes data imported succesfully!
shapes data imported succesfully!
shapes data imported succesfully!
shapes data imported succesfully!
shapes data imported succesfully!
shapes data imported succesfully!
shapes data imported succesfully!
shapes data imported succesfully!
shapes data imported succesfully!
shapes data imported succesfully!
shapes data imported succesfully!
shapes data imported succesfully!
shapes data imported succesfully!
shapes data imported succesfully!
shapes data imported succesfully!
shapes data imported succesfully!
shapes data imported succesfully!
shapes data imported succesfully!
shapes data imported succesfully!
shapes data imported succesfully!
shapes data imported succesfully!
shapes data imported succesfully!
shapes data imported succesfully!
shapes data imported succesfully!
shapes data imported succesfully!
shapes data imported succesfully!
shapes data imported succesfully!
shapes data imported succesfully!
shapes data imported succesfully!
shapes data imported succesfully!
shapes data imported succesfully!
shapes data imported succesfully!
shapes data imported succesfully!
shapes data imported succesfully!
shapes data imported succesfully!
shapes data imported succesfully!
shapes data imported succesfully!
shapes data imported succesfully!
shapes data imported succesfully!
shapes data imported succesfully!
shapes data imported succesfully!
shapes data imported succesfully!
shapes data imported succesfully!
shapes data imported succesfully!
shapes data imported succesfully!
shapes data imported succesfully!
shapes data imported succesfully!
shapes data imported succesfully!
shapes data imported succesfully!
shapes data imported succesfully!
shapes data imported succesfully!
shapes data imported succesfully!
shapes data imported succesfully!
shapes data imported succesfully!
shapes data imported succesfully!
shapes data imported succesfully!
shapes data imported succesfully!
shapes data imported succesfully!
shapes data imported succesfully!
shapes data imported succesfully!
shapes data imported succesfully!
shapes data imported succesfully!
shapes data imported succesfully!
shapes data imported succesfully!
shapes data imported succesfully!
shapes data imported succesfully!
shapes data imported succesfully!
shapes data imported succesfully!
shapes data imported succesfully!
shapes data imported succesfully!
shapes data imported succesfully!
shapes data imported succesfully!
shapes data imported succesfully!
shapes data imported succesfully!
shapes data imported succesfully!
shapes data imported succesfully!
shapes data imported succesfully!
shapes data imported succesfully!
shapes data imported succesfully!
shapes data imported succesfully!
shapes data imported succesfully!
shapes data imported succesfully!
shapes data imported succesfully!
shapes data imported succesfully!
shapes data imported succesfully!
shapes data imported succesfully!
shapes data imported succesfully!
shapes data imported succesfully!
shapes data imported succesfully!
shapes data imported succesfully!
shapes data imported succesfully!
shapes data imported succesfully!
shapes data imported succesfully!
shapes data imported succesfully!
shapes data imported succesfully!
shapes data imported succesfully!
shapes data imported succesfully!
shapes data imported succesfully!
shapes data imported succesfully!
shapes data imported succesfully!
shapes data imported succesfully!
shapes data imported succesfully!
shapes data imported succesfully!
shapes data imported succesfully!
shapes data imported succesfully!
shapes data imported succesfully!
shapes data imported succesfully!
shapes data imported succesfully!
shapes data imported succesfully!
shapes data imported succesfully!
shapes data imported succesfully!
shapes data imported succesfully!
shapes data imported succesfully!
shapes data imported succesfully!
shapes data imported succesfully!
shapes data imported succesfully!
shapes data imported succesfully!
shapes data imported succesfully!
shapes data imported succesfully!
shapes data imported succesfully!
shapes data imported succesfully!
shapes data imported succesfully!
shapes data imported succesfully!
shapes data imported succesfully!
shapes data imported succesfully!
shapes data imported succesfully!
shapes data imported succesfully!
shapes data imported succesfully!
shapes data imported succesfully!
shapes data imported succesfully!
shapes data imported succesfully!
shapes data imported succesfully!
shapes data imported succesfully!
shapes data imported succesfully!
shapes data imported succesfully!
shapes data imported succesfully!
shapes data imported succesfully!
shapes data imported succesfully!
shapes data imported succesfully!
shapes data imported succesfully!
shapes data imported succesfully!
shapes data imported succesfully!
shapes data imported succesfully!
shapes data imported succesfully!
shapes data imported succesfully!
shapes data imported succesfully!
shapes data imported succesfully!
shapes data imported succesfully!
shapes data imported succesfully!
shapes data imported succesfully!
shapes data imported succesfully!
shapes data imported succesfully!
shapes data imported succesfully!
shapes data imported succesfully!
shapes data imported succesfully!
shapes data imported succesfully!
shapes data imported succesfully!
shapes data imported succesfully!
shapes data imported succesfully!
shapes data imported succesfully!
shapes data imported succesfully!
shapes data imported succesfully!
shapes data imported succesfully!
shapes data imported succesfully!
shapes data imported succesfully!
shapes data imported succesfully!
shapes data imported succesfully!
shapes data imported succesfully!
shapes data imported succesfully!
shapes data imported succesfully!
shapes data imported succesfully!
shapes data imported succesfully!
shapes data imported succesfully!
shapes data imported succesfully!
shapes data imported succesfully!
shapes data imported succesfully!
shapes data imported succesfully!
shapes data imported succesfully!
shapes data imported succesfully!
shapes data imported succesfully!
shapes data imported succesfully!
shapes data imported succesfully!
shapes data imported succesfully!
shapes data imported succesfully!
shapes data imported succesfully!
shapes data imported succesfully!
shapes data imported succesfully!
shapes data imported succesfully!
shapes data imported succesfully!
shapes data imported succesfully!
shapes data imported succesfully!
shapes data imported succesfully!
shapes data imported succesfully!
shapes data imported succesfully!
shapes data imported succesfully!
shapes data imported succesfully!
shapes data imported succesfully!
shapes data imported succesfully!
shapes data imported succesfully!
shapes data imported succesfully!
shapes data imported succesfully!
shapes data imported succesfully!
shapes data imported succesfully!
shapes data imported succesfully!
shapes data imported succesfully!
shapes data imported succesfully!
shapes data imported succesfully!
shapes data imported succesfully!
shapes data imported succesfully!
shapes data imported succesfully!
shapes data imported succesfully!
shapes data imported succesfully!
shapes data imported succesfully!
shapes data imported succesfully!
shapes data imported succesfully!
shapes data imported succesfully!
shapes data imported succesfully!
shapes data imported succesfully!
shapes data imported succesfully!
shapes data imported succesfully!
shapes data imported succesfully!
shapes data imported succesfully!
shapes data imported succesfully!
shapes data imported succesfully!
shapes data imported succesfully!
shapes data imported succesfully!
shapes data imported succesfully!
shapes data imported succesfully!
shapes data imported succesfully!
shapes data imported succesfully!
shapes data imported succesfully!
shapes data imported succesfully!
shapes data imported succesfully!
shapes data imported succesfully!
shapes data imported succesfully!
shapes data imported succesfully!
shapes data imported succesfully!
shapes data imported succesfully!
shapes data imported succesfully!
shapes data imported succesfully!
shapes data imported succesfully!
shapes data imported succesfully!
shapes data imported succesfully!
shapes data imported succesfully!
shapes data imported succesfully!
shapes data imported succesfully!
shapes data imported succesfully!
shapes data imported succesfully!
shapes data imported succesfully!
shapes data imported succesfully!
shapes data imported succesfully!
shapes data imported succesfully!
shapes data imported succesfully!
shapes data imported succesfully!
shapes data imported succesfully!
shapes data imported succesfully!
shapes data imported succesfully!
shapes data imported succesfully!
shapes data imported succesfully!
shapes data imported succesfully!
shapes data imported succesfully!
shapes data imported succesfully!
shapes data imported succesfully!
shapes data imported succesfully!
shapes data imported succesfully!
shapes data imported succesfully!
shapes data imported succesfully!
shapes data imported succesfully!
shapes data imported succesfully!
shapes data imported succesfully!
shapes data imported succesfully!
shapes data imported succesfully!
shapes data imported succesfully!
shapes data imported succesfully!
shapes data imported succesfully!
shapes data imported succesfully!
shapes data imported succesfully!
shapes data imported succesfully!
shapes data imported succesfully!
shapes data imported succesfully!
shapes data imported succesfully!
shapes data imported succesfully!
shapes data imported succesfully!
shapes data imported succesfully!
shapes data imported succesfully!
shapes data imported succesfully!
shapes data imported succesfully!
shapes data imported succesfully!
shapes data imported succesfully!
shapes data imported succesfully!
shapes data imported succesfully!
shapes data imported succesfully!
shapes data imported succesfully!
shapes data imported succesfully!
shapes data imported succesfully!
shapes data imported succesfully!
shapes data imported succesfully!
shapes data imported succesfully!
shapes data imported succesfully!
shapes data imported succesfully!
shapes data imported succesfully!
shapes data imported succesfully!
shapes data imported succesfully!
shapes data imported succesfully!
shapes data imported succesfully!
shapes data imported succesfully!
shapes data imported succesfully!
shapes data imported succesfully!
shapes data imported succesfully!
shapes data imported succesfully!
shapes data imported succesfully!
shapes data imported succesfully!
shapes data imported succesfully!
shapes data imported succesfully!
shapes data imported succesfully!
shapes data imported succesfully!
shapes data imported succesfully!
shapes data imported succesfully!
shapes data imported succesfully!
shapes data imported succesfully!
shapes data imported succesfully!
shapes data imported succesfully!
shapes data imported succesfully!
shapes data imported succesfully!
shapes data imported succesfully!
shapes data imported succesfully!
shapes data imported succesfully!
shapes data imported succesfully!
shapes data imported succesfully!
shapes data imported succesfully!
shapes data imported succesfully!
shapes data imported succesfully!
shapes data imported succesfully!
shapes data imported succesfully!
shapes data imported succesfully!
shapes data imported succesfully!
shapes data imported succesfully!
shapes data imported succesfully!
shapes data imported succesfully!
shapes data imported succesfully!
shapes data imported succesfully!
shapes data imported succesfully!
shapes data imported succesfully!
shapes data imported succesfully!
shapes data imported succesfully!
shapes data imported succesfully!
shapes data imported succesfully!
shapes data imported succesfully!
shapes data imported succesfully!
shapes data imported succesfully!
shapes data imported succesfully!
shapes data imported succesfully!
shapes data imported succesfully!
shapes data imported succesfully!
shapes data imported succesfully!
shapes data imported succesfully!
shapes data imported succesfully!
shapes data imported succesfully!
shapes data imported succesfully!
shapes data imported succesfully!
shapes data imported succesfully!
shapes data imported succesfully!
shapes data imported succesfully!
shapes data imported succesfully!
shapes data imported succesfully!
shapes data imported succesfully!
shapes data imported succesfully!
shapes data imported succesfully!
shapes data imported succesfully!
shapes data imported succesfully!
shapes data imported succesfully!
shapes data imported succesfully!
shapes data imported succesfully!
shapes data imported succesfully!
shapes data imported succesfully!
shapes data imported succesfully!
shapes data imported succesfully!
shapes data imported succesfully!
shapes data imported succesfully!
shapes data imported succesfully!
shapes data imported succesfully!
shapes data imported succesfully!
shapes data imported succesfully!
shapes data imported succesfully!
shapes data imported succesfully!
shapes data imported succesfully!
shapes data imported succesfully!
shapes data imported succesfully!
shapes data imported succesfully!
shapes data imported succesfully!
shapes data imported succesfully!
shapes data imported succesfully!
shapes data imported succesfully!
shapes data imported succesfully!
shapes data imported succesfully!
shapes data imported succesfully!
shapes data imported succesfully!
shapes data imported succesfully!
shapes data imported succesfully!
shapes data imported succesfully!
shapes data imported succesfully!
shapes data imported succesfully!
shapes data imported succesfully!
shapes data imported succesfully!
shapes data imported succesfully!
shapes data imported succesfully!
shapes data imported succesfully!
shapes data imported succesfully!
shapes data imported succesfully!
shapes data imported succesfully!
shapes data imported succesfully!
shapes data imported succesfully!
shapes data imported succesfully!
shapes data imported succesfully!
shapes data imported succesfully!
shapes data imported succesfully!
shapes data imported succesfully!
shapes data imported succesfully!
shapes data imported succesfully!
shapes data imported succesfully!
shapes data imported succesfully!
shapes data imported succesfully!
shapes data imported succesfully!
shapes data imported succesfully!
shapes data imported succesfully!
shapes data imported succesfully!
shapes data imported succesfully!
shapes data imported succesfully!
shapes data imported succesfully!
shapes data imported succesfully!
shapes data imported succesfully!
shapes data imported succesfully!
shapes data imported succesfully!
shapes data imported succesfully!
shapes data imported succesfully!
shapes data imported succesfully!
shapes data imported succesfully!
shapes data imported succesfully!
shapes data imported succesfully!
shapes data imported succesfully!
shapes data imported succesfully!
shapes data imported succesfully!
shapes data imported succesfully!
shapes data imported succesfully!
shapes data imported succesfully!
shapes data imported succesfully!
shapes data imported succesfully!
shapes data imported succesfully!
shapes data imported succesfully!
shapes data imported succesfully!
shapes data imported succesfully!
shapes data imported succesfully!
shapes data imported succesfully!
shapes data imported succesfully!
shapes data imported succesfully!
shapes data imported succesfully!
shapes data imported succesfully!
shapes data imported succesfully!
shapes data imported succesfully!
shapes data imported succesfully!
shapes data imported succesfully!
shapes data imported succesfully!
shapes data imported succesfully!
shapes data imported succesfully!
shapes data imported succesfully!
shapes data imported succesfully!
shapes data imported succesfully!
shapes data imported succesfully!
shapes data imported succesfully!
shapes data imported succesfully!
shapes data imported succesfully!
shapes data imported succesfully!
shapes data imported succesfully!
shapes data imported succesfully!
shapes data imported succesfully!
shapes data imported succesfully!
shapes data imported succesfully!
shapes data imported succesfully!
shapes data imported succesfully!
shapes data imported succesfully!
shapes data imported succesfully!
shapes data imported succesfully!
shapes data imported succesfully!
shapes data imported succesfully!
shapes data imported succesfully!
shapes data imported succesfully!
shapes data imported succesfully!
shapes data imported succesfully!
shapes data imported succesfully!
shapes data imported succesfully!
shapes data imported succesfully!
shapes data imported succesfully!
shapes data imported succesfully!
shapes data imported succesfully!
shapes data imported succesfully!
shapes data imported succesfully!
shapes data imported succesfully!
shapes data imported succesfully!
shapes data imported succesfully!
shapes data imported succesfully!
shapes data imported succesfully!
shapes data imported succesfully!
shapes data imported succesfully!
shapes data imported succesfully!
shapes data imported succesfully!
shapes data imported succesfully!
shapes data imported succesfully!
shapes data imported succesfully!
shapes data imported succesfully!
shapes data imported succesfully!
shapes data imported succesfully!
shapes data imported succesfully!
shapes data imported succesfully!
shapes data imported succesfully!
shapes data imported succesfully!
shapes data imported succesfully!
shapes data imported succesfully!
shapes data imported succesfully!
shapes data imported succesfully!
shapes data imported succesfully!
shapes data imported succesfully!
shapes data imported succesfully!
shapes data imported succesfully!
shapes data imported succesfully!
shapes data imported succesfully!
shapes data imported succesfully!
shapes data imported succesfully!
shapes data imported succesfully!
shapes data imported succesfully!
shapes data imported succesfully!
shapes data imported succesfully!
shapes data imported succesfully!
shapes data imported succesfully!
shapes data imported succesfully!
shapes data imported succesfully!
shapes data imported succesfully!
shapes data imported succesfully!
shapes data imported succesfully!
shapes data imported succesfully!
shapes data imported succesfully!
shapes data imported succesfully!
shapes data imported succesfully!
shapes data imported succesfully!
shapes data imported succesfully!
shapes data imported succesfully!
shapes data imported succesfully!
shapes data imported succesfully!
shapes data imported succesfully!
shapes data imported succesfully!
shapes data imported succesfully!
shapes data imported succesfully!
shapes data imported succesfully!
shapes data imported succesfully!
shapes data imported succesfully!
shapes data imported succesfully!
shapes data imported succesfully!
shapes data imported succesfully!
shapes data imported succesfully!
shapes data imported succesfully!
shapes data imported succesfully!
shapes data imported succesfully!
shapes data imported succesfully!
shapes data imported succesfully!
shapes data imported succesfully!
shapes data imported succesfully!
shapes data imported succesfully!
shapes data imported succesfully!
shapes data imported succesfully!
shapes data imported succesfully!
shapes data imported succesfully!
shapes data imported succesfully!
shapes data imported succesfully!
shapes data imported succesfully!
shapes data imported succesfully!
shapes data imported succesfully!
shapes data imported succesfully!
shapes data imported succesfully!
shapes data imported succesfully!
shapes data imported succesfully!
shapes data imported succesfully!
shapes data imported succesfully!
shapes data imported succesfully!
shapes data imported succesfully!
shapes data imported succesfully!
shapes data imported succesfully!
shapes data imported succesfully!
shapes data imported succesfully!
shapes data imported succesfully!
shapes data imported succesfully!
shapes data imported succesfully!
shapes data imported succesfully!
shapes data imported succesfully!
shapes data imported succesfully!
shapes data imported succesfully!
shapes data imported succesfully!
shapes data imported succesfully!
shapes data imported succesfully!
shapes data imported succesfully!
shapes data imported succesfully!
shapes data imported succesfully!
shapes data imported succesfully!
shapes data imported succesfully!
shapes data imported succesfully!
shapes data imported succesfully!
shapes data imported succesfully!
shapes data imported succesfully!
shapes data imported succesfully!
shapes data imported succesfully!
shapes data imported succesfully!
shapes data imported succesfully!
shapes data imported succesfully!
shapes data imported succesfully!
shapes data imported succesfully!
shapes data imported succesfully!
shapes data imported succesfully!
shapes data imported succesfully!
shapes data imported succesfully!
shapes data imported succesfully!
shapes data imported succesfully!
shapes data imported succesfully!
shapes data imported succesfully!
shapes data imported succesfully!
shapes data imported succesfully!
shapes data imported succesfully!
shapes data imported succesfully!
shapes data imported succesfully!
shapes data imported succesfully!
shapes data imported succesfully!
shapes data imported succesfully!
shapes data imported succesfully!
shapes data imported succesfully!
shapes data imported succesfully!
shapes data imported succesfully!
shapes data imported succesfully!
shapes data imported succesfully!
shapes data imported succesfully!
shapes data imported succesfully!
shapes data imported succesfully!
shapes data imported succesfully!
shapes data imported succesfully!
shapes data imported succesfully!
shapes data imported succesfully!
shapes data imported succesfully!
shapes data imported succesfully!
shapes data imported succesfully!
shapes data imported succesfully!
shapes data imported succesfully!
shapes data imported succesfully!
shapes data imported succesfully!
shapes data imported succesfully!
shapes data imported succesfully!
shapes data imported succesfully!
shapes data imported succesfully!
shapes data imported succesfully!
shapes data imported succesfully!
shapes data imported succesfully!
shapes data imported succesfully!
shapes data imported succesfully!
shapes data imported succesfully!
shapes data imported succesfully!
shapes data imported succesfully!
shapes data imported succesfully!
shapes data imported succesfully!
shapes data imported succesfully!
shapes data imported succesfully!
shapes data imported succesfully!
shapes data imported succesfully!
shapes data imported succesfully!
shapes data imported succesfully!
shapes data imported succesfully!
shapes data imported succesfully!
shapes data imported succesfully!
shapes data imported succesfully!
shapes data imported succesfully!
shapes data imported succesfully!
shapes data imported succesfully!
shapes data imported succesfully!
shapes data imported succesfully!
shapes data imported succesfully!
shapes data imported succesfully!
shapes data imported succesfully!
shapes data imported succesfully!
shapes data imported succesfully!
shapes data imported succesfully!
shapes data imported succesfully!
shapes data imported succesfully!
shapes data imported succesfully!
shapes data imported succesfully!
shapes data imported succesfully!
shapes data imported succesfully!
shapes data imported succesfully!
shapes data imported succesfully!
shapes data imported succesfully!
shapes data imported succesfully!
shapes data imported succesfully!
shapes data imported succesfully!
shapes data imported succesfully!
shapes data imported succesfully!
shapes data imported succesfully!
shapes data imported succesfully!
shapes data imported succesfully!
shapes data imported succesfully!
shapes data imported succesfully!
shapes data imported succesfully!
shapes data imported succesfully!
shapes data imported succesfully!
shapes data imported succesfully!
shapes data imported succesfully!
shapes data imported succesfully!
shapes data imported succesfully!
shapes data imported succesfully!
shapes data imported succesfully!
shapes data imported succesfully!
shapes data imported succesfully!
shapes data imported succesfully!
shapes data imported succesfully!
shapes data imported succesfully!
shapes data imported succesfully!
shapes data imported succesfully!
shapes data imported succesfully!
shapes data imported succesfully!
shapes data imported succesfully!
shapes data imported succesfully!
shapes data imported succesfully!
shapes data imported succesfully!
shapes data imported succesfully!
shapes data imported succesfully!
shapes data imported succesfully!
shapes data imported succesfully!
shapes data imported succesfully!
shapes data imported succesfully!
shapes data imported succesfully!
shapes data imported succesfully!
shapes data imported succesfully!
shapes data imported succesfully!
shapes data imported succesfully!
shapes data imported succesfully!
shapes data imported succesfully!
shapes data imported succesfully!
shapes data imported succesfully!
shapes data imported succesfully!
shapes data imported succesfully!
shapes data imported succesfully!
shapes data imported succesfully!
shapes data imported succesfully!
shapes data imported succesfully!
shapes data imported succesfully!
shapes data imported succesfully!
shapes data imported succesfully!
shapes data imported succesfully!
shapes data imported succesfully!
shapes data imported succesfully!
shapes data imported succesfully!
shapes data imported succesfully!
shapes data imported succesfully!
shapes data imported succesfully!
shapes data imported succesfully!
shapes data imported succesfully!
shapes data imported succesfully!
shapes data imported succesfully!
shapes data imported succesfully!
shapes data imported succesfully!
shapes data imported succesfully!
shapes data imported succesfully!
shapes data imported succesfully!
shapes data imported succesfully!
shapes data imported succesfully!
shapes data imported succesfully!
shapes data imported succesfully!
shapes data imported succesfully!
shapes data imported succesfully!
shapes data imported succesfully!
shapes data imported succesfully!
shapes data imported succesfully!
shapes data imported succesfully!
shapes data imported succesfully!
shapes data imported succesfully!
shapes data imported succesfully!
shapes data imported succesfully!
shapes data imported succesfully!
shapes data imported succesfully!
shapes data imported succesfully!
shapes data imported succesfully!
shapes data imported succesfully!
shapes data imported succesfully!
shapes data imported succesfully!
shapes data imported succesfully!
shapes data imported succesfully!
shapes data imported succesfully!
shapes data imported succesfully!
shapes data imported succesfully!
shapes data imported succesfully!
shapes data imported succesfully!
shapes data imported succesfully!
shapes data imported succesfully!
shapes data imported succesfully!
shapes data imported succesfully!
shapes data imported succesfully!
shapes data imported succesfully!
shapes data imported succesfully!
shapes data imported succesfully!
shapes data imported succesfully!
shapes data imported succesfully!
shapes data imported succesfully!
shapes data imported succesfully!
shapes data imported succesfully!
shapes data imported succesfully!
shapes data imported succesfully!
shapes data imported succesfully!
shapes data imported succesfully!
shapes data imported succesfully!
shapes data imported succesfully!
shapes data imported succesfully!
shapes data imported succesfully!
shapes data imported succesfully!
shapes data imported succesfully!
shapes data imported succesfully!
shapes data imported succesfully!
shapes data imported succesfully!
shapes data imported succesfully!
shapes data imported succesfully!
shapes data imported succesfully!
shapes data imported succesfully!
shapes data imported succesfully!
shapes data imported succesfully!
shapes data imported succesfully!
shapes data imported succesfully!
shapes data imported succesfully!
shapes data imported succesfully!
shapes data imported succesfully!
shapes data imported succesfully!
shapes data imported succesfully!
shapes data imported succesfully!
shapes data imported succesfully!
shapes data imported succesfully!
shapes data imported succesfully!
shapes data imported succesfully!
shapes data imported succesfully!
shapes data imported succesfully!
shapes data imported succesfully!
shapes data imported succesfully!
shapes data imported succesfully!
shapes data imported succesfully!
shapes data imported succesfully!
shapes data imported succesfully!
shapes data imported succesfully!
shapes data imported succesfully!
shapes data imported succesfully!
shapes data imported succesfully!
shapes data imported succesfully!
shapes data imported succesfully!
shapes data imported succesfully!
shapes data imported succesfully!
shapes data imported succesfully!
shapes data imported succesfully!
shapes data imported succesfully!
shapes data imported succesfully!
shapes data imported succesfully!
shapes data imported succesfully!
shapes data imported succesfully!
shapes data imported succesfully!
shapes data imported succesfully!
shapes data imported succesfully!
shapes data imported succesfully!
shapes data imported succesfully!
shapes data imported succesfully!
shapes data imported succesfully!
shapes data imported succesfully!
shapes data imported succesfully!
shapes data imported succesfully!
shapes data imported succesfully!
shapes data imported succesfully!
shapes data imported succesfully!
shapes data imported succesfully!
shapes data imported succesfully!
shapes data imported succesfully!
shapes data imported succesfully!
shapes data imported succesfully!
shapes data imported succesfully!
shapes data imported succesfully!
shapes data imported succesfully!
shapes data imported succesfully!
shapes data imported succesfully!
shapes data imported succesfully!
shapes data imported succesfully!
shapes data imported succesfully!
shapes data imported succesfully!
shapes data imported succesfully!
shapes data imported succesfully!
shapes data imported succesfully!
shapes data imported succesfully!
shapes data imported succesfully!
shapes data imported succesfully!
shapes data imported succesfully!
shapes data imported succesfully!
shapes data imported succesfully!
shapes data imported succesfully!
shapes data imported succesfully!
shapes data imported succesfully!
shapes data imported succesfully!
shapes data imported succesfully!
shapes data imported succesfully!
shapes data imported succesfully!
shapes data imported succesfully!
shapes data imported succesfully!
shapes data imported succesfully!
shapes data imported succesfully!
shapes data imported succesfully!
shapes data imported succesfully!
shapes data imported succesfully!
shapes data imported succesfully!
shapes data imported succesfully!
shapes data imported succesfully!
shapes data imported succesfully!
shapes data imported succesfully!
shapes data imported succesfully!
shapes data imported succesfully!
shapes data imported succesfully!
shapes data imported succesfully!
shapes data imported succesfully!
shapes data imported succesfully!
shapes data imported succesfully!
shapes data imported succesfully!
shapes data imported succesfully!
shapes data imported succesfully!
shapes data imported succesfully!
shapes data imported succesfully!
shapes data imported succesfully!
shapes data imported succesfully!
shapes data imported succesfully!
shapes data imported succesfully!
shapes data imported succesfully!
shapes data imported succesfully!
shapes data imported succesfully!
shapes data imported succesfully!
shapes data imported succesfully!
shapes data imported succesfully!
shapes data imported succesfully!
shapes data imported succesfully!
shapes data imported succesfully!
shapes data imported succesfully!
shapes data imported succesfully!
shapes data imported succesfully!
shapes data imported succesfully!
shapes data imported succesfully!
shapes data imported succesfully!
shapes data imported succesfully!
shapes data imported succesfully!
shapes data imported succesfully!
shapes data imported succesfully!
shapes data imported succesfully!
shapes data imported succesfully!
shapes data imported succesfully!
shapes data imported succesfully!
shapes data imported succesfully!
shapes data imported succesfully!
shapes data imported succesfully!
shapes data imported succesfully!
shapes data imported succesfully!
shapes data imported succesfully!
shapes data imported succesfully!
shapes data imported succesfully!
shapes data imported succesfully!
shapes data imported succesfully!
shapes data imported succesfully!
shapes data imported succesfully!
shapes data imported succesfully!
shapes data imported succesfully!
shapes data imported succesfully!
shapes data imported succesfully!
shapes data imported succesfully!
shapes data imported succesfully!
shapes data imported succesfully!
shapes data imported succesfully!
shapes data imported succesfully!
shapes data imported succesfully!
shapes data imported succesfully!
shapes data imported succesfully!
shapes data imported succesfully!
shapes data imported succesfully!
shapes data imported succesfully!
shapes data imported succesfully!
shapes data imported succesfully!
shapes data imported succesfully!
shapes data imported succesfully!
shapes data imported succesfully!
shapes data imported succesfully!
shapes data imported succesfully!
shapes data imported succesfully!
shapes data imported succesfully!
shapes data imported succesfully!
shapes data imported succesfully!
shapes data imported succesfully!
shapes data imported succesfully!
shapes data imported succesfully!
shapes data imported succesfully!
shapes data imported succesfully!
shapes data imported succesfully!
shapes data imported succesfully!
shapes data imported succesfully!
shapes data imported succesfully!
shapes data imported succesfully!
shapes data imported succesfully!
shapes data imported succesfully!
shapes data imported succesfully!
shapes data imported succesfully!
shapes data imported succesfully!
shapes data imported succesfully!
shapes data imported succesfully!
shapes data imported succesfully!
shapes data imported succesfully!
shapes data imported succesfully!
shapes data imported succesfully!
shapes data imported succesfully!
shapes data imported succesfully!
shapes data imported succesfully!
shapes data imported succesfully!
shapes data imported succesfully!
shapes data imported succesfully!
shapes data imported succesfully!
shapes data imported succesfully!
shapes data imported succesfully!
shapes data imported succesfully!
shapes data imported succesfully!
shapes data imported succesfully!
shapes data imported succesfully!
shapes data imported succesfully!
shapes data imported succesfully!
shapes data imported succesfully!
shapes data imported succesfully!
shapes data imported succesfully!
shapes data imported succesfully!
shapes data imported succesfully!
shapes data imported succesfully!
shapes data imported succesfully!
shapes data imported succesfully!
shapes data imported succesfully!
shapes data imported succesfully!
shapes data imported succesfully!
shapes data imported succesfully!
shapes data imported succesfully!
shapes data imported succesfully!
shapes data imported succesfully!
shapes data imported succesfully!
shapes data imported succesfully!
shapes data imported succesfully!
shapes data imported succesfully!
shapes data imported succesfully!
shapes data imported succesfully!
shapes data imported succesfully!
shapes data imported succesfully!
shapes data imported succesfully!
shapes data imported succesfully!
shapes data imported succesfully!
shapes data imported succesfully!
shapes data imported succesfully!
shapes data imported succesfully!
shapes data imported succesfully!
shapes data imported succesfully!
shapes data imported succesfully!
shapes data imported succesfully!
shapes data imported succesfully!
shapes data imported succesfully!
shapes data imported succesfully!
shapes data imported succesfully!
shapes data imported succesfully!
shapes data imported succesfully!
shapes data imported succesfully!
shapes data imported succesfully!
shapes data imported succesfully!
shapes data imported succesfully!
shapes data imported succesfully!
shapes data imported succesfully!
shapes data imported succesfully!
shapes data imported succesfully!
shapes data imported succesfully!
shapes data imported succesfully!
shapes data imported succesfully!
shapes data imported succesfully!
shapes data imported succesfully!
shapes data imported succesfully!
shapes data imported succesfully!
shapes data imported succesfully!
shapes data imported succesfully!
shapes data imported succesfully!
shapes data imported succesfully!
shapes data imported succesfully!
shapes data imported succesfully!
shapes data imported succesfully!
shapes data imported succesfully!
shapes data imported succesfully!
shapes data imported succesfully!
shapes data imported succesfully!
shapes data imported succesfully!
shapes data imported succesfully!
shapes data imported succesfully!
shapes data imported succesfully!
shapes data imported succesfully!
shapes data imported succesfully!
shapes data imported succesfully!
shapes data imported succesfully!
shapes data imported succesfully!
shapes data imported succesfully!
shapes data imported succesfully!
shapes data imported succesfully!
shapes data imported succesfully!
shapes data imported succesfully!
shapes data imported succesfully!
shapes data imported succesfully!
shapes data imported succesfully!
shapes data imported succesfully!
shapes data imported succesfully!
shapes data imported succesfully!
shapes data imported succesfully!
shapes data imported succesfully!
shapes data imported succesfully!
shapes data imported succesfully!
shapes data imported succesfully!
shapes data imported succesfully!
shapes data imported succesfully!
shapes data imported succesfully!
shapes data imported succesfully!
shapes data imported succesfully!
shapes data imported succesfully!
shapes data imported succesfully!
shapes data imported succesfully!
shapes data imported succesfully!
shapes data imported succesfully!
shapes data imported succesfully!
shapes data imported succesfully!
shapes data imported succesfully!
shapes data imported succesfully!
shapes data imported succesfully!
shapes data imported succesfully!
shapes data imported succesfully!
shapes data imported succesfully!
shapes data imported succesfully!
shapes data imported succesfully!
shapes data imported succesfully!
shapes data imported succesfully!
shapes data imported succesfully!
shapes data imported succesfully!
shapes data imported succesfully!
shapes data imported succesfully!
shapes data imported succesfully!
shapes data imported succesfully!
shapes data imported succesfully!
shapes data imported succesfully!
shapes data imported succesfully!
shapes data imported succesfully!
shapes data imported succesfully!
shapes data imported succesfully!
shapes data imported succesfully!
shapes data imported succesfully!
shapes data imported succesfully!
shapes data imported succesfully!
shapes data imported succesfully!
shapes data imported succesfully!
shapes data imported succesfully!
shapes data imported succesfully!
shapes data imported succesfully!
shapes data imported succesfully!
shapes data imported succesfully!
shapes data imported succesfully!
shapes data imported succesfully!
shapes data imported succesfully!
shapes data imported succesfully!
shapes data imported succesfully!
shapes data imported succesfully!
shapes data imported succesfully!
shapes data imported succesfully!
shapes data imported succesfully!
shapes data imported succesfully!
shapes data imported succesfully!
shapes data imported succesfully!
shapes data imported succesfully!
shapes data imported succesfully!
shapes data imported succesfully!
shapes data imported succesfully!
shapes data imported succesfully!
shapes data imported succesfully!
shapes data imported succesfully!
shapes data imported succesfully!
shapes data imported succesfully!
shapes data imported succesfully!
shapes data imported succesfully!
shapes data imported succesfully!
shapes data imported succesfully!
shapes data imported succesfully!
shapes data imported succesfully!
shapes data imported succesfully!
shapes data imported succesfully!
shapes data imported succesfully!
shapes data imported succesfully!
shapes data imported succesfully!
shapes data imported succesfully!
shapes data imported succesfully!
shapes data imported succesfully!
shapes data imported succesfully!
shapes data imported succesfully!
shapes data imported succesfully!
shapes data imported succesfully!
shapes data imported succesfully!
shapes data imported succesfully!
shapes data imported succesfully!
shapes data imported succesfully!
shapes data imported succesfully!
shapes data imported succesfully!
shapes data imported succesfully!
shapes data imported succesfully!
shapes data imported succesfully!
shapes data imported succesfully!
shapes data imported succesfully!
shapes data imported succesfully!
shapes data imported succesfully!
shapes data imported succesfully!
shapes data imported succesfully!
shapes data imported succesfully!
shapes data imported succesfully!
shapes data imported succesfully!
shapes data imported succesfully!
shapes data imported succesfully!
shapes data imported succesfully!
shapes data imported succesfully!
shapes data imported succesfully!
shapes data imported succesfully!
shapes data imported succesfully!
shapes data imported succesfully!
shapes data imported succesfully!
shapes data imported succesfully!
shapes data imported succesfully!
shapes data imported succesfully!
shapes data imported succesfully!
shapes data imported succesfully!
shapes data imported succesfully!
shapes data imported succesfully!
shapes data imported succesfully!
shapes data imported succesfully!
shapes data imported succesfully!
shapes data imported succesfully!
shapes data imported succesfully!
shapes data imported succesfully!
shapes data imported succesfully!
shapes data imported succesfully!
shapes data imported succesfully!
shapes data imported succesfully!
shapes data imported succesfully!
shapes data imported succesfully!
shapes data imported succesfully!
shapes data imported succesfully!
shapes data imported succesfully!
shapes data imported succesfully!
shapes data imported succesfully!
shapes data imported succesfully!
shapes data imported succesfully!
shapes data imported succesfully!
shapes data imported succesfully!
shapes data imported succesfully!
shapes data imported succesfully!
shapes data imported succesfully!
shapes data imported succesfully!
shapes data imported succesfully!
shapes data imported succesfully!
shapes data imported succesfully!
shapes data imported succesfully!
shapes data imported succesfully!
shapes data imported succesfully!
shapes data imported succesfully!
shapes data imported succesfully!
shapes data imported succesfully!
shapes data imported succesfully!
shapes data imported succesfully!
shapes data imported succesfully!
shapes data imported succesfully!
shapes data imported succesfully!
shapes data imported succesfully!
shapes data imported succesfully!
shapes data imported succesfully!
shapes data imported succesfully!
shapes data imported succesfully!
shapes data imported succesfully!
shapes data imported succesfully!
shapes data imported succesfully!
shapes data imported succesfully!
shapes data imported succesfully!
shapes data imported succesfully!
shapes data imported succesfully!
shapes data imported succesfully!
shapes data imported succesfully!
shapes data imported succesfully!
shapes data imported succesfully!
shapes data imported succesfully!
shapes data imported succesfully!
shapes data imported succesfully!
shapes data imported succesfully!
shapes data imported succesfully!
shapes data imported succesfully!
shapes data imported succesfully!
shapes data imported succesfully!
shapes data imported succesfully!
shapes data imported succesfully!
shapes data imported succesfully!
shapes data imported succesfully!
shapes data imported succesfully!
shapes data imported succesfully!
shapes data imported succesfully!
shapes data imported succesfully!
shapes data imported succesfully!
shapes data imported succesfully!
shapes data imported succesfully!
shapes data imported succesfully!
shapes data imported succesfully!
shapes data imported succesfully!
shapes data imported succesfully!
shapes data imported succesfully!
shapes data imported succesfully!
shapes data imported succesfully!
shapes data imported succesfully!
shapes data imported succesfully!
shapes data imported succesfully!
shapes data imported succesfully!
shapes data imported succesfully!
shapes data imported succesfully!
shapes data imported succesfully!
shapes data imported succesfully!
shapes data imported succesfully!
shapes data imported succesfully!
shapes data imported succesfully!
shapes data imported succesfully!
shapes data imported succesfully!
shapes data imported succesfully!
shapes data imported succesfully!
shapes data imported succesfully!
shapes data imported succesfully!
shapes data imported succesfully!
shapes data imported succesfully!
shapes data imported succesfully!
shapes data imported succesfully!
shapes data imported succesfully!
shapes data imported succesfully!
shapes data imported succesfully!
shapes data imported succesfully!
shapes data imported succesfully!
shapes data imported succesfully!
shapes data imported succesfully!
shapes data imported succesfully!
shapes data imported succesfully!
shapes data imported succesfully!
shapes data imported succesfully!
shapes data imported succesfully!
shapes data imported succesfully!
shapes data imported succesfully!
shapes data imported succesfully!
shapes data imported succesfully!
shapes data imported succesfully!
shapes data imported succesfully!
shapes data imported succesfully!
shapes data imported succesfully!
shapes data imported succesfully!
shapes data imported succesfully!
shapes data imported succesfully!
shapes data imported succesfully!
shapes data imported succesfully!
shapes data imported succesfully!
shapes data imported succesfully!
shapes data imported succesfully!
shapes data imported succesfully!
shapes data imported succesfully!
shapes data imported succesfully!
shapes data imported succesfully!
shapes data imported succesfully!
shapes data imported succesfully!
shapes data imported succesfully!
shapes data imported succesfully!
shapes data imported succesfully!
shapes data imported succesfully!
shapes data imported succesfully!
shapes data imported succesfully!
shapes data imported succesfully!
shapes data imported succesfully!
shapes data imported succesfully!
shapes data imported succesfully!
shapes data imported succesfully!
shapes data imported succesfully!
shapes data imported succesfully!
shapes data imported succesfully!
shapes data imported succesfully!
shapes data imported succesfully!
shapes data imported succesfully!
shapes data imported succesfully!
shapes data imported succesfully!
shapes data imported succesfully!
shapes data imported succesfully!
shapes data imported succesfully!
shapes data imported succesfully!
shapes data imported succesfully!
shapes data imported succesfully!
shapes data imported succesfully!
shapes data imported succesfully!
shapes data imported succesfully!
shapes data imported succesfully!
shapes data imported succesfully!
shapes data imported succesfully!
shapes data imported succesfully!
shapes data imported succesfully!
shapes data imported succesfully!
shapes data imported succesfully!
shapes data imported succesfully!
shapes data imported succesfully!
shapes data imported succesfully!
shapes data imported succesfully!
shapes data imported succesfully!
shapes data imported succesfully!
shapes data imported succesfully!
shapes data imported succesfully!
shapes data imported succesfully!
shapes data imported succesfully!
shapes data imported succesfully!
shapes data imported succesfully!
shapes data imported succesfully!
shapes data imported succesfully!
shapes data imported succesfully!
shapes data imported succesfully!
shapes data imported succesfully!
shapes data imported succesfully!
shapes data imported succesfully!
shapes data imported succesfully!
shapes data imported succesfully!
shapes data imported succesfully!
shapes data imported succesfully!
shapes data imported succesfully!
shapes data imported succesfully!
shapes data imported succesfully!
shapes data imported succesfully!
shapes data imported succesfully!
shapes data imported succesfully!
shapes data imported succesfully!
shapes data imported succesfully!
shapes data imported succesfully!
shapes data imported succesfully!
shapes data imported succesfully!
shapes data imported succesfully!
shapes data imported succesfully!
shapes data imported succesfully!
shapes data imported succesfully!
shapes data imported succesfully!
shapes data imported succesfully!
shapes data imported succesfully!
shapes data imported succesfully!
shapes data imported succesfully!
shapes data imported succesfully!
shapes data imported succesfully!
shapes data imported succesfully!
shapes data imported succesfully!
shapes data imported succesfully!
shapes data imported succesfully!
shapes data imported succesfully!
shapes data imported succesfully!
shapes data imported succesfully!
shapes data imported succesfully!
shapes data imported succesfully!
shapes data imported succesfully!
shapes data imported succesfully!
shapes data imported succesfully!
shapes data imported succesfully!
shapes data imported succesfully!
shapes data imported succesfully!
shapes data imported succesfully!
shapes data imported succesfully!
shapes data imported succesfully!
shapes data imported succesfully!
shapes data imported succesfully!
shapes data imported succesfully!
shapes data imported succesfully!
shapes data imported succesfully!
shapes data imported succesfully!
shapes data imported succesfully!
shapes data imported succesfully!
shapes data imported succesfully!
shapes data imported succesfully!
shapes data imported succesfully!
shapes data imported succesfully!
shapes data imported succesfully!
shapes data imported succesfully!
shapes data imported succesfully!
shapes data imported succesfully!
shapes data imported succesfully!
shapes data imported succesfully!
shapes data imported succesfully!
shapes data imported succesfully!
shapes data imported succesfully!
shapes data imported succesfully!
shapes data imported succesfully!
shapes data imported succesfully!
shapes data imported succesfully!
shapes data imported succesfully!
shapes data imported succesfully!
shapes data imported succesfully!
shapes data imported succesfully!
shapes data imported succesfully!
shapes data imported succesfully!
shapes data imported succesfully!
shapes data imported succesfully!
shapes data imported succesfully!
shapes data imported succesfully!
shapes data imported succesfully!
shapes data imported succesfully!
shapes data imported succesfully!
shapes data imported succesfully!
shapes data imported succesfully!
shapes data imported succesfully!
shapes data imported succesfully!
shapes data imported succesfully!
shapes data imported succesfully!
shapes data imported succesfully!
shapes data imported succesfully!
shapes data imported succesfully!
shapes data imported succesfully!
shapes data imported succesfully!
shapes data imported succesfully!
shapes data imported succesfully!
shapes data imported succesfully!
shapes data imported succesfully!
shapes data imported succesfully!
shapes data imported succesfully!
shapes data imported succesfully!
shapes data imported succesfully!
shapes data imported succesfully!
shapes data imported succesfully!
shapes data imported succesfully!
shapes data imported succesfully!
shapes data imported succesfully!
shapes data imported succesfully!
shapes data imported succesfully!
shapes data imported succesfully!
shapes data imported succesfully!
shapes data imported succesfully!
shapes data imported succesfully!
shapes data imported succesfully!
shapes data imported succesfully!
shapes data imported succesfully!
shapes data imported succesfully!
shapes data imported succesfully!
shapes data imported succesfully!
shapes data imported succesfully!
shapes data imported succesfully!
shapes data imported succesfully!
shapes data imported succesfully!
shapes data imported succesfully!
shapes data imported succesfully!
shapes data imported succesfully!
shapes data imported succesfully!
shapes data imported succesfully!
shapes data imported succesfully!
shapes data imported succesfully!
shapes data imported succesfully!
shapes data imported succesfully!
shapes data imported succesfully!
shapes data imported succesfully!
shapes data imported succesfully!
shapes data imported succesfully!
shapes data imported succesfully!
shapes data imported succesfully!
shapes data imported succesfully!
shapes data imported succesfully!
shapes data imported succesfully!
shapes data imported succesfully!
shapes data imported succesfully!
shapes data imported succesfully!
shapes data imported succesfully!
shapes data imported succesfully!
shapes data imported succesfully!
shapes data imported succesfully!
shapes data imported succesfully!
shapes data imported succesfully!
shapes data imported succesfully!
shapes data imported succesfully!
shapes data imported succesfully!
shapes data imported succesfully!
shapes data imported succesfully!
shapes data imported succesfully!
shapes data imported succesfully!
shapes data imported succesfully!
shapes data imported succesfully!
shapes data imported succesfully!
shapes data imported succesfully!
shapes data imported succesfully!
shapes data imported succesfully!
shapes data imported succesfully!
shapes data imported succesfully!
shapes data imported succesfully!
shapes data imported succesfully!
shapes data imported succesfully!
shapes data imported succesfully!
shapes data imported succesfully!
shapes data imported succesfully!
shapes data imported succesfully!
shapes data imported succesfully!
shapes data imported succesfully!
shapes data imported succesfully!
shapes data imported succesfully!
shapes data imported succesfully!
shapes data imported succesfully!
shapes data imported succesfully!
shapes data imported succesfully!
shapes data imported succesfully!
shapes data imported succesfully!
shapes data imported succesfully!
shapes data imported succesfully!
shapes data imported succesfully!
shapes data imported succesfully!
shapes data imported succesfully!
shapes data imported succesfully!
shapes data imported succesfully!
shapes data imported succesfully!
shapes data imported succesfully!
shapes data imported succesfully!
shapes data imported succesfully!
shapes data imported succesfully!
shapes data imported succesfully!
shapes data imported succesfully!
shapes data imported succesfully!
shapes data imported succesfully!
shapes data imported succesfully!
shapes data imported succesfully!
shapes data imported succesfully!
shapes data imported succesfully!
shapes data imported succesfully!
shapes data imported succesfully!
shapes data imported succesfully!
shapes data imported succesfully!
shapes data imported succesfully!
shapes data imported succesfully!
shapes data imported succesfully!
shapes data imported succesfully!
shapes data imported succesfully!
shapes data imported succesfully!
shapes data imported succesfully!
shapes data imported succesfully!
shapes data imported succesfully!
shapes data imported succesfully!
shapes data imported succesfully!
shapes data imported succesfully!
shapes data imported succesfully!
shapes data imported succesfully!
shapes data imported succesfully!
shapes data imported succesfully!
shapes data imported succesfully!
shapes data imported succesfully!
shapes data imported succesfully!
shapes data imported succesfully!
shapes data imported succesfully!
shapes data imported succesfully!
shapes data imported succesfully!
shapes data imported succesfully!
shapes data imported succesfully!
shapes data imported succesfully!
shapes data imported succesfully!
shapes data imported succesfully!
shapes data imported succesfully!
shapes data imported succesfully!
shapes data imported succesfully!
shapes data imported succesfully!
shapes data imported succesfully!
shapes data imported succesfully!
shapes data imported succesfully!
shapes data imported succesfully!
shapes data imported succesfully!
shapes data imported succesfully!
shapes data imported succesfully!
shapes data imported succesfully!
shapes data imported succesfully!
shapes data imported succesfully!
shapes data imported succesfully!
shapes data imported succesfully!
shapes data imported succesfully!
shapes data imported succesfully!
shapes data imported succesfully!
shapes data imported succesfully!
shapes data imported succesfully!
shapes data imported succesfully!
shapes data imported succesfully!
shapes data imported succesfully!
shapes data imported succesfully!
shapes data imported succesfully!
shapes data imported succesfully!
shapes data imported succesfully!
shapes data imported succesfully!
shapes data imported succesfully!
shapes data imported succesfully!
shapes data imported succesfully!
shapes data imported succesfully!
shapes data imported succesfully!
shapes data imported succesfully!
shapes data imported succesfully!
shapes data imported succesfully!
shapes data imported succesfully!
shapes data imported succesfully!
shapes data imported succesfully!
shapes data imported succesfully!
shapes data imported succesfully!
shapes data imported succesfully!
shapes data imported succesfully!
shapes data imported succesfully!
shapes data imported succesfully!
shapes data imported succesfully!
shapes data imported succesfully!
shapes data imported succesfully!
shapes data imported succesfully!
shapes data imported succesfully!
shapes data imported succesfully!
shapes data imported succesfully!
shapes data imported succesfully!
shapes data imported succesfully!
shapes data imported succesfully!
shapes data imported succesfully!
shapes data imported succesfully!
shapes data imported succesfully!
shapes data imported succesfully!
shapes data imported succesfully!
shapes data imported succesfully!
shapes data imported succesfully!
shapes data imported succesfully!
shapes data imported succesfully!
shapes data imported succesfully!
shapes data imported succesfully!
shapes data imported succesfully!
shapes data imported succesfully!
shapes data imported succesfully!
shapes data imported succesfully!
shapes data imported succesfully!
shapes data imported succesfully!
shapes data imported succesfully!
shapes data imported succesfully!
shapes data imported succesfully!
shapes data imported succesfully!
shapes data imported succesfully!
shapes data imported succesfully!
shapes data imported succesfully!
shapes data imported succesfully!
shapes data imported succesfully!
shapes data imported succesfully!
shapes data imported succesfully!
shapes data imported succesfully!
shapes data imported succesfully!
shapes data imported succesfully!
shapes data imported succesfully!
shapes data imported succesfully!
shapes data imported succesfully!
shapes data imported succesfully!
shapes data imported succesfully!
shapes data imported succesfully!
shapes data imported succesfully!
shapes data imported succesfully!
shapes data imported succesfully!
shapes data imported succesfully!
shapes data imported succesfully!
shapes data imported succesfully!
shapes data imported succesfully!
shapes data imported succesfully!
shapes data imported succesfully!
shapes data imported succesfully!
shapes data imported succesfully!
shapes data imported succesfully!
shapes data imported succesfully!
shapes data imported succesfully!
shapes data imported succesfully!
shapes data imported succesfully!
shapes data imported succesfully!
shapes data imported succesfully!
shapes data imported succesfully!
shapes data imported succesfully!
shapes data imported succesfully!
shapes data imported succesfully!
shapes data imported succesfully!
shapes data imported succesfully!
shapes data imported succesfully!
shapes data imported succesfully!
shapes data imported succesfully!
shapes data imported succesfully!
shapes data imported succesfully!
shapes data imported succesfully!
shapes data imported succesfully!
shapes data imported succesfully!
shapes data imported succesfully!
shapes data imported succesfully!
shapes data imported succesfully!
shapes data imported succesfully!
shapes data imported succesfully!
shapes data imported succesfully!
shapes data imported succesfully!
shapes data imported succesfully!
shapes data imported succesfully!
shapes data imported succesfully!
shapes data imported succesfully!
shapes data imported succesfully!
shapes data imported succesfully!
shapes data imported succesfully!
shapes data imported succesfully!
shapes data imported succesfully!
shapes data imported succesfully!
shapes data imported succesfully!
shapes data imported succesfully!
shapes data imported succesfully!
shapes data imported succesfully!
shapes data imported succesfully!
shapes data imported succesfully!
shapes data imported succesfully!
shapes data imported succesfully!
shapes data imported succesfully!
shapes data imported succesfully!
shapes data imported succesfully!
shapes data imported succesfully!
shapes data imported succesfully!
shapes data imported succesfully!
shapes data imported succesfully!
shapes data imported succesfully!
shapes data imported succesfully!
shapes data imported succesfully!
shapes data imported succesfully!
shapes data imported succesfully!
shapes data imported succesfully!
shapes data imported succesfully!
shapes data imported succesfully!
shapes data imported succesfully!
shapes data imported succesfully!
shapes data imported succesfully!
shapes data imported succesfully!
shapes data imported succesfully!
shapes data imported succesfully!
shapes data imported succesfully!
shapes data imported succesfully!
shapes data imported succesfully!
shapes data imported succesfully!
shapes data imported succesfully!
shapes data imported succesfully!
shapes data imported succesfully!
shapes data imported succesfully!
shapes data imported succesfully!
shapes data imported succesfully!
shapes data imported succesfully!
shapes data imported succesfully!
shapes data imported succesfully!
shapes data imported succesfully!
shapes data imported succesfully!
shapes data imported succesfully!
shapes data imported succesfully!
shapes data imported succesfully!
shapes data imported succesfully!
shapes data imported succesfully!
shapes data imported succesfully!
shapes data imported succesfully!
shapes data imported succesfully!
shapes data imported succesfully!
shapes data imported succesfully!
shapes data imported succesfully!
shapes data imported succesfully!
shapes data imported succesfully!
shapes data imported succesfully!
shapes data imported succesfully!
shapes data imported succesfully!
shapes data imported succesfully!
shapes data imported succesfully!
shapes data imported succesfully!
shapes data imported succesfully!
shapes data imported succesfully!
shapes data imported succesfully!
shapes data imported succesfully!
shapes data imported succesfully!
shapes data imported succesfully!
shapes data imported succesfully!
shapes data imported succesfully!
shapes data imported succesfully!
